{"buildId":"6a9b97325cb5ed848fe11e71","status":"failed","index":193,"failedSteps":[{"name":"Build Unsigned App","log":"Command line invocation:\n    /Applications/Xcode-26.4.app/Contents/Developer/usr/bin/xcodebuild build -project IceCubesApp.xcodeproj -scheme IceCubesApp -destination generic/platform=iOS -configuration Release -derivedDataPath build CODE_SIGN_IDENTITY= CODE_SIGNING_REQUIRED=NO CODE_SIGNING_ALLOWED=NO ENTITLEMENTS_REQUIRED=NO COMPILER_INDEX_STORE_ENABLE=NO DEBUG_INFORMATION_FORMAT=dwarf\n\nBuild settings from command line:\n    CODE_SIGN_IDENTITY = \n    CODE_SIGNING_ALLOWED = NO\n    CODE_SIGNING_REQUIRED = NO\n    COMPILER_INDEX_STORE_ENABLE = NO\n    DEBUG_INFORMATION_FORMAT = dwarf\n    ENTITLEMENTS_REQUIRED = NO\n\nResolve Package Graph\n\nFetching from https://github.com/Dimillian/EmojiText\n\nFetching from https://github.com/stephencelis/SQLite.swift.git\n\nFetching from https://github.com/kean/Nuke\n\nFetching from https://github.com/TelemetryDeck/SwiftSDK\n\nFetching from https://github.com/swiftlang/swift-cmark.git\n\nFetching from https://github.com/RevenueCat/purchases-ios-spm\n\nFetching from https://github.com/swiftlang/swift-markdown\n\nFetching from https://github.com/nicklockwood/LRUCache\n\nFetching from https://github.com/Dean151/ButtonKit\n\nFetching from https://github.com/siteline/swiftui-introspect\n\nFetching from https://github.com/evgenyneu/keychain-swift\n\nFetching from https://github.com/SFSafeSymbols/SFSafeSymbols\n\nFetching from https://github.com/kaishin/Gifu.git\n\nFetching from https://github.com/mergesort/Bodega\n\nFetching from https://github.com/wishkit/wishkit-ios.git\n\nFetching from https://github.com/wishkit/wishkit-ios-shared.git\n\nFetching from https://github.com/dkk/WrappingHStack\n\nFetching from https://github.com/scinfu/SwiftSoup.git\n\nCreating working copy of package ‘ButtonKit’\n\nChecking out 0.8.1 of package ‘ButtonKit’\n\nCreating working copy of package ‘swiftui-introspect’\n\nChecking out 26.0.1 of package ‘swiftui-introspect’\n\nCreating working copy of package ‘wishkit-ios’\n\nChecking out 5.1.2 of package ‘wishkit-ios’\n\nCreating working copy of package ‘EmojiText’\n\nChecking out fix-ios26 (3b11459) of package ‘EmojiText’\n\nCreating working copy of package ‘LRUCache’\n\nChecking out 1.2.1 of package ‘LRUCache’\n\nCreating working copy of package ‘Nuke’\n\nChecking out 13.2.0 of package ‘Nuke’\n\nCreating working copy of package ‘purchases-ios-spm’\n\nChecking out 5.86.0 of package ‘purchases-ios-spm’\n\nCreating working copy of package ‘swift-cmark’\n\nChecking out 0.8.0 of package ‘swift-cmark’\n\nCreating working copy of package ‘SQLite.swift’\n\nChecking out 0.16.0 of package ‘SQLite.swift’\n\nCreating working copy of package ‘SwiftSoup’\n\nChecking out 2.13.7 of package ‘SwiftSoup’\n\nCreating working copy of package ‘Gifu’\n\nChecking out 4.0.1 of package ‘Gifu’\n\nCreating working copy of package ‘wishkit-ios-shared’\n\nChecking out 1.5.0 of package ‘wishkit-ios-shared’\n\nCreating working copy of package ‘SFSafeSymbols’\n\nChecking out 7.0.0 of package ‘SFSafeSymbols’\n\nCreating working copy of package ‘SwiftSDK’\n\nChecking out 2.14.2 of package ‘SwiftSDK’\n\nCreating working copy of package ‘Bodega’\n\nChecking out 2.1.3 of package ‘Bodega’\n\nCreating working copy of package ‘keychain-swift’\n\nChecking out 24.0.0 of package ‘keychain-swift’\n\nCreating working copy of package ‘WrappingHStack’\n\nChecking out 2.2.11 of package ‘WrappingHStack’\n\nCreating working copy of package ‘swift-markdown’\n\nChecking out 0.8.0 of package ‘swift-markdown’\n\n\nResolved source packages:\n  Env: /Users/builder/clone/Packages/Env\n  swift-markdown: https://github.com/swiftlang/swift-markdown @ 0.8.0\n  Timeline: /Users/builder/clone/Packages/Timeline\n  Models: /Users/builder/clone/Packages/Models\n  SFSafeSymbols: https://github.com/SFSafeSymbols/SFSafeSymbols @ 7.0.0\n  KeychainSwift: https://github.com/evgenyneu/keychain-swift @ 24.0.0\n  ButtonKit: https://github.com/Dean151/ButtonKit @ 0.8.1\n  TelemetryDeck: https://github.com/TelemetryDeck/SwiftSDK @ 2.14.2\n  DesignSystem: /Users/builder/clone/Packages/DesignSystem\n  Notifications: /Users/builder/clone/Packages/Notifications\n  AppAccount: /Users/builder/clone/Packages/AppAccount\n  SQLite.swift: https://github.com/stephencelis/SQLite.swift.git @ 0.16.0\n  Conversations: /Users/builder/clone/Packages/Conversations\n  Bodega: https://github.com/mergesort/Bodega @ 2.1.3\n  RevenueCat: https://github.com/RevenueCat/purchases-ios-spm @ 5.86.0\n  Account: /Users/builder/clone/Packages/Account\n  wishkit-ios: https://github.com/wishkit/wishkit-ios.git @ 5.1.2\n  NetworkClient: /Users/builder/clone/Packages/NetworkClient\n  Lists: /Users/builder/clone/Packages/Lists\n  Nuke: https://github.com/kean/Nuke @ 13.2.0\n  EmojiText: https://github.com/Dimillian/EmojiText @ fix-ios26 (3b11459)\n  SwiftSoup: https://github.com/scinfu/SwiftSoup.git @ 2.13.7\n  Explore: /Users/builder/clone/Packages/Explore\n  cmark-gfm: https://github.com/swiftlang/swift-cmark.git @ 0.8.0\n  wishkit-ios-shared: https://github.com/wishkit/wishkit-ios-shared.git @ 1.5.0\n  StatusKit: /Users/builder/clone/Packages/StatusKit\n  MediaUI: /Users/builder/clone/Packages/MediaUI\n  swiftui-introspect: https://github.com/siteline/swiftui-introspect @ 26.0.1\n  Gifu: https://github.com/kaishin/Gifu.git @ 4.0.1\n  LRUCache: https://github.com/nicklockwood/LRUCache @ 1.2.1\n  WrappingHStack: https://github.com/dkk/WrappingHStack @ 2.2.11\n\nnote: Using codesigning identity override: \nComputePackagePrebuildTargetDependencyGraph\n\nPrepare packages\n\nCreateBuildRequest\n\nSendProjectDescription\n\nCreateBuildOperation\n\nComputeTargetDependencyGraph\nnote: Building targets in dependency order\nnote: Target dependency graph (77 targets)\n    Target 'IceCubesApp' in project 'IceCubesApp'\n        ➜ Explicit dependency on target 'IceCubesNotifications' in project 'IceCubesApp'\n        ➜ Explicit dependency on target 'IceCubesShareExtension' in project 'IceCubesApp'\n        ➜ Explicit dependency on target 'IceCubesActionExtension' in project 'IceCubesApp'\n        ➜ Explicit dependency on target 'IceCubesAppWidgetsExtensionExtension' in project 'IceCubesApp'\n        ➜ Explicit dependency on target 'Explore' in project 'Explore'\n        ➜ Explicit dependency on target 'KeychainSwift' in project 'KeychainSwift'\n        ➜ Explicit dependency on target 'Conversations' in project 'Conversations'\n        ➜ Explicit dependency on target 'AppAccount' in project 'AppAccount'\n        ➜ Explicit dependency on target 'Account' in project 'Account'\n        ➜ Explicit dependency on target 'NetworkClient' in project 'NetworkClient'\n        ➜ Explicit dependency on target 'Lists' in project 'Lists'\n        ➜ Explicit dependency on target 'Models' in project 'Models'\n        ➜ Explicit dependency on target 'Env' in project 'Env'\n        ➜ Explicit dependency on target 'SFSafeSymbols' in project 'SFSafeSymbols'\n        ➜ Explicit dependency on target 'WishKit' in project 'wishkit-ios'\n        ➜ Explicit dependency on target 'RevenueCat' in project 'RevenueCat'\n        ➜ Explicit dependency on target 'Timeline' in project 'Timeline'\n        ➜ Explicit dependency on target 'Notifications' in project 'Notifications'\n        ➜ Explicit dependency on target 'StatusKit' in project 'StatusKit'\n    Target 'RevenueCat' in project 'RevenueCat'\n        ➜ Explicit dependency on target 'RevenueCat' in project 'RevenueCat'\n        ➜ Explicit dependency on target 'RevenueCat_RevenueCat' in project 'RevenueCat'\n    Target 'RevenueCat' in project 'RevenueCat'\n        ➜ Explicit dependency on target 'RevenueCat_RevenueCat' in project 'RevenueCat'\n    Target 'RevenueCat_RevenueCat' in project 'RevenueCat' (no dependencies)\n    Target 'WishKit' in project 'wishkit-ios'\n        ➜ Explicit dependency on target 'WishKit' in project 'wishkit-ios'\n        ➜ Explicit dependency on target 'wishkit-ios_WishKit' in project 'wishkit-ios'\n        ➜ Explicit dependency on target 'WishKitShared' in project 'wishkit-ios-shared'\n    Target 'WishKit' in project 'wishkit-ios'\n        ➜ Explicit dependency on target 'wishkit-ios_WishKit' in project 'wishkit-ios'\n        ➜ Explicit dependency on target 'WishKitShared' in project 'wishkit-ios-shared'\n    Target 'WishKitShared' in project 'wishkit-ios-shared'\n        ➜ Explicit dependency on target 'WishKitShared' in project 'wishkit-ios-shared'\n    Target 'WishKitShared' in project 'wishkit-ios-shared' (no dependencies)\n    Target 'wishkit-ios_WishKit' in project 'wishkit-ios' (no dependencies)\n    Target 'SFSafeSymbols' in project 'SFSafeSymbols'\n        ➜ Explicit dependency on target 'SFSafeSymbols' in project 'SFSafeSymbols'\n    Target 'SFSafeSymbols' in project 'SFSafeSymbols' (no dependencies)\n    Target 'Lists' in project 'Lists'\n        ➜ Explicit dependency on target 'Lists' in project 'Lists'\n        ➜ Explicit dependency on target 'Account' in project 'Account'\n        ➜ Explicit dependency on target 'NetworkClient' in project 'NetworkClient'\n        ➜ Explicit dependency on target 'Models' in project 'Models'\n        ➜ Explicit dependency on target 'Env' in project 'Env'\n        ➜ Explicit dependency on target 'DesignSystem' in project 'DesignSystem'\n    Target 'Lists' in project 'Lists'\n        ➜ Explicit dependency on target 'Account' in project 'Account'\n        ➜ Explicit dependency on target 'NetworkClient' in project 'NetworkClient'\n        ➜ Explicit dependency on target 'Models' in project 'Models'\n        ➜ Explicit dependency on target 'Env' in project 'Env'\n        ➜ Explicit dependency on target 'DesignSystem' in project 'DesignSystem'\n    Target 'Conversations' in project 'Conversations'\n        ➜ Explicit dependency on target 'Conversations' in project 'Conversations'\n        ➜ Explicit dependency on target 'Models' in project 'Models'\n        ➜ Explicit dependency on target 'NetworkClient' in project 'NetworkClient'\n        ➜ Explicit dependency on target 'Env' in project 'Env'\n        ➜ Explicit dependency on target 'DesignSystem' in project 'DesignSystem'\n        ➜ Explicit dependency on target 'StatusKit' in project 'StatusKit'\n    Target 'Conversations' in project 'Conversations'\n        ➜ Explicit dependency on target 'Models' in project 'Models'\n        ➜ Explicit dependency on target 'NetworkClient' in project 'NetworkClient'\n        ➜ Explicit dependency on target 'Env' in project 'Env'\n        ➜ Explicit dependency on target 'DesignSystem' in project 'DesignSystem'\n        ➜ Explicit dependency on target 'StatusKit' in project 'StatusKit'\n    Target 'Explore' in project 'Explore'\n        ➜ Explicit dependency on target 'Explore' in project 'Explore'\n        ➜ Explicit dependency on target 'Account' in project 'Account'\n        ➜ Explicit dependency on target 'NetworkClient' in project 'NetworkClient'\n        ➜ Explicit dependency on target 'Models' in project 'Models'\n        ➜ Explicit dependency on target 'Env' in project 'Env'\n        ➜ Explicit dependency on target 'StatusKit' in project 'StatusKit'\n        ➜ Explicit dependency on target 'DesignSystem' in project 'DesignSystem'\n    Target 'Explore' in project 'Explore'\n        ➜ Explicit dependency on target 'Account' in project 'Account'\n        ➜ Explicit dependency on target 'NetworkClient' in project 'NetworkClient'\n        ➜ Explicit dependency on target 'Models' in project 'Models'\n        ➜ Explicit dependency on target 'Env' in project 'Env'\n        ➜ Explicit dependency on target 'StatusKit' in project 'StatusKit'\n        ➜ Explicit dependency on target 'DesignSystem' in project 'DesignSystem'\n    Target 'IceCubesAppWidgetsExtensionExtension' in project 'IceCubesApp'\n        ➜ Explicit dependency on target 'Models' in project 'Models'\n        ➜ Explicit dependency on target 'NetworkClient' in project 'NetworkClient'\n        ➜ Explicit dependency on target 'AppAccount' in project 'AppAccount'\n        ➜ Explicit dependency on target 'Account' in project 'Account'\n        ➜ Explicit dependency on target 'Env' in project 'Env'\n        ➜ Explicit dependency on target 'Timeline' in project 'Timeline'\n    Target 'IceCubesActionExtension' in project 'IceCubesApp'\n        ➜ Explicit dependency on target 'NetworkClient' in project 'NetworkClient'\n        ➜ Explicit dependency on target 'Models' in project 'Models'\n    Target 'IceCubesShareExtension' in project 'IceCubesApp'\n        ➜ Explicit dependency on target 'Env' in project 'Env'\n        ➜ Explicit dependency on target 'Models' in project 'Models'\n        ➜ Explicit dependency on target 'DesignSystem' in project 'DesignSystem'\n        ➜ Explicit dependency on target 'Account' in project 'Account'\n        ➜ Explicit dependency on target 'AppAccount' in project 'AppAccount'\n        ➜ Explicit dependency on target 'StatusKit' in project 'StatusKit'\n        ➜ Explicit dependency on target 'KeychainSwift' in project 'KeychainSwift'\n    Target 'IceCubesNotifications' in project 'IceCubesApp'\n        ➜ Explicit dependency on target 'Notifications' in project 'Notifications'\n        ➜ Explicit dependency on target 'AppAccount' in project 'AppAccount'\n        ➜ Explicit dependency on target 'DesignSystem' in project 'DesignSystem'\n        ➜ Explicit dependency on target 'Models' in project 'Models'\n        ➜ Explicit dependency on target 'Account' in project 'Account'\n        ➜ Explicit dependency on target 'StatusKit' in project 'StatusKit'\n        ➜ Explicit dependency on target 'KeychainSwift' in project 'KeychainSwift'\n        ➜ Explicit dependency on target 'Env' in project 'Env'\n    Target 'Account' in project 'Account'\n        ➜ Explicit dependency on target 'Account' in project 'Account'\n        ➜ Explicit dependency on target 'NetworkClient' in project 'NetworkClient'\n        ➜ Explicit dependency on target 'Models' in project 'Models'\n        ➜ Explicit dependency on target 'StatusKit' in project 'StatusKit'\n        ➜ Explicit dependency on target 'Env' in project 'Env'\n        ➜ Explicit dependency on target 'DesignSystem' in project 'DesignSystem'\n        ➜ Explicit dependency on target 'Timeline' in project 'Timeline'\n        ➜ Explicit dependency on target 'ButtonKit' in project 'ButtonKit'\n        ➜ Explicit dependency on target 'WrappingHStack' in project 'WrappingHStack'\n    Target 'Account' in project 'Account'\n        ➜ Explicit dependency on target 'NetworkClient' in project 'NetworkClient'\n        ➜ Explicit dependency on target 'Models' in project 'Models'\n        ➜ Explicit dependency on target 'StatusKit' in project 'StatusKit'\n        ➜ Explicit dependency on target 'Env' in project 'Env'\n        ➜ Explicit dependency on target 'DesignSystem' in project 'DesignSystem'\n        ➜ Explicit dependency on target 'Timeline' in project 'Timeline'\n        ➜ Explicit dependency on target 'ButtonKit' in project 'ButtonKit'\n        ➜ Explicit dependency on target 'WrappingHStack' in project 'WrappingHStack'\n    Target 'WrappingHStack' in project 'WrappingHStack'\n        ➜ Explicit dependency on target 'WrappingHStack' in project 'WrappingHStack'\n    Target 'WrappingHStack' in project 'WrappingHStack' (no dependencies)\n    Target 'ButtonKit' in project 'ButtonKit'\n        ➜ Explicit dependency on target 'ButtonKit' in project 'ButtonKit'\n    Target 'ButtonKit' in project 'ButtonKit' (no dependencies)\n    Target 'Timeline' in project 'Timeline'\n        ➜ Explicit dependency on target 'Timeline' in project 'Timeline'\n        ➜ Explicit dependency on target 'NetworkClient' in project 'NetworkClient'\n        ➜ Explicit dependency on target 'Models' in project 'Models'\n        ➜ Explicit dependency on target 'Env' in project 'Env'\n        ➜ Explicit dependency on target 'StatusKit' in project 'StatusKit'\n        ➜ Explicit dependency on target 'DesignSystem' in project 'DesignSystem'\n        ➜ Explicit dependency on target 'Nuke' in project 'Nuke'\n        ➜ Explicit dependency on target 'SwiftUIIntrospect' in project 'swiftui-introspect'\n        ➜ Explicit dependency on target 'Bodega' in project 'Bodega'\n    Target 'Timeline' in project 'Timeline'\n        ➜ Explicit dependency on target 'NetworkClient' in project 'NetworkClient'\n        ➜ Explicit dependency on target 'Models' in project 'Models'\n        ➜ Explicit dependency on target 'Env' in project 'Env'\n        ➜ Explicit dependency on target 'StatusKit' in project 'StatusKit'\n        ➜ Explicit dependency on target 'DesignSystem' in project 'DesignSystem'\n        ➜ Explicit dependency on target 'Nuke' in project 'Nuke'\n        ➜ Explicit dependency on target 'SwiftUIIntrospect' in project 'swiftui-introspect'\n        ➜ Explicit dependency on target 'Bodega' in project 'Bodega'\n    Target 'Bodega' in project 'Bodega'\n        ➜ Explicit dependency on target 'Bodega' in project 'Bodega'\n        ➜ Explicit dependency on target 'SQLite' in project 'SQLite.swift'\n    Target 'Bodega' in project 'Bodega'\n        ➜ Explicit dependency on target 'SQLite' in project 'SQLite.swift'\n    Target 'SQLite' in project 'SQLite.swift'\n        ➜ Explicit dependency on target 'SQLite' in project 'SQLite.swift'\n        ➜ Explicit dependency on target 'SQLite.swift_SQLite' in project 'SQLite.swift'\n    Target 'SQLite' in project 'SQLite.swift'\n        ➜ Explicit dependency on target 'SQLite.swift_SQLite' in project 'SQLite.swift'\n    Target 'SQLite.swift_SQLite' in project 'SQLite.swift' (no dependencies)\n    Target 'SwiftUIIntrospect' in project 'swiftui-introspect'\n        ➜ Explicit dependency on target 'SwiftUIIntrospect' in project 'swiftui-introspect'\n    Target 'SwiftUIIntrospect' in project 'swiftui-introspect' (no dependencies)\n    Target 'Notifications' in project 'Notifications'\n        ➜ Explicit dependency on target 'Notifications' in project 'Notifications'\n        ➜ Explicit dependency on target 'NetworkClient' in project 'NetworkClient'\n        ➜ Explicit dependency on target 'Models' in project 'Models'\n        ➜ Explicit dependency on target 'Env' in project 'Env'\n        ➜ Explicit dependency on target 'StatusKit' in project 'StatusKit'\n        ➜ Explicit dependency on target 'DesignSystem' in project 'DesignSystem'\n    Target 'Notifications' in project 'Notifications'\n        ➜ Explicit dependency on target 'NetworkClient' in project 'NetworkClient'\n        ➜ Explicit dependency on target 'Models' in project 'Models'\n        ➜ Explicit dependency on target 'Env' in project 'Env'\n        ➜ Explicit dependency on target 'StatusKit' in project 'StatusKit'\n        ➜ Explicit dependency on target 'DesignSystem' in project 'DesignSystem'\n    Target 'StatusKit' in project 'StatusKit'\n        ➜ Explicit dependency on target 'StatusKit' in project 'StatusKit'\n        ➜ Explicit dependency on target 'AppAccount' in project 'AppAccount'\n        ➜ Explicit dependency on target 'Models' in project 'Models'\n        ➜ Explicit dependency on target 'MediaUI' in project 'MediaUI'\n        ➜ Explicit dependency on target 'NetworkClient' in project 'NetworkClient'\n        ➜ Explicit dependency on target 'Env' in project 'Env'\n        ➜ Explicit dependency on target 'DesignSystem' in project 'DesignSystem'\n        ➜ Explicit dependency on target 'LRUCache' in project 'LRUCache'\n    Target 'StatusKit' in project 'StatusKit'\n        ➜ Explicit dependency on target 'AppAccount' in project 'AppAccount'\n        ➜ Explicit dependency on target 'Models' in project 'Models'\n        ➜ Explicit dependency on target 'MediaUI' in project 'MediaUI'\n        ➜ Explicit dependency on target 'NetworkClient' in project 'NetworkClient'\n        ➜ Explicit dependency on target 'Env' in project 'Env'\n        ➜ Explicit dependency on target 'DesignSystem' in project 'DesignSystem'\n        ➜ Explicit dependency on target 'LRUCache' in project 'LRUCache'\n    Target 'LRUCache' in project 'LRUCache'\n        ➜ Explicit dependency on target 'LRUCache' in project 'LRUCache'\n    Target 'LRUCache' in project 'LRUCache' (no dependencies)\n    Target 'MediaUI' in project 'MediaUI'\n        ➜ Explicit dependency on target 'MediaUI' in project 'MediaUI'\n        ➜ Explicit dependency on target 'Models' in project 'Models'\n        ➜ Explicit dependency on target 'DesignSystem' in project 'DesignSystem'\n    Target 'MediaUI' in project 'MediaUI'\n        ➜ Explicit dependency on target 'Models' in project 'Models'\n        ➜ Explicit dependency on target 'DesignSystem' in project 'DesignSystem'\n    Target 'AppAccount' in project 'AppAccount'\n        ➜ Explicit dependency on target 'AppAccount' in project 'AppAccount'\n        ➜ Explicit dependency on target 'NetworkClient' in project 'NetworkClient'\n        ➜ Explicit dependency on target 'Models' in project 'Models'\n        ➜ Explicit dependency on target 'Env' in project 'Env'\n        ➜ Explicit dependency on target 'DesignSystem' in project 'DesignSystem'\n    Target 'AppAccount' in project 'AppAccount'\n        ➜ Explicit dependency on target 'NetworkClient' in project 'NetworkClient'\n        ➜ Explicit dependency on target 'Models' in project 'Models'\n        ➜ Explicit dependency on target 'Env' in project 'Env'\n        ➜ Explicit dependency on target 'DesignSystem' in project 'DesignSystem'\n    Target 'DesignSystem' in project 'DesignSystem'\n        ➜ Explicit dependency on target 'DesignSystem' in project 'DesignSystem'\n        ➜ Explicit dependency on target 'DesignSystem_DesignSystem' in project 'DesignSystem'\n        ➜ Explicit dependency on target 'Models' in project 'Models'\n        ➜ Explicit dependency on target 'Env' in project 'Env'\n        ➜ Explicit dependency on target 'NukeUI' in project 'Nuke'\n        ➜ Explicit dependency on target 'Nuke' in project 'Nuke'\n        ➜ Explicit dependency on target 'EmojiText' in project 'EmojiText'\n        ➜ Explicit dependency on target 'Gifu' in project 'Gifu'\n    Target 'DesignSystem' in project 'DesignSystem'\n        ➜ Explicit dependency on target 'DesignSystem_DesignSystem' in project 'DesignSystem'\n        ➜ Explicit dependency on target 'Models' in project 'Models'\n        ➜ Explicit dependency on target 'Env' in project 'Env'\n        ➜ Explicit dependency on target 'NukeUI' in project 'Nuke'\n        ➜ Explicit dependency on target 'Nuke' in project 'Nuke'\n        ➜ Explicit dependency on target 'EmojiText' in project 'EmojiText'\n        ➜ Explicit dependency on target 'Gifu' in project 'Gifu'\n    Target 'Gifu' in project 'Gifu'\n        ➜ Explicit dependency on target 'Gifu' in project 'Gifu'\n    Target 'Gifu' in project 'Gifu' (no dependencies)\n    Target 'EmojiText' in project 'EmojiText'\n        ➜ Explicit dependency on target 'EmojiText' in project 'EmojiText'\n        ➜ Explicit dependency on target 'Markdown' in project 'swift-markdown'\n    Target 'EmojiText' in project 'EmojiText'\n        ➜ Explicit dependency on target 'Markdown' in project 'swift-markdown'\n    Target 'Markdown' in project 'swift-markdown'\n        ➜ Explicit dependency on target 'Markdown' in project 'swift-markdown'\n        ➜ Explicit dependency on target 'CAtomic' in project 'swift-markdown'\n        ➜ Explicit dependency on target 'cmark-gfm' in project 'cmark-gfm'\n        ➜ Explicit dependency on target 'cmark-gfm-extensions' in project 'cmark-gfm'\n    Target 'Markdown' in project 'swift-markdown'\n        ➜ Explicit dependency on target 'CAtomic' in project 'swift-markdown'\n        ➜ Explicit dependency on target 'cmark-gfm' in project 'cmark-gfm'\n        ➜ Explicit dependency on target 'cmark-gfm-extensions' in project 'cmark-gfm'\n    Target 'cmark-gfm-extensions' in project 'cmark-gfm'\n        ➜ Explicit dependency on target 'cmark-gfm-extensions' in project 'cmark-gfm'\n        ➜ Explicit dependency on target 'cmark-gfm' in project 'cmark-gfm'\n    Target 'cmark-gfm-extensions' in project 'cmark-gfm'\n        ➜ Explicit dependency on target 'cmark-gfm' in project 'cmark-gfm'\n    Target 'cmark-gfm' in project 'cmark-gfm'\n        ➜ Explicit dependency on target 'cmark-gfm' in project 'cmark-gfm'\n    Target 'cmark-gfm' in project 'cmark-gfm' (no dependencies)\n    Target 'CAtomic' in project 'swift-markdown' (no dependencies)\n    Target 'Nuke' in project 'Nuke'\n        ➜ Explicit dependency on target 'Nuke' in project 'Nuke'\n    Target 'NukeUI' in project 'Nuke'\n        ➜ Explicit dependency on target 'NukeUI' in project 'Nuke'\n        ➜ Explicit dependency on target 'Nuke' in project 'Nuke'\n    Target 'NukeUI' in project 'Nuke'\n        ➜ Explicit dependency on target 'Nuke' in project 'Nuke'\n    Target 'Nuke' in project 'Nuke' (no dependencies)\n    Target 'DesignSystem_DesignSystem' in project 'DesignSystem' (no dependencies)\n    Target 'Env' in project 'Env'\n        ➜ Explicit dependency on target 'Env' in project 'Env'\n        ➜ Explicit dependency on target 'Models' in project 'Models'\n        ➜ Explicit dependency on target 'NetworkClient' in project 'NetworkClient'\n        ➜ Explicit dependency on target 'KeychainSwift' in project 'KeychainSwift'\n        ➜ Explicit dependency on target 'TelemetryDeck' in project 'TelemetryDeck'\n    Target 'Env' in project 'Env'\n        ➜ Explicit dependency on target 'Models' in project 'Models'\n        ➜ Explicit dependency on target 'NetworkClient' in project 'NetworkClient'\n        ➜ Explicit dependency on target 'KeychainSwift' in project 'KeychainSwift'\n        ➜ Explicit dependency on target 'TelemetryDeck' in project 'TelemetryDeck'\n    Target 'TelemetryDeck' in project 'TelemetryDeck'\n        ➜ Explicit dependency on target 'TelemetryDeck' in project 'TelemetryDeck'\n        ➜ Explicit dependency on target 'TelemetryDeck_TelemetryDeck' in project 'TelemetryDeck'\n    Target 'TelemetryDeck' in project 'TelemetryDeck'\n        ➜ Explicit dependency on target 'TelemetryDeck_TelemetryDeck' in project 'TelemetryDeck'\n    Target 'TelemetryDeck_TelemetryDeck' in project 'TelemetryDeck' (no dependencies)\n    Target 'KeychainSwift' in project 'KeychainSwift'\n        ➜ Explicit dependency on target 'KeychainSwift' in project 'KeychainSwift'\n    Target 'KeychainSwift' in project 'KeychainSwift' (no dependencies)\n    Target 'NetworkClient' in project 'NetworkClient'\n        ➜ Explicit dependency on target 'NetworkClient' in project 'NetworkClient'\n        ➜ Explicit dependency on target 'Models' in project 'Models'\n    Target 'NetworkClient' in project 'NetworkClient'\n        ➜ Explicit dependency on target 'Models' in project 'Models'\n    Target 'Models' in project 'Models'\n        ➜ Explicit dependency on target 'Models' in project 'Models'\n        ➜ Explicit dependency on target 'SwiftSoup' in project 'SwiftSoup'\n    Target 'Models' in project 'Models'\n        ➜ Explicit dependency on target 'SwiftSoup' in project 'SwiftSoup'\n    Target 'SwiftSoup' in project 'SwiftSoup'\n        ➜ Explicit dependency on target 'SwiftSoup' in project 'SwiftSoup'\n    Target 'SwiftSoup' in project 'SwiftSoup' (no dependencies)\n\nGatherProvisioningInputs\n\nCreateBuildDescription\n\nExecuteExternalTool /Applications/Xcode-26.4.app/Contents/Developer/Toolchains/XcodeDefault.xctoolchain/usr/bin/swiftc --version\n\nExecuteExternalTool /Applications/Xcode-26.4.app/Contents/Developer/usr/bin/actool --version --output-format xml1\n\nExecuteExternalTool /Applications/Xcode-26.4.app/Contents/Developer/Toolchains/XcodeDefault.xctoolchain/usr/bin/clang -v -E -dM -arch arm64 -isysroot /Applications/Xcode-26.4.app/Contents/Developer/Platforms/iPhoneOS.platform/Developer/SDKs/iPhoneOS26.4.sdk -x c -c /dev/null\n\nExecuteExternalTool /Applications/Xcode-26.4.app/Contents/Developer/usr/bin/xcstringstool compile --dry-run --output-directory /Users/builder/clone/build/Build/Intermediates.noindex/IceCubesApp.build/Release-iphoneos/IceCubesNotifications.build /Users/builder/clone/IceCubesApp/Resources/Localization/Localizable.xcstrings\n\nExecuteExternalTool /Applications/Xcode-26.4.app/Contents/Developer/usr/bin/xcstringstool compile --dry-run --output-directory /Users/builder/clone/build/Build/Intermediates.noindex/IceCubesApp.build/Release-iphoneos/IceCubesShareExtension.build /Users/builder/clone/IceCubesApp/Resources/Localization/Localizable.xcstrings\n\nExecuteExternalTool /Applications/Xcode-26.4.app/Contents/Developer/usr/bin/actool --print-asset-tag-combinations --output-format xml1 /Users/builder/clone/AppIcon.icon /Users/builder/clone/AlternateIcons/AppIconAlternate1.icon /Users/builder/clone/AlternateIcons/AppIconAlternate2.icon /Users/builder/clone/IceCubesApp/Resources/Preview Assets.xcassets /Users/builder/clone/IceCubesApp/Assets.xcassets /Users/builder/clone/AlternateIcons/AppIconAlternate46.icon\n\nExecuteExternalTool /Applications/Xcode-26.4.app/Contents/Developer/Toolchains/XcodeDefault.xctoolchain/usr/bin/clang -v -E -dM -isysroot /Applications/Xcode-26.4.app/Contents/Developer/Platforms/iPhoneOS.platform/Developer/SDKs/iPhoneOS26.4.sdk -x c -c /dev/null\n\nExecuteExternalTool /Applications/Xcode-26.4.app/Contents/Developer/Toolchains/XcodeDefault.xctoolchain/usr/bin/ld -version_details\n\nReadFileContents /Applications/Xcode-26.4.app/Contents/Developer/Toolchains/XcodeDefault.xctoolchain/usr/share/docc/features.json\n\nExecuteExternalTool /Applications/Xcode-26.4.app/Contents/Developer/usr/bin/xcstringstool compile --dry-run --output-directory /Users/builder/clone/build/Build/Intermediates.noindex/IceCubesApp.build/Release-iphoneos/IceCubesApp.build /Users/builder/clone/IceCubesApp/Resources/Localization/Localizable.xcstrings\n\nBuild description signature: dcecfc41c1d8701099c2b8f2402977e5\nBuild description path: /Users/builder/clone/build/Build/Intermediates.noindex/XCBuildData/dcecfc41c1d8701099c2b8f2402977e5.xcbuilddata\nClangStatCache /Applications/Xcode-26.4.app/Contents/Developer/Toolchains/XcodeDefault.xctoolchain/usr/bin/clang-stat-cache /Applications/Xcode-26.4.app/Contents/Developer/Platforms/iPhoneOS.platform/Developer/SDKs/iPhoneOS26.4.sdk /Users/builder/clone/build/SDKStatCaches.noindex/iphoneos26.4-23E252-dc38477e7e47e42951976ad86cc01fb3.sdkstatcache\n    cd /Users/builder/clone/IceCubesApp.xcodeproj\n    /Applications/Xcode-26.4.app/Contents/Developer/Toolchains/XcodeDefault.xctoolchain/usr/bin/clang-stat-cache /Applications/Xcode-26.4.app/Contents/Developer/Platforms/iPhoneOS.platform/Developer/SDKs/iPhoneOS26.4.sdk -o /Users/builder/clone/build/SDKStatCaches.noindex/iphoneos26.4-23E252-dc38477e7e47e42951976ad86cc01fb3.sdkstatcache\n\nCreateBuildDirectory /Users/builder/clone/build/Build/Products\n    cd /Users/builder/clone/IceCubesApp.xcodeproj\n    builtin-create-build-directory /Users/builder/clone/build/Build/Products\n\nCreateBuildDirectory /Users/builder/clone/build/Build/Intermediates.noindex\n    cd /Users/builder/clone/IceCubesApp.xcodeproj\n    builtin-create-build-directory /Users/builder/clone/build/Build/Intermediates.noindex\n\nWriteAuxiliaryFile /Users/builder/clone/build/Build/Intermediates.noindex/IceCubesApp.build/Release-iphoneos/IceCubesApp-0bec147ec38eb387bcc21016dc53d315-VFS-iphoneos/all-product-headers.yaml\n    cd /Users/builder/clone/IceCubesApp.xcodeproj\n    write-file /Users/builder/clone/build/Build/Intermediates.noindex/IceCubesApp.build/Release-iphoneos/IceCubesApp-0bec147ec38eb387bcc21016dc53d315-VFS-iphoneos/all-product-headers.yaml\n\nCreateBuildDirectory /Users/builder/clone/build/Build/Products/Release-iphoneos\n    cd /Users/builder/clone/IceCubesApp.xcodeproj\n    builtin-create-build-directory /Users/builder/clone/build/Build/Products/Release-iphoneos\n\nCreateBuildDirectory /Users/builder/clone/build/Build/Intermediates.noindex/SwiftExplicitPrecompiledModules\n    cd /Users/builder/clone/IceCubesApp.xcodeproj\n    builtin-create-build-directory /Users/builder/clone/build/Build/Intermediates.noindex/SwiftExplicitPrecompiledModules\n\nCreateBuildDirectory /Users/builder/clone/build/Build/Intermediates.noindex/ExplicitPrecompiledModules\n    cd /Users/builder/clone/IceCubesApp.xcodeproj\n    builtin-create-build-directory /Users/builder/clone/build/Build/Intermediates.noindex/ExplicitPrecompiledModules\n\nCreateBuildDirectory /Users/builder/clone/build/Build/Intermediates.noindex/EagerLinkingTBDs/Release-iphoneos\n    cd /Users/builder/clone/IceCubesApp.xcodeproj\n    builtin-create-build-directory /Users/builder/clone/build/Build/Intermediates.noindex/EagerLinkingTBDs/Release-iphoneos\n\nCreateBuildDirectory /Users/builder/clone/build/Build/Products/Release-iphoneos/PackageFrameworks\n    cd /Users/builder/clone/IceCubesApp.xcodeproj\n    builtin-create-build-directory /Users/builder/clone/build/Build/Products/Release-iphoneos/PackageFrameworks\n\nWriteAuxiliaryFile /Users/builder/clone/build/Build/Intermediates.noindex/wishkit-ios.build/Release-iphoneos/wishkit-ios_WishKit.build/wishkit-ios_WishKit.DependencyStaticMetadataFileList (in target 'wishkit-ios_WishKit' from project 'wishkit-ios')\n    cd /Users/builder/clone/build/SourcePackages/checkouts/wishkit-ios\n    write-file /Users/builder/clone/build/Build/Intermediates.noindex/wishkit-ios.build/Release-iphoneos/wishkit-ios_WishKit.build/wishkit-ios_WishKit.DependencyStaticMetadataFileList\n\nWriteAuxiliaryFile /Users/builder/clone/build/Build/Intermediates.noindex/wishkit-ios.build/Release-iphoneos/wishkit-ios_WishKit.build/wishkit-ios_WishKit.DependencyMetadataFileList (in target 'wishkit-ios_WishKit' from project 'wishkit-ios')\n    cd /Users/builder/clone/build/SourcePackages/checkouts/wishkit-ios\n    write-file /Users/builder/clone/build/Build/Intermediates.noindex/wishkit-ios.build/Release-iphoneos/wishkit-ios_WishKit.build/wishkit-ios_WishKit.DependencyMetadataFileList\n\nWriteAuxiliaryFile /Users/builder/clone/build/Build/Intermediates.noindex/wishkit-ios.build/Release-iphoneos/wishkit-ios_WishKit.build/empty-wishkit-ios_WishKit.plist (in target 'wishkit-ios_WishKit' from project 'wishkit-ios')\n    cd /Users/builder/clone/build/SourcePackages/checkouts/wishkit-ios\n    write-file /Users/builder/clone/build/Build/Intermediates.noindex/wishkit-ios.build/Release-iphoneos/wishkit-ios_WishKit.build/empty-wishkit-ios_WishKit.plist\n\nWriteAuxiliaryFile /Users/builder/clone/build/Build/Intermediates.noindex/cmark-gfm.build/Release-iphoneos/cmark-gfm-extensions.build/cmark-gfm-extensions.DependencyStaticMetadataFileList (in target 'cmark-gfm-extensions' from project 'cmark-gfm')\n    cd /Users/builder/clone/build/SourcePackages/checkouts/swift-cmark\n    write-file /Users/builder/clone/build/Build/Intermediates.noindex/cmark-gfm.build/Release-iphoneos/cmark-gfm-extensions.build/cmark-gfm-extensions.DependencyStaticMetadataFileList\n\nWriteAuxiliaryFile /Users/builder/clone/build/Build/Intermediates.noindex/cmark-gfm.build/Release-iphoneos/cmark-gfm-extensions.build/cmark-gfm-extensions.DependencyMetadataFileList (in target 'cmark-gfm-extensions' from project 'cmark-gfm')\n    cd /Users/builder/clone/build/SourcePackages/checkouts/swift-cmark\n    write-file /Users/builder/clone/build/Build/Intermediates.noindex/cmark-gfm.build/Release-iphoneos/cmark-gfm-extensions.build/cmark-gfm-extensions.DependencyMetadataFileList\n\nWriteAuxiliaryFile /Users/builder/clone/build/Build/Intermediates.noindex/cmark-gfm.build/Release-iphoneos/cmark-gfm-extensions.build/Objects-normal/arm64/cmark-gfm-extensions.LinkFileList (in target 'cmark-gfm-extensions' from project 'cmark-gfm')\n    cd /Users/builder/clone/build/SourcePackages/checkouts/swift-cmark\n    write-file /Users/builder/clone/build/Build/Intermediates.noindex/cmark-gfm.build/Release-iphoneos/cmark-gfm-extensions.build/Objects-normal/arm64/cmark-gfm-extensions.LinkFileList\n\nWriteAuxiliaryFile /Users/builder/clone/build/Build/Intermediates.noindex/cmark-gfm.build/Release-iphoneos/cmark-gfm-extensions.build/Objects-normal/arm64/7187679823f38a2a940e0043cdf9d637-common-args.resp (in target 'cmark-gfm-extensions' from project 'cmark-gfm')\n    cd /Users/builder/clone/build/SourcePackages/checkouts/swift-cmark\n    write-file /Users/builder/clone/build/Build/Intermediates.noindex/cmark-gfm.build/Release-iphoneos/cmark-gfm-extensions.build/Objects-normal/arm64/7187679823f38a2a940e0043cdf9d637-common-args.resp\n-fmodules -gmodules '-fmodules-cache-path=/Users/builder/clone/build/ModuleCache.noindex' '-fmodule-name=cmark_gfm_extensions' -fpascal-strings -Os -DSWIFT_PACKAGE -g -I/Users/builder/clone/build/SourcePackages/checkouts/swift-cmark/src/include -I/Users/builder/clone/build/Build/Products/Release-iphoneos/include -I/Users/builder/clone/build/SourcePackages/checkouts/swift-cmark/extensions/include -I/Users/builder/clone/build/Build/Intermediates.noindex/cmark-gfm.build/Release-iphoneos/cmark-gfm-extensions.build/DerivedSources-normal/arm64 -I/Users/builder/clone/build/Build/Intermediates.noindex/cmark-gfm.build/Release-iphoneos/cmark-gfm-extensions.build/DerivedSources/arm64 -I/Users/builder/clone/build/Build/Intermediates.noindex/cmark-gfm.build/Release-iphoneos/cmark-gfm-extensions.build/DerivedSources -F/Users/builder/clone/build/Build/Products/Release-iphoneos/PackageFrameworks -F/Users/builder/clone/build/Build/Products/Release-iphoneos -iframework /Applications/Xcode-26.4.app/Contents/Developer/Platforms/iPhoneOS.platform/Developer/Library/Frameworks -iframework /Applications/Xcode-26.4.app/Contents/Developer/Platforms/iPhoneOS.platform/Developer/SDKs/iPhoneOS26.4.sdk/Developer/Library/Frameworks -DXcode\n\nWriteAuxiliaryFile /Users/builder/clone/build/Build/Intermediates.noindex/cmark-gfm.build/Release-iphoneos/cmark-gfm.build/cmark-gfm.DependencyStaticMetadataFileList (in target 'cmark-gfm' from project 'cmark-gfm')\n    cd /Users/builder/clone/build/SourcePackages/checkouts/swift-cmark\n    write-file /Users/builder/clone/build/Build/Intermediates.noindex/cmark-gfm.build/Release-iphoneos/cmark-gfm.build/cmark-gfm.DependencyStaticMetadataFileList\n\nWriteAuxiliaryFile /Users/builder/clone/build/Build/Intermediates.noindex/cmark-gfm.build/Release-iphoneos/cmark-gfm.build/cmark-gfm.DependencyMetadataFileList (in target 'cmark-gfm' from project 'cmark-gfm')\n    cd /Users/builder/clone/build/SourcePackages/checkouts/swift-cmark\n    write-file /Users/builder/clone/build/Build/Intermediates.noindex/cmark-gfm.build/Release-iphoneos/cmark-gfm.build/cmark-gfm.DependencyMetadataFileList\n\nWriteAuxiliaryFile /Users/builder/clone/build/Build/Intermediates.noindex/cmark-gfm.build/Release-iphoneos/cmark-gfm.build/Objects-normal/arm64/cmark-gfm.LinkFileList (in target 'cmark-gfm' from project 'cmark-gfm')\n    cd /Users/builder/clone/build/SourcePackages/checkouts/swift-cmark\n    write-file /Users/builder/clone/build/Build/Intermediates.noindex/cmark-gfm.build/Release-iphoneos/cmark-gfm.build/Objects-normal/arm64/cmark-gfm.LinkFileList\n\nWriteAuxiliaryFile /Users/builder/clone/build/Build/Intermediates.noindex/cmark-gfm.build/Release-iphoneos/cmark-gfm.build/Objects-normal/arm64/7187679823f38a2a940e0043cdf9d637-common-args.resp (in target 'cmark-gfm' from project 'cmark-gfm')\n    cd /Users/builder/clone/build/SourcePackages/checkouts/swift-cmark\n    write-file /Users/builder/clone/build/Build/Intermediates.noindex/cmark-gfm.build/Release-iphoneos/cmark-gfm.build/Objects-normal/arm64/7187679823f38a2a940e0043cdf9d637-common-args.resp\n-fmodules -gmodules '-fmodules-cache-path=/Users/builder/clone/build/ModuleCache.noindex' '-fmodule-name=cmark_gfm' -fpascal-strings -Os -DSWIFT_PACKAGE -g -I/Users/builder/clone/build/Build/Products/Release-iphoneos/include -I/Users/builder/clone/build/SourcePackages/checkouts/swift-cmark/src/include -I/Users/builder/clone/build/Build/Intermediates.noindex/cmark-gfm.build/Release-iphoneos/cmark-gfm.build/DerivedSources-normal/arm64 -I/Users/builder/clone/build/Build/Intermediates.noindex/cmark-gfm.build/Release-iphoneos/cmark-gfm.build/DerivedSources/arm64 -I/Users/builder/clone/build/Build/Intermediates.noindex/cmark-gfm.build/Release-iphoneos/cmark-gfm.build/DerivedSources -F/Users/builder/clone/build/Build/Products/Release-iphoneos -iframework /Applications/Xcode-26.4.app/Contents/Developer/Platforms/iPhoneOS.platform/Developer/Library/Frameworks -iframework /Applications/Xcode-26.4.app/Contents/Developer/Platforms/iPhoneOS.platform/Developer/SDKs/iPhoneOS26.4.sdk/Developer/Library/Frameworks -DXcode\n\nWriteAuxiliaryFile /Users/builder/clone/build/Build/Intermediates.noindex/WrappingHStack.build/Release-iphoneos/WrappingHStack.build/WrappingHStack.modulemap (in target 'WrappingHStack' from project 'WrappingHStack')\n    cd /Users/builder/clone/build/SourcePackages/checkouts/WrappingHStack\n    write-file /Users/builder/clone/build/Build/Intermediates.noindex/WrappingHStack.build/Release-iphoneos/WrappingHStack.build/WrappingHStack.modulemap\n\nWriteAuxiliaryFile /Users/builder/clone/build/Build/Intermediates.noindex/WrappingHStack.build/Release-iphoneos/WrappingHStack.build/WrappingHStack.DependencyStaticMetadataFileList (in target 'WrappingHStack' from project 'WrappingHStack')\n    cd /Users/builder/clone/build/SourcePackages/checkouts/WrappingHStack\n    write-file /Users/builder/clone/build/Build/Intermediates.noindex/WrappingHStack.build/Release-iphoneos/WrappingHStack.build/WrappingHStack.DependencyStaticMetadataFileList\n\nWriteAuxiliaryFile /Users/builder/clone/build/Build/Intermediates.noindex/WrappingHStack.build/Release-iphoneos/WrappingHStack.build/WrappingHStack.DependencyMetadataFileList (in target 'WrappingHStack' from project 'WrappingHStack')\n    cd /Users/builder/clone/build/SourcePackages/checkouts/WrappingHStack\n    write-file /Users/builder/clone/build/Build/Intermediates.noindex/WrappingHStack.build/Release-iphoneos/WrappingHStack.build/WrappingHStack.DependencyMetadataFileList\n\nWriteAuxiliaryFile /Users/builder/clone/build/Build/Intermediates.noindex/WrappingHStack.build/Release-iphoneos/WrappingHStack.build/Objects-normal/arm64/WrappingHStack_const_extract_protocols.json (in target 'WrappingHStack' from project 'WrappingHStack')\n    cd /Users/builder/clone/build/SourcePackages/checkouts/WrappingHStack\n    write-file /Users/builder/clone/build/Build/Intermediates.noindex/WrappingHStack.build/Release-iphoneos/WrappingHStack.build/Objects-normal/arm64/WrappingHStack_const_extract_protocols.json\n\nWriteAuxiliaryFile /Users/builder/clone/build/Build/Intermediates.noindex/WrappingHStack.build/Release-iphoneos/WrappingHStack.build/Objects-normal/arm64/WrappingHStack.SwiftFileList (in target 'WrappingHStack' from project 'WrappingHStack')\n    cd /Users/builder/clone/build/SourcePackages/checkouts/WrappingHStack\n    write-file /Users/builder/clone/build/Build/Intermediates.noindex/WrappingHStack.build/Release-iphoneos/WrappingHStack.build/Objects-normal/arm64/WrappingHStack.SwiftFileList\n\nWriteAuxiliaryFile /Users/builder/clone/build/Build/Intermediates.noindex/WrappingHStack.build/Release-iphoneos/WrappingHStack.build/Objects-normal/arm64/WrappingHStack.SwiftConstValuesFileList (in target 'WrappingHStack' from project 'WrappingHStack')\n    cd /Users/builder/clone/build/SourcePackages/checkouts/WrappingHStack\n    write-file /Users/builder/clone/build/Build/Intermediates.noindex/WrappingHStack.build/Release-iphoneos/WrappingHStack.build/Objects-normal/arm64/WrappingHStack.SwiftConstValuesFileList\n\nWriteAuxiliaryFile /Users/builder/clone/build/Build/Intermediates.noindex/WrappingHStack.build/Release-iphoneos/WrappingHStack.build/Objects-normal/arm64/WrappingHStack.LinkFileList (in target 'WrappingHStack' from project 'WrappingHStack')\n    cd /Users/builder/clone/build/SourcePackages/checkouts/WrappingHStack\n    write-file /Users/builder/clone/build/Build/Intermediates.noindex/WrappingHStack.build/Release-iphoneos/WrappingHStack.build/Objects-normal/arm64/WrappingHStack.LinkFileList\n\nWriteAuxiliaryFile /Users/builder/clone/build/Build/Intermediates.noindex/WrappingHStack.build/Release-iphoneos/WrappingHStack.build/Objects-normal/arm64/WrappingHStack-OutputFileMap.json (in target 'WrappingHStack' from project 'WrappingHStack')\n    cd /Users/builder/clone/build/SourcePackages/checkouts/WrappingHStack\n    write-file /Users/builder/clone/build/Build/Intermediates.noindex/WrappingHStack.build/Release-iphoneos/WrappingHStack.build/Objects-normal/arm64/WrappingHStack-OutputFileMap.json\n\nWriteAuxiliaryFile /Users/builder/clone/build/Build/Intermediates.noindex/wishkit-ios-shared.build/Release-iphoneos/WishKitShared.build/WishKitShared.modulemap (in target 'WishKitShared' from project 'wishkit-ios-shared')\n    cd /Users/builder/clone/build/SourcePackages/checkouts/wishkit-ios-shared\n    write-file /Users/builder/clone/build/Build/Intermediates.noindex/wishkit-ios-shared.build/Release-iphoneos/WishKitShared.build/WishKitShared.modulemap\n\nWriteAuxiliaryFile /Users/builder/clone/build/Build/Intermediates.noindex/wishkit-ios-shared.build/Release-iphoneos/WishKitShared.build/WishKitShared.DependencyStaticMetadataFileList (in target 'WishKitShared' from project 'wishkit-ios-shared')\n    cd /Users/builder/clone/build/SourcePackages/checkouts/wishkit-ios-shared\n    write-file /Users/builder/clone/build/Build/Intermediates.noindex/wishkit-ios-shared.build/Release-iphoneos/WishKitShared.build/WishKitShared.DependencyStaticMetadataFileList\n\nWriteAuxiliaryFile /Users/builder/clone/build/Build/Intermediates.noindex/wishkit-ios-shared.build/Release-iphoneos/WishKitShared.build/WishKitShared.DependencyMetadataFileList (in target 'WishKitShared' from project 'wishkit-ios-shared')\n    cd /Users/builder/clone/build/SourcePackages/checkouts/wishkit-ios-shared\n    write-file /Users/builder/clone/build/Build/Intermediates.noindex/wishkit-ios-shared.build/Release-iphoneos/WishKitShared.build/WishKitShared.DependencyMetadataFileList\n\nWriteAuxiliaryFile /Users/builder/clone/build/Build/Intermediates.noindex/wishkit-ios-shared.build/Release-iphoneos/WishKitShared.build/Objects-normal/arm64/WishKitShared_const_extract_protocols.json (in target 'WishKitShared' from project 'wishkit-ios-shared')\n    cd /Users/builder/clone/build/SourcePackages/checkouts/wishkit-ios-shared\n    write-file /Users/builder/clone/build/Build/Intermediates.noindex/wishkit-ios-shared.build/Release-iphoneos/WishKitShared.build/Objects-normal/arm64/WishKitShared_const_extract_protocols.json\n\nWriteAuxiliaryFile /Users/builder/clone/build/Build/Intermediates.noindex/wishkit-ios-shared.build/Release-iphoneos/WishKitShared.build/Objects-normal/arm64/WishKitShared.SwiftFileList (in target 'WishKitShared' from project 'wishkit-ios-shared')\n    cd /Users/builder/clone/build/SourcePackages/checkouts/wishkit-ios-shared\n    write-file /Users/builder/clone/build/Build/Intermediates.noindex/wishkit-ios-shared.build/Release-iphoneos/WishKitShared.build/Objects-normal/arm64/WishKitShared.SwiftFileList\n\nWriteAuxiliaryFile /Users/builder/clone/build/Build/Intermediates.noindex/wishkit-ios-shared.build/Release-iphoneos/WishKitShared.build/Objects-normal/arm64/WishKitShared.SwiftConstValuesFileList (in target 'WishKitShared' from project 'wishkit-ios-shared')\n    cd /Users/builder/clone/build/SourcePackages/checkouts/wishkit-ios-shared\n    write-file /Users/builder/clone/build/Build/Intermediates.noindex/wishkit-ios-shared.build/Release-iphoneos/WishKitShared.build/Objects-normal/arm64/WishKitShared.SwiftConstValuesFileList\n\nWriteAuxiliaryFile /Users/builder/clone/build/Build/Intermediates.noindex/wishkit-ios-shared.build/Release-iphoneos/WishKitShared.build/Objects-normal/arm64/WishKitShared.LinkFileList (in target 'WishKitShared' from project 'wishkit-ios-shared')\n    cd /Users/builder/clone/build/SourcePackages/checkouts/wishkit-ios-shared\n    write-file /Users/builder/clone/build/Build/Intermediates.noindex/wishkit-ios-shared.build/Release-iphoneos/WishKitShared.build/Objects-normal/arm64/WishKitShared.LinkFileList\n\nWriteAuxiliaryFile /Users/builder/clone/build/Build/Intermediates.noindex/wishkit-ios-shared.build/Release-iphoneos/WishKitShared.build/Objects-normal/arm64/WishKitShared-OutputFileMap.json (in target 'WishKitShared' from project 'wishkit-ios-shared')\n    cd /Users/builder/clone/build/SourcePackages/checkouts/wishkit-ios-shared\n    write-file /Users/builder/clone/build/Build/Intermediates.noindex/wishkit-ios-shared.build/Release-iphoneos/WishKitShared.build/Objects-normal/arm64/WishKitShared-OutputFileMap.json\n\nWriteAuxiliaryFile /Users/builder/clone/build/Build/Intermediates.noindex/wishkit-ios.build/Release-iphoneos/WishKit.build/WishKit.modulemap (in target 'WishKit' from project 'wishkit-ios')\n    cd /Users/builder/clone/build/SourcePackages/checkouts/wishkit-ios\n    write-file /Users/builder/clone/build/Build/Intermediates.noindex/wishkit-ios.build/Release-iphoneos/WishKit.build/WishKit.modulemap\n\nWriteAuxiliaryFile /Users/builder/clone/build/Build/Intermediates.noindex/wishkit-ios.build/Release-iphoneos/WishKit.build/WishKit.DependencyStaticMetadataFileList (in target 'WishKit' from project 'wishkit-ios')\n    cd /Users/builder/clone/build/SourcePackages/checkouts/wishkit-ios\n    write-file /Users/builder/clone/build/Build/Intermediates.noindex/wishkit-ios.build/Release-iphoneos/WishKit.build/WishKit.DependencyStaticMetadataFileList\n\nWriteAuxiliaryFile /Users/builder/clone/build/Build/Intermediates.noindex/wishkit-ios.build/Release-iphoneos/WishKit.build/WishKit.DependencyMetadataFileList (in target 'WishKit' from project 'wishkit-ios')\n    cd /Users/builder/clone/build/SourcePackages/checkouts/wishkit-ios\n    write-file /Users/builder/clone/build/Build/Intermediates.noindex/wishkit-ios.build/Release-iphoneos/WishKit.build/WishKit.DependencyMetadataFileList\n\nWriteAuxiliaryFile /Users/builder/clone/build/Build/Intermediates.noindex/wishkit-ios.build/Release-iphoneos/WishKit.build/Objects-normal/arm64/WishKit_const_extract_protocols.json (in target 'WishKit' from project 'wishkit-ios')\n    cd /Users/builder/clone/build/SourcePackages/checkouts/wishkit-ios\n    write-file /Users/builder/clone/build/Build/Intermediates.noindex/wishkit-ios.build/Release-iphoneos/WishKit.build/Objects-normal/arm64/WishKit_const_extract_protocols.json\n\nWriteAuxiliaryFile /Users/builder/clone/build/Build/Intermediates.noindex/wishkit-ios.build/Release-iphoneos/WishKit.build/Objects-normal/arm64/WishKit.SwiftFileList (in target 'WishKit' from project 'wishkit-ios')\n    cd /Users/builder/clone/build/SourcePackages/checkouts/wishkit-ios\n    write-file /Users/builder/clone/build/Build/Intermediates.noindex/wishkit-ios.build/Release-iphoneos/WishKit.build/Objects-normal/arm64/WishKit.SwiftFileList\n\nWriteAuxiliaryFile /Users/builder/clone/build/Build/Intermediates.noindex/wishkit-ios.build/Release-iphoneos/WishKit.build/Objects-normal/arm64/WishKit.SwiftConstValuesFileList (in target 'WishKit' from project 'wishkit-ios')\n    cd /Users/builder/clone/build/SourcePackages/checkouts/wishkit-ios\n    write-file /Users/builder/clone/build/Build/Intermediates.noindex/wishkit-ios.build/Release-iphoneos/WishKit.build/Objects-normal/arm64/WishKit.SwiftConstValuesFileList\n\nCopy /Users/builder/clone/build/Build/Intermediates.noindex/GeneratedModuleMaps-iphoneos/WrappingHStack.modulemap /Users/builder/clone/build/Build/Intermediates.noindex/WrappingHStack.build/Release-iphoneos/WrappingHStack.build/WrappingHStack.modulemap (in target 'WrappingHStack' from project 'WrappingHStack')\n    cd /Users/builder/clone/build/SourcePackages/checkouts/WrappingHStack\n    builtin-copy -exclude .DS_Store -exclude CVS -exclude .svn -exclude .git -exclude .hg -strip-unsigned-binaries -strip-deterministic -strip-tool /Applications/Xcode-26.4.app/Contents/Developer/Toolchains/XcodeDefault.xctoolchain/usr/bin/strip -resolve-src-symlinks /Users/builder/clone/build/Build/Intermediates.noindex/WrappingHStack.build/Release-iphoneos/WrappingHStack.build/WrappingHStack.modulemap /Users/builder/clone/build/Build/Intermediates.noindex/GeneratedModuleMaps-iphoneos\n\nCopy /Users/builder/clone/build/Build/Intermediates.noindex/GeneratedModuleMaps-iphoneos/WishKitShared.modulemap /Users/builder/clone/build/Build/Intermediates.noindex/wishkit-ios-shared.build/Release-iphoneos/WishKitShared.build/WishKitShared.modulemap (in target 'WishKitShared' from project 'wishkit-ios-shared')\n    cd /Users/builder/clone/build/SourcePackages/checkouts/wishkit-ios-shared\n    builtin-copy -exclude .DS_Store -exclude CVS -exclude .svn -exclude .git -exclude .hg -strip-unsigned-binaries -strip-deterministic -strip-tool /Applications/Xcode-26.4.app/Contents/Developer/Toolchains/XcodeDefault.xctoolchain/usr/bin/strip -resolve-src-symlinks /Users/builder/clone/build/Build/Intermediates.noindex/wishkit-ios-shared.build/Release-iphoneos/WishKitShared.build/WishKitShared.modulemap /Users/builder/clone/build/Build/Intermediates.noindex/GeneratedModuleMaps-iphoneos\n\nWriteAuxiliaryFile /Users/builder/clone/build/Build/Intermediates.noindex/wishkit-ios.build/Release-iphoneos/WishKit.build/Objects-normal/arm64/WishKit.LinkFileList (in target 'WishKit' from project 'wishkit-ios')\n    cd /Users/builder/clone/build/SourcePackages/checkouts/wishkit-ios\n    write-file /Users/builder/clone/build/Build/Intermediates.noindex/wishkit-ios.build/Release-iphoneos/WishKit.build/Objects-normal/arm64/WishKit.LinkFileList\n\nWriteAuxiliaryFile /Users/builder/clone/build/Build/Intermediates.noindex/wishkit-ios.build/Release-iphoneos/WishKit.build/Objects-normal/arm64/WishKit-OutputFileMap.json (in target 'WishKit' from project 'wishkit-ios')\n    cd /Users/builder/clone/build/SourcePackages/checkouts/wishkit-ios\n    write-file /Users/builder/clone/build/Build/Intermediates.noindex/wishkit-ios.build/Release-iphoneos/WishKit.build/Objects-normal/arm64/WishKit-OutputFileMap.json\n\nWriteAuxiliaryFile /Users/builder/clone/build/Build/Intermediates.noindex/wishkit-ios.build/Release-iphoneos/WishKit.build/DerivedSources/resource_bundle_accessor.swift (in target 'WishKit' from project 'wishkit-ios')\n    cd /Users/builder/clone/build/SourcePackages/checkouts/wishkit-ios\n    write-file /Users/builder/clone/build/Build/Intermediates.noindex/wishkit-ios.build/Release-iphoneos/WishKit.build/DerivedSources/resource_bundle_accessor.swift\n\nCopy /Users/builder/clone/build/Build/Intermediates.noindex/GeneratedModuleMaps-iphoneos/WishKit.modulemap /Users/builder/clone/build/Build/Intermediates.noindex/wishkit-ios.build/Release-iphoneos/WishKit.build/WishKit.modulemap (in target 'WishKit' from project 'wishkit-ios')\n    cd /Users/builder/clone/build/SourcePackages/checkouts/wishkit-ios\n    builtin-copy -exclude .DS_Store -exclude CVS -exclude .svn -exclude .git -exclude .hg -strip-unsigned-binaries -strip-deterministic -strip-tool /Applications/Xcode-26.4.app/Contents/Developer/Toolchains/XcodeDefault.xctoolchain/usr/bin/strip -resolve-src-symlinks /Users/builder/clone/build/Build/Intermediates.noindex/wishkit-ios.build/Release-iphoneos/WishKit.build/WishKit.modulemap /Users/builder/clone/build/Build/Intermediates.noindex/GeneratedModuleMaps-iphoneos\n\nWriteAuxiliaryFile /Users/builder/clone/build/Build/Intermediates.noindex/Timeline.build/Release-iphoneos/Timeline.build/Timeline.modulemap (in target 'Timeline' from project 'Timeline')\n    cd /Users/builder/clone/Packages/Timeline\n    write-file /Users/builder/clone/build/Build/Intermediates.noindex/Timeline.build/Release-iphoneos/Timeline.build/Timeline.modulemap\n\nWriteAuxiliaryFile /Users/builder/clone/build/Build/Intermediates.noindex/Timeline.build/Release-iphoneos/Timeline.build/Timeline.DependencyStaticMetadataFileList (in target 'Timeline' from project 'Timeline')\n    cd /Users/builder/clone/Packages/Timeline\n    write-file /Users/builder/clone/build/Build/Intermediates.noindex/Timeline.build/Release-iphoneos/Timeline.build/Timeline.DependencyStaticMetadataFileList\n\nWriteAuxiliaryFile /Users/builder/clone/build/Build/Intermediates.noindex/Timeline.build/Release-iphoneos/Timeline.build/Timeline.DependencyMetadataFileList (in target 'Timeline' from project 'Timeline')\n    cd /Users/builder/clone/Packages/Timeline\n    write-file /Users/builder/clone/build/Build/Intermediates.noindex/Timeline.build/Release-iphoneos/Timeline.build/Timeline.DependencyMetadataFileList\n\nWriteAuxiliaryFile /Users/builder/clone/build/Build/Intermediates.noindex/Timeline.build/Release-iphoneos/Timeline.build/Objects-normal/arm64/Timeline_const_extract_protocols.json (in target 'Timeline' from project 'Timeline')\n    cd /Users/builder/clone/Packages/Timeline\n    write-file /Users/builder/clone/build/Build/Intermediates.noindex/Timeline.build/Release-iphoneos/Timeline.build/Objects-normal/arm64/Timeline_const_extract_protocols.json\n\nWriteAuxiliaryFile /Users/builder/clone/build/Build/Intermediates.noindex/Timeline.build/Release-iphoneos/Timeline.build/Objects-normal/arm64/Timeline.SwiftFileList (in target 'Timeline' from project 'Timeline')\n    cd /Users/builder/clone/Packages/Timeline\n    write-file /Users/builder/clone/build/Build/Intermediates.noindex/Timeline.build/Release-iphoneos/Timeline.build/Objects-normal/arm64/Timeline.SwiftFileList\n\nWriteAuxiliaryFile /Users/builder/clone/build/Build/Intermediates.noindex/Timeline.build/Release-iphoneos/Timeline.build/Objects-normal/arm64/Timeline.SwiftConstValuesFileList (in target 'Timeline' from project 'Timeline')\n    cd /Users/builder/clone/Packages/Timeline\n    write-file /Users/builder/clone/build/Build/Intermediates.noindex/Timeline.build/Release-iphoneos/Timeline.build/Objects-normal/arm64/Timeline.SwiftConstValuesFileList\n\nWriteAuxiliaryFile /Users/builder/clone/build/Build/Intermediates.noindex/Timeline.build/Release-iphoneos/Timeline.build/Objects-normal/arm64/Timeline.LinkFileList (in target 'Timeline' from project 'Timeline')\n    cd /Users/builder/clone/Packages/Timeline\n    write-file /Users/builder/clone/build/Build/Intermediates.noindex/Timeline.build/Release-iphoneos/Timeline.build/Objects-normal/arm64/Timeline.LinkFileList\n\nWriteAuxiliaryFile /Users/builder/clone/build/Build/Intermediates.noindex/Timeline.build/Release-iphoneos/Timeline.build/Objects-normal/arm64/Timeline-OutputFileMap.json (in target 'Timeline' from project 'Timeline')\n    cd /Users/builder/clone/Packages/Timeline\n    write-file /Users/builder/clone/build/Build/Intermediates.noindex/Timeline.build/Release-iphoneos/Timeline.build/Objects-normal/arm64/Timeline-OutputFileMap.json\n\nCopy /Users/builder/clone/build/Build/Intermediates.noindex/GeneratedModuleMaps-iphoneos/Timeline.modulemap /Users/builder/clone/build/Build/Intermediates.noindex/Timeline.build/Release-iphoneos/Timeline.build/Timeline.modulemap (in target 'Timeline' from project 'Timeline')\n    cd /Users/builder/clone/Packages/Timeline\n    builtin-copy -exclude .DS_Store -exclude CVS -exclude .svn -exclude .git -exclude .hg -strip-unsigned-binaries -strip-deterministic -strip-tool /Applications/Xcode-26.4.app/Contents/Developer/Toolchains/XcodeDefault.xctoolchain/usr/bin/strip -resolve-src-symlinks /Users/builder/clone/build/Build/Intermediates.noindex/Timeline.build/Release-iphoneos/Timeline.build/Timeline.modulemap /Users/builder/clone/build/Build/Intermediates.noindex/GeneratedModuleMaps-iphoneos\n\nWriteAuxiliaryFile /Users/builder/clone/build/Build/Intermediates.noindex/TelemetryDeck.build/Release-iphoneos/TelemetryDeck_TelemetryDeck.build/empty-TelemetryDeck_TelemetryDeck.plist (in target 'TelemetryDeck_TelemetryDeck' from project 'TelemetryDeck')\n    cd /Users/builder/clone/build/SourcePackages/checkouts/SwiftSDK\n    write-file /Users/builder/clone/build/Build/Intermediates.noindex/TelemetryDeck.build/Release-iphoneos/TelemetryDeck_TelemetryDeck.build/empty-TelemetryDeck_TelemetryDeck.plist\n\nWriteAuxiliaryFile /Users/builder/clone/build/Build/Intermediates.noindex/TelemetryDeck.build/Release-iphoneos/TelemetryDeck_TelemetryDeck.build/TelemetryDeck_TelemetryDeck.DependencyStaticMetadataFileList (in target 'TelemetryDeck_TelemetryDeck' from project 'TelemetryDeck')\n    cd /Users/builder/clone/build/SourcePackages/checkouts/SwiftSDK\n    write-file /Users/builder/clone/build/Build/Intermediates.noindex/TelemetryDeck.build/Release-iphoneos/TelemetryDeck_TelemetryDeck.build/TelemetryDeck_TelemetryDeck.DependencyStaticMetadataFileList\n\nWriteAuxiliaryFile /Users/builder/clone/build/Build/Intermediates.noindex/TelemetryDeck.build/Release-iphoneos/TelemetryDeck_TelemetryDeck.build/TelemetryDeck_TelemetryDeck.DependencyMetadataFileList (in target 'TelemetryDeck_TelemetryDeck' from project 'TelemetryDeck')\n    cd /Users/builder/clone/build/SourcePackages/checkouts/SwiftSDK\n    write-file /Users/builder/clone/build/Build/Intermediates.noindex/TelemetryDeck.build/Release-iphoneos/TelemetryDeck_TelemetryDeck.build/TelemetryDeck_TelemetryDeck.DependencyMetadataFileList\n\nWriteAuxiliaryFile /Users/builder/clone/build/Build/Intermediates.noindex/TelemetryDeck.build/Release-iphoneos/TelemetryDeck.build/TelemetryDeck.modulemap (in target 'TelemetryDeck' from project 'TelemetryDeck')\n    cd /Users/builder/clone/build/SourcePackages/checkouts/SwiftSDK\n    write-file /Users/builder/clone/build/Build/Intermediates.noindex/TelemetryDeck.build/Release-iphoneos/TelemetryDeck.build/TelemetryDeck.modulemap\n\nWriteAuxiliaryFile /Users/builder/clone/build/Build/Intermediates.noindex/TelemetryDeck.build/Release-iphoneos/TelemetryDeck.build/TelemetryDeck.DependencyStaticMetadataFileList (in target 'TelemetryDeck' from project 'TelemetryDeck')\n    cd /Users/builder/clone/build/SourcePackages/checkouts/SwiftSDK\n    write-file /Users/builder/clone/build/Build/Intermediates.noindex/TelemetryDeck.build/Release-iphoneos/TelemetryDeck.build/TelemetryDeck.DependencyStaticMetadataFileList\n\nWriteAuxiliaryFile /Users/builder/clone/build/Build/Intermediates.noindex/TelemetryDeck.build/Release-iphoneos/TelemetryDeck.build/TelemetryDeck.DependencyMetadataFileList (in target 'TelemetryDeck' from project 'TelemetryDeck')\n    cd /Users/builder/clone/build/SourcePackages/checkouts/SwiftSDK\n    write-file /Users/builder/clone/build/Build/Intermediates.noindex/TelemetryDeck.build/Release-iphoneos/TelemetryDeck.build/TelemetryDeck.DependencyMetadataFileList\n\nWriteAuxiliaryFile /Users/builder/clone/build/Build/Intermediates.noindex/TelemetryDeck.build/Release-iphoneos/TelemetryDeck.build/Objects-normal/arm64/TelemetryDeck_const_extract_protocols.json (in target 'TelemetryDeck' from project 'TelemetryDeck')\n    cd /Users/builder/clone/build/SourcePackages/checkouts/SwiftSDK\n    write-file /Users/builder/clone/build/Build/Intermediates.noindex/TelemetryDeck.build/Release-iphoneos/TelemetryDeck.build/Objects-normal/arm64/TelemetryDeck_const_extract_protocols.json\n\nWriteAuxiliaryFile /Users/builder/clone/build/Build/Intermediates.noindex/TelemetryDeck.build/Release-iphoneos/TelemetryDeck.build/Objects-normal/arm64/TelemetryDeck.SwiftFileList (in target 'TelemetryDeck' from project 'TelemetryDeck')\n    cd /Users/builder/clone/build/SourcePackages/checkouts/SwiftSDK\n    write-file /Users/builder/clone/build/Build/Intermediates.noindex/TelemetryDeck.build/Release-iphoneos/TelemetryDeck.build/Objects-normal/arm64/TelemetryDeck.SwiftFileList\n\nWriteAuxiliaryFile /Users/builder/clone/build/Build/Intermediates.noindex/TelemetryDeck.build/Release-iphoneos/TelemetryDeck.build/Objects-normal/arm64/TelemetryDeck.SwiftConstValuesFileList (in target 'TelemetryDeck' from project 'TelemetryDeck')\n    cd /Users/builder/clone/build/SourcePackages/checkouts/SwiftSDK\n    write-file /Users/builder/clone/build/Build/Intermediates.noindex/TelemetryDeck.build/Release-iphoneos/TelemetryDeck.build/Objects-normal/arm64/TelemetryDeck.SwiftConstValuesFileList\n\nWriteAuxiliaryFile /Users/builder/clone/build/Build/Intermediates.noindex/TelemetryDeck.build/Release-iphoneos/TelemetryDeck.build/Objects-normal/arm64/TelemetryDeck.LinkFileList (in target 'TelemetryDeck' from project 'TelemetryDeck')\n    cd /Users/builder/clone/build/SourcePackages/checkouts/SwiftSDK\n    write-file /Users/builder/clone/build/Build/Intermediates.noindex/TelemetryDeck.build/Release-iphoneos/TelemetryDeck.build/Objects-normal/arm64/TelemetryDeck.LinkFileList\n\nWriteAuxiliaryFile /Users/builder/clone/build/Build/Intermediates.noindex/TelemetryDeck.build/Release-iphoneos/TelemetryDeck.build/Objects-normal/arm64/TelemetryDeck-OutputFileMap.json (in target 'TelemetryDeck' from project 'TelemetryDeck')\n    cd /Users/builder/clone/build/SourcePackages/checkouts/SwiftSDK\n    write-file /Users/builder/clone/build/Build/Intermediates.noindex/TelemetryDeck.build/Release-iphoneos/TelemetryDeck.build/Objects-normal/arm64/TelemetryDeck-OutputFileMap.json\n\nWriteAuxiliaryFile /Users/builder/clone/build/Build/Intermediates.noindex/TelemetryDeck.build/Release-iphoneos/TelemetryDeck.build/DerivedSources/resource_bundle_accessor.swift (in target 'TelemetryDeck' from project 'TelemetryDeck')\n    cd /Users/builder/clone/build/SourcePackages/checkouts/SwiftSDK\n    write-file /Users/builder/clone/build/Build/Intermediates.noindex/TelemetryDeck.build/Release-iphoneos/TelemetryDeck.build/DerivedSources/resource_bundle_accessor.swift\n\nCopy /Users/builder/clone/build/Build/Intermediates.noindex/GeneratedModuleMaps-iphoneos/TelemetryDeck.modulemap /Users/builder/clone/build/Build/Intermediates.noindex/TelemetryDeck.build/Release-iphoneos/TelemetryDeck.build/TelemetryDeck.modulemap (in target 'TelemetryDeck' from project 'TelemetryDeck')\n    cd /Users/builder/clone/build/SourcePackages/checkouts/SwiftSDK\n    builtin-copy -exclude .DS_Store -exclude CVS -exclude .svn -exclude .git -exclude .hg -strip-unsigned-binaries -strip-deterministic -strip-tool /Applications/Xcode-26.4.app/Contents/Developer/Toolchains/XcodeDefault.xctoolchain/usr/bin/strip -resolve-src-symlinks /Users/builder/clone/build/Build/Intermediates.noindex/TelemetryDeck.build/Release-iphoneos/TelemetryDeck.build/TelemetryDeck.modulemap /Users/builder/clone/build/Build/Intermediates.noindex/GeneratedModuleMaps-iphoneos\n\nWriteAuxiliaryFile /Users/builder/clone/build/Build/Intermediates.noindex/swiftui-introspect.build/Release-iphoneos/SwiftUIIntrospect.build/SwiftUIIntrospect.modulemap (in target 'SwiftUIIntrospect' from project 'swiftui-introspect')\n    cd /Users/builder/clone/build/SourcePackages/checkouts/swiftui-introspect\n    write-file /Users/builder/clone/build/Build/Intermediates.noindex/swiftui-introspect.build/Release-iphoneos/SwiftUIIntrospect.build/SwiftUIIntrospect.modulemap\n\nWriteAuxiliaryFile /Users/builder/clone/build/Build/Intermediates.noindex/swiftui-introspect.build/Release-iphoneos/SwiftUIIntrospect.build/SwiftUIIntrospect.DependencyStaticMetadataFileList (in target 'SwiftUIIntrospect' from project 'swiftui-introspect')\n    cd /Users/builder/clone/build/SourcePackages/checkouts/swiftui-introspect\n    write-file /Users/builder/clone/build/Build/Intermediates.noindex/swiftui-introspect.build/Release-iphoneos/SwiftUIIntrospect.build/SwiftUIIntrospect.DependencyStaticMetadataFileList\n\nWriteAuxiliaryFile /Users/builder/clone/build/Build/Intermediates.noindex/swiftui-introspect.build/Release-iphoneos/SwiftUIIntrospect.build/SwiftUIIntrospect.DependencyMetadataFileList (in target 'SwiftUIIntrospect' from project 'swiftui-introspect')\n    cd /Users/builder/clone/build/SourcePackages/checkouts/swiftui-introspect\n    write-file /Users/builder/clone/build/Build/Intermediates.noindex/swiftui-introspect.build/Release-iphoneos/SwiftUIIntrospect.build/SwiftUIIntrospect.DependencyMetadataFileList\n\nWriteAuxiliaryFile /Users/builder/clone/build/Build/Intermediates.noindex/swiftui-introspect.build/Release-iphoneos/SwiftUIIntrospect.build/Objects-normal/arm64/SwiftUIIntrospect_const_extract_protocols.json (in target 'SwiftUIIntrospect' from project 'swiftui-introspect')\n    cd /Users/builder/clone/build/SourcePackages/checkouts/swiftui-introspect\n    write-file /Users/builder/clone/build/Build/Intermediates.noindex/swiftui-introspect.build/Release-iphoneos/SwiftUIIntrospect.build/Objects-normal/arm64/SwiftUIIntrospect_const_extract_protocols.json\n\nWriteAuxiliaryFile /Users/builder/clone/build/Build/Intermediates.noindex/swiftui-introspect.build/Release-iphoneos/SwiftUIIntrospect.build/Objects-normal/arm64/SwiftUIIntrospect.SwiftFileList (in target 'SwiftUIIntrospect' from project 'swiftui-introspect')\n    cd /Users/builder/clone/build/SourcePackages/checkouts/swiftui-introspect\n    write-file /Users/builder/clone/build/Build/Intermediates.noindex/swiftui-introspect.build/Release-iphoneos/SwiftUIIntrospect.build/Objects-normal/arm64/SwiftUIIntrospect.SwiftFileList\n\nWriteAuxiliaryFile /Users/builder/clone/build/Build/Intermediates.noindex/swiftui-introspect.build/Release-iphoneos/SwiftUIIntrospect.build/Objects-normal/arm64/SwiftUIIntrospect.SwiftConstValuesFileList (in target 'SwiftUIIntrospect' from project 'swiftui-introspect')\n    cd /Users/builder/clone/build/SourcePackages/checkouts/swiftui-introspect\n    write-file /Users/builder/clone/build/Build/Intermediates.noindex/swiftui-introspect.build/Release-iphoneos/SwiftUIIntrospect.build/Objects-normal/arm64/SwiftUIIntrospect.SwiftConstValuesFileList\n\nWriteAuxiliaryFile /Users/builder/clone/build/Build/Intermediates.noindex/swiftui-introspect.build/Release-iphoneos/SwiftUIIntrospect.build/Objects-normal/arm64/SwiftUIIntrospect.LinkFileList (in target 'SwiftUIIntrospect' from project 'swiftui-introspect')\n    cd /Users/builder/clone/build/SourcePackages/checkouts/swiftui-introspect\n    write-file /Users/builder/clone/build/Build/Intermediates.noindex/swiftui-introspect.build/Release-iphoneos/SwiftUIIntrospect.build/Objects-normal/arm64/SwiftUIIntrospect.LinkFileList\n\nWriteAuxiliaryFile /Users/builder/clone/build/Build/Intermediates.noindex/swiftui-introspect.build/Release-iphoneos/SwiftUIIntrospect.build/Objects-normal/arm64/SwiftUIIntrospect-OutputFileMap.json (in target 'SwiftUIIntrospect' from project 'swiftui-introspect')\n    cd /Users/builder/clone/build/SourcePackages/checkouts/swiftui-introspect\n    write-file /Users/builder/clone/build/Build/Intermediates.noindex/swiftui-introspect.build/Release-iphoneos/SwiftUIIntrospect.build/Objects-normal/arm64/SwiftUIIntrospect-OutputFileMap.json\n\nCopy /Users/builder/clone/build/Build/Intermediates.noindex/GeneratedModuleMaps-iphoneos/SwiftUIIntrospect.modulemap /Users/builder/clone/build/Build/Intermediates.noindex/swiftui-introspect.build/Release-iphoneos/SwiftUIIntrospect.build/SwiftUIIntrospect.modulemap (in target 'SwiftUIIntrospect' from project 'swiftui-introspect')\n    cd /Users/builder/clone/build/SourcePackages/checkouts/swiftui-introspect\n    builtin-copy -exclude .DS_Store -exclude CVS -exclude .svn -exclude .git -exclude .hg -strip-unsigned-binaries -strip-deterministic -strip-tool /Applications/Xcode-26.4.app/Contents/Developer/Toolchains/XcodeDefault.xctoolchain/usr/bin/strip -resolve-src-symlinks /Users/builder/clone/build/Build/Intermediates.noindex/swiftui-introspect.build/Release-iphoneos/SwiftUIIntrospect.build/SwiftUIIntrospect.modulemap /Users/builder/clone/build/Build/Intermediates.noindex/GeneratedModuleMaps-iphoneos\n\nWriteAuxiliaryFile /Users/builder/clone/build/Build/Intermediates.noindex/SwiftSoup.build/Release-iphoneos/SwiftSoup.build/SwiftSoup.modulemap (in target 'SwiftSoup' from project 'SwiftSoup')\n    cd /Users/builder/clone/build/SourcePackages/checkouts/SwiftSoup\n    write-file /Users/builder/clone/build/Build/Intermediates.noindex/SwiftSoup.build/Release-iphoneos/SwiftSoup.build/SwiftSoup.modulemap\n\nWriteAuxiliaryFile /Users/builder/clone/build/Build/Intermediates.noindex/SwiftSoup.build/Release-iphoneos/SwiftSoup.build/SwiftSoup.DependencyStaticMetadataFileList (in target 'SwiftSoup' from project 'SwiftSoup')\n    cd /Users/builder/clone/build/SourcePackages/checkouts/SwiftSoup\n    write-file /Users/builder/clone/build/Build/Intermediates.noindex/SwiftSoup.build/Release-iphoneos/SwiftSoup.build/SwiftSoup.DependencyStaticMetadataFileList\n\nWriteAuxiliaryFile /Users/builder/clone/build/Build/Intermediates.noindex/SwiftSoup.build/Release-iphoneos/SwiftSoup.build/SwiftSoup.DependencyMetadataFileList (in target 'SwiftSoup' from project 'SwiftSoup')\n    cd /Users/builder/clone/build/SourcePackages/checkouts/SwiftSoup\n    write-file /Users/builder/clone/build/Build/Intermediates.noindex/SwiftSoup.build/Release-iphoneos/SwiftSoup.build/SwiftSoup.DependencyMetadataFileList\n\nWriteAuxiliaryFile /Users/builder/clone/build/Build/Intermediates.noindex/SwiftSoup.build/Release-iphoneos/SwiftSoup.build/Objects-normal/arm64/SwiftSoup_const_extract_protocols.json (in target 'SwiftSoup' from project 'SwiftSoup')\n    cd /Users/builder/clone/build/SourcePackages/checkouts/SwiftSoup\n    write-file /Users/builder/clone/build/Build/Intermediates.noindex/SwiftSoup.build/Release-iphoneos/SwiftSoup.build/Objects-normal/arm64/SwiftSoup_const_extract_protocols.json\n\nWriteAuxiliaryFile /Users/builder/clone/build/Build/Intermediates.noindex/SwiftSoup.build/Release-iphoneos/SwiftSoup.build/Objects-normal/arm64/SwiftSoup.SwiftFileList (in target 'SwiftSoup' from project 'SwiftSoup')\n    cd /Users/builder/clone/build/SourcePackages/checkouts/SwiftSoup\n    write-file /Users/builder/clone/build/Build/Intermediates.noindex/SwiftSoup.build/Release-iphoneos/SwiftSoup.build/Objects-normal/arm64/SwiftSoup.SwiftFileList\n\nWriteAuxiliaryFile /Users/builder/clone/build/Build/Intermediates.noindex/SwiftSoup.build/Release-iphoneos/SwiftSoup.build/Objects-normal/arm64/SwiftSoup.SwiftConstValuesFileList (in target 'SwiftSoup' from project 'SwiftSoup')\n    cd /Users/builder/clone/build/SourcePackages/checkouts/SwiftSoup\n    write-file /Users/builder/clone/build/Build/Intermediates.noindex/SwiftSoup.build/Release-iphoneos/SwiftSoup.build/Objects-normal/arm64/SwiftSoup.SwiftConstValuesFileList\n\nWriteAuxiliaryFile /Users/builder/clone/build/Build/Intermediates.noindex/SwiftSoup.build/Release-iphoneos/SwiftSoup.build/Objects-normal/arm64/SwiftSoup.LinkFileList (in target 'SwiftSoup' from project 'SwiftSoup')\n    cd /Users/builder/clone/build/SourcePackages/checkouts/SwiftSoup\n    write-file /Users/builder/clone/build/Build/Intermediates.noindex/SwiftSoup.build/Release-iphoneos/SwiftSoup.build/Objects-normal/arm64/SwiftSoup.LinkFileList\n\nWriteAuxiliaryFile /Users/builder/clone/build/Build/Intermediates.noindex/SwiftSoup.build/Release-iphoneos/SwiftSoup.build/Objects-normal/arm64/SwiftSoup-OutputFileMap.json (in target 'SwiftSoup' from project 'SwiftSoup')\n    cd /Users/builder/clone/build/SourcePackages/checkouts/SwiftSoup\n    write-file /Users/builder/clone/build/Build/Intermediates.noindex/SwiftSoup.build/Release-iphoneos/SwiftSoup.build/Objects-normal/arm64/SwiftSoup-OutputFileMap.json\n\nCopy /Users/builder/clone/build/Build/Intermediates.noindex/GeneratedModuleMaps-iphoneos/SwiftSoup.modulemap /Users/builder/clone/build/Build/Intermediates.noindex/SwiftSoup.build/Release-iphoneos/SwiftSoup.build/SwiftSoup.modulemap (in target 'SwiftSoup' from project 'SwiftSoup')\n    cd /Users/builder/clone/build/SourcePackages/checkouts/SwiftSoup\n    builtin-copy -exclude .DS_Store -exclude CVS -exclude .svn -exclude .git -exclude .hg -strip-unsigned-binaries -strip-deterministic -strip-tool /Applications/Xcode-26.4.app/Contents/Developer/Toolchains/XcodeDefault.xctoolchain/usr/bin/strip -resolve-src-symlinks /Users/builder/clone/build/Build/Intermediates.noindex/SwiftSoup.build/Release-iphoneos/SwiftSoup.build/SwiftSoup.modulemap /Users/builder/clone/build/Build/Intermediates.noindex/GeneratedModuleMaps-iphoneos\n\nWriteAuxiliaryFile /Users/builder/clone/build/Build/Intermediates.noindex/StatusKit.build/Release-iphoneos/StatusKit.build/StatusKit.modulemap (in target 'StatusKit' from project 'StatusKit')\n    cd /Users/builder/clone/Packages/StatusKit\n    write-file /Users/builder/clone/build/Build/Intermediates.noindex/StatusKit.build/Release-iphoneos/StatusKit.build/StatusKit.modulemap\n\nWriteAuxiliaryFile /Users/builder/clone/build/Build/Intermediates.noindex/StatusKit.build/Release-iphoneos/StatusKit.build/StatusKit.DependencyStaticMetadataFileList (in target 'StatusKit' from project 'StatusKit')\n    cd /Users/builder/clone/Packages/StatusKit\n    write-file /Users/builder/clone/build/Build/Intermediates.noindex/StatusKit.build/Release-iphoneos/StatusKit.build/StatusKit.DependencyStaticMetadataFileList\n\nWriteAuxiliaryFile /Users/builder/clone/build/Build/Intermediates.noindex/StatusKit.build/Release-iphoneos/StatusKit.build/StatusKit.DependencyMetadataFileList (in target 'StatusKit' from project 'StatusKit')\n    cd /Users/builder/clone/Packages/StatusKit\n    write-file /Users/builder/clone/build/Build/Intermediates.noindex/StatusKit.build/Release-iphoneos/StatusKit.build/StatusKit.DependencyMetadataFileList\n\nWriteAuxiliaryFile /Users/builder/clone/build/Build/Intermediates.noindex/StatusKit.build/Release-iphoneos/StatusKit.build/Objects-normal/arm64/StatusKit_const_extract_protocols.json (in target 'StatusKit' from project 'StatusKit')\n    cd /Users/builder/clone/Packages/StatusKit\n    write-file /Users/builder/clone/build/Build/Intermediates.noindex/StatusKit.build/Release-iphoneos/StatusKit.build/Objects-normal/arm64/StatusKit_const_extract_protocols.json\n\nWriteAuxiliaryFile /Users/builder/clone/build/Build/Intermediates.noindex/StatusKit.build/Release-iphoneos/StatusKit.build/Objects-normal/arm64/StatusKit.SwiftFileList (in target 'StatusKit' from project 'StatusKit')\n    cd /Users/builder/clone/Packages/StatusKit\n    write-file /Users/builder/clone/build/Build/Intermediates.noindex/StatusKit.build/Release-iphoneos/StatusKit.build/Objects-normal/arm64/StatusKit.SwiftFileList\n\nWriteAuxiliaryFile /Users/builder/clone/build/Build/Intermediates.noindex/StatusKit.build/Release-iphoneos/StatusKit.build/Objects-normal/arm64/StatusKit.SwiftConstValuesFileList (in target 'StatusKit' from project 'StatusKit')\n    cd /Users/builder/clone/Packages/StatusKit\n    write-file /Users/builder/clone/build/Build/Intermediates.noindex/StatusKit.build/Release-iphoneos/StatusKit.build/Objects-normal/arm64/StatusKit.SwiftConstValuesFileList\n\nWriteAuxiliaryFile /Users/builder/clone/build/Build/Intermediates.noindex/StatusKit.build/Release-iphoneos/StatusKit.build/Objects-normal/arm64/StatusKit.LinkFileList (in target 'StatusKit' from project 'StatusKit')\n    cd /Users/builder/clone/Packages/StatusKit\n    write-file /Users/builder/clone/build/Build/Intermediates.noindex/StatusKit.build/Release-iphoneos/StatusKit.build/Objects-normal/arm64/StatusKit.LinkFileList\n\nWriteAuxiliaryFile /Users/builder/clone/build/Build/Intermediates.noindex/StatusKit.build/Release-iphoneos/StatusKit.build/Objects-normal/arm64/StatusKit-OutputFileMap.json (in target 'StatusKit' from project 'StatusKit')\n    cd /Users/builder/clone/Packages/StatusKit\n    write-file /Users/builder/clone/build/Build/Intermediates.noindex/StatusKit.build/Release-iphoneos/StatusKit.build/Objects-normal/arm64/StatusKit-OutputFileMap.json\n\nCopy /Users/builder/clone/build/Build/Intermediates.noindex/GeneratedModuleMaps-iphoneos/StatusKit.modulemap /Users/builder/clone/build/Build/Intermediates.noindex/StatusKit.build/Release-iphoneos/StatusKit.build/StatusKit.modulemap (in target 'StatusKit' from project 'StatusKit')\n    cd /Users/builder/clone/Packages/StatusKit\n    builtin-copy -exclude .DS_Store -exclude CVS -exclude .svn -exclude .git -exclude .hg -strip-unsigned-binaries -strip-deterministic -strip-tool /Applications/Xcode-26.4.app/Contents/Developer/Toolchains/XcodeDefault.xctoolchain/usr/bin/strip -resolve-src-symlinks /Users/builder/clone/build/Build/Intermediates.noindex/StatusKit.build/Release-iphoneos/StatusKit.build/StatusKit.modulemap /Users/builder/clone/build/Build/Intermediates.noindex/GeneratedModuleMaps-iphoneos\n\nWriteAuxiliaryFile /Users/builder/clone/build/Build/Intermediates.noindex/SQLite.swift.build/Release-iphoneos/SQLite.swift_SQLite.build/empty-SQLite.swift_SQLite.plist (in target 'SQLite.swift_SQLite' from project 'SQLite.swift')\n    cd /Users/builder/clone/build/SourcePackages/checkouts/SQLite.swift\n    write-file /Users/builder/clone/build/Build/Intermediates.noindex/SQLite.swift.build/Release-iphoneos/SQLite.swift_SQLite.build/empty-SQLite.swift_SQLite.plist\n\nWriteAuxiliaryFile /Users/builder/clone/build/Build/Intermediates.noindex/SQLite.swift.build/Release-iphoneos/SQLite.swift_SQLite.build/SQLite.swift_SQLite.DependencyStaticMetadataFileList (in target 'SQLite.swift_SQLite' from project 'SQLite.swift')\n    cd /Users/builder/clone/build/SourcePackages/checkouts/SQLite.swift\n    write-file /Users/builder/clone/build/Build/Intermediates.noindex/SQLite.swift.build/Release-iphoneos/SQLite.swift_SQLite.build/SQLite.swift_SQLite.DependencyStaticMetadataFileList\n\nWriteAuxiliaryFile /Users/builder/clone/build/Build/Intermediates.noindex/SQLite.swift.build/Release-iphoneos/SQLite.swift_SQLite.build/SQLite.swift_SQLite.DependencyMetadataFileList (in target 'SQLite.swift_SQLite' from project 'SQLite.swift')\n    cd /Users/builder/clone/build/SourcePackages/checkouts/SQLite.swift\n    write-file /Users/builder/clone/build/Build/Intermediates.noindex/SQLite.swift.build/Release-iphoneos/SQLite.swift_SQLite.build/SQLite.swift_SQLite.DependencyMetadataFileList\n\nWriteAuxiliaryFile /Users/builder/clone/build/Build/Intermediates.noindex/SQLite.swift.build/Release-iphoneos/SQLite.build/SQLite.modulemap (in target 'SQLite' from project 'SQLite.swift')\n    cd /Users/builder/clone/build/SourcePackages/checkouts/SQLite.swift\n    write-file /Users/builder/clone/build/Build/Intermediates.noindex/SQLite.swift.build/Release-iphoneos/SQLite.build/SQLite.modulemap\n\nWriteAuxiliaryFile /Users/builder/clone/build/Build/Intermediates.noindex/SQLite.swift.build/Release-iphoneos/SQLite.build/SQLite.DependencyStaticMetadataFileList (in target 'SQLite' from project 'SQLite.swift')\n    cd /Users/builder/clone/build/SourcePackages/checkouts/SQLite.swift\n    write-file /Users/builder/clone/build/Build/Intermediates.noindex/SQLite.swift.build/Release-iphoneos/SQLite.build/SQLite.DependencyStaticMetadataFileList\n\nWriteAuxiliaryFile /Users/builder/clone/build/Build/Intermediates.noindex/SQLite.swift.build/Release-iphoneos/SQLite.build/SQLite.DependencyMetadataFileList (in target 'SQLite' from project 'SQLite.swift')\n    cd /Users/builder/clone/build/SourcePackages/checkouts/SQLite.swift\n    write-file /Users/builder/clone/build/Build/Intermediates.noindex/SQLite.swift.build/Release-iphoneos/SQLite.build/SQLite.DependencyMetadataFileList\n\nWriteAuxiliaryFile /Users/builder/clone/build/Build/Intermediates.noindex/SQLite.swift.build/Release-iphoneos/SQLite.build/Objects-normal/arm64/SQLite_const_extract_protocols.json (in target 'SQLite' from project 'SQLite.swift')\n    cd /Users/builder/clone/build/SourcePackages/checkouts/SQLite.swift\n    write-file /Users/builder/clone/build/Build/Intermediates.noindex/SQLite.swift.build/Release-iphoneos/SQLite.build/Objects-normal/arm64/SQLite_const_extract_protocols.json\n\nWriteAuxiliaryFile /Users/builder/clone/build/Build/Intermediates.noindex/SQLite.swift.build/Release-iphoneos/SQLite.build/Objects-normal/arm64/SQLite.SwiftFileList (in target 'SQLite' from project 'SQLite.swift')\n    cd /Users/builder/clone/build/SourcePackages/checkouts/SQLite.swift\n    write-file /Users/builder/clone/build/Build/Intermediates.noindex/SQLite.swift.build/Release-iphoneos/SQLite.build/Objects-normal/arm64/SQLite.SwiftFileList\n\nWriteAuxiliaryFile /Users/builder/clone/build/Build/Intermediates.noindex/SQLite.swift.build/Release-iphoneos/SQLite.build/Objects-normal/arm64/SQLite.SwiftConstValuesFileList (in target 'SQLite' from project 'SQLite.swift')\n    cd /Users/builder/clone/build/SourcePackages/checkouts/SQLite.swift\n    write-file /Users/builder/clone/build/Build/Intermediates.noindex/SQLite.swift.build/Release-iphoneos/SQLite.build/Objects-normal/arm64/SQLite.SwiftConstValuesFileList\n\nWriteAuxiliaryFile /Users/builder/clone/build/Build/Intermediates.noindex/SQLite.swift.build/Release-iphoneos/SQLite.build/Objects-normal/arm64/SQLite.LinkFileList (in target 'SQLite' from project 'SQLite.swift')\n    cd /Users/builder/clone/build/SourcePackages/checkouts/SQLite.swift\n    write-file /Users/builder/clone/build/Build/Intermediates.noindex/SQLite.swift.build/Release-iphoneos/SQLite.build/Objects-normal/arm64/SQLite.LinkFileList\n\nWriteAuxiliaryFile /Users/builder/clone/build/Build/Intermediates.noindex/SQLite.swift.build/Release-iphoneos/SQLite.build/Objects-normal/arm64/SQLite-OutputFileMap.json (in target 'SQLite' from project 'SQLite.swift')\n    cd /Users/builder/clone/build/SourcePackages/checkouts/SQLite.swift\n    write-file /Users/builder/clone/build/Build/Intermediates.noindex/SQLite.swift.build/Release-iphoneos/SQLite.build/Objects-normal/arm64/SQLite-OutputFileMap.json\n\nWriteAuxiliaryFile /Users/builder/clone/build/Build/Intermediates.noindex/SQLite.swift.build/Release-iphoneos/SQLite.build/DerivedSources/resource_bundle_accessor.swift (in target 'SQLite' from project 'SQLite.swift')\n    cd /Users/builder/clone/build/SourcePackages/checkouts/SQLite.swift\n    write-file /Users/builder/clone/build/Build/Intermediates.noindex/SQLite.swift.build/Release-iphoneos/SQLite.build/DerivedSources/resource_bundle_accessor.swift\n\nCopy /Users/builder/clone/build/Build/Intermediates.noindex/GeneratedModuleMaps-iphoneos/SQLite.modulemap /Users/builder/clone/build/Build/Intermediates.noindex/SQLite.swift.build/Release-iphoneos/SQLite.build/SQLite.modulemap (in target 'SQLite' from project 'SQLite.swift')\n    cd /Users/builder/clone/build/SourcePackages/checkouts/SQLite.swift\n    builtin-copy -exclude .DS_Store -exclude CVS -exclude .svn -exclude .git -exclude .hg -strip-unsigned-binaries -strip-deterministic -strip-tool /Applications/Xcode-26.4.app/Contents/Developer/Toolchains/XcodeDefault.xctoolchain/usr/bin/strip -resolve-src-symlinks /Users/builder/clone/build/Build/Intermediates.noindex/SQLite.swift.build/Release-iphoneos/SQLite.build/SQLite.modulemap /Users/builder/clone/build/Build/Intermediates.noindex/GeneratedModuleMaps-iphoneos\n\nWriteAuxiliaryFile /Users/builder/clone/build/Build/Intermediates.noindex/SFSafeSymbols.build/Release-iphoneos/SFSafeSymbols.build/SFSafeSymbols.modulemap (in target 'SFSafeSymbols' from project 'SFSafeSymbols')\n    cd /Users/builder/clone/build/SourcePackages/checkouts/SFSafeSymbols\n    write-file /Users/builder/clone/build/Build/Intermediates.noindex/SFSafeSymbols.build/Release-iphoneos/SFSafeSymbols.build/SFSafeSymbols.modulemap\n\nWriteAuxiliaryFile /Users/builder/clone/build/Build/Intermediates.noindex/SFSafeSymbols.build/Release-iphoneos/SFSafeSymbols.build/SFSafeSymbols.DependencyStaticMetadataFileList (in target 'SFSafeSymbols' from project 'SFSafeSymbols')\n    cd /Users/builder/clone/build/SourcePackages/checkouts/SFSafeSymbols\n    write-file /Users/builder/clone/build/Build/Intermediates.noindex/SFSafeSymbols.build/Release-iphoneos/SFSafeSymbols.build/SFSafeSymbols.DependencyStaticMetadataFileList\n\nWriteAuxiliaryFile /Users/builder/clone/build/Build/Intermediates.noindex/SFSafeSymbols.build/Release-iphoneos/SFSafeSymbols.build/SFSafeSymbols.DependencyMetadataFileList (in target 'SFSafeSymbols' from project 'SFSafeSymbols')\n    cd /Users/builder/clone/build/SourcePackages/checkouts/SFSafeSymbols\n    write-file /Users/builder/clone/build/Build/Intermediates.noindex/SFSafeSymbols.build/Release-iphoneos/SFSafeSymbols.build/SFSafeSymbols.DependencyMetadataFileList\n\nWriteAuxiliaryFile /Users/builder/clone/build/Build/Intermediates.noindex/SFSafeSymbols.build/Release-iphoneos/SFSafeSymbols.build/Objects-normal/arm64/SFSafeSymbols_const_extract_protocols.json (in target 'SFSafeSymbols' from project 'SFSafeSymbols')\n    cd /Users/builder/clone/build/SourcePackages/checkouts/SFSafeSymbols\n    write-file /Users/builder/clone/build/Build/Intermediates.noindex/SFSafeSymbols.build/Release-iphoneos/SFSafeSymbols.build/Objects-normal/arm64/SFSafeSymbols_const_extract_protocols.json\n\nWriteAuxiliaryFile /Users/builder/clone/build/Build/Intermediates.noindex/SFSafeSymbols.build/Release-iphoneos/SFSafeSymbols.build/Objects-normal/arm64/SFSafeSymbols.SwiftFileList (in target 'SFSafeSymbols' from project 'SFSafeSymbols')\n    cd /Users/builder/clone/build/SourcePackages/checkouts/SFSafeSymbols\n    write-file /Users/builder/clone/build/Build/Intermediates.noindex/SFSafeSymbols.build/Release-iphoneos/SFSafeSymbols.build/Objects-normal/arm64/SFSafeSymbols.SwiftFileList\n\nWriteAuxiliaryFile /Users/builder/clone/build/Build/Intermediates.noindex/SFSafeSymbols.build/Release-iphoneos/SFSafeSymbols.build/Objects-normal/arm64/SFSafeSymbols.SwiftConstValuesFileList (in target 'SFSafeSymbols' from project 'SFSafeSymbols')\n    cd /Users/builder/clone/build/SourcePackages/checkouts/SFSafeSymbols\n    write-file /Users/builder/clone/build/Build/Intermediates.noindex/SFSafeSymbols.build/Release-iphoneos/SFSafeSymbols.build/Objects-normal/arm64/SFSafeSymbols.SwiftConstValuesFileList\n\nWriteAuxiliaryFile /Users/builder/clone/build/Build/Intermediates.noindex/SFSafeSymbols.build/Release-iphoneos/SFSafeSymbols.build/Objects-normal/arm64/SFSafeSymbols.LinkFileList (in target 'SFSafeSymbols' from project 'SFSafeSymbols')\n    cd /Users/builder/clone/build/SourcePackages/checkouts/SFSafeSymbols\n    write-file /Users/builder/clone/build/Build/Intermediates.noindex/SFSafeSymbols.build/Release-iphoneos/SFSafeSymbols.build/Objects-normal/arm64/SFSafeSymbols.LinkFileList\n\nWriteAuxiliaryFile /Users/builder/clone/build/Build/Intermediates.noindex/SFSafeSymbols.build/Release-iphoneos/SFSafeSymbols.build/Objects-normal/arm64/SFSafeSymbols-OutputFileMap.json (in target 'SFSafeSymbols' from project 'SFSafeSymbols')\n    cd /Users/builder/clone/build/SourcePackages/checkouts/SFSafeSymbols\n    write-file /Users/builder/clone/build/Build/Intermediates.noindex/SFSafeSymbols.build/Release-iphoneos/SFSafeSymbols.build/Objects-normal/arm64/SFSafeSymbols-OutputFileMap.json\n\nWriteAuxiliaryFile /Users/builder/clone/build/Build/Intermediates.noindex/RevenueCat.build/Release-iphoneos/RevenueCat_RevenueCat.build/empty-RevenueCat_RevenueCat.plist (in target 'RevenueCat_RevenueCat' from project 'RevenueCat')\n    cd /Users/builder/clone/build/SourcePackages/checkouts/purchases-ios-spm\n    write-file /Users/builder/clone/build/Build/Intermediates.noindex/RevenueCat.build/Release-iphoneos/RevenueCat_RevenueCat.build/empty-RevenueCat_RevenueCat.plist\n\nCopy /Users/builder/clone/build/Build/Intermediates.noindex/GeneratedModuleMaps-iphoneos/SFSafeSymbols.modulemap /Users/builder/clone/build/Build/Intermediates.noindex/SFSafeSymbols.build/Release-iphoneos/SFSafeSymbols.build/SFSafeSymbols.modulemap (in target 'SFSafeSymbols' from project 'SFSafeSymbols')\n    cd /Users/builder/clone/build/SourcePackages/checkouts/SFSafeSymbols\n    builtin-copy -exclude .DS_Store -exclude CVS -exclude .svn -exclude .git -exclude .hg -strip-unsigned-binaries -strip-deterministic -strip-tool /Applications/Xcode-26.4.app/Contents/Developer/Toolchains/XcodeDefault.xctoolchain/usr/bin/strip -resolve-src-symlinks /Users/builder/clone/build/Build/Intermediates.noindex/SFSafeSymbols.build/Release-iphoneos/SFSafeSymbols.build/SFSafeSymbols.modulemap /Users/builder/clone/build/Build/Intermediates.noindex/GeneratedModuleMaps-iphoneos\n\nWriteAuxiliaryFile /Users/builder/clone/build/Build/Intermediates.noindex/RevenueCat.build/Release-iphoneos/RevenueCat_RevenueCat.build/RevenueCat_RevenueCat.DependencyStaticMetadataFileList (in target 'RevenueCat_RevenueCat' from project 'RevenueCat')\n    cd /Users/builder/clone/build/SourcePackages/checkouts/purchases-ios-spm\n    write-file /Users/builder/clone/build/Build/Intermediates.noindex/RevenueCat.build/Release-iphoneos/RevenueCat_RevenueCat.build/RevenueCat_RevenueCat.DependencyStaticMetadataFileList\n\nWriteAuxiliaryFile /Users/builder/clone/build/Build/Intermediates.noindex/RevenueCat.build/Release-iphoneos/RevenueCat_RevenueCat.build/RevenueCat_RevenueCat.DependencyMetadataFileList (in target 'RevenueCat_RevenueCat' from project 'RevenueCat')\n    cd /Users/builder/clone/build/SourcePackages/checkouts/purchases-ios-spm\n    write-file /Users/builder/clone/build/Build/Intermediates.noindex/RevenueCat.build/Release-iphoneos/RevenueCat_RevenueCat.build/RevenueCat_RevenueCat.DependencyMetadataFileList\n\nWriteAuxiliaryFile /Users/builder/clone/build/Build/Intermediates.noindex/RevenueCat.build/Release-iphoneos/RevenueCat.build/RevenueCat.modulemap (in target 'RevenueCat' from project 'RevenueCat')\n    cd /Users/builder/clone/build/SourcePackages/checkouts/purchases-ios-spm\n    write-file /Users/builder/clone/build/Build/Intermediates.noindex/RevenueCat.build/Release-iphoneos/RevenueCat.build/RevenueCat.modulemap\n\nWriteAuxiliaryFile /Users/builder/clone/build/Build/Intermediates.noindex/RevenueCat.build/Release-iphoneos/RevenueCat.build/RevenueCat.DependencyStaticMetadataFileList (in target 'RevenueCat' from project 'RevenueCat')\n    cd /Users/builder/clone/build/SourcePackages/checkouts/purchases-ios-spm\n    write-file /Users/builder/clone/build/Build/Intermediates.noindex/RevenueCat.build/Release-iphoneos/RevenueCat.build/RevenueCat.DependencyStaticMetadataFileList\n\nWriteAuxiliaryFile /Users/builder/clone/build/Build/Intermediates.noindex/RevenueCat.build/Release-iphoneos/RevenueCat.build/RevenueCat.DependencyMetadataFileList (in target 'RevenueCat' from project 'RevenueCat')\n    cd /Users/builder/clone/build/SourcePackages/checkouts/purchases-ios-spm\n    write-file /Users/builder/clone/build/Build/Intermediates.noindex/RevenueCat.build/Release-iphoneos/RevenueCat.build/RevenueCat.DependencyMetadataFileList\n\nWriteAuxiliaryFile /Users/builder/clone/build/Build/Intermediates.noindex/RevenueCat.build/Release-iphoneos/RevenueCat.build/Objects-normal/arm64/RevenueCat_const_extract_protocols.json (in target 'RevenueCat' from project 'RevenueCat')\n    cd /Users/builder/clone/build/SourcePackages/checkouts/purchases-ios-spm\n    write-file /Users/builder/clone/build/Build/Intermediates.noindex/RevenueCat.build/Release-iphoneos/RevenueCat.build/Objects-normal/arm64/RevenueCat_const_extract_protocols.json\n\nWriteAuxiliaryFile /Users/builder/clone/build/Build/Intermediates.noindex/RevenueCat.build/Release-iphoneos/RevenueCat.build/Objects-normal/arm64/RevenueCat.SwiftFileList (in target 'RevenueCat' from project 'RevenueCat')\n    cd /Users/builder/clone/build/SourcePackages/checkouts/purchases-ios-spm\n    write-file /Users/builder/clone/build/Build/Intermediates.noindex/RevenueCat.build/Release-iphoneos/RevenueCat.build/Objects-normal/arm64/RevenueCat.SwiftFileList\n\nWriteAuxiliaryFile /Users/builder/clone/build/Build/Intermediates.noindex/RevenueCat.build/Release-iphoneos/RevenueCat.build/Objects-normal/arm64/RevenueCat.SwiftConstValuesFileList (in target 'RevenueCat' from project 'RevenueCat')\n    cd /Users/builder/clone/build/SourcePackages/checkouts/purchases-ios-spm\n    write-file /Users/builder/clone/build/Build/Intermediates.noindex/RevenueCat.build/Release-iphoneos/RevenueCat.build/Objects-normal/arm64/RevenueCat.SwiftConstValuesFileList\n\nWriteAuxiliaryFile /Users/builder/clone/build/Build/Intermediates.noindex/RevenueCat.build/Release-iphoneos/RevenueCat.build/Objects-normal/arm64/RevenueCat.LinkFileList (in target 'RevenueCat' from project 'RevenueCat')\n    cd /Users/builder/clone/build/SourcePackages/checkouts/purchases-ios-spm\n    write-file /Users/builder/clone/build/Build/Intermediates.noindex/RevenueCat.build/Release-iphoneos/RevenueCat.build/Objects-normal/arm64/RevenueCat.LinkFileList\n\nWriteAuxiliaryFile /Users/builder/clone/build/Build/Intermediates.noindex/RevenueCat.build/Release-iphoneos/RevenueCat.build/Objects-normal/arm64/RevenueCat-OutputFileMap.json (in target 'RevenueCat' from project 'RevenueCat')\n    cd /Users/builder/clone/build/SourcePackages/checkouts/purchases-ios-spm\n    write-file /Users/builder/clone/build/Build/Intermediates.noindex/RevenueCat.build/Release-iphoneos/RevenueCat.build/Objects-normal/arm64/RevenueCat-OutputFileMap.json\n\nWriteAuxiliaryFile /Users/builder/clone/build/Build/Intermediates.noindex/RevenueCat.build/Release-iphoneos/RevenueCat.build/DerivedSources/resource_bundle_accessor.swift (in target 'RevenueCat' from project 'RevenueCat')\n    cd /Users/builder/clone/build/SourcePackages/checkouts/purchases-ios-spm\n    write-file /Users/builder/clone/build/Build/Intermediates.noindex/RevenueCat.build/Release-iphoneos/RevenueCat.build/DerivedSources/resource_bundle_accessor.swift\n\nCopy /Users/builder/clone/build/Build/Intermediates.noindex/GeneratedModuleMaps-iphoneos/RevenueCat.modulemap /Users/builder/clone/build/Build/Intermediates.noindex/RevenueCat.build/Release-iphoneos/RevenueCat.build/RevenueCat.modulemap (in target 'RevenueCat' from project 'RevenueCat')\n    cd /Users/builder/clone/build/SourcePackages/checkouts/purchases-ios-spm\n    builtin-copy -exclude .DS_Store -exclude CVS -exclude .svn -exclude .git -exclude .hg -strip-unsigned-binaries -strip-deterministic -strip-tool /Applications/Xcode-26.4.app/Contents/Developer/Toolchains/XcodeDefault.xctoolchain/usr/bin/strip -resolve-src-symlinks /Users/builder/clone/build/Build/Intermediates.noindex/RevenueCat.build/Release-iphoneos/RevenueCat.build/RevenueCat.modulemap /Users/builder/clone/build/Build/Intermediates.noindex/GeneratedModuleMaps-iphoneos\n\nWriteAuxiliaryFile /Users/builder/clone/build/Build/Intermediates.noindex/Nuke.build/Release-iphoneos/NukeUI.build/Objects-normal/arm64/NukeUI_const_extract_protocols.json (in target 'NukeUI' from project 'Nuke')\n    cd /Users/builder/clone/build/SourcePackages/checkouts/Nuke\n    write-file /Users/builder/clone/build/Build/Intermediates.noindex/Nuke.build/Release-iphoneos/NukeUI.build/Objects-normal/arm64/NukeUI_const_extract_protocols.json\n\nWriteAuxiliaryFile /Users/builder/clone/build/Build/Intermediates.noindex/Nuke.build/Release-iphoneos/NukeUI.build/Objects-normal/arm64/NukeUI.SwiftFileList (in target 'NukeUI' from project 'Nuke')\n    cd /Users/builder/clone/build/SourcePackages/checkouts/Nuke\n    write-file /Users/builder/clone/build/Build/Intermediates.noindex/Nuke.build/Release-iphoneos/NukeUI.build/Objects-normal/arm64/NukeUI.SwiftFileList\n\nWriteAuxiliaryFile /Users/builder/clone/build/Build/Intermediates.noindex/Nuke.build/Release-iphoneos/NukeUI.build/Objects-normal/arm64/NukeUI.SwiftConstValuesFileList (in target 'NukeUI' from project 'Nuke')\n    cd /Users/builder/clone/build/SourcePackages/checkouts/Nuke\n    write-file /Users/builder/clone/build/Build/Intermediates.noindex/Nuke.build/Release-iphoneos/NukeUI.build/Objects-normal/arm64/NukeUI.SwiftConstValuesFileList\n\nWriteAuxiliaryFile /Users/builder/clone/build/Build/Intermediates.noindex/Nuke.build/Release-iphoneos/NukeUI.build/Objects-normal/arm64/NukeUI.LinkFileList (in target 'NukeUI' from project 'Nuke')\n    cd /Users/builder/clone/build/SourcePackages/checkouts/Nuke\n    write-file /Users/builder/clone/build/Build/Intermediates.noindex/Nuke.build/Release-iphoneos/NukeUI.build/Objects-normal/arm64/NukeUI.LinkFileList\n\nWriteAuxiliaryFile /Users/builder/clone/build/Build/Intermediates.noindex/Nuke.build/Release-iphoneos/NukeUI.build/Objects-normal/arm64/NukeUI-OutputFileMap.json (in target 'NukeUI' from project 'Nuke')\n    cd /Users/builder/clone/build/SourcePackages/checkouts/Nuke\n    write-file /Users/builder/clone/build/Build/Intermediates.noindex/Nuke.build/Release-iphoneos/NukeUI.build/Objects-normal/arm64/NukeUI-OutputFileMap.json\n\nWriteAuxiliaryFile /Users/builder/clone/build/Build/Intermediates.noindex/Nuke.build/Release-iphoneos/NukeUI.build/NukeUI.modulemap (in target 'NukeUI' from project 'Nuke')\n    cd /Users/builder/clone/build/SourcePackages/checkouts/Nuke\n    write-file /Users/builder/clone/build/Build/Intermediates.noindex/Nuke.build/Release-iphoneos/NukeUI.build/NukeUI.modulemap\n\nWriteAuxiliaryFile /Users/builder/clone/build/Build/Intermediates.noindex/Nuke.build/Release-iphoneos/NukeUI.build/NukeUI.DependencyStaticMetadataFileList (in target 'NukeUI' from project 'Nuke')\n    cd /Users/builder/clone/build/SourcePackages/checkouts/Nuke\n    write-file /Users/builder/clone/build/Build/Intermediates.noindex/Nuke.build/Release-iphoneos/NukeUI.build/NukeUI.DependencyStaticMetadataFileList\n\nWriteAuxiliaryFile /Users/builder/clone/build/Build/Intermediates.noindex/Nuke.build/Release-iphoneos/NukeUI.build/NukeUI.DependencyMetadataFileList (in target 'NukeUI' from project 'Nuke')\n    cd /Users/builder/clone/build/SourcePackages/checkouts/Nuke\n    write-file /Users/builder/clone/build/Build/Intermediates.noindex/Nuke.build/Release-iphoneos/NukeUI.build/NukeUI.DependencyMetadataFileList\n\nWriteAuxiliaryFile /Users/builder/clone/build/Build/Intermediates.noindex/Nuke.build/Release-iphoneos/Nuke.build/Objects-normal/arm64/Nuke_const_extract_protocols.json (in target 'Nuke' from project 'Nuke')\n    cd /Users/builder/clone/build/SourcePackages/checkouts/Nuke\n    write-file /Users/builder/clone/build/Build/Intermediates.noindex/Nuke.build/Release-iphoneos/Nuke.build/Objects-normal/arm64/Nuke_const_extract_protocols.json\n\nCopy /Users/builder/clone/build/Build/Intermediates.noindex/GeneratedModuleMaps-iphoneos/NukeUI.modulemap /Users/builder/clone/build/Build/Intermediates.noindex/Nuke.build/Release-iphoneos/NukeUI.build/NukeUI.modulemap (in target 'NukeUI' from project 'Nuke')\n    cd /Users/builder/clone/build/SourcePackages/checkouts/Nuke\n    builtin-copy -exclude .DS_Store -exclude CVS -exclude .svn -exclude .git -exclude .hg -strip-unsigned-binaries -strip-deterministic -strip-tool /Applications/Xcode-26.4.app/Contents/Developer/Toolchains/XcodeDefault.xctoolchain/usr/bin/strip -resolve-src-symlinks /Users/builder/clone/build/Build/Intermediates.noindex/Nuke.build/Release-iphoneos/NukeUI.build/NukeUI.modulemap /Users/builder/clone/build/Build/Intermediates.noindex/GeneratedModuleMaps-iphoneos\n\nWriteAuxiliaryFile /Users/builder/clone/build/Build/Intermediates.noindex/Nuke.build/Release-iphoneos/Nuke.build/Objects-normal/arm64/Nuke.SwiftFileList (in target 'Nuke' from project 'Nuke')\n    cd /Users/builder/clone/build/SourcePackages/checkouts/Nuke\n    write-file /Users/builder/clone/build/Build/Intermediates.noindex/Nuke.build/Release-iphoneos/Nuke.build/Objects-normal/arm64/Nuke.SwiftFileList\n\nWriteAuxiliaryFile /Users/builder/clone/build/Build/Intermediates.noindex/Nuke.build/Release-iphoneos/Nuke.build/Objects-normal/arm64/Nuke.SwiftConstValuesFileList (in target 'Nuke' from project 'Nuke')\n    cd /Users/builder/clone/build/SourcePackages/checkouts/Nuke\n    write-file /Users/builder/clone/build/Build/Intermediates.noindex/Nuke.build/Release-iphoneos/Nuke.build/Objects-normal/arm64/Nuke.SwiftConstValuesFileList\n\nWriteAuxiliaryFile /Users/builder/clone/build/Build/Intermediates.noindex/Nuke.build/Release-iphoneos/Nuke.build/Objects-normal/arm64/Nuke.LinkFileList (in target 'Nuke' from project 'Nuke')\n    cd /Users/builder/clone/build/SourcePackages/checkouts/Nuke\n    write-file /Users/builder/clone/build/Build/Intermediates.noindex/Nuke.build/Release-iphoneos/Nuke.build/Objects-normal/arm64/Nuke.LinkFileList\n\nWriteAuxiliaryFile /Users/builder/clone/build/Build/Intermediates.noindex/Nuke.build/Release-iphoneos/Nuke.build/Objects-normal/arm64/Nuke-OutputFileMap.json (in target 'Nuke' from project 'Nuke')\n    cd /Users/builder/clone/build/SourcePackages/checkouts/Nuke\n    write-file /Users/builder/clone/build/Build/Intermediates.noindex/Nuke.build/Release-iphoneos/Nuke.build/Objects-normal/arm64/Nuke-OutputFileMap.json\n\nWriteAuxiliaryFile /Users/builder/clone/build/Build/Intermediates.noindex/Nuke.build/Release-iphoneos/Nuke.build/Nuke.modulemap (in target 'Nuke' from project 'Nuke')\n    cd /Users/builder/clone/build/SourcePackages/checkouts/Nuke\n    write-file /Users/builder/clone/build/Build/Intermediates.noindex/Nuke.build/Release-iphoneos/Nuke.build/Nuke.modulemap\n\nWriteAuxiliaryFile /Users/builder/clone/build/Build/Intermediates.noindex/Nuke.build/Release-iphoneos/Nuke.build/Nuke.DependencyStaticMetadataFileList (in target 'Nuke' from project 'Nuke')\n    cd /Users/builder/clone/build/SourcePackages/checkouts/Nuke\n    write-file /Users/builder/clone/build/Build/Intermediates.noindex/Nuke.build/Release-iphoneos/Nuke.build/Nuke.DependencyStaticMetadataFileList\n\nWriteAuxiliaryFile /Users/builder/clone/build/Build/Intermediates.noindex/Nuke.build/Release-iphoneos/Nuke.build/Nuke.DependencyMetadataFileList (in target 'Nuke' from project 'Nuke')\n    cd /Users/builder/clone/build/SourcePackages/checkouts/Nuke\n    write-file /Users/builder/clone/build/Build/Intermediates.noindex/Nuke.build/Release-iphoneos/Nuke.build/Nuke.DependencyMetadataFileList\n\nWriteAuxiliaryFile /Users/builder/clone/build/Build/Intermediates.noindex/Notifications.build/Release-iphoneos/Notifications.build/Objects-normal/arm64/Notifications_const_extract_protocols.json (in target 'Notifications' from project 'Notifications')\n    cd /Users/builder/clone/Packages/Notifications\n    write-file /Users/builder/clone/build/Build/Intermediates.noindex/Notifications.build/Release-iphoneos/Notifications.build/Objects-normal/arm64/Notifications_const_extract_protocols.json\n\nCopy /Users/builder/clone/build/Build/Intermediates.noindex/GeneratedModuleMaps-iphoneos/Nuke.modulemap /Users/builder/clone/build/Build/Intermediates.noindex/Nuke.build/Release-iphoneos/Nuke.build/Nuke.modulemap (in target 'Nuke' from project 'Nuke')\n    cd /Users/builder/clone/build/SourcePackages/checkouts/Nuke\n    builtin-copy -exclude .DS_Store -exclude CVS -exclude .svn -exclude .git -exclude .hg -strip-unsigned-binaries -strip-deterministic -strip-tool /Applications/Xcode-26.4.app/Contents/Developer/Toolchains/XcodeDefault.xctoolchain/usr/bin/strip -resolve-src-symlinks /Users/builder/clone/build/Build/Intermediates.noindex/Nuke.build/Release-iphoneos/Nuke.build/Nuke.modulemap /Users/builder/clone/build/Build/Intermediates.noindex/GeneratedModuleMaps-iphoneos\n\nWriteAuxiliaryFile /Users/builder/clone/build/Build/Intermediates.noindex/Notifications.build/Release-iphoneos/Notifications.build/Objects-normal/arm64/Notifications.SwiftFileList (in target 'Notifications' from project 'Notifications')\n    cd /Users/builder/clone/Packages/Notifications\n    write-file /Users/builder/clone/build/Build/Intermediates.noindex/Notifications.build/Release-iphoneos/Notifications.build/Objects-normal/arm64/Notifications.SwiftFileList\n\nWriteAuxiliaryFile /Users/builder/clone/build/Build/Intermediates.noindex/Notifications.build/Release-iphoneos/Notifications.build/Objects-normal/arm64/Notifications.SwiftConstValuesFileList (in target 'Notifications' from project 'Notifications')\n    cd /Users/builder/clone/Packages/Notifications\n    write-file /Users/builder/clone/build/Build/Intermediates.noindex/Notifications.build/Release-iphoneos/Notifications.build/Objects-normal/arm64/Notifications.SwiftConstValuesFileList\n\nWriteAuxiliaryFile /Users/builder/clone/build/Build/Intermediates.noindex/Notifications.build/Release-iphoneos/Notifications.build/Objects-normal/arm64/Notifications.LinkFileList (in target 'Notifications' from project 'Notifications')\n    cd /Users/builder/clone/Packages/Notifications\n    write-file /Users/builder/clone/build/Build/Intermediates.noindex/Notifications.build/Release-iphoneos/Notifications.build/Objects-normal/arm64/Notifications.LinkFileList\n\nWriteAuxiliaryFile /Users/builder/clone/build/Build/Intermediates.noindex/Notifications.build/Release-iphoneos/Notifications.build/Objects-normal/arm64/Notifications-OutputFileMap.json (in target 'Notifications' from project 'Notifications')\n    cd /Users/builder/clone/Packages/Notifications\n    write-file /Users/builder/clone/build/Build/Intermediates.noindex/Notifications.build/Release-iphoneos/Notifications.build/Objects-normal/arm64/Notifications-OutputFileMap.json\n\nWriteAuxiliaryFile /Users/builder/clone/build/Build/Intermediates.noindex/Notifications.build/Release-iphoneos/Notifications.build/Notifications.modulemap (in target 'Notifications' from project 'Notifications')\n    cd /Users/builder/clone/Packages/Notifications\n    write-file /Users/builder/clone/build/Build/Intermediates.noindex/Notifications.build/Release-iphoneos/Notifications.build/Notifications.modulemap\n\nWriteAuxiliaryFile /Users/builder/clone/build/Build/Intermediates.noindex/Notifications.build/Release-iphoneos/Notifications.build/Notifications.DependencyStaticMetadataFileList (in target 'Notifications' from project 'Notifications')\n    cd /Users/builder/clone/Packages/Notifications\n    write-file /Users/builder/clone/build/Build/Intermediates.noindex/Notifications.build/Release-iphoneos/Notifications.build/Notifications.DependencyStaticMetadataFileList\n\nWriteAuxiliaryFile /Users/builder/clone/build/Build/Intermediates.noindex/Notifications.build/Release-iphoneos/Notifications.build/Notifications.DependencyMetadataFileList (in target 'Notifications' from project 'Notifications')\n    cd /Users/builder/clone/Packages/Notifications\n    write-file /Users/builder/clone/build/Build/Intermediates.noindex/Notifications.build/Release-iphoneos/Notifications.build/Notifications.DependencyMetadataFileList\n\nCopy /Users/builder/clone/build/Build/Intermediates.noindex/GeneratedModuleMaps-iphoneos/Notifications.modulemap /Users/builder/clone/build/Build/Intermediates.noindex/Notifications.build/Release-iphoneos/Notifications.build/Notifications.modulemap (in target 'Notifications' from project 'Notifications')\n    cd /Users/builder/clone/Packages/Notifications\n    builtin-copy -exclude .DS_Store -exclude CVS -exclude .svn -exclude .git -exclude .hg -strip-unsigned-binaries -strip-deterministic -strip-tool /Applications/Xcode-26.4.app/Contents/Developer/Toolchains/XcodeDefault.xctoolchain/usr/bin/strip -resolve-src-symlinks /Users/builder/clone/build/Build/Intermediates.noindex/Notifications.build/Release-iphoneos/Notifications.build/Notifications.modulemap /Users/builder/clone/build/Build/Intermediates.noindex/GeneratedModuleMaps-iphoneos\n\nWriteAuxiliaryFile /Users/builder/clone/build/Build/Intermediates.noindex/NetworkClient.build/Release-iphoneos/NetworkClient.build/Objects-normal/arm64/NetworkClient_const_extract_protocols.json (in target 'NetworkClient' from project 'NetworkClient')\n    cd /Users/builder/clone/Packages/NetworkClient\n    write-file /Users/builder/clone/build/Build/Intermediates.noindex/NetworkClient.build/Release-iphoneos/NetworkClient.build/Objects-normal/arm64/NetworkClient_const_extract_protocols.json\n\nWriteAuxiliaryFile /Users/builder/clone/build/Build/Intermediates.noindex/NetworkClient.build/Release-iphoneos/NetworkClient.build/Objects-normal/arm64/NetworkClient.SwiftFileList (in target 'NetworkClient' from project 'NetworkClient')\n    cd /Users/builder/clone/Packages/NetworkClient\n    write-file /Users/builder/clone/build/Build/Intermediates.noindex/NetworkClient.build/Release-iphoneos/NetworkClient.build/Objects-normal/arm64/NetworkClient.SwiftFileList\n\nWriteAuxiliaryFile /Users/builder/clone/build/Build/Intermediates.noindex/NetworkClient.build/Release-iphoneos/NetworkClient.build/Objects-normal/arm64/NetworkClient.SwiftConstValuesFileList (in target 'NetworkClient' from project 'NetworkClient')\n    cd /Users/builder/clone/Packages/NetworkClient\n    write-file /Users/builder/clone/build/Build/Intermediates.noindex/NetworkClient.build/Release-iphoneos/NetworkClient.build/Objects-normal/arm64/NetworkClient.SwiftConstValuesFileList\n\nWriteAuxiliaryFile /Users/builder/clone/build/Build/Intermediates.noindex/NetworkClient.build/Release-iphoneos/NetworkClient.build/Objects-normal/arm64/NetworkClient.LinkFileList (in target 'NetworkClient' from project 'NetworkClient')\n    cd /Users/builder/clone/Packages/NetworkClient\n    write-file /Users/builder/clone/build/Build/Intermediates.noindex/NetworkClient.build/Release-iphoneos/NetworkClient.build/Objects-normal/arm64/NetworkClient.LinkFileList\n\nWriteAuxiliaryFile /Users/builder/clone/build/Build/Intermediates.noindex/NetworkClient.build/Release-iphoneos/NetworkClient.build/Objects-normal/arm64/NetworkClient-OutputFileMap.json (in target 'NetworkClient' from project 'NetworkClient')\n    cd /Users/builder/clone/Packages/NetworkClient\n    write-file /Users/builder/clone/build/Build/Intermediates.noindex/NetworkClient.build/Release-iphoneos/NetworkClient.build/Objects-normal/arm64/NetworkClient-OutputFileMap.json\n\nWriteAuxiliaryFile /Users/builder/clone/build/Build/Intermediates.noindex/NetworkClient.build/Release-iphoneos/NetworkClient.build/NetworkClient.modulemap (in target 'NetworkClient' from project 'NetworkClient')\n    cd /Users/builder/clone/Packages/NetworkClient\n    write-file /Users/builder/clone/build/Build/Intermediates.noindex/NetworkClient.build/Release-iphoneos/NetworkClient.build/NetworkClient.modulemap\n\nWriteAuxiliaryFile /Users/builder/clone/build/Build/Intermediates.noindex/NetworkClient.build/Release-iphoneos/NetworkClient.build/NetworkClient.DependencyStaticMetadataFileList (in target 'NetworkClient' from project 'NetworkClient')\n    cd /Users/builder/clone/Packages/NetworkClient\n    write-file /Users/builder/clone/build/Build/Intermediates.noindex/NetworkClient.build/Release-iphoneos/NetworkClient.build/NetworkClient.DependencyStaticMetadataFileList\n\nWriteAuxiliaryFile /Users/builder/clone/build/Build/Intermediates.noindex/NetworkClient.build/Release-iphoneos/NetworkClient.build/NetworkClient.DependencyMetadataFileList (in target 'NetworkClient' from project 'NetworkClient')\n    cd /Users/builder/clone/Packages/NetworkClient\n    write-file /Users/builder/clone/build/Build/Intermediates.noindex/NetworkClient.build/Release-iphoneos/NetworkClient.build/NetworkClient.DependencyMetadataFileList\n\nWriteAuxiliaryFile /Users/builder/clone/build/Build/Intermediates.noindex/Models.build/Release-iphoneos/Models.build/Objects-normal/arm64/Models_const_extract_protocols.json (in target 'Models' from project 'Models')\n    cd /Users/builder/clone/Packages/Models\n    write-file /Users/builder/clone/build/Build/Intermediates.noindex/Models.build/Release-iphoneos/Models.build/Objects-normal/arm64/Models_const_extract_protocols.json\n\nCopy /Users/builder/clone/build/Build/Intermediates.noindex/GeneratedModuleMaps-iphoneos/NetworkClient.modulemap /Users/builder/clone/build/Build/Intermediates.noindex/NetworkClient.build/Release-iphoneos/NetworkClient.build/NetworkClient.modulemap (in target 'NetworkClient' from project 'NetworkClient')\n    cd /Users/builder/clone/Packages/NetworkClient\n    builtin-copy -exclude .DS_Store -exclude CVS -exclude .svn -exclude .git -exclude .hg -strip-unsigned-binaries -strip-deterministic -strip-tool /Applications/Xcode-26.4.app/Contents/Developer/Toolchains/XcodeDefault.xctoolchain/usr/bin/strip -resolve-src-symlinks /Users/builder/clone/build/Build/Intermediates.noindex/NetworkClient.build/Release-iphoneos/NetworkClient.build/NetworkClient.modulemap /Users/builder/clone/build/Build/Intermediates.noindex/GeneratedModuleMaps-iphoneos\n\nWriteAuxiliaryFile /Users/builder/clone/build/Build/Intermediates.noindex/Models.build/Release-iphoneos/Models.build/Objects-normal/arm64/Models.SwiftFileList (in target 'Models' from project 'Models')\n    cd /Users/builder/clone/Packages/Models\n    write-file /Users/builder/clone/build/Build/Intermediates.noindex/Models.build/Release-iphoneos/Models.build/Objects-normal/arm64/Models.SwiftFileList\n\nWriteAuxiliaryFile /Users/builder/clone/build/Build/Intermediates.noindex/Models.build/Release-iphoneos/Models.build/Objects-normal/arm64/Models.SwiftConstValuesFileList (in target 'Models' from project 'Models')\n    cd /Users/builder/clone/Packages/Models\n    write-file /Users/builder/clone/build/Build/Intermediates.noindex/Models.build/Release-iphoneos/Models.build/Objects-normal/arm64/Models.SwiftConstValuesFileList\n\nWriteAuxiliaryFile /Users/builder/clone/build/Build/Intermediates.noindex/Models.build/Release-iphoneos/Models.build/Objects-normal/arm64/Models.LinkFileList (in target 'Models' from project 'Models')\n    cd /Users/builder/clone/Packages/Models\n    write-file /Users/builder/clone/build/Build/Intermediates.noindex/Models.build/Release-iphoneos/Models.build/Objects-normal/arm64/Models.LinkFileList\n\nWriteAuxiliaryFile /Users/builder/clone/build/Build/Intermediates.noindex/Models.build/Release-iphoneos/Models.build/Objects-normal/arm64/Models-OutputFileMap.json (in target 'Models' from project 'Models')\n    cd /Users/builder/clone/Packages/Models\n    write-file /Users/builder/clone/build/Build/Intermediates.noindex/Models.build/Release-iphoneos/Models.build/Objects-normal/arm64/Models-OutputFileMap.json\n\nWriteAuxiliaryFile /Users/builder/clone/build/Build/Intermediates.noindex/Models.build/Release-iphoneos/Models.build/Models.modulemap (in target 'Models' from project 'Models')\n    cd /Users/builder/clone/Packages/Models\n    write-file /Users/builder/clone/build/Build/Intermediates.noindex/Models.build/Release-iphoneos/Models.build/Models.modulemap\n\nWriteAuxiliaryFile /Users/builder/clone/build/Build/Intermediates.noindex/Models.build/Release-iphoneos/Models.build/Models.DependencyStaticMetadataFileList (in target 'Models' from project 'Models')\n    cd /Users/builder/clone/Packages/Models\n    write-file /Users/builder/clone/build/Build/Intermediates.noindex/Models.build/Release-iphoneos/Models.build/Models.DependencyStaticMetadataFileList\n\nWriteAuxiliaryFile /Users/builder/clone/build/Build/Intermediates.noindex/Models.build/Release-iphoneos/Models.build/Models.DependencyMetadataFileList (in target 'Models' from project 'Models')\n    cd /Users/builder/clone/Packages/Models\n    write-file /Users/builder/clone/build/Build/Intermediates.noindex/Models.build/Release-iphoneos/Models.build/Models.DependencyMetadataFileList\n\nCopy /Users/builder/clone/build/Build/Intermediates.noindex/GeneratedModuleMaps-iphoneos/Models.modulemap /Users/builder/clone/build/Build/Intermediates.noindex/Models.build/Release-iphoneos/Models.build/Models.modulemap (in target 'Models' from project 'Models')\n    cd /Users/builder/clone/Packages/Models\n    builtin-copy -exclude .DS_Store -exclude CVS -exclude .svn -exclude .git -exclude .hg -strip-unsigned-binaries -strip-deterministic -strip-tool /Applications/Xcode-26.4.app/Contents/Developer/Toolchains/XcodeDefault.xctoolchain/usr/bin/strip -resolve-src-symlinks /Users/builder/clone/build/Build/Intermediates.noindex/Models.build/Release-iphoneos/Models.build/Models.modulemap /Users/builder/clone/build/Build/Intermediates.noindex/GeneratedModuleMaps-iphoneos\n\nWriteAuxiliaryFile /Users/builder/clone/build/Build/Intermediates.noindex/MediaUI.build/Release-iphoneos/MediaUI.build/Objects-normal/arm64/MediaUI_const_extract_protocols.json (in target 'MediaUI' from project 'MediaUI')\n    cd /Users/builder/clone/Packages/MediaUI\n    write-file /Users/builder/clone/build/Build/Intermediates.noindex/MediaUI.build/Release-iphoneos/MediaUI.build/Objects-normal/arm64/MediaUI_const_extract_protocols.json\n\nWriteAuxiliaryFile /Users/builder/clone/build/Build/Intermediates.noindex/MediaUI.build/Release-iphoneos/MediaUI.build/Objects-normal/arm64/MediaUI.SwiftFileList (in target 'MediaUI' from project 'MediaUI')\n    cd /Users/builder/clone/Packages/MediaUI\n    write-file /Users/builder/clone/build/Build/Intermediates.noindex/MediaUI.build/Release-iphoneos/MediaUI.build/Objects-normal/arm64/MediaUI.SwiftFileList\n\nWriteAuxiliaryFile /Users/builder/clone/build/Build/Intermediates.noindex/MediaUI.build/Release-iphoneos/MediaUI.build/Objects-normal/arm64/MediaUI.SwiftConstValuesFileList (in target 'MediaUI' from project 'MediaUI')\n    cd /Users/builder/clone/Packages/MediaUI\n    write-file /Users/builder/clone/build/Build/Intermediates.noindex/MediaUI.build/Release-iphoneos/MediaUI.build/Objects-normal/arm64/MediaUI.SwiftConstValuesFileList\n\nWriteAuxiliaryFile /Users/builder/clone/build/Build/Intermediates.noindex/MediaUI.build/Release-iphoneos/MediaUI.build/Objects-normal/arm64/MediaUI.LinkFileList (in target 'MediaUI' from project 'MediaUI')\n    cd /Users/builder/clone/Packages/MediaUI\n    write-file /Users/builder/clone/build/Build/Intermediates.noindex/MediaUI.build/Release-iphoneos/MediaUI.build/Objects-normal/arm64/MediaUI.LinkFileList\n\nWriteAuxiliaryFile /Users/builder/clone/build/Build/Intermediates.noindex/MediaUI.build/Release-iphoneos/MediaUI.build/Objects-normal/arm64/MediaUI-OutputFileMap.json (in target 'MediaUI' from project 'MediaUI')\n    cd /Users/builder/clone/Packages/MediaUI\n    write-file /Users/builder/clone/build/Build/Intermediates.noindex/MediaUI.build/Release-iphoneos/MediaUI.build/Objects-normal/arm64/MediaUI-OutputFileMap.json\n\nWriteAuxiliaryFile /Users/builder/clone/build/Build/Intermediates.noindex/MediaUI.build/Release-iphoneos/MediaUI.build/MediaUI.modulemap (in target 'MediaUI' from project 'MediaUI')\n    cd /Users/builder/clone/Packages/MediaUI\n    write-file /Users/builder/clone/build/Build/Intermediates.noindex/MediaUI.build/Release-iphoneos/MediaUI.build/MediaUI.modulemap\n\nWriteAuxiliaryFile /Users/builder/clone/build/Build/Intermediates.noindex/MediaUI.build/Release-iphoneos/MediaUI.build/MediaUI.DependencyStaticMetadataFileList (in target 'MediaUI' from project 'MediaUI')\n    cd /Users/builder/clone/Packages/MediaUI\n    write-file /Users/builder/clone/build/Build/Intermediates.noindex/MediaUI.build/Release-iphoneos/MediaUI.build/MediaUI.DependencyStaticMetadataFileList\n\nWriteAuxiliaryFile /Users/builder/clone/build/Build/Intermediates.noindex/MediaUI.build/Release-iphoneos/MediaUI.build/MediaUI.DependencyMetadataFileList (in target 'MediaUI' from project 'MediaUI')\n    cd /Users/builder/clone/Packages/MediaUI\n    write-file /Users/builder/clone/build/Build/Intermediates.noindex/MediaUI.build/Release-iphoneos/MediaUI.build/MediaUI.DependencyMetadataFileList\n\nCopy /Users/builder/clone/build/Build/Intermediates.noindex/GeneratedModuleMaps-iphoneos/MediaUI.modulemap /Users/builder/clone/build/Build/Intermediates.noindex/MediaUI.build/Release-iphoneos/MediaUI.build/MediaUI.modulemap (in target 'MediaUI' from project 'MediaUI')\n    cd /Users/builder/clone/Packages/MediaUI\n    builtin-copy -exclude .DS_Store -exclude CVS -exclude .svn -exclude .git -exclude .hg -strip-unsigned-binaries -strip-deterministic -strip-tool /Applications/Xcode-26.4.app/Contents/Developer/Toolchains/XcodeDefault.xctoolchain/usr/bin/strip -resolve-src-symlinks /Users/builder/clone/build/Build/Intermediates.noindex/MediaUI.build/Release-iphoneos/MediaUI.build/MediaUI.modulemap /Users/builder/clone/build/Build/Intermediates.noindex/GeneratedModuleMaps-iphoneos\n\nWriteAuxiliaryFile /Users/builder/clone/build/Build/Intermediates.noindex/swift-markdown.build/Release-iphoneos/Markdown.build/Objects-normal/arm64/Markdown_const_extract_protocols.json (in target 'Markdown' from project 'swift-markdown')\n    cd /Users/builder/clone/build/SourcePackages/checkouts/swift-markdown\n    write-file /Users/builder/clone/build/Build/Intermediates.noindex/swift-markdown.build/Release-iphoneos/Markdown.build/Objects-normal/arm64/Markdown_const_extract_protocols.json\n\nWriteAuxiliaryFile /Users/builder/clone/build/Build/Intermediates.noindex/swift-markdown.build/Release-iphoneos/Markdown.build/Objects-normal/arm64/Markdown.SwiftFileList (in target 'Markdown' from project 'swift-markdown')\n    cd /Users/builder/clone/build/SourcePackages/checkouts/swift-markdown\n    write-file /Users/builder/clone/build/Build/Intermediates.noindex/swift-markdown.build/Release-iphoneos/Markdown.build/Objects-normal/arm64/Markdown.SwiftFileList\n\nWriteAuxiliaryFile /Users/builder/clone/build/Build/Intermediates.noindex/swift-markdown.build/Release-iphoneos/Markdown.build/Objects-normal/arm64/Markdown.SwiftConstValuesFileList (in target 'Markdown' from project 'swift-markdown')\n    cd /Users/builder/clone/build/SourcePackages/checkouts/swift-markdown\n    write-file /Users/builder/clone/build/Build/Intermediates.noindex/swift-markdown.build/Release-iphoneos/Markdown.build/Objects-normal/arm64/Markdown.SwiftConstValuesFileList\n\nWriteAuxiliaryFile /Users/builder/clone/build/Build/Intermediates.noindex/swift-markdown.build/Release-iphoneos/Markdown.build/Objects-normal/arm64/Markdown.LinkFileList (in target 'Markdown' from project 'swift-markdown')\n    cd /Users/builder/clone/build/SourcePackages/checkouts/swift-markdown\n    write-file /Users/builder/clone/build/Build/Intermediates.noindex/swift-markdown.build/Release-iphoneos/Markdown.build/Objects-normal/arm64/Markdown.LinkFileList\n\nWriteAuxiliaryFile /Users/builder/clone/build/Build/Intermediates.noindex/swift-markdown.build/Release-iphoneos/Markdown.build/Objects-normal/arm64/Markdown-OutputFileMap.json (in target 'Markdown' from project 'swift-markdown')\n    cd /Users/builder/clone/build/SourcePackages/checkouts/swift-markdown\n    write-file /Users/builder/clone/build/Build/Intermediates.noindex/swift-markdown.build/Release-iphoneos/Markdown.build/Objects-normal/arm64/Markdown-OutputFileMap.json\n\nWriteAuxiliaryFile /Users/builder/clone/build/Build/Intermediates.noindex/swift-markdown.build/Release-iphoneos/Markdown.build/Markdown.modulemap (in target 'Markdown' from project 'swift-markdown')\n    cd /Users/builder/clone/build/SourcePackages/checkouts/swift-markdown\n    write-file /Users/builder/clone/build/Build/Intermediates.noindex/swift-markdown.build/Release-iphoneos/Markdown.build/Markdown.modulemap\n\nWriteAuxiliaryFile /Users/builder/clone/build/Build/Intermediates.noindex/swift-markdown.build/Release-iphoneos/Markdown.build/Markdown.DependencyStaticMetadataFileList (in target 'Markdown' from project 'swift-markdown')\n    cd /Users/builder/clone/build/SourcePackages/checkouts/swift-markdown\n    write-file /Users/builder/clone/build/Build/Intermediates.noindex/swift-markdown.build/Release-iphoneos/Markdown.build/Markdown.DependencyStaticMetadataFileList\n\nWriteAuxiliaryFile /Users/builder/clone/build/Build/Intermediates.noindex/swift-markdown.build/Release-iphoneos/Markdown.build/Markdown.DependencyMetadataFileList (in target 'Markdown' from project 'swift-markdown')\n    cd /Users/builder/clone/build/SourcePackages/checkouts/swift-markdown\n    write-file /Users/builder/clone/build/Build/Intermediates.noindex/swift-markdown.build/Release-iphoneos/Markdown.build/Markdown.DependencyMetadataFileList\n\nCopy /Users/builder/clone/build/Build/Intermediates.noindex/GeneratedModuleMaps-iphoneos/Markdown.modulemap /Users/builder/clone/build/Build/Intermediates.noindex/swift-markdown.build/Release-iphoneos/Markdown.build/Markdown.modulemap (in target 'Markdown' from project 'swift-markdown')\n    cd /Users/builder/clone/build/SourcePackages/checkouts/swift-markdown\n    builtin-copy -exclude .DS_Store -exclude CVS -exclude .svn -exclude .git -exclude .hg -strip-unsigned-binaries -strip-deterministic -strip-tool /Applications/Xcode-26.4.app/Contents/Developer/Toolchains/XcodeDefault.xctoolchain/usr/bin/strip -resolve-src-symlinks /Users/builder/clone/build/Build/Intermediates.noindex/swift-markdown.build/Release-iphoneos/Markdown.build/Markdown.modulemap /Users/builder/clone/build/Build/Intermediates.noindex/GeneratedModuleMaps-iphoneos\n\nWriteAuxiliaryFile /Users/builder/clone/build/Build/Intermediates.noindex/Lists.build/Release-iphoneos/Lists.build/Objects-normal/arm64/Lists_const_extract_protocols.json (in target 'Lists' from project 'Lists')\n    cd /Users/builder/clone/Packages/Lists\n    write-file /Users/builder/clone/build/Build/Intermediates.noindex/Lists.build/Release-iphoneos/Lists.build/Objects-normal/arm64/Lists_const_extract_protocols.json\n\nWriteAuxiliaryFile /Users/builder/clone/build/Build/Intermediates.noindex/Lists.build/Release-iphoneos/Lists.build/Objects-normal/arm64/Lists.SwiftFileList (in target 'Lists' from project 'Lists')\n    cd /Users/builder/clone/Packages/Lists\n    write-file /Users/builder/clone/build/Build/Intermediates.noindex/Lists.build/Release-iphoneos/Lists.build/Objects-normal/arm64/Lists.SwiftFileList\n\nWriteAuxiliaryFile /Users/builder/clone/build/Build/Intermediates.noindex/Lists.build/Release-iphoneos/Lists.build/Objects-normal/arm64/Lists.SwiftConstValuesFileList (in target 'Lists' from project 'Lists')\n    cd /Users/builder/clone/Packages/Lists\n    write-file /Users/builder/clone/build/Build/Intermediates.noindex/Lists.build/Release-iphoneos/Lists.build/Objects-normal/arm64/Lists.SwiftConstValuesFileList\n\nWriteAuxiliaryFile /Users/builder/clone/build/Build/Intermediates.noindex/Lists.build/Release-iphoneos/Lists.build/Objects-normal/arm64/Lists.LinkFileList (in target 'Lists' from project 'Lists')\n    cd /Users/builder/clone/Packages/Lists\n    write-file /Users/builder/clone/build/Build/Intermediates.noindex/Lists.build/Release-iphoneos/Lists.build/Objects-normal/arm64/Lists.LinkFileList\n\nWriteAuxiliaryFile /Users/builder/clone/build/Build/Intermediates.noindex/Lists.build/Release-iphoneos/Lists.build/Objects-normal/arm64/Lists-OutputFileMap.json (in target 'Lists' from project 'Lists')\n    cd /Users/builder/clone/Packages/Lists\n    write-file /Users/builder/clone/build/Build/Intermediates.noindex/Lists.build/Release-iphoneos/Lists.build/Objects-normal/arm64/Lists-OutputFileMap.json\n\nWriteAuxiliaryFile /Users/builder/clone/build/Build/Intermediates.noindex/Lists.build/Release-iphoneos/Lists.build/Lists.modulemap (in target 'Lists' from project 'Lists')\n    cd /Users/builder/clone/Packages/Lists\n    write-file /Users/builder/clone/build/Build/Intermediates.noindex/Lists.build/Release-iphoneos/Lists.build/Lists.modulemap\n\nWriteAuxiliaryFile /Users/builder/clone/build/Build/Intermediates.noindex/Lists.build/Release-iphoneos/Lists.build/Lists.DependencyStaticMetadataFileList (in target 'Lists' from project 'Lists')\n    cd /Users/builder/clone/Packages/Lists\n    write-file /Users/builder/clone/build/Build/Intermediates.noindex/Lists.build/Release-iphoneos/Lists.build/Lists.DependencyStaticMetadataFileList\n\nWriteAuxiliaryFile /Users/builder/clone/build/Build/Intermediates.noindex/Lists.build/Release-iphoneos/Lists.build/Lists.DependencyMetadataFileList (in target 'Lists' from project 'Lists')\n    cd /Users/builder/clone/Packages/Lists\n    write-file /Users/builder/clone/build/Build/Intermediates.noindex/Lists.build/Release-iphoneos/Lists.build/Lists.DependencyMetadataFileList\n\nCopy /Users/builder/clone/build/Build/Intermediates.noindex/GeneratedModuleMaps-iphoneos/Lists.modulemap /Users/builder/clone/build/Build/Intermediates.noindex/Lists.build/Release-iphoneos/Lists.build/Lists.modulemap (in target 'Lists' from project 'Lists')\n    cd /Users/builder/clone/Packages/Lists\n    builtin-copy -exclude .DS_Store -exclude CVS -exclude .svn -exclude .git -exclude .hg -strip-unsigned-binaries -strip-deterministic -strip-tool /Applications/Xcode-26.4.app/Contents/Developer/Toolchains/XcodeDefault.xctoolchain/usr/bin/strip -resolve-src-symlinks /Users/builder/clone/build/Build/Intermediates.noindex/Lists.build/Release-iphoneos/Lists.build/Lists.modulemap /Users/builder/clone/build/Build/Intermediates.noindex/GeneratedModuleMaps-iphoneos\n\nWriteAuxiliaryFile /Users/builder/clone/build/Build/Intermediates.noindex/LRUCache.build/Release-iphoneos/LRUCache.build/Objects-normal/arm64/LRUCache_const_extract_protocols.json (in target 'LRUCache' from project 'LRUCache')\n    cd /Users/builder/clone/build/SourcePackages/checkouts/LRUCache\n    write-file /Users/builder/clone/build/Build/Intermediates.noindex/LRUCache.build/Release-iphoneos/LRUCache.build/Objects-normal/arm64/LRUCache_const_extract_protocols.json\n\nWriteAuxiliaryFile /Users/builder/clone/build/Build/Intermediates.noindex/LRUCache.build/Release-iphoneos/LRUCache.build/Objects-normal/arm64/LRUCache.SwiftFileList (in target 'LRUCache' from project 'LRUCache')\n    cd /Users/builder/clone/build/SourcePackages/checkouts/LRUCache\n    write-file /Users/builder/clone/build/Build/Intermediates.noindex/LRUCache.build/Release-iphoneos/LRUCache.build/Objects-normal/arm64/LRUCache.SwiftFileList\n\nWriteAuxiliaryFile /Users/builder/clone/build/Build/Intermediates.noindex/LRUCache.build/Release-iphoneos/LRUCache.build/Objects-normal/arm64/LRUCache.SwiftConstValuesFileList (in target 'LRUCache' from project 'LRUCache')\n    cd /Users/builder/clone/build/SourcePackages/checkouts/LRUCache\n    write-file /Users/builder/clone/build/Build/Intermediates.noindex/LRUCache.build/Release-iphoneos/LRUCache.build/Objects-normal/arm64/LRUCache.SwiftConstValuesFileList\n\nWriteAuxiliaryFile /Users/builder/clone/build/Build/Intermediates.noindex/LRUCache.build/Release-iphoneos/LRUCache.build/Objects-normal/arm64/LRUCache.LinkFileList (in target 'LRUCache' from project 'LRUCache')\n    cd /Users/builder/clone/build/SourcePackages/checkouts/LRUCache\n    write-file /Users/builder/clone/build/Build/Intermediates.noindex/LRUCache.build/Release-iphoneos/LRUCache.build/Objects-normal/arm64/LRUCache.LinkFileList\n\nWriteAuxiliaryFile /Users/builder/clone/build/Build/Intermediates.noindex/LRUCache.build/Release-iphoneos/LRUCache.build/Objects-normal/arm64/LRUCache-OutputFileMap.json (in target 'LRUCache' from project 'LRUCache')\n    cd /Users/builder/clone/build/SourcePackages/checkouts/LRUCache\n    write-file /Users/builder/clone/build/Build/Intermediates.noindex/LRUCache.build/Release-iphoneos/LRUCache.build/Objects-normal/arm64/LRUCache-OutputFileMap.json\n\nWriteAuxiliaryFile /Users/builder/clone/build/Build/Intermediates.noindex/LRUCache.build/Release-iphoneos/LRUCache.build/LRUCache.modulemap (in target 'LRUCache' from project 'LRUCache')\n    cd /Users/builder/clone/build/SourcePackages/checkouts/LRUCache\n    write-file /Users/builder/clone/build/Build/Intermediates.noindex/LRUCache.build/Release-iphoneos/LRUCache.build/LRUCache.modulemap\n\nWriteAuxiliaryFile /Users/builder/clone/build/Build/Intermediates.noindex/LRUCache.build/Release-iphoneos/LRUCache.build/LRUCache.DependencyStaticMetadataFileList (in target 'LRUCache' from project 'LRUCache')\n    cd /Users/builder/clone/build/SourcePackages/checkouts/LRUCache\n    write-file /Users/builder/clone/build/Build/Intermediates.noindex/LRUCache.build/Release-iphoneos/LRUCache.build/LRUCache.DependencyStaticMetadataFileList\n\nWriteAuxiliaryFile /Users/builder/clone/build/Build/Intermediates.noindex/LRUCache.build/Release-iphoneos/LRUCache.build/LRUCache.DependencyMetadataFileList (in target 'LRUCache' from project 'LRUCache')\n    cd /Users/builder/clone/build/SourcePackages/checkouts/LRUCache\n    write-file /Users/builder/clone/build/Build/Intermediates.noindex/LRUCache.build/Release-iphoneos/LRUCache.build/LRUCache.DependencyMetadataFileList\n\nCopy /Users/builder/clone/build/Build/Intermediates.noindex/GeneratedModuleMaps-iphoneos/LRUCache.modulemap /Users/builder/clone/build/Build/Intermediates.noindex/LRUCache.build/Release-iphoneos/LRUCache.build/LRUCache.modulemap (in target 'LRUCache' from project 'LRUCache')\n    cd /Users/builder/clone/build/SourcePackages/checkouts/LRUCache\n    builtin-copy -exclude .DS_Store -exclude CVS -exclude .svn -exclude .git -exclude .hg -strip-unsigned-binaries -strip-deterministic -strip-tool /Applications/Xcode-26.4.app/Contents/Developer/Toolchains/XcodeDefault.xctoolchain/usr/bin/strip -resolve-src-symlinks /Users/builder/clone/build/Build/Intermediates.noindex/LRUCache.build/Release-iphoneos/LRUCache.build/LRUCache.modulemap /Users/builder/clone/build/Build/Intermediates.noindex/GeneratedModuleMaps-iphoneos\n\nWriteAuxiliaryFile /Users/builder/clone/build/Build/Intermediates.noindex/KeychainSwift.build/Release-iphoneos/KeychainSwift.build/Objects-normal/arm64/KeychainSwift_const_extract_protocols.json (in target 'KeychainSwift' from project 'KeychainSwift')\n    cd /Users/builder/clone/build/SourcePackages/checkouts/keychain-swift\n    write-file /Users/builder/clone/build/Build/Intermediates.noindex/KeychainSwift.build/Release-iphoneos/KeychainSwift.build/Objects-normal/arm64/KeychainSwift_const_extract_protocols.json\n\nWriteAuxiliaryFile /Users/builder/clone/build/Build/Intermediates.noindex/KeychainSwift.build/Release-iphoneos/KeychainSwift.build/Objects-normal/arm64/KeychainSwift.SwiftFileList (in target 'KeychainSwift' from project 'KeychainSwift')\n    cd /Users/builder/clone/build/SourcePackages/checkouts/keychain-swift\n    write-file /Users/builder/clone/build/Build/Intermediates.noindex/KeychainSwift.build/Release-iphoneos/KeychainSwift.build/Objects-normal/arm64/KeychainSwift.SwiftFileList\n\nWriteAuxiliaryFile /Users/builder/clone/build/Build/Intermediates.noindex/KeychainSwift.build/Release-iphoneos/KeychainSwift.build/Objects-normal/arm64/KeychainSwift.SwiftConstValuesFileList (in target 'KeychainSwift' from project 'KeychainSwift')\n    cd /Users/builder/clone/build/SourcePackages/checkouts/keychain-swift\n    write-file /Users/builder/clone/build/Build/Intermediates.noindex/KeychainSwift.build/Release-iphoneos/KeychainSwift.build/Objects-normal/arm64/KeychainSwift.SwiftConstValuesFileList\n\nWriteAuxiliaryFile /Users/builder/clone/build/Build/Intermediates.noindex/KeychainSwift.build/Release-iphoneos/KeychainSwift.build/Objects-normal/arm64/KeychainSwift.LinkFileList (in target 'KeychainSwift' from project 'KeychainSwift')\n    cd /Users/builder/clone/build/SourcePackages/checkouts/keychain-swift\n    write-file /Users/builder/clone/build/Build/Intermediates.noindex/KeychainSwift.build/Release-iphoneos/KeychainSwift.build/Objects-normal/arm64/KeychainSwift.LinkFileList\n\nWriteAuxiliaryFile /Users/builder/clone/build/Build/Intermediates.noindex/KeychainSwift.build/Release-iphoneos/KeychainSwift.build/Objects-normal/arm64/KeychainSwift-OutputFileMap.json (in target 'KeychainSwift' from project 'KeychainSwift')\n    cd /Users/builder/clone/build/SourcePackages/checkouts/keychain-swift\n    write-file /Users/builder/clone/build/Build/Intermediates.noindex/KeychainSwift.build/Release-iphoneos/KeychainSwift.build/Objects-normal/arm64/KeychainSwift-OutputFileMap.json\n\nWriteAuxiliaryFile /Users/builder/clone/build/Build/Intermediates.noindex/KeychainSwift.build/Release-iphoneos/KeychainSwift.build/KeychainSwift.modulemap (in target 'KeychainSwift' from project 'KeychainSwift')\n    cd /Users/builder/clone/build/SourcePackages/checkouts/keychain-swift\n    write-file /Users/builder/clone/build/Build/Intermediates.noindex/KeychainSwift.build/Release-iphoneos/KeychainSwift.build/KeychainSwift.modulemap\n\nWriteAuxiliaryFile /Users/builder/clone/build/Build/Intermediates.noindex/KeychainSwift.build/Release-iphoneos/KeychainSwift.build/KeychainSwift.DependencyStaticMetadataFileList (in target 'KeychainSwift' from project 'KeychainSwift')\n    cd /Users/builder/clone/build/SourcePackages/checkouts/keychain-swift\n    write-file /Users/builder/clone/build/Build/Intermediates.noindex/KeychainSwift.build/Release-iphoneos/KeychainSwift.build/KeychainSwift.DependencyStaticMetadataFileList\n\nWriteAuxiliaryFile /Users/builder/clone/build/Build/Intermediates.noindex/KeychainSwift.build/Release-iphoneos/KeychainSwift.build/KeychainSwift.DependencyMetadataFileList (in target 'KeychainSwift' from project 'KeychainSwift')\n    cd /Users/builder/clone/build/SourcePackages/checkouts/keychain-swift\n    write-file /Users/builder/clone/build/Build/Intermediates.noindex/KeychainSwift.build/Release-iphoneos/KeychainSwift.build/KeychainSwift.DependencyMetadataFileList\n\nCopy /Users/builder/clone/build/Build/Intermediates.noindex/GeneratedModuleMaps-iphoneos/KeychainSwift.modulemap /Users/builder/clone/build/Build/Intermediates.noindex/KeychainSwift.build/Release-iphoneos/KeychainSwift.build/KeychainSwift.modulemap (in target 'KeychainSwift' from project 'KeychainSwift')\n    cd /Users/builder/clone/build/SourcePackages/checkouts/keychain-swift\n    builtin-copy -exclude .DS_Store -exclude CVS -exclude .svn -exclude .git -exclude .hg -strip-unsigned-binaries -strip-deterministic -strip-tool /Applications/Xcode-26.4.app/Contents/Developer/Toolchains/XcodeDefault.xctoolchain/usr/bin/strip -resolve-src-symlinks /Users/builder/clone/build/Build/Intermediates.noindex/KeychainSwift.build/Release-iphoneos/KeychainSwift.build/KeychainSwift.modulemap /Users/builder/clone/build/Build/Intermediates.noindex/GeneratedModuleMaps-iphoneos\n\nWriteAuxiliaryFile /Users/builder/clone/build/Build/Intermediates.noindex/IceCubesApp.build/Release-iphoneos/IceCubesShareExtension.build/Objects-normal/arm64/IceCubesShareExtension_const_extract_protocols.json (in target 'IceCubesShareExtension' from project 'IceCubesApp')\n    cd /Users/builder/clone\n    write-file /Users/builder/clone/build/Build/Intermediates.noindex/IceCubesApp.build/Release-iphoneos/IceCubesShareExtension.build/Objects-normal/arm64/IceCubesShareExtension_const_extract_protocols.json\n\nWriteAuxiliaryFile /Users/builder/clone/build/Build/Intermediates.noindex/IceCubesApp.build/Release-iphoneos/IceCubesShareExtension.build/Objects-normal/arm64/IceCubesShareExtension.SwiftFileList (in target 'IceCubesShareExtension' from project 'IceCubesApp')\n    cd /Users/builder/clone\n    write-file /Users/builder/clone/build/Build/Intermediates.noindex/IceCubesApp.build/Release-iphoneos/IceCubesShareExtension.build/Objects-normal/arm64/IceCubesShareExtension.SwiftFileList\n\nWriteAuxiliaryFile /Users/builder/clone/build/Build/Intermediates.noindex/IceCubesApp.build/Release-iphoneos/IceCubesShareExtension.build/Objects-normal/arm64/IceCubesShareExtension.SwiftConstValuesFileList (in target 'IceCubesShareExtension' from project 'IceCubesApp')\n    cd /Users/builder/clone\n    write-file /Users/builder/clone/build/Build/Intermediates.noindex/IceCubesApp.build/Release-iphoneos/IceCubesShareExtension.build/Objects-normal/arm64/IceCubesShareExtension.SwiftConstValuesFileList\n\nWriteAuxiliaryFile /Users/builder/clone/build/Build/Intermediates.noindex/IceCubesApp.build/Release-iphoneos/IceCubesShareExtension.build/Objects-normal/arm64/IceCubesShareExtension.LinkFileList (in target 'IceCubesShareExtension' from project 'IceCubesApp')\n    cd /Users/builder/clone\n    write-file /Users/builder/clone/build/Build/Intermediates.noindex/IceCubesApp.build/Release-iphoneos/IceCubesShareExtension.build/Objects-normal/arm64/IceCubesShareExtension.LinkFileList\n\nWriteAuxiliaryFile /Users/builder/clone/build/Build/Intermediates.noindex/IceCubesApp.build/Release-iphoneos/IceCubesShareExtension.build/Objects-normal/arm64/IceCubesShareExtension-OutputFileMap.json (in target 'IceCubesShareExtension' from project 'IceCubesApp')\n    cd /Users/builder/clone\n    write-file /Users/builder/clone/build/Build/Intermediates.noindex/IceCubesApp.build/Release-iphoneos/IceCubesShareExtension.build/Objects-normal/arm64/IceCubesShareExtension-OutputFileMap.json\n\nWriteAuxiliaryFile /Users/builder/clone/build/Build/Intermediates.noindex/IceCubesApp.build/Release-iphoneos/IceCubesShareExtension.build/IceCubesShareExtension.hmap (in target 'IceCubesShareExtension' from project 'IceCubesApp')\n    cd /Users/builder/clone\n    write-file /Users/builder/clone/build/Build/Intermediates.noindex/IceCubesApp.build/Release-iphoneos/IceCubesShareExtension.build/IceCubesShareExtension.hmap\n\nWriteAuxiliaryFile /Users/builder/clone/build/Build/Intermediates.noindex/IceCubesApp.build/Release-iphoneos/IceCubesShareExtension.build/IceCubesShareExtension.DependencyStaticMetadataFileList (in target 'IceCubesShareExtension' from project 'IceCubesApp')\n    cd /Users/builder/clone\n    write-file /Users/builder/clone/build/Build/Intermediates.noindex/IceCubesApp.build/Release-iphoneos/IceCubesShareExtension.build/IceCubesShareExtension.DependencyStaticMetadataFileList\n\nWriteAuxiliaryFile /Users/builder/clone/build/Build/Intermediates.noindex/IceCubesApp.build/Release-iphoneos/IceCubesShareExtension.build/IceCubesShareExtension.DependencyMetadataFileList (in target 'IceCubesShareExtension' from project 'IceCubesApp')\n    cd /Users/builder/clone\n    write-file /Users/builder/clone/build/Build/Intermediates.noindex/IceCubesApp.build/Release-iphoneos/IceCubesShareExtension.build/IceCubesShareExtension.DependencyMetadataFileList\n\nWriteAuxiliaryFile /Users/builder/clone/build/Build/Intermediates.noindex/IceCubesApp.build/Release-iphoneos/IceCubesShareExtension.build/IceCubesShareExtension-project-headers.hmap (in target 'IceCubesShareExtension' from project 'IceCubesApp')\n    cd /Users/builder/clone\n    write-file /Users/builder/clone/build/Build/Intermediates.noindex/IceCubesApp.build/Release-iphoneos/IceCubesShareExtension.build/IceCubesShareExtension-project-headers.hmap\n\nWriteAuxiliaryFile /Users/builder/clone/build/Build/Intermediates.noindex/IceCubesApp.build/Release-iphoneos/IceCubesShareExtension.build/IceCubesShareExtension-own-target-headers.hmap (in target 'IceCubesShareExtension' from project 'IceCubesApp')\n    cd /Users/builder/clone\n    write-file /Users/builder/clone/build/Build/Intermediates.noindex/IceCubesApp.build/Release-iphoneos/IceCubesShareExtension.build/IceCubesShareExtension-own-target-headers.hmap\n\nWriteAuxiliaryFile /Users/builder/clone/build/Build/Intermediates.noindex/IceCubesApp.build/Release-iphoneos/IceCubesShareExtension.build/IceCubesShareExtension-generated-files.hmap (in target 'IceCubesShareExtension' from project 'IceCubesApp')\n    cd /Users/builder/clone\n    write-file /Users/builder/clone/build/Build/Intermediates.noindex/IceCubesApp.build/Release-iphoneos/IceCubesShareExtension.build/IceCubesShareExtension-generated-files.hmap\n\nWriteAuxiliaryFile /Users/builder/clone/build/Build/Intermediates.noindex/IceCubesApp.build/Release-iphoneos/IceCubesShareExtension.build/IceCubesShareExtension-all-target-headers.hmap (in target 'IceCubesShareExtension' from project 'IceCubesApp')\n    cd /Users/builder/clone\n    write-file /Users/builder/clone/build/Build/Intermediates.noindex/IceCubesApp.build/Release-iphoneos/IceCubesShareExtension.build/IceCubesShareExtension-all-target-headers.hmap\n\nWriteAuxiliaryFile /Users/builder/clone/build/Build/Intermediates.noindex/IceCubesApp.build/Release-iphoneos/IceCubesShareExtension.build/IceCubesShareExtension-all-non-framework-target-headers.hmap (in target 'IceCubesShareExtension' from project 'IceCubesApp')\n    cd /Users/builder/clone\n    write-file /Users/builder/clone/build/Build/Intermediates.noindex/IceCubesApp.build/Release-iphoneos/IceCubesShareExtension.build/IceCubesShareExtension-all-non-framework-target-headers.hmap\n\nWriteAuxiliaryFile /Users/builder/clone/build/Build/Intermediates.noindex/IceCubesApp.build/Release-iphoneos/IceCubesNotifications.build/Objects-normal/arm64/IceCubesNotifications_const_extract_protocols.json (in target 'IceCubesNotifications' from project 'IceCubesApp')\n    cd /Users/builder/clone\n    write-file /Users/builder/clone/build/Build/Intermediates.noindex/IceCubesApp.build/Release-iphoneos/IceCubesNotifications.build/Objects-normal/arm64/IceCubesNotifications_const_extract_protocols.json\n\nWriteAuxiliaryFile /Users/builder/clone/build/Build/Intermediates.noindex/IceCubesApp.build/Release-iphoneos/IceCubesNotifications.build/Objects-normal/arm64/IceCubesNotifications.SwiftFileList (in target 'IceCubesNotifications' from project 'IceCubesApp')\n    cd /Users/builder/clone\n    write-file /Users/builder/clone/build/Build/Intermediates.noindex/IceCubesApp.build/Release-iphoneos/IceCubesNotifications.build/Objects-normal/arm64/IceCubesNotifications.SwiftFileList\n\nWriteAuxiliaryFile /Users/builder/clone/build/Build/Intermediates.noindex/IceCubesApp.build/Release-iphoneos/IceCubesNotifications.build/Objects-normal/arm64/IceCubesNotifications.SwiftConstValuesFileList (in target 'IceCubesNotifications' from project 'IceCubesApp')\n    cd /Users/builder/clone\n    write-file /Users/builder/clone/build/Build/Intermediates.noindex/IceCubesApp.build/Release-iphoneos/IceCubesNotifications.build/Objects-normal/arm64/IceCubesNotifications.SwiftConstValuesFileList\n\nWriteAuxiliaryFile /Users/builder/clone/build/Build/Intermediates.noindex/IceCubesApp.build/Release-iphoneos/IceCubesNotifications.build/Objects-normal/arm64/IceCubesNotifications.LinkFileList (in target 'IceCubesNotifications' from project 'IceCubesApp')\n    cd /Users/builder/clone\n    write-file /Users/builder/clone/build/Build/Intermediates.noindex/IceCubesApp.build/Release-iphoneos/IceCubesNotifications.build/Objects-normal/arm64/IceCubesNotifications.LinkFileList\n\nWriteAuxiliaryFile /Users/builder/clone/build/Build/Intermediates.noindex/IceCubesApp.build/Release-iphoneos/IceCubesNotifications.build/Objects-normal/arm64/IceCubesNotifications-OutputFileMap.json (in target 'IceCubesNotifications' from project 'IceCubesApp')\n    cd /Users/builder/clone\n    write-file /Users/builder/clone/build/Build/Intermediates.noindex/IceCubesApp.build/Release-iphoneos/IceCubesNotifications.build/Objects-normal/arm64/IceCubesNotifications-OutputFileMap.json\n\nWriteAuxiliaryFile /Users/builder/clone/build/Build/Intermediates.noindex/IceCubesApp.build/Release-iphoneos/IceCubesNotifications.build/IceCubesNotifications.hmap (in target 'IceCubesNotifications' from project 'IceCubesApp')\n    cd /Users/builder/clone\n    write-file /Users/builder/clone/build/Build/Intermediates.noindex/IceCubesApp.build/Release-iphoneos/IceCubesNotifications.build/IceCubesNotifications.hmap\n\nWriteAuxiliaryFile /Users/builder/clone/build/Build/Intermediates.noindex/IceCubesApp.build/Release-iphoneos/IceCubesNotifications.build/IceCubesNotifications.DependencyStaticMetadataFileList (in target 'IceCubesNotifications' from project 'IceCubesApp')\n    cd /Users/builder/clone\n    write-file /Users/builder/clone/build/Build/Intermediates.noindex/IceCubesApp.build/Release-iphoneos/IceCubesNotifications.build/IceCubesNotifications.DependencyStaticMetadataFileList\n\nWriteAuxiliaryFile /Users/builder/clone/build/Build/Intermediates.noindex/IceCubesApp.build/Release-iphoneos/IceCubesNotifications.build/IceCubesNotifications.DependencyMetadataFileList (in target 'IceCubesNotifications' from project 'IceCubesApp')\n    cd /Users/builder/clone\n    write-file /Users/builder/clone/build/Build/Intermediates.noindex/IceCubesApp.build/Release-iphoneos/IceCubesNotifications.build/IceCubesNotifications.DependencyMetadataFileList\n\nWriteAuxiliaryFile /Users/builder/clone/build/Build/Intermediates.noindex/IceCubesApp.build/Release-iphoneos/IceCubesNotifications.build/IceCubesNotifications-project-headers.hmap (in target 'IceCubesNotifications' from project 'IceCubesApp')\n    cd /Users/builder/clone\n    write-file /Users/builder/clone/build/Build/Intermediates.noindex/IceCubesApp.build/Release-iphoneos/IceCubesNotifications.build/IceCubesNotifications-project-headers.hmap\n\nWriteAuxiliaryFile /Users/builder/clone/build/Build/Intermediates.noindex/IceCubesApp.build/Release-iphoneos/IceCubesNotifications.build/IceCubesNotifications-own-target-headers.hmap (in target 'IceCubesNotifications' from project 'IceCubesApp')\n    cd /Users/builder/clone\n    write-file /Users/builder/clone/build/Build/Intermediates.noindex/IceCubesApp.build/Release-iphoneos/IceCubesNotifications.build/IceCubesNotifications-own-target-headers.hmap\n\nWriteAuxiliaryFile /Users/builder/clone/build/Build/Intermediates.noindex/IceCubesApp.build/Release-iphoneos/IceCubesNotifications.build/IceCubesNotifications-generated-files.hmap (in target 'IceCubesNotifications' from project 'IceCubesApp')\n    cd /Users/builder/clone\n    write-file /Users/builder/clone/build/Build/Intermediates.noindex/IceCubesApp.build/Release-iphoneos/IceCubesNotifications.build/IceCubesNotifications-generated-files.hmap\n\nWriteAuxiliaryFile /Users/builder/clone/build/Build/Intermediates.noindex/IceCubesApp.build/Release-iphoneos/IceCubesNotifications.build/IceCubesNotifications-all-target-headers.hmap (in target 'IceCubesNotifications' from project 'IceCubesApp')\n    cd /Users/builder/clone\n    write-file /Users/builder/clone/build/Build/Intermediates.noindex/IceCubesApp.build/Release-iphoneos/IceCubesNotifications.build/IceCubesNotifications-all-target-headers.hmap\n\nWriteAuxiliaryFile /Users/builder/clone/build/Build/Intermediates.noindex/IceCubesApp.build/Release-iphoneos/IceCubesNotifications.build/IceCubesNotifications-all-non-framework-target-headers.hmap (in target 'IceCubesNotifications' from project 'IceCubesApp')\n    cd /Users/builder/clone\n    write-file /Users/builder/clone/build/Build/Intermediates.noindex/IceCubesApp.build/Release-iphoneos/IceCubesNotifications.build/IceCubesNotifications-all-non-framework-target-headers.hmap\n\nWriteAuxiliaryFile /Users/builder/clone/build/Build/Intermediates.noindex/IceCubesApp.build/Release-iphoneos/IceCubesAppWidgetsExtensionExtension.build/Objects-normal/arm64/IceCubesAppWidgetsExtensionExtension_const_extract_protocols.json (in target 'IceCubesAppWidgetsExtensionExtension' from project 'IceCubesApp')\n    cd /Users/builder/clone\n    write-file /Users/builder/clone/build/Build/Intermediates.noindex/IceCubesApp.build/Release-iphoneos/IceCubesAppWidgetsExtensionExtension.build/Objects-normal/arm64/IceCubesAppWidgetsExtensionExtension_const_extract_protocols.json\n\nWriteAuxiliaryFile /Users/builder/clone/build/Build/Intermediates.noindex/IceCubesApp.build/Release-iphoneos/IceCubesAppWidgetsExtensionExtension.build/Objects-normal/arm64/IceCubesAppWidgetsExtensionExtension.SwiftFileList (in target 'IceCubesAppWidgetsExtensionExtension' from project 'IceCubesApp')\n    cd /Users/builder/clone\n    write-file /Users/builder/clone/build/Build/Intermediates.noindex/IceCubesApp.build/Release-iphoneos/IceCubesAppWidgetsExtensionExtension.build/Objects-normal/arm64/IceCubesAppWidgetsExtensionExtension.SwiftFileList\n\nWriteAuxiliaryFile /Users/builder/clone/build/Build/Intermediates.noindex/IceCubesApp.build/Release-iphoneos/IceCubesAppWidgetsExtensionExtension.build/Objects-normal/arm64/IceCubesAppWidgetsExtensionExtension.SwiftConstValuesFileList (in target 'IceCubesAppWidgetsExtensionExtension' from project 'IceCubesApp')\n    cd /Users/builder/clone\n    write-file /Users/builder/clone/build/Build/Intermediates.noindex/IceCubesApp.build/Release-iphoneos/IceCubesAppWidgetsExtensionExtension.build/Objects-normal/arm64/IceCubesAppWidgetsExtensionExtension.SwiftConstValuesFileList\n\nWriteAuxiliaryFile /Users/builder/clone/build/Build/Intermediates.noindex/IceCubesApp.build/Release-iphoneos/IceCubesAppWidgetsExtensionExtension.build/Objects-normal/arm64/IceCubesAppWidgetsExtensionExtension.LinkFileList (in target 'IceCubesAppWidgetsExtensionExtension' from project 'IceCubesApp')\n    cd /Users/builder/clone\n    write-file /Users/builder/clone/build/Build/Intermediates.noindex/IceCubesApp.build/Release-iphoneos/IceCubesAppWidgetsExtensionExtension.build/Objects-normal/arm64/IceCubesAppWidgetsExtensionExtension.LinkFileList\n\nWriteAuxiliaryFile /Users/builder/clone/build/Build/Intermediates.noindex/IceCubesApp.build/Release-iphoneos/IceCubesAppWidgetsExtensionExtension.build/Objects-normal/arm64/IceCubesAppWidgetsExtensionExtension-OutputFileMap.json (in target 'IceCubesAppWidgetsExtensionExtension' from project 'IceCubesApp')\n    cd /Users/builder/clone\n    write-file /Users/builder/clone/build/Build/Intermediates.noindex/IceCubesApp.build/Release-iphoneos/IceCubesAppWidgetsExtensionExtension.build/Objects-normal/arm64/IceCubesAppWidgetsExtensionExtension-OutputFileMap.json\n\nWriteAuxiliaryFile /Users/builder/clone/build/Build/Intermediates.noindex/IceCubesApp.build/Release-iphoneos/IceCubesAppWidgetsExtensionExtension.build/IceCubesAppWidgetsExtensionExtension.hmap (in target 'IceCubesAppWidgetsExtensionExtension' from project 'IceCubesApp')\n    cd /Users/builder/clone\n    write-file /Users/builder/clone/build/Build/Intermediates.noindex/IceCubesApp.build/Release-iphoneos/IceCubesAppWidgetsExtensionExtension.build/IceCubesAppWidgetsExtensionExtension.hmap\n\nWriteAuxiliaryFile /Users/builder/clone/build/Build/Intermediates.noindex/IceCubesApp.build/Release-iphoneos/IceCubesAppWidgetsExtensionExtension.build/IceCubesAppWidgetsExtensionExtension.DependencyStaticMetadataFileList (in target 'IceCubesAppWidgetsExtensionExtension' from project 'IceCubesApp')\n    cd /Users/builder/clone\n    write-file /Users/builder/clone/build/Build/Intermediates.noindex/IceCubesApp.build/Release-iphoneos/IceCubesAppWidgetsExtensionExtension.build/IceCubesAppWidgetsExtensionExtension.DependencyStaticMetadataFileList\n\nWriteAuxiliaryFile /Users/builder/clone/build/Build/Intermediates.noindex/IceCubesApp.build/Release-iphoneos/IceCubesAppWidgetsExtensionExtension.build/IceCubesAppWidgetsExtensionExtension.DependencyMetadataFileList (in target 'IceCubesAppWidgetsExtensionExtension' from project 'IceCubesApp')\n    cd /Users/builder/clone\n    write-file /Users/builder/clone/build/Build/Intermediates.noindex/IceCubesApp.build/Release-iphoneos/IceCubesAppWidgetsExtensionExtension.build/IceCubesAppWidgetsExtensionExtension.DependencyMetadataFileList\n\nWriteAuxiliaryFile /Users/builder/clone/build/Build/Intermediates.noindex/IceCubesApp.build/Release-iphoneos/IceCubesAppWidgetsExtensionExtension.build/IceCubesAppWidgetsExtensionExtension-project-headers.hmap (in target 'IceCubesAppWidgetsExtensionExtension' from project 'IceCubesApp')\n    cd /Users/builder/clone\n    write-file /Users/builder/clone/build/Build/Intermediates.noindex/IceCubesApp.build/Release-iphoneos/IceCubesAppWidgetsExtensionExtension.build/IceCubesAppWidgetsExtensionExtension-project-headers.hmap\n\nWriteAuxiliaryFile /Users/builder/clone/build/Build/Intermediates.noindex/IceCubesApp.build/Release-iphoneos/IceCubesAppWidgetsExtensionExtension.build/IceCubesAppWidgetsExtensionExtension-own-target-headers.hmap (in target 'IceCubesAppWidgetsExtensionExtension' from project 'IceCubesApp')\n    cd /Users/builder/clone\n    write-file /Users/builder/clone/build/Build/Intermediates.noindex/IceCubesApp.build/Release-iphoneos/IceCubesAppWidgetsExtensionExtension.build/IceCubesAppWidgetsExtensionExtension-own-target-headers.hmap\n\nWriteAuxiliaryFile /Users/builder/clone/build/Build/Intermediates.noindex/IceCubesApp.build/Release-iphoneos/IceCubesAppWidgetsExtensionExtension.build/IceCubesAppWidgetsExtensionExtension-generated-files.hmap (in target 'IceCubesAppWidgetsExtensionExtension' from project 'IceCubesApp')\n    cd /Users/builder/clone\n    write-file /Users/builder/clone/build/Build/Intermediates.noindex/IceCubesApp.build/Release-iphoneos/IceCubesAppWidgetsExtensionExtension.build/IceCubesAppWidgetsExtensionExtension-generated-files.hmap\n\nWriteAuxiliaryFile /Users/builder/clone/build/Build/Intermediates.noindex/IceCubesApp.build/Release-iphoneos/IceCubesAppWidgetsExtensionExtension.build/IceCubesAppWidgetsExtensionExtension-all-target-headers.hmap (in target 'IceCubesAppWidgetsExtensionExtension' from project 'IceCubesApp')\n    cd /Users/builder/clone\n    write-file /Users/builder/clone/build/Build/Intermediates.noindex/IceCubesApp.build/Release-iphoneos/IceCubesAppWidgetsExtensionExtension.build/IceCubesAppWidgetsExtensionExtension-all-target-headers.hmap\n\nWriteAuxiliaryFile /Users/builder/clone/build/Build/Intermediates.noindex/IceCubesApp.build/Release-iphoneos/IceCubesAppWidgetsExtensionExtension.build/IceCubesAppWidgetsExtensionExtension-all-non-framework-target-headers.hmap (in target 'IceCubesAppWidgetsExtensionExtension' from project 'IceCubesApp')\n    cd /Users/builder/clone\n    write-file /Users/builder/clone/build/Build/Intermediates.noindex/IceCubesApp.build/Release-iphoneos/IceCubesAppWidgetsExtensionExtension.build/IceCubesAppWidgetsExtensionExtension-all-non-framework-target-headers.hmap\n\nWriteAuxiliaryFile /Users/builder/clone/build/Build/Intermediates.noindex/IceCubesApp.build/Release-iphoneos/IceCubesApp.build/Objects-normal/arm64/IceCubesApp_const_extract_protocols.json (in target 'IceCubesApp' from project 'IceCubesApp')\n    cd /Users/builder/clone\n    write-file /Users/builder/clone/build/Build/Intermediates.noindex/IceCubesApp.build/Release-iphoneos/IceCubesApp.build/Objects-normal/arm64/IceCubesApp_const_extract_protocols.json\n\nWriteAuxiliaryFile /Users/builder/clone/build/Build/Intermediates.noindex/IceCubesApp.build/Release-iphoneos/IceCubesApp.build/Objects-normal/arm64/IceCubesApp-OutputFileMap.json (in target 'IceCubesApp' from project 'IceCubesApp')\n    cd /Users/builder/clone\n    write-file /Users/builder/clone/build/Build/Intermediates.noindex/IceCubesApp.build/Release-iphoneos/IceCubesApp.build/Objects-normal/arm64/IceCubesApp-OutputFileMap.json\n\nWriteAuxiliaryFile /Users/builder/clone/build/Build/Intermediates.noindex/IceCubesApp.build/Release-iphoneos/IceCubesApp.build/Objects-normal/arm64/Ice\\ Cubes.SwiftFileList (in target 'IceCubesApp' from project 'IceCubesApp')\n    cd /Users/builder/clone\n    write-file /Users/builder/clone/build/Build/Intermediates.noindex/IceCubesApp.build/Release-iphoneos/IceCubesApp.build/Objects-normal/arm64/Ice\\ Cubes.SwiftFileList\n\nWriteAuxiliaryFile /Users/builder/clone/build/Build/Intermediates.noindex/IceCubesApp.build/Release-iphoneos/IceCubesApp.build/Objects-normal/arm64/Ice\\ Cubes.SwiftConstValuesFileList (in target 'IceCubesApp' from project 'IceCubesApp')\n    cd /Users/builder/clone\n    write-file /Users/builder/clone/build/Build/Intermediates.noindex/IceCubesApp.build/Release-iphoneos/IceCubesApp.build/Objects-normal/arm64/Ice\\ Cubes.SwiftConstValuesFileList\n\nWriteAuxiliaryFile /Users/builder/clone/build/Build/Intermediates.noindex/IceCubesApp.build/Release-iphoneos/IceCubesApp.build/Objects-normal/arm64/Ice\\ Cubes.LinkFileList (in target 'IceCubesApp' from project 'IceCubesApp')\n    cd /Users/builder/clone\n    write-file /Users/builder/clone/build/Build/Intermediates.noindex/IceCubesApp.build/Release-iphoneos/IceCubesApp.build/Objects-normal/arm64/Ice\\ Cubes.LinkFileList\n\nWriteAuxiliaryFile /Users/builder/clone/build/Build/Intermediates.noindex/IceCubesApp.build/Release-iphoneos/IceCubesApp.build/Ice\\ Cubes.hmap (in target 'IceCubesApp' from project 'IceCubesApp')\n    cd /Users/builder/clone\n    write-file /Users/builder/clone/build/Build/Intermediates.noindex/IceCubesApp.build/Release-iphoneos/IceCubesApp.build/Ice\\ Cubes.hmap\n\nWriteAuxiliaryFile /Users/builder/clone/build/Build/Intermediates.noindex/IceCubesApp.build/Release-iphoneos/IceCubesApp.build/Ice\\ Cubes.DependencyStaticMetadataFileList (in target 'IceCubesApp' from project 'IceCubesApp')\n    cd /Users/builder/clone\n    write-file /Users/builder/clone/build/Build/Intermediates.noindex/IceCubesApp.build/Release-iphoneos/IceCubesApp.build/Ice\\ Cubes.DependencyStaticMetadataFileList\n\nWriteAuxiliaryFile /Users/builder/clone/build/Build/Intermediates.noindex/IceCubesApp.build/Release-iphoneos/IceCubesApp.build/Ice\\ Cubes.DependencyMetadataFileList (in target 'IceCubesApp' from project 'IceCubesApp')\n    cd /Users/builder/clone\n    write-file /Users/builder/clone/build/Build/Intermediates.noindex/IceCubesApp.build/Release-iphoneos/IceCubesApp.build/Ice\\ Cubes.DependencyMetadataFileList\n\nWriteAuxiliaryFile /Users/builder/clone/build/Build/Intermediates.noindex/IceCubesApp.build/Release-iphoneos/IceCubesApp.build/Ice\\ Cubes-project-headers.hmap (in target 'IceCubesApp' from project 'IceCubesApp')\n    cd /Users/builder/clone\n    write-file /Users/builder/clone/build/Build/Intermediates.noindex/IceCubesApp.build/Release-iphoneos/IceCubesApp.build/Ice\\ Cubes-project-headers.hmap\n\nWriteAuxiliaryFile /Users/builder/clone/build/Build/Intermediates.noindex/IceCubesApp.build/Release-iphoneos/IceCubesApp.build/Ice\\ Cubes-own-target-headers.hmap (in target 'IceCubesApp' from project 'IceCubesApp')\n    cd /Users/builder/clone\n    write-file /Users/builder/clone/build/Build/Intermediates.noindex/IceCubesApp.build/Release-iphoneos/IceCubesApp.build/Ice\\ Cubes-own-target-headers.hmap\n\nWriteAuxiliaryFile /Users/builder/clone/build/Build/Intermediates.noindex/IceCubesApp.build/Release-iphoneos/IceCubesApp.build/Ice\\ Cubes-generated-files.hmap (in target 'IceCubesApp' from project 'IceCubesApp')\n    cd /Users/builder/clone\n    write-file /Users/builder/clone/build/Build/Intermediates.noindex/IceCubesApp.build/Release-iphoneos/IceCubesApp.build/Ice\\ Cubes-generated-files.hmap\n\nWriteAuxiliaryFile /Users/builder/clone/build/Build/Intermediates.noindex/IceCubesApp.build/Release-iphoneos/IceCubesApp.build/Ice\\ Cubes-all-target-headers.hmap (in target 'IceCubesApp' from project 'IceCubesApp')\n    cd /Users/builder/clone\n    write-file /Users/builder/clone/build/Build/Intermediates.noindex/IceCubesApp.build/Release-iphoneos/IceCubesApp.build/Ice\\ Cubes-all-target-headers.hmap\n\nWriteAuxiliaryFile /Users/builder/clone/build/Build/Intermediates.noindex/IceCubesApp.build/Release-iphoneos/IceCubesApp.build/Ice\\ Cubes-all-non-framework-target-headers.hmap (in target 'IceCubesApp' from project 'IceCubesApp')\n    cd /Users/builder/clone\n    write-file /Users/builder/clone/build/Build/Intermediates.noindex/IceCubesApp.build/Release-iphoneos/IceCubesApp.build/Ice\\ Cubes-all-non-framework-target-headers.hmap\n\nWriteAuxiliaryFile /Users/builder/clone/build/Build/Intermediates.noindex/IceCubesApp.build/Release-iphoneos/IceCubesActionExtension.build/Objects-normal/arm64/IceCubesActionExtension_const_extract_protocols.json (in target 'IceCubesActionExtension' from project 'IceCubesApp')\n    cd /Users/builder/clone\n    write-file /Users/builder/clone/build/Build/Intermediates.noindex/IceCubesApp.build/Release-iphoneos/IceCubesActionExtension.build/Objects-normal/arm64/IceCubesActionExtension_const_extract_protocols.json\n\nWriteAuxiliaryFile /Users/builder/clone/build/Build/Intermediates.noindex/IceCubesApp.build/Release-iphoneos/IceCubesActionExtension.build/Objects-normal/arm64/IceCubesActionExtension.SwiftFileList (in target 'IceCubesActionExtension' from project 'IceCubesApp')\n    cd /Users/builder/clone\n    write-file /Users/builder/clone/build/Build/Intermediates.noindex/IceCubesApp.build/Release-iphoneos/IceCubesActionExtension.build/Objects-normal/arm64/IceCubesActionExtension.SwiftFileList\n\nWriteAuxiliaryFile /Users/builder/clone/build/Build/Intermediates.noindex/IceCubesApp.build/Release-iphoneos/IceCubesActionExtension.build/Objects-normal/arm64/IceCubesActionExtension.SwiftConstValuesFileList (in target 'IceCubesActionExtension' from project 'IceCubesApp')\n    cd /Users/builder/clone\n    write-file /Users/builder/clone/build/Build/Intermediates.noindex/IceCubesApp.build/Release-iphoneos/IceCubesActionExtension.build/Objects-normal/arm64/IceCubesActionExtension.SwiftConstValuesFileList\n\nWriteAuxiliaryFile /Users/builder/clone/build/Build/Intermediates.noindex/IceCubesApp.build/Release-iphoneos/IceCubesActionExtension.build/Objects-normal/arm64/IceCubesActionExtension.LinkFileList (in target 'IceCubesActionExtension' from project 'IceCubesApp')\n    cd /Users/builder/clone\n    write-file /Users/builder/clone/build/Build/Intermediates.noindex/IceCubesApp.build/Release-iphoneos/IceCubesActionExtension.build/Objects-normal/arm64/IceCubesActionExtension.LinkFileList\n\nWriteAuxiliaryFile /Users/builder/clone/build/Build/Intermediates.noindex/IceCubesApp.build/Release-iphoneos/IceCubesActionExtension.build/Objects-normal/arm64/IceCubesActionExtension-OutputFileMap.json (in target 'IceCubesActionExtension' from project 'IceCubesApp')\n    cd /Users/builder/clone\n    write-file /Users/builder/clone/build/Build/Intermediates.noindex/IceCubesApp.build/Release-iphoneos/IceCubesActionExtension.build/Objects-normal/arm64/IceCubesActionExtension-OutputFileMap.json\n\nWriteAuxiliaryFile /Users/builder/clone/build/Build/Intermediates.noindex/IceCubesApp.build/Release-iphoneos/IceCubesActionExtension.build/IceCubesActionExtension.hmap (in target 'IceCubesActionExtension' from project 'IceCubesApp')\n    cd /Users/builder/clone\n    write-file /Users/builder/clone/build/Build/Intermediates.noindex/IceCubesApp.build/Release-iphoneos/IceCubesActionExtension.build/IceCubesActionExtension.hmap\n\nWriteAuxiliaryFile /Users/builder/clone/build/Build/Intermediates.noindex/IceCubesApp.build/Release-iphoneos/IceCubesActionExtension.build/IceCubesActionExtension.DependencyStaticMetadataFileList (in target 'IceCubesActionExtension' from project 'IceCubesApp')\n    cd /Users/builder/clone\n    write-file /Users/builder/clone/build/Build/Intermediates.noindex/IceCubesApp.build/Release-iphoneos/IceCubesActionExtension.build/IceCubesActionExtension.DependencyStaticMetadataFileList\n\nWriteAuxiliaryFile /Users/builder/clone/build/Build/Intermediates.noindex/IceCubesApp.build/Release-iphoneos/IceCubesActionExtension.build/IceCubesActionExtension.DependencyMetadataFileList (in target 'IceCubesActionExtension' from project 'IceCubesApp')\n    cd /Users/builder/clone\n    write-file /Users/builder/clone/build/Build/Intermediates.noindex/IceCubesApp.build/Release-iphoneos/IceCubesActionExtension.build/IceCubesActionExtension.DependencyMetadataFileList\n\nWriteAuxiliaryFile /Users/builder/clone/build/Build/Intermediates.noindex/IceCubesApp.build/Release-iphoneos/IceCubesActionExtension.build/IceCubesActionExtension-project-headers.hmap (in target 'IceCubesActionExtension' from project 'IceCubesApp')\n    cd /Users/builder/clone\n    write-file /Users/builder/clone/build/Build/Intermediates.noindex/IceCubesApp.build/Release-iphoneos/IceCubesActionExtension.build/IceCubesActionExtension-project-headers.hmap\n\nWriteAuxiliaryFile /Users/builder/clone/build/Build/Intermediates.noindex/IceCubesApp.build/Release-iphoneos/IceCubesActionExtension.build/IceCubesActionExtension-own-target-headers.hmap (in target 'IceCubesActionExtension' from project 'IceCubesApp')\n    cd /Users/builder/clone\n    write-file /Users/builder/clone/build/Build/Intermediates.noindex/IceCubesApp.build/Release-iphoneos/IceCubesActionExtension.build/IceCubesActionExtension-own-target-headers.hmap\n\nWriteAuxiliaryFile /Users/builder/clone/build/Build/Intermediates.noindex/IceCubesApp.build/Release-iphoneos/IceCubesActionExtension.build/IceCubesActionExtension-generated-files.hmap (in target 'IceCubesActionExtension' from project 'IceCubesApp')\n    cd /Users/builder/clone\n    write-file /Users/builder/clone/build/Build/Intermediates.noindex/IceCubesApp.build/Release-iphoneos/IceCubesActionExtension.build/IceCubesActionExtension-generated-files.hmap\n\nWriteAuxiliaryFile /Users/builder/clone/build/Build/Intermediates.noindex/IceCubesApp.build/Release-iphoneos/IceCubesActionExtension.build/IceCubesActionExtension-all-target-headers.hmap (in target 'IceCubesActionExtension' from project 'IceCubesApp')\n    cd /Users/builder/clone\n    write-file /Users/builder/clone/build/Build/Intermediates.noindex/IceCubesApp.build/Release-iphoneos/IceCubesActionExtension.build/IceCubesActionExtension-all-target-headers.hmap\n\nWriteAuxiliaryFile /Users/builder/clone/build/Build/Intermediates.noindex/IceCubesApp.build/Release-iphoneos/IceCubesActionExtension.build/IceCubesActionExtension-all-non-framework-target-headers.hmap (in target 'IceCubesActionExtension' from project 'IceCubesApp')\n    cd /Users/builder/clone\n    write-file /Users/builder/clone/build/Build/Intermediates.noindex/IceCubesApp.build/Release-iphoneos/IceCubesActionExtension.build/IceCubesActionExtension-all-non-framework-target-headers.hmap\n\nWriteAuxiliaryFile /Users/builder/clone/build/Build/Intermediates.noindex/Gifu.build/Release-iphoneos/Gifu.build/Objects-normal/arm64/Gifu_const_extract_protocols.json (in target 'Gifu' from project 'Gifu')\n    cd /Users/builder/clone/build/SourcePackages/checkouts/Gifu\n    write-file /Users/builder/clone/build/Build/Intermediates.noindex/Gifu.build/Release-iphoneos/Gifu.build/Objects-normal/arm64/Gifu_const_extract_protocols.json\n\nWriteAuxiliaryFile /Users/builder/clone/build/Build/Intermediates.noindex/Gifu.build/Release-iphoneos/Gifu.build/Objects-normal/arm64/Gifu.SwiftFileList (in target 'Gifu' from project 'Gifu')\n    cd /Users/builder/clone/build/SourcePackages/checkouts/Gifu\n    write-file /Users/builder/clone/build/Build/Intermediates.noindex/Gifu.build/Release-iphoneos/Gifu.build/Objects-normal/arm64/Gifu.SwiftFileList\n\nWriteAuxiliaryFile /Users/builder/clone/build/Build/Intermediates.noindex/Gifu.build/Release-iphoneos/Gifu.build/Objects-normal/arm64/Gifu.SwiftConstValuesFileList (in target 'Gifu' from project 'Gifu')\n    cd /Users/builder/clone/build/SourcePackages/checkouts/Gifu\n    write-file /Users/builder/clone/build/Build/Intermediates.noindex/Gifu.build/Release-iphoneos/Gifu.build/Objects-normal/arm64/Gifu.SwiftConstValuesFileList\n\nWriteAuxiliaryFile /Users/builder/clone/build/Build/Intermediates.noindex/Gifu.build/Release-iphoneos/Gifu.build/Objects-normal/arm64/Gifu.LinkFileList (in target 'Gifu' from project 'Gifu')\n    cd /Users/builder/clone/build/SourcePackages/checkouts/Gifu\n    write-file /Users/builder/clone/build/Build/Intermediates.noindex/Gifu.build/Release-iphoneos/Gifu.build/Objects-normal/arm64/Gifu.LinkFileList\n\nWriteAuxiliaryFile /Users/builder/clone/build/Build/Intermediates.noindex/Gifu.build/Release-iphoneos/Gifu.build/Objects-normal/arm64/Gifu-OutputFileMap.json (in target 'Gifu' from project 'Gifu')\n    cd /Users/builder/clone/build/SourcePackages/checkouts/Gifu\n    write-file /Users/builder/clone/build/Build/Intermediates.noindex/Gifu.build/Release-iphoneos/Gifu.build/Objects-normal/arm64/Gifu-OutputFileMap.json\n\nWriteAuxiliaryFile /Users/builder/clone/build/Build/Intermediates.noindex/Gifu.build/Release-iphoneos/Gifu.build/Gifu.modulemap (in target 'Gifu' from project 'Gifu')\n    cd /Users/builder/clone/build/SourcePackages/checkouts/Gifu\n    write-file /Users/builder/clone/build/Build/Intermediates.noindex/Gifu.build/Release-iphoneos/Gifu.build/Gifu.modulemap\n\nWriteAuxiliaryFile /Users/builder/clone/build/Build/Intermediates.noindex/Gifu.build/Release-iphoneos/Gifu.build/Gifu.DependencyStaticMetadataFileList (in target 'Gifu' from project 'Gifu')\n    cd /Users/builder/clone/build/SourcePackages/checkouts/Gifu\n    write-file /Users/builder/clone/build/Build/Intermediates.noindex/Gifu.build/Release-iphoneos/Gifu.build/Gifu.DependencyStaticMetadataFileList\n\nWriteAuxiliaryFile /Users/builder/clone/build/Build/Intermediates.noindex/Gifu.build/Release-iphoneos/Gifu.build/Gifu.DependencyMetadataFileList (in target 'Gifu' from project 'Gifu')\n    cd /Users/builder/clone/build/SourcePackages/checkouts/Gifu\n    write-file /Users/builder/clone/build/Build/Intermediates.noindex/Gifu.build/Release-iphoneos/Gifu.build/Gifu.DependencyMetadataFileList\n\nCopy /Users/builder/clone/build/Build/Intermediates.noindex/GeneratedModuleMaps-iphoneos/Gifu.modulemap /Users/builder/clone/build/Build/Intermediates.noindex/Gifu.build/Release-iphoneos/Gifu.build/Gifu.modulemap (in target 'Gifu' from project 'Gifu')\n    cd /Users/builder/clone/build/SourcePackages/checkouts/Gifu\n    builtin-copy -exclude .DS_Store -exclude CVS -exclude .svn -exclude .git -exclude .hg -strip-unsigned-binaries -strip-deterministic -strip-tool /Applications/Xcode-26.4.app/Contents/Developer/Toolchains/XcodeDefault.xctoolchain/usr/bin/strip -resolve-src-symlinks /Users/builder/clone/build/Build/Intermediates.noindex/Gifu.build/Release-iphoneos/Gifu.build/Gifu.modulemap /Users/builder/clone/build/Build/Intermediates.noindex/GeneratedModuleMaps-iphoneos\n\nWriteAuxiliaryFile /Users/builder/clone/build/Build/Intermediates.noindex/Explore.build/Release-iphoneos/Explore.build/Objects-normal/arm64/Explore_const_extract_protocols.json (in target 'Explore' from project 'Explore')\n    cd /Users/builder/clone/Packages/Explore\n    write-file /Users/builder/clone/build/Build/Intermediates.noindex/Explore.build/Release-iphoneos/Explore.build/Objects-normal/arm64/Explore_const_extract_protocols.json\n\nWriteAuxiliaryFile /Users/builder/clone/build/Build/Intermediates.noindex/Explore.build/Release-iphoneos/Explore.build/Objects-normal/arm64/Explore.SwiftFileList (in target 'Explore' from project 'Explore')\n    cd /Users/builder/clone/Packages/Explore\n    write-file /Users/builder/clone/build/Build/Intermediates.noindex/Explore.build/Release-iphoneos/Explore.build/Objects-normal/arm64/Explore.SwiftFileList\n\nWriteAuxiliaryFile /Users/builder/clone/build/Build/Intermediates.noindex/Explore.build/Release-iphoneos/Explore.build/Objects-normal/arm64/Explore.SwiftConstValuesFileList (in target 'Explore' from project 'Explore')\n    cd /Users/builder/clone/Packages/Explore\n    write-file /Users/builder/clone/build/Build/Intermediates.noindex/Explore.build/Release-iphoneos/Explore.build/Objects-normal/arm64/Explore.SwiftConstValuesFileList\n\nWriteAuxiliaryFile /Users/builder/clone/build/Build/Intermediates.noindex/Explore.build/Release-iphoneos/Explore.build/Objects-normal/arm64/Explore.LinkFileList (in target 'Explore' from project 'Explore')\n    cd /Users/builder/clone/Packages/Explore\n    write-file /Users/builder/clone/build/Build/Intermediates.noindex/Explore.build/Release-iphoneos/Explore.build/Objects-normal/arm64/Explore.LinkFileList\n\nWriteAuxiliaryFile /Users/builder/clone/build/Build/Intermediates.noindex/Explore.build/Release-iphoneos/Explore.build/Objects-normal/arm64/Explore-OutputFileMap.json (in target 'Explore' from project 'Explore')\n    cd /Users/builder/clone/Packages/Explore\n    write-file /Users/builder/clone/build/Build/Intermediates.noindex/Explore.build/Release-iphoneos/Explore.build/Objects-normal/arm64/Explore-OutputFileMap.json\n\nWriteAuxiliaryFile /Users/builder/clone/build/Build/Intermediates.noindex/Explore.build/Release-iphoneos/Explore.build/Explore.modulemap (in target 'Explore' from project 'Explore')\n    cd /Users/builder/clone/Packages/Explore\n    write-file /Users/builder/clone/build/Build/Intermediates.noindex/Explore.build/Release-iphoneos/Explore.build/Explore.modulemap\n\nWriteAuxiliaryFile /Users/builder/clone/build/Build/Intermediates.noindex/Explore.build/Release-iphoneos/Explore.build/Explore.DependencyStaticMetadataFileList (in target 'Explore' from project 'Explore')\n    cd /Users/builder/clone/Packages/Explore\n    write-file /Users/builder/clone/build/Build/Intermediates.noindex/Explore.build/Release-iphoneos/Explore.build/Explore.DependencyStaticMetadataFileList\n\nWriteAuxiliaryFile /Users/builder/clone/build/Build/Intermediates.noindex/Explore.build/Release-iphoneos/Explore.build/Explore.DependencyMetadataFileList (in target 'Explore' from project 'Explore')\n    cd /Users/builder/clone/Packages/Explore\n    write-file /Users/builder/clone/build/Build/Intermediates.noindex/Explore.build/Release-iphoneos/Explore.build/Explore.DependencyMetadataFileList\n\nCopy /Users/builder/clone/build/Build/Intermediates.noindex/GeneratedModuleMaps-iphoneos/Explore.modulemap /Users/builder/clone/build/Build/Intermediates.noindex/Explore.build/Release-iphoneos/Explore.build/Explore.modulemap (in target 'Explore' from project 'Explore')\n    cd /Users/builder/clone/Packages/Explore\n    builtin-copy -exclude .DS_Store -exclude CVS -exclude .svn -exclude .git -exclude .hg -strip-unsigned-binaries -strip-deterministic -strip-tool /Applications/Xcode-26.4.app/Contents/Developer/Toolchains/XcodeDefault.xctoolchain/usr/bin/strip -resolve-src-symlinks /Users/builder/clone/build/Build/Intermediates.noindex/Explore.build/Release-iphoneos/Explore.build/Explore.modulemap /Users/builder/clone/build/Build/Intermediates.noindex/GeneratedModuleMaps-iphoneos\n\nWriteAuxiliaryFile /Users/builder/clone/build/Build/Intermediates.noindex/Env.build/Release-iphoneos/Env.build/Objects-normal/arm64/Env_const_extract_protocols.json (in target 'Env' from project 'Env')\n    cd /Users/builder/clone/Packages/Env\n    write-file /Users/builder/clone/build/Build/Intermediates.noindex/Env.build/Release-iphoneos/Env.build/Objects-normal/arm64/Env_const_extract_protocols.json\n\nWriteAuxiliaryFile /Users/builder/clone/build/Build/Intermediates.noindex/Env.build/Release-iphoneos/Env.build/Objects-normal/arm64/Env.SwiftFileList (in target 'Env' from project 'Env')\n    cd /Users/builder/clone/Packages/Env\n    write-file /Users/builder/clone/build/Build/Intermediates.noindex/Env.build/Release-iphoneos/Env.build/Objects-normal/arm64/Env.SwiftFileList\n\nWriteAuxiliaryFile /Users/builder/clone/build/Build/Intermediates.noindex/Env.build/Release-iphoneos/Env.build/Objects-normal/arm64/Env.SwiftConstValuesFileList (in target 'Env' from project 'Env')\n    cd /Users/builder/clone/Packages/Env\n    write-file /Users/builder/clone/build/Build/Intermediates.noindex/Env.build/Release-iphoneos/Env.build/Objects-normal/arm64/Env.SwiftConstValuesFileList\n\nWriteAuxiliaryFile /Users/builder/clone/build/Build/Intermediates.noindex/Env.build/Release-iphoneos/Env.build/Objects-normal/arm64/Env.LinkFileList (in target 'Env' from project 'Env')\n    cd /Users/builder/clone/Packages/Env\n    write-file /Users/builder/clone/build/Build/Intermediates.noindex/Env.build/Release-iphoneos/Env.build/Objects-normal/arm64/Env.LinkFileList\n\nWriteAuxiliaryFile /Users/builder/clone/build/Build/Intermediates.noindex/Env.build/Release-iphoneos/Env.build/Objects-normal/arm64/Env-OutputFileMap.json (in target 'Env' from project 'Env')\n    cd /Users/builder/clone/Packages/Env\n    write-file /Users/builder/clone/build/Build/Intermediates.noindex/Env.build/Release-iphoneos/Env.build/Objects-normal/arm64/Env-OutputFileMap.json\n\nWriteAuxiliaryFile /Users/builder/clone/build/Build/Intermediates.noindex/Env.build/Release-iphoneos/Env.build/Env.modulemap (in target 'Env' from project 'Env')\n    cd /Users/builder/clone/Packages/Env\n    write-file /Users/builder/clone/build/Build/Intermediates.noindex/Env.build/Release-iphoneos/Env.build/Env.modulemap\n\nWriteAuxiliaryFile /Users/builder/clone/build/Build/Intermediates.noindex/Env.build/Release-iphoneos/Env.build/Env.DependencyStaticMetadataFileList (in target 'Env' from project 'Env')\n    cd /Users/builder/clone/Packages/Env\n    write-file /Users/builder/clone/build/Build/Intermediates.noindex/Env.build/Release-iphoneos/Env.build/Env.DependencyStaticMetadataFileList\n\nWriteAuxiliaryFile /Users/builder/clone/build/Build/Intermediates.noindex/Env.build/Release-iphoneos/Env.build/Env.DependencyMetadataFileList (in target 'Env' from project 'Env')\n    cd /Users/builder/clone/Packages/Env\n    write-file /Users/builder/clone/build/Build/Intermediates.noindex/Env.build/Release-iphoneos/Env.build/Env.DependencyMetadataFileList\n\nCopy /Users/builder/clone/build/Build/Intermediates.noindex/GeneratedModuleMaps-iphoneos/Env.modulemap /Users/builder/clone/build/Build/Intermediates.noindex/Env.build/Release-iphoneos/Env.build/Env.modulemap (in target 'Env' from project 'Env')\n    cd /Users/builder/clone/Packages/Env\n    builtin-copy -exclude .DS_Store -exclude CVS -exclude .svn -exclude .git -exclude .hg -strip-unsigned-binaries -strip-deterministic -strip-tool /Applications/Xcode-26.4.app/Contents/Developer/Toolchains/XcodeDefault.xctoolchain/usr/bin/strip -resolve-src-symlinks /Users/builder/clone/build/Build/Intermediates.noindex/Env.build/Release-iphoneos/Env.build/Env.modulemap /Users/builder/clone/build/Build/Intermediates.noindex/GeneratedModuleMaps-iphoneos\n\nWriteAuxiliaryFile /Users/builder/clone/build/Build/Intermediates.noindex/EmojiText.build/Release-iphoneos/EmojiText.build/Objects-normal/arm64/EmojiText_const_extract_protocols.json (in target 'EmojiText' from project 'EmojiText')\n    cd /Users/builder/clone/build/SourcePackages/checkouts/EmojiText\n    write-file /Users/builder/clone/build/Build/Intermediates.noindex/EmojiText.build/Release-iphoneos/EmojiText.build/Objects-normal/arm64/EmojiText_const_extract_protocols.json\n\nWriteAuxiliaryFile /Users/builder/clone/build/Build/Intermediates.noindex/EmojiText.build/Release-iphoneos/EmojiText.build/Objects-normal/arm64/EmojiText.SwiftFileList (in target 'EmojiText' from project 'EmojiText')\n    cd /Users/builder/clone/build/SourcePackages/checkouts/EmojiText\n    write-file /Users/builder/clone/build/Build/Intermediates.noindex/EmojiText.build/Release-iphoneos/EmojiText.build/Objects-normal/arm64/EmojiText.SwiftFileList\n\nWriteAuxiliaryFile /Users/builder/clone/build/Build/Intermediates.noindex/EmojiText.build/Release-iphoneos/EmojiText.build/Objects-normal/arm64/EmojiText.SwiftConstValuesFileList (in target 'EmojiText' from project 'EmojiText')\n    cd /Users/builder/clone/build/SourcePackages/checkouts/EmojiText\n    write-file /Users/builder/clone/build/Build/Intermediates.noindex/EmojiText.build/Release-iphoneos/EmojiText.build/Objects-normal/arm64/EmojiText.SwiftConstValuesFileList\n\nWriteAuxiliaryFile /Users/builder/clone/build/Build/Intermediates.noindex/EmojiText.build/Release-iphoneos/EmojiText.build/Objects-normal/arm64/EmojiText.LinkFileList (in target 'EmojiText' from project 'EmojiText')\n    cd /Users/builder/clone/build/SourcePackages/checkouts/EmojiText\n    write-file /Users/builder/clone/build/Build/Intermediates.noindex/EmojiText.build/Release-iphoneos/EmojiText.build/Objects-normal/arm64/EmojiText.LinkFileList\n\nWriteAuxiliaryFile /Users/builder/clone/build/Build/Intermediates.noindex/EmojiText.build/Release-iphoneos/EmojiText.build/Objects-normal/arm64/EmojiText-OutputFileMap.json (in target 'EmojiText' from project 'EmojiText')\n    cd /Users/builder/clone/build/SourcePackages/checkouts/EmojiText\n    write-file /Users/builder/clone/build/Build/Intermediates.noindex/EmojiText.build/Release-iphoneos/EmojiText.build/Objects-normal/arm64/EmojiText-OutputFileMap.json\n\nWriteAuxiliaryFile /Users/builder/clone/build/Build/Intermediates.noindex/EmojiText.build/Release-iphoneos/EmojiText.build/EmojiText.modulemap (in target 'EmojiText' from project 'EmojiText')\n    cd /Users/builder/clone/build/SourcePackages/checkouts/EmojiText\n    write-file /Users/builder/clone/build/Build/Intermediates.noindex/EmojiText.build/Release-iphoneos/EmojiText.build/EmojiText.modulemap\n\nWriteAuxiliaryFile /Users/builder/clone/build/Build/Intermediates.noindex/EmojiText.build/Release-iphoneos/EmojiText.build/EmojiText.DependencyStaticMetadataFileList (in target 'EmojiText' from project 'EmojiText')\n    cd /Users/builder/clone/build/SourcePackages/checkouts/EmojiText\n    write-file /Users/builder/clone/build/Build/Intermediates.noindex/EmojiText.build/Release-iphoneos/EmojiText.build/EmojiText.DependencyStaticMetadataFileList\n\nWriteAuxiliaryFile /Users/builder/clone/build/Build/Intermediates.noindex/EmojiText.build/Release-iphoneos/EmojiText.build/EmojiText.DependencyMetadataFileList (in target 'EmojiText' from project 'EmojiText')\n    cd /Users/builder/clone/build/SourcePackages/checkouts/EmojiText\n    write-file /Users/builder/clone/build/Build/Intermediates.noindex/EmojiText.build/Release-iphoneos/EmojiText.build/EmojiText.DependencyMetadataFileList\n\nCopy /Users/builder/clone/build/Build/Intermediates.noindex/GeneratedModuleMaps-iphoneos/EmojiText.modulemap /Users/builder/clone/build/Build/Intermediates.noindex/EmojiText.build/Release-iphoneos/EmojiText.build/EmojiText.modulemap (in target 'EmojiText' from project 'EmojiText')\n    cd /Users/builder/clone/build/SourcePackages/checkouts/EmojiText\n    builtin-copy -exclude .DS_Store -exclude CVS -exclude .svn -exclude .git -exclude .hg -strip-unsigned-binaries -strip-deterministic -strip-tool /Applications/Xcode-26.4.app/Contents/Developer/Toolchains/XcodeDefault.xctoolchain/usr/bin/strip -resolve-src-symlinks /Users/builder/clone/build/Build/Intermediates.noindex/EmojiText.build/Release-iphoneos/EmojiText.build/EmojiText.modulemap /Users/builder/clone/build/Build/Intermediates.noindex/GeneratedModuleMaps-iphoneos\n\nWriteAuxiliaryFile /Users/builder/clone/build/Build/Intermediates.noindex/DesignSystem.build/Release-iphoneos/DesignSystem_DesignSystem.build/empty-DesignSystem_DesignSystem.plist (in target 'DesignSystem_DesignSystem' from project 'DesignSystem')\n    cd /Users/builder/clone/Packages/DesignSystem\n    write-file /Users/builder/clone/build/Build/Intermediates.noindex/DesignSystem.build/Release-iphoneos/DesignSystem_DesignSystem.build/empty-DesignSystem_DesignSystem.plist\n\nWriteAuxiliaryFile /Users/builder/clone/build/Build/Intermediates.noindex/DesignSystem.build/Release-iphoneos/DesignSystem_DesignSystem.build/DesignSystem_DesignSystem.DependencyStaticMetadataFileList (in target 'DesignSystem_DesignSystem' from project 'DesignSystem')\n    cd /Users/builder/clone/Packages/DesignSystem\n    write-file /Users/builder/clone/build/Build/Intermediates.noindex/DesignSystem.build/Release-iphoneos/DesignSystem_DesignSystem.build/DesignSystem_DesignSystem.DependencyStaticMetadataFileList\n\nWriteAuxiliaryFile /Users/builder/clone/build/Build/Intermediates.noindex/DesignSystem.build/Release-iphoneos/DesignSystem_DesignSystem.build/DesignSystem_DesignSystem.DependencyMetadataFileList (in target 'DesignSystem_DesignSystem' from project 'DesignSystem')\n    cd /Users/builder/clone/Packages/DesignSystem\n    write-file /Users/builder/clone/build/Build/Intermediates.noindex/DesignSystem.build/Release-iphoneos/DesignSystem_DesignSystem.build/DesignSystem_DesignSystem.DependencyMetadataFileList\n\nWriteAuxiliaryFile /Users/builder/clone/build/Build/Intermediates.noindex/DesignSystem.build/Release-iphoneos/DesignSystem.build/Objects-normal/arm64/DesignSystem_const_extract_protocols.json (in target 'DesignSystem' from project 'DesignSystem')\n    cd /Users/builder/clone/Packages/DesignSystem\n    write-file /Users/builder/clone/build/Build/Intermediates.noindex/DesignSystem.build/Release-iphoneos/DesignSystem.build/Objects-normal/arm64/DesignSystem_const_extract_protocols.json\n\nWriteAuxiliaryFile /Users/builder/clone/build/Build/Intermediates.noindex/DesignSystem.build/Release-iphoneos/DesignSystem.build/Objects-normal/arm64/DesignSystem.SwiftFileList (in target 'DesignSystem' from project 'DesignSystem')\n    cd /Users/builder/clone/Packages/DesignSystem\n    write-file /Users/builder/clone/build/Build/Intermediates.noindex/DesignSystem.build/Release-iphoneos/DesignSystem.build/Objects-normal/arm64/DesignSystem.SwiftFileList\n\nWriteAuxiliaryFile /Users/builder/clone/build/Build/Intermediates.noindex/DesignSystem.build/Release-iphoneos/DesignSystem.build/Objects-normal/arm64/DesignSystem.SwiftConstValuesFileList (in target 'DesignSystem' from project 'DesignSystem')\n    cd /Users/builder/clone/Packages/DesignSystem\n    write-file /Users/builder/clone/build/Build/Intermediates.noindex/DesignSystem.build/Release-iphoneos/DesignSystem.build/Objects-normal/arm64/DesignSystem.SwiftConstValuesFileList\n\nWriteAuxiliaryFile /Users/builder/clone/build/Build/Intermediates.noindex/DesignSystem.build/Release-iphoneos/DesignSystem.build/Objects-normal/arm64/DesignSystem.LinkFileList (in target 'DesignSystem' from project 'DesignSystem')\n    cd /Users/builder/clone/Packages/DesignSystem\n    write-file /Users/builder/clone/build/Build/Intermediates.noindex/DesignSystem.build/Release-iphoneos/DesignSystem.build/Objects-normal/arm64/DesignSystem.LinkFileList\n\nWriteAuxiliaryFile /Users/builder/clone/build/Build/Intermediates.noindex/DesignSystem.build/Release-iphoneos/DesignSystem.build/Objects-normal/arm64/DesignSystem-OutputFileMap.json (in target 'DesignSystem' from project 'DesignSystem')\n    cd /Users/builder/clone/Packages/DesignSystem\n    write-file /Users/builder/clone/build/Build/Intermediates.noindex/DesignSystem.build/Release-iphoneos/DesignSystem.build/Objects-normal/arm64/DesignSystem-OutputFileMap.json\n\nWriteAuxiliaryFile /Users/builder/clone/build/Build/Intermediates.noindex/DesignSystem.build/Release-iphoneos/DesignSystem.build/DesignSystem.modulemap (in target 'DesignSystem' from project 'DesignSystem')\n    cd /Users/builder/clone/Packages/DesignSystem\n    write-file /Users/builder/clone/build/Build/Intermediates.noindex/DesignSystem.build/Release-iphoneos/DesignSystem.build/DesignSystem.modulemap\n\nWriteAuxiliaryFile /Users/builder/clone/build/Build/Intermediates.noindex/DesignSystem.build/Release-iphoneos/DesignSystem.build/DesignSystem.DependencyStaticMetadataFileList (in target 'DesignSystem' from project 'DesignSystem')\n    cd /Users/builder/clone/Packages/DesignSystem\n    write-file /Users/builder/clone/build/Build/Intermediates.noindex/DesignSystem.build/Release-iphoneos/DesignSystem.build/DesignSystem.DependencyStaticMetadataFileList\n\nWriteAuxiliaryFile /Users/builder/clone/build/Build/Intermediates.noindex/DesignSystem.build/Release-iphoneos/DesignSystem.build/DesignSystem.DependencyMetadataFileList (in target 'DesignSystem' from project 'DesignSystem')\n    cd /Users/builder/clone/Packages/DesignSystem\n    write-file /Users/builder/clone/build/Build/Intermediates.noindex/DesignSystem.build/Release-iphoneos/DesignSystem.build/DesignSystem.DependencyMetadataFileList\n\nWriteAuxiliaryFile /Users/builder/clone/build/Build/Intermediates.noindex/DesignSystem.build/Release-iphoneos/DesignSystem.build/DerivedSources/resource_bundle_accessor.swift (in target 'DesignSystem' from project 'DesignSystem')\n    cd /Users/builder/clone/Packages/DesignSystem\n    write-file /Users/builder/clone/build/Build/Intermediates.noindex/DesignSystem.build/Release-iphoneos/DesignSystem.build/DerivedSources/resource_bundle_accessor.swift\n\nCopy /Users/builder/clone/build/Build/Intermediates.noindex/GeneratedModuleMaps-iphoneos/DesignSystem.modulemap /Users/builder/clone/build/Build/Intermediates.noindex/DesignSystem.build/Release-iphoneos/DesignSystem.build/DesignSystem.modulemap (in target 'DesignSystem' from project 'DesignSystem')\n    cd /Users/builder/clone/Packages/DesignSystem\n    builtin-copy -exclude .DS_Store -exclude CVS -exclude .svn -exclude .git -exclude .hg -strip-unsigned-binaries -strip-deterministic -strip-tool /Applications/Xcode-26.4.app/Contents/Developer/Toolchains/XcodeDefault.xctoolchain/usr/bin/strip -resolve-src-symlinks /Users/builder/clone/build/Build/Intermediates.noindex/DesignSystem.build/Release-iphoneos/DesignSystem.build/DesignSystem.modulemap /Users/builder/clone/build/Build/Intermediates.noindex/GeneratedModuleMaps-iphoneos\n\nWriteAuxiliaryFile /Users/builder/clone/build/Build/Intermediates.noindex/Conversations.build/Release-iphoneos/Conversations.build/Objects-normal/arm64/Conversations_const_extract_protocols.json (in target 'Conversations' from project 'Conversations')\n    cd /Users/builder/clone/Packages/Conversations\n    write-file /Users/builder/clone/build/Build/Intermediates.noindex/Conversations.build/Release-iphoneos/Conversations.build/Objects-normal/arm64/Conversations_const_extract_protocols.json\n\nWriteAuxiliaryFile /Users/builder/clone/build/Build/Intermediates.noindex/Conversations.build/Release-iphoneos/Conversations.build/Objects-normal/arm64/Conversations.SwiftFileList (in target 'Conversations' from project 'Conversations')\n    cd /Users/builder/clone/Packages/Conversations\n    write-file /Users/builder/clone/build/Build/Intermediates.noindex/Conversations.build/Release-iphoneos/Conversations.build/Objects-normal/arm64/Conversations.SwiftFileList\n\nWriteAuxiliaryFile /Users/builder/clone/build/Build/Intermediates.noindex/Conversations.build/Release-iphoneos/Conversations.build/Objects-normal/arm64/Conversations.SwiftConstValuesFileList (in target 'Conversations' from project 'Conversations')\n    cd /Users/builder/clone/Packages/Conversations\n    write-file /Users/builder/clone/build/Build/Intermediates.noindex/Conversations.build/Release-iphoneos/Conversations.build/Objects-normal/arm64/Conversations.SwiftConstValuesFileList\n\nWriteAuxiliaryFile /Users/builder/clone/build/Build/Intermediates.noindex/Conversations.build/Release-iphoneos/Conversations.build/Objects-normal/arm64/Conversations.LinkFileList (in target 'Conversations' from project 'Conversations')\n    cd /Users/builder/clone/Packages/Conversations\n    write-file /Users/builder/clone/build/Build/Intermediates.noindex/Conversations.build/Release-iphoneos/Conversations.build/Objects-normal/arm64/Conversations.LinkFileList\n\nWriteAuxiliaryFile /Users/builder/clone/build/Build/Intermediates.noindex/Conversations.build/Release-iphoneos/Conversations.build/Objects-normal/arm64/Conversations-OutputFileMap.json (in target 'Conversations' from project 'Conversations')\n    cd /Users/builder/clone/Packages/Conversations\n    write-file /Users/builder/clone/build/Build/Intermediates.noindex/Conversations.build/Release-iphoneos/Conversations.build/Objects-normal/arm64/Conversations-OutputFileMap.json\n\nWriteAuxiliaryFile /Users/builder/clone/build/Build/Intermediates.noindex/Conversations.build/Release-iphoneos/Conversations.build/Conversations.modulemap (in target 'Conversations' from project 'Conversations')\n    cd /Users/builder/clone/Packages/Conversations\n    write-file /Users/builder/clone/build/Build/Intermediates.noindex/Conversations.build/Release-iphoneos/Conversations.build/Conversations.modulemap\n\nWriteAuxiliaryFile /Users/builder/clone/build/Build/Intermediates.noindex/Conversations.build/Release-iphoneos/Conversations.build/Conversations.DependencyStaticMetadataFileList (in target 'Conversations' from project 'Conversations')\n    cd /Users/builder/clone/Packages/Conversations\n    write-file /Users/builder/clone/build/Build/Intermediates.noindex/Conversations.build/Release-iphoneos/Conversations.build/Conversations.DependencyStaticMetadataFileList\n\nWriteAuxiliaryFile /Users/builder/clone/build/Build/Intermediates.noindex/Conversations.build/Release-iphoneos/Conversations.build/Conversations.DependencyMetadataFileList (in target 'Conversations' from project 'Conversations')\n    cd /Users/builder/clone/Packages/Conversations\n    write-file /Users/builder/clone/build/Build/Intermediates.noindex/Conversations.build/Release-iphoneos/Conversations.build/Conversations.DependencyMetadataFileList\n\nCopy /Users/builder/clone/build/Build/Intermediates.noindex/GeneratedModuleMaps-iphoneos/Conversations.modulemap /Users/builder/clone/build/Build/Intermediates.noindex/Conversations.build/Release-iphoneos/Conversations.build/Conversations.modulemap (in target 'Conversations' from project 'Conversations')\n    cd /Users/builder/clone/Packages/Conversations\n    builtin-copy -exclude .DS_Store -exclude CVS -exclude .svn -exclude .git -exclude .hg -strip-unsigned-binaries -strip-deterministic -strip-tool /Applications/Xcode-26.4.app/Contents/Developer/Toolchains/XcodeDefault.xctoolchain/usr/bin/strip -resolve-src-symlinks /Users/builder/clone/build/Build/Intermediates.noindex/Conversations.build/Release-iphoneos/Conversations.build/Conversations.modulemap /Users/builder/clone/build/Build/Intermediates.noindex/GeneratedModuleMaps-iphoneos\n\nWriteAuxiliaryFile /Users/builder/clone/build/Build/Intermediates.noindex/swift-markdown.build/Release-iphoneos/CAtomic.build/Objects-normal/arm64/CAtomic.LinkFileList (in target 'CAtomic' from project 'swift-markdown')\n    cd /Users/builder/clone/build/SourcePackages/checkouts/swift-markdown\n    write-file /Users/builder/clone/build/Build/Intermediates.noindex/swift-markdown.build/Release-iphoneos/CAtomic.build/Objects-normal/arm64/CAtomic.LinkFileList\n\nWriteAuxiliaryFile /Users/builder/clone/build/Build/Intermediates.noindex/swift-markdown.build/Release-iphoneos/CAtomic.build/Objects-normal/arm64/7187679823f38a2a940e0043cdf9d637-common-args.resp (in target 'CAtomic' from project 'swift-markdown')\n    cd /Users/builder/clone/build/SourcePackages/checkouts/swift-markdown\n    write-file /Users/builder/clone/build/Build/Intermediates.noindex/swift-markdown.build/Release-iphoneos/CAtomic.build/Objects-normal/arm64/7187679823f38a2a940e0043cdf9d637-common-args.resp\n-fmodules -gmodules '-fmodules-cache-path=/Users/builder/clone/build/ModuleCache.noindex' '-fmodule-name=CAtomic' -fpascal-strings -Os -DSWIFT_PACKAGE -g -I/Users/builder/clone/build/Build/Products/Release-iphoneos/include -I/Users/builder/clone/build/SourcePackages/checkouts/swift-markdown/Sources/CAtomic/include -I/Users/builder/clone/build/Build/Intermediates.noindex/swift-markdown.build/Release-iphoneos/CAtomic.build/DerivedSources-normal/arm64 -I/Users/builder/clone/build/Build/Intermediates.noindex/swift-markdown.build/Release-iphoneos/CAtomic.build/DerivedSources/arm64 -I/Users/builder/clone/build/Build/Intermediates.noindex/swift-markdown.build/Release-iphoneos/CAtomic.build/DerivedSources -F/Users/builder/clone/build/Build/Products/Release-iphoneos -iframework /Applications/Xcode-26.4.app/Contents/Developer/Platforms/iPhoneOS.platform/Developer/Library/Frameworks -iframework /Applications/Xcode-26.4.app/Contents/Developer/Platforms/iPhoneOS.platform/Developer/SDKs/iPhoneOS26.4.sdk/Developer/Library/Frameworks -DXcode\n\nWriteAuxiliaryFile /Users/builder/clone/build/Build/Intermediates.noindex/swift-markdown.build/Release-iphoneos/CAtomic.build/CAtomic.DependencyStaticMetadataFileList (in target 'CAtomic' from project 'swift-markdown')\n    cd /Users/builder/clone/build/SourcePackages/checkouts/swift-markdown\n    write-file /Users/builder/clone/build/Build/Intermediates.noindex/swift-markdown.build/Release-iphoneos/CAtomic.build/CAtomic.DependencyStaticMetadataFileList\n\nWriteAuxiliaryFile /Users/builder/clone/build/Build/Intermediates.noindex/swift-markdown.build/Release-iphoneos/CAtomic.build/CAtomic.DependencyMetadataFileList (in target 'CAtomic' from project 'swift-markdown')\n    cd /Users/builder/clone/build/SourcePackages/checkouts/swift-markdown\n    write-file /Users/builder/clone/build/Build/Intermediates.noindex/swift-markdown.build/Release-iphoneos/CAtomic.build/CAtomic.DependencyMetadataFileList\n\nWriteAuxiliaryFile /Users/builder/clone/build/Build/Intermediates.noindex/ButtonKit.build/Release-iphoneos/ButtonKit.build/Objects-normal/arm64/ButtonKit_const_extract_protocols.json (in target 'ButtonKit' from project 'ButtonKit')\n    cd /Users/builder/clone/build/SourcePackages/checkouts/ButtonKit\n    write-file /Users/builder/clone/build/Build/Intermediates.noindex/ButtonKit.build/Release-iphoneos/ButtonKit.build/Objects-normal/arm64/ButtonKit_const_extract_protocols.json\n\nWriteAuxiliaryFile /Users/builder/clone/build/Build/Intermediates.noindex/ButtonKit.build/Release-iphoneos/ButtonKit.build/Objects-normal/arm64/ButtonKit.SwiftFileList (in target 'ButtonKit' from project 'ButtonKit')\n    cd /Users/builder/clone/build/SourcePackages/checkouts/ButtonKit\n    write-file /Users/builder/clone/build/Build/Intermediates.noindex/ButtonKit.build/Release-iphoneos/ButtonKit.build/Objects-normal/arm64/ButtonKit.SwiftFileList\n\nWriteAuxiliaryFile /Users/builder/clone/build/Build/Intermediates.noindex/ButtonKit.build/Release-iphoneos/ButtonKit.build/Objects-normal/arm64/ButtonKit.SwiftConstValuesFileList (in target 'ButtonKit' from project 'ButtonKit')\n    cd /Users/builder/clone/build/SourcePackages/checkouts/ButtonKit\n    write-file /Users/builder/clone/build/Build/Intermediates.noindex/ButtonKit.build/Release-iphoneos/ButtonKit.build/Objects-normal/arm64/ButtonKit.SwiftConstValuesFileList\n\nWriteAuxiliaryFile /Users/builder/clone/build/Build/Intermediates.noindex/ButtonKit.build/Release-iphoneos/ButtonKit.build/Objects-normal/arm64/ButtonKit.LinkFileList (in target 'ButtonKit' from project 'ButtonKit')\n    cd /Users/builder/clone/build/SourcePackages/checkouts/ButtonKit\n    write-file /Users/builder/clone/build/Build/Intermediates.noindex/ButtonKit.build/Release-iphoneos/ButtonKit.build/Objects-normal/arm64/ButtonKit.LinkFileList\n\nWriteAuxiliaryFile /Users/builder/clone/build/Build/Intermediates.noindex/ButtonKit.build/Release-iphoneos/ButtonKit.build/Objects-normal/arm64/ButtonKit-OutputFileMap.json (in target 'ButtonKit' from project 'ButtonKit')\n    cd /Users/builder/clone/build/SourcePackages/checkouts/ButtonKit\n    write-file /Users/builder/clone/build/Build/Intermediates.noindex/ButtonKit.build/Release-iphoneos/ButtonKit.build/Objects-normal/arm64/ButtonKit-OutputFileMap.json\n\nWriteAuxiliaryFile /Users/builder/clone/build/Build/Intermediates.noindex/ButtonKit.build/Release-iphoneos/ButtonKit.build/ButtonKit.modulemap (in target 'ButtonKit' from project 'ButtonKit')\n    cd /Users/builder/clone/build/SourcePackages/checkouts/ButtonKit\n    write-file /Users/builder/clone/build/Build/Intermediates.noindex/ButtonKit.build/Release-iphoneos/ButtonKit.build/ButtonKit.modulemap\n\nWriteAuxiliaryFile /Users/builder/clone/build/Build/Intermediates.noindex/ButtonKit.build/Release-iphoneos/ButtonKit.build/ButtonKit.DependencyStaticMetadataFileList (in target 'ButtonKit' from project 'ButtonKit')\n    cd /Users/builder/clone/build/SourcePackages/checkouts/ButtonKit\n    write-file /Users/builder/clone/build/Build/Intermediates.noindex/ButtonKit.build/Release-iphoneos/ButtonKit.build/ButtonKit.DependencyStaticMetadataFileList\n\nWriteAuxiliaryFile /Users/builder/clone/build/Build/Intermediates.noindex/ButtonKit.build/Release-iphoneos/ButtonKit.build/ButtonKit.DependencyMetadataFileList (in target 'ButtonKit' from project 'ButtonKit')\n    cd /Users/builder/clone/build/SourcePackages/checkouts/ButtonKit\n    write-file /Users/builder/clone/build/Build/Intermediates.noindex/ButtonKit.build/Release-iphoneos/ButtonKit.build/ButtonKit.DependencyMetadataFileList\n\nWriteAuxiliaryFile /Users/builder/clone/build/Build/Intermediates.noindex/Bodega.build/Release-iphoneos/Bodega.build/Objects-normal/arm64/Bodega_const_extract_protocols.json (in target 'Bodega' from project 'Bodega')\n    cd /Users/builder/clone/build/SourcePackages/checkouts/Bodega\n    write-file /Users/builder/clone/build/Build/Intermediates.noindex/Bodega.build/Release-iphoneos/Bodega.build/Objects-normal/arm64/Bodega_const_extract_protocols.json\n\nCopy /Users/builder/clone/build/Build/Intermediates.noindex/GeneratedModuleMaps-iphoneos/ButtonKit.modulemap /Users/builder/clone/build/Build/Intermediates.noindex/ButtonKit.build/Release-iphoneos/ButtonKit.build/ButtonKit.modulemap (in target 'ButtonKit' from project 'ButtonKit')\n    cd /Users/builder/clone/build/SourcePackages/checkouts/ButtonKit\n    builtin-copy -exclude .DS_Store -exclude CVS -exclude .svn -exclude .git -exclude .hg -strip-unsigned-binaries -strip-deterministic -strip-tool /Applications/Xcode-26.4.app/Contents/Developer/Toolchains/XcodeDefault.xctoolchain/usr/bin/strip -resolve-src-symlinks /Users/builder/clone/build/Build/Intermediates.noindex/ButtonKit.build/Release-iphoneos/ButtonKit.build/ButtonKit.modulemap /Users/builder/clone/build/Build/Intermediates.noindex/GeneratedModuleMaps-iphoneos\n\nWriteAuxiliaryFile /Users/builder/clone/build/Build/Intermediates.noindex/Bodega.build/Release-iphoneos/Bodega.build/Objects-normal/arm64/Bodega.SwiftFileList (in target 'Bodega' from project 'Bodega')\n    cd /Users/builder/clone/build/SourcePackages/checkouts/Bodega\n    write-file /Users/builder/clone/build/Build/Intermediates.noindex/Bodega.build/Release-iphoneos/Bodega.build/Objects-normal/arm64/Bodega.SwiftFileList\n\nWriteAuxiliaryFile /Users/builder/clone/build/Build/Intermediates.noindex/Bodega.build/Release-iphoneos/Bodega.build/Objects-normal/arm64/Bodega.SwiftConstValuesFileList (in target 'Bodega' from project 'Bodega')\n    cd /Users/builder/clone/build/SourcePackages/checkouts/Bodega\n    write-file /Users/builder/clone/build/Build/Intermediates.noindex/Bodega.build/Release-iphoneos/Bodega.build/Objects-normal/arm64/Bodega.SwiftConstValuesFileList\n\nWriteAuxiliaryFile /Users/builder/clone/build/Build/Intermediates.noindex/Bodega.build/Release-iphoneos/Bodega.build/Objects-normal/arm64/Bodega.LinkFileList (in target 'Bodega' from project 'Bodega')\n    cd /Users/builder/clone/build/SourcePackages/checkouts/Bodega\n    write-file /Users/builder/clone/build/Build/Intermediates.noindex/Bodega.build/Release-iphoneos/Bodega.build/Objects-normal/arm64/Bodega.LinkFileList\n\nWriteAuxiliaryFile /Users/builder/clone/build/Build/Intermediates.noindex/Bodega.build/Release-iphoneos/Bodega.build/Objects-normal/arm64/Bodega-OutputFileMap.json (in target 'Bodega' from project 'Bodega')\n    cd /Users/builder/clone/build/SourcePackages/checkouts/Bodega\n    write-file /Users/builder/clone/build/Build/Intermediates.noindex/Bodega.build/Release-iphoneos/Bodega.build/Objects-normal/arm64/Bodega-OutputFileMap.json\n\nWriteAuxiliaryFile /Users/builder/clone/build/Build/Intermediates.noindex/Bodega.build/Release-iphoneos/Bodega.build/Bodega.modulemap (in target 'Bodega' from project 'Bodega')\n    cd /Users/builder/clone/build/SourcePackages/checkouts/Bodega\n    write-file /Users/builder/clone/build/Build/Intermediates.noindex/Bodega.build/Release-iphoneos/Bodega.build/Bodega.modulemap\n\nWriteAuxiliaryFile /Users/builder/clone/build/Build/Intermediates.noindex/Bodega.build/Release-iphoneos/Bodega.build/Bodega.DependencyStaticMetadataFileList (in target 'Bodega' from project 'Bodega')\n    cd /Users/builder/clone/build/SourcePackages/checkouts/Bodega\n    write-file /Users/builder/clone/build/Build/Intermediates.noindex/Bodega.build/Release-iphoneos/Bodega.build/Bodega.DependencyStaticMetadataFileList\n\nWriteAuxiliaryFile /Users/builder/clone/build/Build/Intermediates.noindex/Bodega.build/Release-iphoneos/Bodega.build/Bodega.DependencyMetadataFileList (in target 'Bodega' from project 'Bodega')\n    cd /Users/builder/clone/build/SourcePackages/checkouts/Bodega\n    write-file /Users/builder/clone/build/Build/Intermediates.noindex/Bodega.build/Release-iphoneos/Bodega.build/Bodega.DependencyMetadataFileList\n\nCopy /Users/builder/clone/build/Build/Intermediates.noindex/GeneratedModuleMaps-iphoneos/Bodega.modulemap /Users/builder/clone/build/Build/Intermediates.noindex/Bodega.build/Release-iphoneos/Bodega.build/Bodega.modulemap (in target 'Bodega' from project 'Bodega')\n    cd /Users/builder/clone/build/SourcePackages/checkouts/Bodega\n    builtin-copy -exclude .DS_Store -exclude CVS -exclude .svn -exclude .git -exclude .hg -strip-unsigned-binaries -strip-deterministic -strip-tool /Applications/Xcode-26.4.app/Contents/Developer/Toolchains/XcodeDefault.xctoolchain/usr/bin/strip -resolve-src-symlinks /Users/builder/clone/build/Build/Intermediates.noindex/Bodega.build/Release-iphoneos/Bodega.build/Bodega.modulemap /Users/builder/clone/build/Build/Intermediates.noindex/GeneratedModuleMaps-iphoneos\n\nWriteAuxiliaryFile /Users/builder/clone/build/Build/Intermediates.noindex/AppAccount.build/Release-iphoneos/AppAccount.build/Objects-normal/arm64/AppAccount_const_extract_protocols.json (in target 'AppAccount' from project 'AppAccount')\n    cd /Users/builder/clone/Packages/AppAccount\n    write-file /Users/builder/clone/build/Build/Intermediates.noindex/AppAccount.build/Release-iphoneos/AppAccount.build/Objects-normal/arm64/AppAccount_const_extract_protocols.json\n\nWriteAuxiliaryFile /Users/builder/clone/build/Build/Intermediates.noindex/AppAccount.build/Release-iphoneos/AppAccount.build/Objects-normal/arm64/AppAccount.SwiftFileList (in target 'AppAccount' from project 'AppAccount')\n    cd /Users/builder/clone/Packages/AppAccount\n    write-file /Users/builder/clone/build/Build/Intermediates.noindex/AppAccount.build/Release-iphoneos/AppAccount.build/Objects-normal/arm64/AppAccount.SwiftFileList\n\nWriteAuxiliaryFile /Users/builder/clone/build/Build/Intermediates.noindex/AppAccount.build/Release-iphoneos/AppAccount.build/Objects-normal/arm64/AppAccount.SwiftConstValuesFileList (in target 'AppAccount' from project 'AppAccount')\n    cd /Users/builder/clone/Packages/AppAccount\n    write-file /Users/builder/clone/build/Build/Intermediates.noindex/AppAccount.build/Release-iphoneos/AppAccount.build/Objects-normal/arm64/AppAccount.SwiftConstValuesFileList\n\nWriteAuxiliaryFile /Users/builder/clone/build/Build/Intermediates.noindex/AppAccount.build/Release-iphoneos/AppAccount.build/Objects-normal/arm64/AppAccount.LinkFileList (in target 'AppAccount' from project 'AppAccount')\n    cd /Users/builder/clone/Packages/AppAccount\n    write-file /Users/builder/clone/build/Build/Intermediates.noindex/AppAccount.build/Release-iphoneos/AppAccount.build/Objects-normal/arm64/AppAccount.LinkFileList\n\nWriteAuxiliaryFile /Users/builder/clone/build/Build/Intermediates.noindex/AppAccount.build/Release-iphoneos/AppAccount.build/Objects-normal/arm64/AppAccount-OutputFileMap.json (in target 'AppAccount' from project 'AppAccount')\n    cd /Users/builder/clone/Packages/AppAccount\n    write-file /Users/builder/clone/build/Build/Intermediates.noindex/AppAccount.build/Release-iphoneos/AppAccount.build/Objects-normal/arm64/AppAccount-OutputFileMap.json\n\nWriteAuxiliaryFile /Users/builder/clone/build/Build/Intermediates.noindex/AppAccount.build/Release-iphoneos/AppAccount.build/AppAccount.modulemap (in target 'AppAccount' from project 'AppAccount')\n    cd /Users/builder/clone/Packages/AppAccount\n    write-file /Users/builder/clone/build/Build/Intermediates.noindex/AppAccount.build/Release-iphoneos/AppAccount.build/AppAccount.modulemap\n\nWriteAuxiliaryFile /Users/builder/clone/build/Build/Intermediates.noindex/AppAccount.build/Release-iphoneos/AppAccount.build/AppAccount.DependencyStaticMetadataFileList (in target 'AppAccount' from project 'AppAccount')\n    cd /Users/builder/clone/Packages/AppAccount\n    write-file /Users/builder/clone/build/Build/Intermediates.noindex/AppAccount.build/Release-iphoneos/AppAccount.build/AppAccount.DependencyStaticMetadataFileList\n\nWriteAuxiliaryFile /Users/builder/clone/build/Build/Intermediates.noindex/AppAccount.build/Release-iphoneos/AppAccount.build/AppAccount.DependencyMetadataFileList (in target 'AppAccount' from project 'AppAccount')\n    cd /Users/builder/clone/Packages/AppAccount\n    write-file /Users/builder/clone/build/Build/Intermediates.noindex/AppAccount.build/Release-iphoneos/AppAccount.build/AppAccount.DependencyMetadataFileList\n\nCopy /Users/builder/clone/build/Build/Intermediates.noindex/GeneratedModuleMaps-iphoneos/AppAccount.modulemap /Users/builder/clone/build/Build/Intermediates.noindex/AppAccount.build/Release-iphoneos/AppAccount.build/AppAccount.modulemap (in target 'AppAccount' from project 'AppAccount')\n    cd /Users/builder/clone/Packages/AppAccount\n    builtin-copy -exclude .DS_Store -exclude CVS -exclude .svn -exclude .git -exclude .hg -strip-unsigned-binaries -strip-deterministic -strip-tool /Applications/Xcode-26.4.app/Contents/Developer/Toolchains/XcodeDefault.xctoolchain/usr/bin/strip -resolve-src-symlinks /Users/builder/clone/build/Build/Intermediates.noindex/AppAccount.build/Release-iphoneos/AppAccount.build/AppAccount.modulemap /Users/builder/clone/build/Build/Intermediates.noindex/GeneratedModuleMaps-iphoneos\n\nWriteAuxiliaryFile /Users/builder/clone/build/Build/Intermediates.noindex/Account.build/Release-iphoneos/Account.build/Objects-normal/arm64/Account_const_extract_protocols.json (in target 'Account' from project 'Account')\n    cd /Users/builder/clone/Packages/Account\n    write-file /Users/builder/clone/build/Build/Intermediates.noindex/Account.build/Release-iphoneos/Account.build/Objects-normal/arm64/Account_const_extract_protocols.json\n\nWriteAuxiliaryFile /Users/builder/clone/build/Build/Intermediates.noindex/Account.build/Release-iphoneos/Account.build/Objects-normal/arm64/Account.SwiftFileList (in target 'Account' from project 'Account')\n    cd /Users/builder/clone/Packages/Account\n    write-file /Users/builder/clone/build/Build/Intermediates.noindex/Account.build/Release-iphoneos/Account.build/Objects-normal/arm64/Account.SwiftFileList\n\nWriteAuxiliaryFile /Users/builder/clone/build/Build/Intermediates.noindex/Account.build/Release-iphoneos/Account.build/Objects-normal/arm64/Account.SwiftConstValuesFileList (in target 'Account' from project 'Account')\n    cd /Users/builder/clone/Packages/Account\n    write-file /Users/builder/clone/build/Build/Intermediates.noindex/Account.build/Release-iphoneos/Account.build/Objects-normal/arm64/Account.SwiftConstValuesFileList\n\nWriteAuxiliaryFile /Users/builder/clone/build/Build/Intermediates.noindex/Account.build/Release-iphoneos/Account.build/Objects-normal/arm64/Account.LinkFileList (in target 'Account' from project 'Account')\n    cd /Users/builder/clone/Packages/Account\n    write-file /Users/builder/clone/build/Build/Intermediates.noindex/Account.build/Release-iphoneos/Account.build/Objects-normal/arm64/Account.LinkFileList\n\nWriteAuxiliaryFile /Users/builder/clone/build/Build/Intermediates.noindex/Account.build/Release-iphoneos/Account.build/Objects-normal/arm64/Account-OutputFileMap.json (in target 'Account' from project 'Account')\n    cd /Users/builder/clone/Packages/Account\n    write-file /Users/builder/clone/build/Build/Intermediates.noindex/Account.build/Release-iphoneos/Account.build/Objects-normal/arm64/Account-OutputFileMap.json\n\nWriteAuxiliaryFile /Users/builder/clone/build/Build/Intermediates.noindex/Account.build/Release-iphoneos/Account.build/Account.modulemap (in target 'Account' from project 'Account')\n    cd /Users/builder/clone/Packages/Account\n    write-file /Users/builder/clone/build/Build/Intermediates.noindex/Account.build/Release-iphoneos/Account.build/Account.modulemap\n\nWriteAuxiliaryFile /Users/builder/clone/build/Build/Intermediates.noindex/Account.build/Release-iphoneos/Account.build/Account.DependencyStaticMetadataFileList (in target 'Account' from project 'Account')\n    cd /Users/builder/clone/Packages/Account\n    write-file /Users/builder/clone/build/Build/Intermediates.noindex/Account.build/Release-iphoneos/Account.build/Account.DependencyStaticMetadataFileList\n\nWriteAuxiliaryFile /Users/builder/clone/build/Build/Intermediates.noindex/Account.build/Release-iphoneos/Account.build/Account.DependencyMetadataFileList (in target 'Account' from project 'Account')\n    cd /Users/builder/clone/Packages/Account\n    write-file /Users/builder/clone/build/Build/Intermediates.noindex/Account.build/Release-iphoneos/Account.build/Account.DependencyMetadataFileList\n\nCopy /Users/builder/clone/build/Build/Intermediates.noindex/GeneratedModuleMaps-iphoneos/Account.modulemap /Users/builder/clone/build/Build/Intermediates.noindex/Account.build/Release-iphoneos/Account.build/Account.modulemap (in target 'Account' from project 'Account')\n    cd /Users/builder/clone/Packages/Account\n    builtin-copy -exclude .DS_Store -exclude CVS -exclude .svn -exclude .git -exclude .hg -strip-unsigned-binaries -strip-deterministic -strip-tool /Applications/Xcode-26.4.app/Contents/Developer/Toolchains/XcodeDefault.xctoolchain/usr/bin/strip -resolve-src-symlinks /Users/builder/clone/build/Build/Intermediates.noindex/Account.build/Release-iphoneos/Account.build/Account.modulemap /Users/builder/clone/build/Build/Intermediates.noindex/GeneratedModuleMaps-iphoneos\n\nMkDir /Users/builder/clone/build/Build/Products/Release-iphoneos/wishkit-ios_WishKit.bundle (in target 'wishkit-ios_WishKit' from project 'wishkit-ios')\n    cd /Users/builder/clone/build/SourcePackages/checkouts/wishkit-ios\n    /bin/mkdir -p /Users/builder/clone/build/Build/Products/Release-iphoneos/wishkit-ios_WishKit.bundle\n\nMkDir /Users/builder/clone/build/Build/Products/Release-iphoneos/TelemetryDeck_TelemetryDeck.bundle (in target 'TelemetryDeck_TelemetryDeck' from project 'TelemetryDeck')\n    cd /Users/builder/clone/build/SourcePackages/checkouts/SwiftSDK\n    /bin/mkdir -p /Users/builder/clone/build/Build/Products/Release-iphoneos/TelemetryDeck_TelemetryDeck.bundle\n\nMkDir /Users/builder/clone/build/Build/Products/Release-iphoneos/SQLite.swift_SQLite.bundle (in target 'SQLite.swift_SQLite' from project 'SQLite.swift')\n    cd /Users/builder/clone/build/SourcePackages/checkouts/SQLite.swift\n    /bin/mkdir -p /Users/builder/clone/build/Build/Products/Release-iphoneos/SQLite.swift_SQLite.bundle\n\nMkDir /Users/builder/clone/build/Build/Products/Release-iphoneos/RevenueCat_RevenueCat.bundle (in target 'RevenueCat_RevenueCat' from project 'RevenueCat')\n    cd /Users/builder/clone/build/SourcePackages/checkouts/purchases-ios-spm\n    /bin/mkdir -p /Users/builder/clone/build/Build/Products/Release-iphoneos/RevenueCat_RevenueCat.bundle\n\nMkDir /Users/builder/clone/build/Build/Products/Release-iphoneos/IceCubesShareExtension.appex (in target 'IceCubesShareExtension' from project 'IceCubesApp')\n    cd /Users/builder/clone\n    /bin/mkdir -p /Users/builder/clone/build/Build/Products/Release-iphoneos/IceCubesShareExtension.appex\n\nMkDir /Users/builder/clone/build/Build/Products/Release-iphoneos/IceCubesNotifications.appex (in target 'IceCubesNotifications' from project 'IceCubesApp')\n    cd /Users/builder/clone\n    /bin/mkdir -p /Users/builder/clone/build/Build/Products/Release-iphoneos/IceCubesNotifications.appex\n\nMkDir /Users/builder/clone/build/Build/Products/Release-iphoneos/IceCubesAppWidgetsExtensionExtension.appex (in target 'IceCubesAppWidgetsExtensionExtension' from project 'IceCubesApp')\n    cd /Users/builder/clone\n    /bin/mkdir -p /Users/builder/clone/build/Build/Products/Release-iphoneos/IceCubesAppWidgetsExtensionExtension.appex\n\nMkDir /Users/builder/clone/build/Build/Products/Release-iphoneos/Ice\\ Cubes.app/PlugIns (in target 'IceCubesApp' from project 'IceCubesApp')\n    cd /Users/builder/clone\n    /bin/mkdir -p /Users/builder/clone/build/Build/Products/Release-iphoneos/Ice\\ Cubes.app/PlugIns\n\nMkDir /Users/builder/clone/build/Build/Products/Release-iphoneos/Ice\\ Cubes.app (in target 'IceCubesApp' from project 'IceCubesApp')\n    cd /Users/builder/clone\n    /bin/mkdir -p /Users/builder/clone/build/Build/Products/Release-iphoneos/Ice\\ Cubes.app\n\nMkDir /Users/builder/clone/build/Build/Products/Release-iphoneos/IceCubesActionExtension.appex (in target 'IceCubesActionExtension' from project 'IceCubesApp')\n    cd /Users/builder/clone\n    /bin/mkdir -p /Users/builder/clone/build/Build/Products/Release-iphoneos/IceCubesActionExtension.appex\n\nMkDir /Users/builder/clone/build/Build/Products/Release-iphoneos/DesignSystem_DesignSystem.bundle (in target 'DesignSystem_DesignSystem' from project 'DesignSystem')\n    cd /Users/builder/clone/Packages/DesignSystem\n    /bin/mkdir -p /Users/builder/clone/build/Build/Products/Release-iphoneos/DesignSystem_DesignSystem.bundle\n\nProcessInfoPlistFile /Users/builder/clone/build/Build/Products/Release-iphoneos/wishkit-ios_WishKit.bundle/Info.plist /Users/builder/clone/build/Build/Intermediates.noindex/wishkit-ios.build/Release-iphoneos/wishkit-ios_WishKit.build/empty-wishkit-ios_WishKit.plist (in target 'wishkit-ios_WishKit' from project 'wishkit-ios')\n    cd /Users/builder/clone/build/SourcePackages/checkouts/wishkit-ios\n    builtin-infoPlistUtility /Users/builder/clone/build/Build/Intermediates.noindex/wishkit-ios.build/Release-iphoneos/wishkit-ios_WishKit.build/empty-wishkit-ios_WishKit.plist -producttype com.apple.product-type.bundle -expandbuildsettings -format binary -platform iphoneos -requiredArchitecture arm64 -o /Users/builder/clone/build/Build/Products/Release-iphoneos/wishkit-ios_WishKit.bundle/Info.plist\n\nCpResource /Users/builder/clone/build/Build/Products/Release-iphoneos/wishkit-ios_WishKit.bundle/zh-Hant.lproj/Localizable.strings /Users/builder/clone/build/SourcePackages/checkouts/wishkit-ios/Sources/WishKit/Resources/zh-Hant.lproj/Localizable.strings (in target 'wishkit-ios_WishKit' from project 'wishkit-ios')\n    cd /Users/builder/clone/build/SourcePackages/checkouts/wishkit-ios\n    builtin-copy -exclude .DS_Store -exclude CVS -exclude .svn -exclude .git -exclude .hg -strip-unsigned-binaries -strip-deterministic -strip-tool /Applications/Xcode-26.4.app/Contents/Developer/Toolchains/XcodeDefault.xctoolchain/usr/bin/strip -resolve-src-symlinks /Users/builder/clone/build/SourcePackages/checkouts/wishkit-ios/Sources/WishKit/Resources/zh-Hant.lproj/Localizable.strings /Users/builder/clone/build/Build/Products/Release-iphoneos/wishkit-ios_WishKit.bundle/zh-Hant.lproj\n\nCpResource /Users/builder/clone/build/Build/Products/Release-iphoneos/wishkit-ios_WishKit.bundle/zh-Hans.lproj/Localizable.strings /Users/builder/clone/build/SourcePackages/checkouts/wishkit-ios/Sources/WishKit/Resources/zh-Hans.lproj/Localizable.strings (in target 'wishkit-ios_WishKit' from project 'wishkit-ios')\n    cd /Users/builder/clone/build/SourcePackages/checkouts/wishkit-ios\n    builtin-copy -exclude .DS_Store -exclude CVS -exclude .svn -exclude .git -exclude .hg -strip-unsigned-binaries -strip-deterministic -strip-tool /Applications/Xcode-26.4.app/Contents/Developer/Toolchains/XcodeDefault.xctoolchain/usr/bin/strip -resolve-src-symlinks /Users/builder/clone/build/SourcePackages/checkouts/wishkit-ios/Sources/WishKit/Resources/zh-Hans.lproj/Localizable.strings /Users/builder/clone/build/Build/Products/Release-iphoneos/wishkit-ios_WishKit.bundle/zh-Hans.lproj\n\nCpResource /Users/builder/clone/build/Build/Products/Release-iphoneos/wishkit-ios_WishKit.bundle/ko.lproj/Localizable.strings /Users/builder/clone/build/SourcePackages/checkouts/wishkit-ios/Sources/WishKit/Resources/ko.lproj/Localizable.strings (in target 'wishkit-ios_WishKit' from project 'wishkit-ios')\n    cd /Users/builder/clone/build/SourcePackages/checkouts/wishkit-ios\n    builtin-copy -exclude .DS_Store -exclude CVS -exclude .svn -exclude .git -exclude .hg -strip-unsigned-binaries -strip-deterministic -strip-tool /Applications/Xcode-26.4.app/Contents/Developer/Toolchains/XcodeDefault.xctoolchain/usr/bin/strip -resolve-src-symlinks /Users/builder/clone/build/SourcePackages/checkouts/wishkit-ios/Sources/WishKit/Resources/ko.lproj/Localizable.strings /Users/builder/clone/build/Build/Products/Release-iphoneos/wishkit-ios_WishKit.bundle/ko.lproj\n\nCpResource /Users/builder/clone/build/Build/Products/Release-iphoneos/wishkit-ios_WishKit.bundle/ja.lproj/Localizable.strings /Users/builder/clone/build/SourcePackages/checkouts/wishkit-ios/Sources/WishKit/Resources/ja.lproj/Localizable.strings (in target 'wishkit-ios_WishKit' from project 'wishkit-ios')\n    cd /Users/builder/clone/build/SourcePackages/checkouts/wishkit-ios\n    builtin-copy -exclude .DS_Store -exclude CVS -exclude .svn -exclude .git -exclude .hg -strip-unsigned-binaries -strip-deterministic -strip-tool /Applications/Xcode-26.4.app/Contents/Developer/Toolchains/XcodeDefault.xctoolchain/usr/bin/strip -resolve-src-symlinks /Users/builder/clone/build/SourcePackages/checkouts/wishkit-ios/Sources/WishKit/Resources/ja.lproj/Localizable.strings /Users/builder/clone/build/Build/Products/Release-iphoneos/wishkit-ios_WishKit.bundle/ja.lproj\n\nCpResource /Users/builder/clone/build/Build/Products/Release-iphoneos/wishkit-ios_WishKit.bundle/fr.lproj/Localizable.strings /Users/builder/clone/build/SourcePackages/checkouts/wishkit-ios/Sources/WishKit/Resources/fr.lproj/Localizable.strings (in target 'wishkit-ios_WishKit' from project 'wishkit-ios')\n    cd /Users/builder/clone/build/SourcePackages/checkouts/wishkit-ios\n    builtin-copy -exclude .DS_Store -exclude CVS -exclude .svn -exclude .git -exclude .hg -strip-unsigned-binaries -strip-deterministic -strip-tool /Applications/Xcode-26.4.app/Contents/Developer/Toolchains/XcodeDefault.xctoolchain/usr/bin/strip -resolve-src-symlinks /Users/builder/clone/build/SourcePackages/checkouts/wishkit-ios/Sources/WishKit/Resources/fr.lproj/Localizable.strings /Users/builder/clone/build/Build/Products/Release-iphoneos/wishkit-ios_WishKit.bundle/fr.lproj\n\nCpResource /Users/builder/clone/build/Build/Products/Release-iphoneos/wishkit-ios_WishKit.bundle/es.lproj/Localizable.strings /Users/builder/clone/build/SourcePackages/checkouts/wishkit-ios/Sources/WishKit/Resources/es.lproj/Localizable.strings (in target 'wishkit-ios_WishKit' from project 'wishkit-ios')\n    cd /Users/builder/clone/build/SourcePackages/checkouts/wishkit-ios\n    builtin-copy -exclude .DS_Store -exclude CVS -exclude .svn -exclude .git -exclude .hg -strip-unsigned-binaries -strip-deterministic -strip-tool /Applications/Xcode-26.4.app/Contents/Developer/Toolchains/XcodeDefault.xctoolchain/usr/bin/strip -resolve-src-symlinks /Users/builder/clone/build/SourcePackages/checkouts/wishkit-ios/Sources/WishKit/Resources/es.lproj/Localizable.strings /Users/builder/clone/build/Build/Products/Release-iphoneos/wishkit-ios_WishKit.bundle/es.lproj\n\nCpResource /Users/builder/clone/build/Build/Products/Release-iphoneos/wishkit-ios_WishKit.bundle/en.lproj/Localizable.strings /Users/builder/clone/build/SourcePackages/checkouts/wishkit-ios/Sources/WishKit/Resources/en.lproj/Localizable.strings (in target 'wishkit-ios_WishKit' from project 'wishkit-ios')\n    cd /Users/builder/clone/build/SourcePackages/checkouts/wishkit-ios\n    builtin-copy -exclude .DS_Store -exclude CVS -exclude .svn -exclude .git -exclude .hg -strip-unsigned-binaries -strip-deterministic -strip-tool /Applications/Xcode-26.4.app/Contents/Developer/Toolchains/XcodeDefault.xctoolchain/usr/bin/strip -resolve-src-symlinks /Users/builder/clone/build/SourcePackages/checkouts/wishkit-ios/Sources/WishKit/Resources/en.lproj/Localizable.strings /Users/builder/clone/build/Build/Products/Release-iphoneos/wishkit-ios_WishKit.bundle/en.lproj\n\nCpResource /Users/builder/clone/build/Build/Products/Release-iphoneos/wishkit-ios_WishKit.bundle/de.lproj/Localizable.strings /Users/builder/clone/build/SourcePackages/checkouts/wishkit-ios/Sources/WishKit/Resources/de.lproj/Localizable.strings (in target 'wishkit-ios_WishKit' from project 'wishkit-ios')\n    cd /Users/builder/clone/build/SourcePackages/checkouts/wishkit-ios\n    builtin-copy -exclude .DS_Store -exclude CVS -exclude .svn -exclude .git -exclude .hg -strip-unsigned-binaries -strip-deterministic -strip-tool /Applications/Xcode-26.4.app/Contents/Developer/Toolchains/XcodeDefault.xctoolchain/usr/bin/strip -resolve-src-symlinks /Users/builder/clone/build/SourcePackages/checkouts/wishkit-ios/Sources/WishKit/Resources/de.lproj/Localizable.strings /Users/builder/clone/build/Build/Products/Release-iphoneos/wishkit-ios_WishKit.bundle/de.lproj\n\nCpResource /Users/builder/clone/build/Build/Products/Release-iphoneos/wishkit-ios_WishKit.bundle/PrivacyInfo.xcprivacy /Users/builder/clone/build/SourcePackages/checkouts/wishkit-ios/Sources/WishKit/PrivacyInfo.xcprivacy (in target 'wishkit-ios_WishKit' from project 'wishkit-ios')\n    cd /Users/builder/clone/build/SourcePackages/checkouts/wishkit-ios\n    builtin-copy -exclude .DS_Store -exclude CVS -exclude .svn -exclude .git -exclude .hg -strip-unsigned-binaries -strip-deterministic -strip-tool /Applications/Xcode-26.4.app/Contents/Developer/Toolchains/XcodeDefault.xctoolchain/usr/bin/strip -resolve-src-symlinks /Users/builder/clone/build/SourcePackages/checkouts/wishkit-ios/Sources/WishKit/PrivacyInfo.xcprivacy /Users/builder/clone/build/Build/Products/Release-iphoneos/wishkit-ios_WishKit.bundle\n\nRegisterExecutionPolicyException /Users/builder/clone/build/Build/Products/Release-iphoneos/wishkit-ios_WishKit.bundle (in target 'wishkit-ios_WishKit' from project 'wishkit-ios')\n    cd /Users/builder/clone/build/SourcePackages/checkouts/wishkit-ios\n    builtin-RegisterExecutionPolicyException /Users/builder/clone/build/Build/Products/Release-iphoneos/wishkit-ios_WishKit.bundle\n\nTouch /Users/builder/clone/build/Build/Products/Release-iphoneos/wishkit-ios_WishKit.bundle (in target 'wishkit-ios_WishKit' from project 'wishkit-ios')\n    cd /Users/builder/clone/build/SourcePackages/checkouts/wishkit-ios\n    /usr/bin/touch -c /Users/builder/clone/build/Build/Products/Release-iphoneos/wishkit-ios_WishKit.bundle\n\nProcessInfoPlistFile /Users/builder/clone/build/Build/Products/Release-iphoneos/TelemetryDeck_TelemetryDeck.bundle/Info.plist /Users/builder/clone/build/Build/Intermediates.noindex/TelemetryDeck.build/Release-iphoneos/TelemetryDeck_TelemetryDeck.build/empty-TelemetryDeck_TelemetryDeck.plist (in target 'TelemetryDeck_TelemetryDeck' from project 'TelemetryDeck')\n    cd /Users/builder/clone/build/SourcePackages/checkouts/SwiftSDK\n    builtin-infoPlistUtility /Users/builder/clone/build/Build/Intermediates.noindex/TelemetryDeck.build/Release-iphoneos/TelemetryDeck_TelemetryDeck.build/empty-TelemetryDeck_TelemetryDeck.plist -producttype com.apple.product-type.bundle -expandbuildsettings -format binary -platform iphoneos -requiredArchitecture arm64 -o /Users/builder/clone/build/Build/Products/Release-iphoneos/TelemetryDeck_TelemetryDeck.bundle/Info.plist\n\nCpResource /Users/builder/clone/build/Build/Products/Release-iphoneos/TelemetryDeck_TelemetryDeck.bundle/PrivacyInfo.xcprivacy /Users/builder/clone/build/SourcePackages/checkouts/SwiftSDK/Sources/TelemetryDeck/PrivacyInfo.xcprivacy (in target 'TelemetryDeck_TelemetryDeck' from project 'TelemetryDeck')\n    cd /Users/builder/clone/build/SourcePackages/checkouts/SwiftSDK\n    builtin-copy -exclude .DS_Store -exclude CVS -exclude .svn -exclude .git -exclude .hg -strip-unsigned-binaries -strip-deterministic -strip-tool /Applications/Xcode-26.4.app/Contents/Developer/Toolchains/XcodeDefault.xctoolchain/usr/bin/strip -resolve-src-symlinks /Users/builder/clone/build/SourcePackages/checkouts/SwiftSDK/Sources/TelemetryDeck/PrivacyInfo.xcprivacy /Users/builder/clone/build/Build/Products/Release-iphoneos/TelemetryDeck_TelemetryDeck.bundle\n\nRegisterExecutionPolicyException /Users/builder/clone/build/Build/Products/Release-iphoneos/TelemetryDeck_TelemetryDeck.bundle (in target 'TelemetryDeck_TelemetryDeck' from project 'TelemetryDeck')\n    cd /Users/builder/clone/build/SourcePackages/checkouts/SwiftSDK\n    builtin-RegisterExecutionPolicyException /Users/builder/clone/build/Build/Products/Release-iphoneos/TelemetryDeck_TelemetryDeck.bundle\n\nProcessInfoPlistFile /Users/builder/clone/build/Build/Products/Release-iphoneos/SQLite.swift_SQLite.bundle/Info.plist /Users/builder/clone/build/Build/Intermediates.noindex/SQLite.swift.build/Release-iphoneos/SQLite.swift_SQLite.build/empty-SQLite.swift_SQLite.plist (in target 'SQLite.swift_SQLite' from project 'SQLite.swift')\n    cd /Users/builder/clone/build/SourcePackages/checkouts/SQLite.swift\n    builtin-infoPlistUtility /Users/builder/clone/build/Build/Intermediates.noindex/SQLite.swift.build/Release-iphoneos/SQLite.swift_SQLite.build/empty-SQLite.swift_SQLite.plist -producttype com.apple.product-type.bundle -expandbuildsettings -format binary -platform iphoneos -requiredArchitecture arm64 -o /Users/builder/clone/build/Build/Products/Release-iphoneos/SQLite.swift_SQLite.bundle/Info.plist\n\nCpResource /Users/builder/clone/build/Build/Products/Release-iphoneos/SQLite.swift_SQLite.bundle/PrivacyInfo.xcprivacy /Users/builder/clone/build/SourcePackages/checkouts/SQLite.swift/Sources/SQLite/PrivacyInfo.xcprivacy (in target 'SQLite.swift_SQLite' from project 'SQLite.swift')\n    cd /Users/builder/clone/build/SourcePackages/checkouts/SQLite.swift\n    builtin-copy -exclude .DS_Store -exclude CVS -exclude .svn -exclude .git -exclude .hg -strip-unsigned-binaries -strip-deterministic -strip-tool /Applications/Xcode-26.4.app/Contents/Developer/Toolchains/XcodeDefault.xctoolchain/usr/bin/strip -resolve-src-symlinks /Users/builder/clone/build/SourcePackages/checkouts/SQLite.swift/Sources/SQLite/PrivacyInfo.xcprivacy /Users/builder/clone/build/Build/Products/Release-iphoneos/SQLite.swift_SQLite.bundle\n\nTouch /Users/builder/clone/build/Build/Products/Release-iphoneos/TelemetryDeck_TelemetryDeck.bundle (in target 'TelemetryDeck_TelemetryDeck' from project 'TelemetryDeck')\n    cd /Users/builder/clone/build/SourcePackages/checkouts/SwiftSDK\n    /usr/bin/touch -c /Users/builder/clone/build/Build/Products/Release-iphoneos/TelemetryDeck_TelemetryDeck.bundle\n\nRegisterExecutionPolicyException /Users/builder/clone/build/Build/Products/Release-iphoneos/SQLite.swift_SQLite.bundle (in target 'SQLite.swift_SQLite' from project 'SQLite.swift')\n    cd /Users/builder/clone/build/SourcePackages/checkouts/SQLite.swift\n    builtin-RegisterExecutionPolicyException /Users/builder/clone/build/Build/Products/Release-iphoneos/SQLite.swift_SQLite.bundle\n\nProcessInfoPlistFile /Users/builder/clone/build/Build/Products/Release-iphoneos/RevenueCat_RevenueCat.bundle/Info.plist /Users/builder/clone/build/Build/Intermediates.noindex/RevenueCat.build/Release-iphoneos/RevenueCat_RevenueCat.build/empty-RevenueCat_RevenueCat.plist (in target 'RevenueCat_RevenueCat' from project 'RevenueCat')\n    cd /Users/builder/clone/build/SourcePackages/checkouts/purchases-ios-spm\n    builtin-infoPlistUtility /Users/builder/clone/build/Build/Intermediates.noindex/RevenueCat.build/Release-iphoneos/RevenueCat_RevenueCat.build/empty-RevenueCat_RevenueCat.plist -producttype com.apple.product-type.bundle -expandbuildsettings -format binary -platform iphoneos -requiredArchitecture arm64 -o /Users/builder/clone/build/Build/Products/Release-iphoneos/RevenueCat_RevenueCat.bundle/Info.plist\n\nCpResource /Users/builder/clone/build/Build/Products/Release-iphoneos/RevenueCat_RevenueCat.bundle/PrivacyInfo.xcprivacy /Users/builder/clone/build/SourcePackages/checkouts/purchases-ios-spm/Sources/PrivacyInfo.xcprivacy (in target 'RevenueCat_RevenueCat' from project 'RevenueCat')\n    cd /Users/builder/clone/build/SourcePackages/checkouts/purchases-ios-spm\n    builtin-copy -exclude .DS_Store -exclude CVS -exclude .svn -exclude .git -exclude .hg -strip-unsigned-binaries -strip-deterministic -strip-tool /Applications/Xcode-26.4.app/Contents/Developer/Toolchains/XcodeDefault.xctoolchain/usr/bin/strip -resolve-src-symlinks /Users/builder/clone/build/SourcePackages/checkouts/purchases-ios-spm/Sources/PrivacyInfo.xcprivacy /Users/builder/clone/build/Build/Products/Release-iphoneos/RevenueCat_RevenueCat.bundle\n\nTouch /Users/builder/clone/build/Build/Products/Release-iphoneos/SQLite.swift_SQLite.bundle (in target 'SQLite.swift_SQLite' from project 'SQLite.swift')\n    cd /Users/builder/clone/build/SourcePackages/checkouts/SQLite.swift\n    /usr/bin/touch -c /Users/builder/clone/build/Build/Products/Release-iphoneos/SQLite.swift_SQLite.bundle\n\nRegisterExecutionPolicyException /Users/builder/clone/build/Build/Products/Release-iphoneos/RevenueCat_RevenueCat.bundle (in target 'RevenueCat_RevenueCat' from project 'RevenueCat')\n    cd /Users/builder/clone/build/SourcePackages/checkouts/purchases-ios-spm\n    builtin-RegisterExecutionPolicyException /Users/builder/clone/build/Build/Products/Release-iphoneos/RevenueCat_RevenueCat.bundle\n\nTouch /Users/builder/clone/build/Build/Products/Release-iphoneos/RevenueCat_RevenueCat.bundle (in target 'RevenueCat_RevenueCat' from project 'RevenueCat')\n    cd /Users/builder/clone/build/SourcePackages/checkouts/purchases-ios-spm\n    /usr/bin/touch -c /Users/builder/clone/build/Build/Products/Release-iphoneos/RevenueCat_RevenueCat.bundle\n\nMkDir /Users/builder/clone/build/Build/Intermediates.noindex/DesignSystem.build/Release-iphoneos/DesignSystem_DesignSystem.build/assetcatalog_output/unthinned (in target 'DesignSystem_DesignSystem' from project 'DesignSystem')\n    cd /Users/builder/clone/Packages/DesignSystem\n    /bin/mkdir -p /Users/builder/clone/build/Build/Intermediates.noindex/DesignSystem.build/Release-iphoneos/DesignSystem_DesignSystem.build/assetcatalog_output/unthinned\n\nMkDir /Users/builder/clone/build/Build/Intermediates.noindex/DesignSystem.build/Release-iphoneos/DesignSystem_DesignSystem.build/assetcatalog_output/thinned (in target 'DesignSystem_DesignSystem' from project 'DesignSystem')\n    cd /Users/builder/clone/Packages/DesignSystem\n    /bin/mkdir -p /Users/builder/clone/build/Build/Intermediates.noindex/DesignSystem.build/Release-iphoneos/DesignSystem_DesignSystem.build/assetcatalog_output/thinned\n\nCompileAssetCatalogVariant thinned /Users/builder/clone/build/Build/Products/Release-iphoneos/DesignSystem_DesignSystem.bundle /Users/builder/clone/Packages/DesignSystem/Sources/DesignSystem/Resources/Colors.xcassets (in target 'DesignSystem_DesignSystem' from project 'DesignSystem')\n    cd /Users/builder/clone/Packages/DesignSystem\n    /Applications/Xcode-26.4.app/Contents/Developer/usr/bin/actool /Users/builder/clone/Packages/DesignSystem/Sources/DesignSystem/Resources/Colors.xcassets --compile /Users/builder/clone/build/Build/Intermediates.noindex/DesignSystem.build/Release-iphoneos/DesignSystem_DesignSystem.build/assetcatalog_output/thinned --output-format human-readable-text --notices --warnings --export-dependency-info /Users/builder/clone/build/Build/Intermediates.noindex/DesignSystem.build/Release-iphoneos/DesignSystem_DesignSystem.build/assetcatalog_dependencies_thinned --output-partial-info-plist /Users/builder/clone/build/Build/Intermediates.noindex/DesignSystem.build/Release-iphoneos/DesignSystem_DesignSystem.build/assetcatalog_generated_info.plist_thinned --compress-pngs --enable-on-demand-resources NO --development-region en --target-device iphone --target-device ipad --minimum-deployment-target 18.0 --platform iphoneos\n/* com.apple.actool.compilation-results */\n/Users/builder/clone/build/Build/Intermediates.noindex/DesignSystem.build/Release-iphoneos/DesignSystem_DesignSystem.build/assetcatalog_generated_info.plist_thinned\n/Users/builder/clone/build/Build/Intermediates.noindex/DesignSystem.build/Release-iphoneos/DesignSystem_DesignSystem.build/assetcatalog_output/thinned/Assets.car\n\n\nScanDependencies /Users/builder/clone/build/Build/Intermediates.noindex/cmark-gfm.build/Release-iphoneos/cmark-gfm-extensions.build/Objects-normal/arm64/tasklist.o /Users/builder/clone/build/SourcePackages/checkouts/swift-cmark/extensions/tasklist.c normal arm64 c com.apple.compilers.llvm.clang.1_0.compiler (in target 'cmark-gfm-extensions' from project 'cmark-gfm')\n    cd /Users/builder/clone/IceCubesApp.xcodeproj\n    \n    Using response file: /Users/builder/clone/build/Build/Intermediates.noindex/cmark-gfm.build/Release-iphoneos/cmark-gfm-extensions.build/Objects-normal/arm64/7187679823f38a2a940e0043cdf9d637-common-args.resp\n    \n    builtin-ScanDependencies -o /Users/builder/clone/build/Build/Intermediates.noindex/cmark-gfm.build/Release-iphoneos/cmark-gfm-extensions.build/Objects-normal/arm64/tasklist.o.scan -- /Applications/Xcode-26.4.app/Contents/Developer/Toolchains/XcodeDefault.xctoolchain/usr/bin/clang -x c -ivfsstatcache /Users/builder/clone/build/SDKStatCaches.noindex/iphoneos26.4-23E252-dc38477e7e47e42951976ad86cc01fb3.sdkstatcache -target arm64-apple-ios12.0 -fmessage-length\\=0 -fdiagnostics-show-note-include-stack -fmacro-backtrace-limit\\=0 -fno-color-diagnostics -fmodules-prune-interval\\=86400 -fmodules-prune-after\\=345600 -fbuild-session-file\\=/Users/builder/clone/build/ModuleCache.noindex/Session.modulevalidation -fmodules-validate-once-per-build-session -Wnon-modular-include-in-framework-module -Werror\\=non-modular-include-in-framework-module -Wno-trigraphs -Wno-missing-field-initializers -Wno-missing-prototypes -Wno-return-type -Wno-missing-braces -Wparentheses -Wswitch -Wno-unused-function -Wno-unused-label -Wno-unused-parameter -Wno-unused-variable -Wunused-value -Wno-empty-body -Wno-uninitialized -Wno-unknown-pragmas -w -Wno-shadow -Wno-four-char-constants -Wno-conversion -Wno-constant-conversion -Wno-int-conversion -Wno-bool-conversion -Wno-enum-conversion -Wno-float-conversion -Wno-non-literal-null-conversion -Wno-objc-literal-conversion -Wshorten-64-to-32 -Wpointer-sign -Wno-newline-eof -Wno-implicit-fallthrough -isysroot /Applications/Xcode-26.4.app/Contents/Developer/Platforms/iPhoneOS.platform/Developer/SDKs/iPhoneOS26.4.sdk -fstrict-aliasing -Wdeprecated-declarations -Wno-sign-conversion -Wno-infinite-recursion -Wno-comma -Wno-block-capture-autoreleasing -Wno-strict-prototypes -Wno-semicolon-before-method-body @/Users/builder/clone/build/Build/Intermediates.noindex/cmark-gfm.build/Release-iphoneos/cmark-gfm-extensions.build/Objects-normal/arm64/7187679823f38a2a940e0043cdf9d637-common-args.resp -MMD -MT dependencies -MF /Users/builder/clone/build/Build/Intermediates.noindex/cmark-gfm.build/Release-iphoneos/cmark-gfm-extensions.build/Objects-normal/arm64/tasklist.d --serialize-diagnostics /Users/builder/clone/build/Build/Intermediates.noindex/cmark-gfm.build/Release-iphoneos/cmark-gfm-extensions.build/Objects-normal/arm64/tasklist.dia -c /Users/builder/clone/build/SourcePackages/checkouts/swift-cmark/extensions/tasklist.c -o /Users/builder/clone/build/Build/Intermediates.noindex/cmark-gfm.build/Release-iphoneos/cmark-gfm-extensions.build/Objects-normal/arm64/tasklist.o\n\nScanDependencies /Users/builder/clone/build/Build/Intermediates.noindex/cmark-gfm.build/Release-iphoneos/cmark-gfm-extensions.build/Objects-normal/arm64/tagfilter.o /Users/builder/clone/build/SourcePackages/checkouts/swift-cmark/extensions/tagfilter.c normal arm64 c com.apple.compilers.llvm.clang.1_0.compiler (in target 'cmark-gfm-extensions' from project 'cmark-gfm')\n    cd /Users/builder/clone/IceCubesApp.xcodeproj\n    \n    Using response file: /Users/builder/clone/build/Build/Intermediates.noindex/cmark-gfm.build/Release-iphoneos/cmark-gfm-extensions.build/Objects-normal/arm64/7187679823f38a2a940e0043cdf9d637-common-args.resp\n    \n    builtin-ScanDependencies -o /Users/builder/clone/build/Build/Intermediates.noindex/cmark-gfm.build/Release-iphoneos/cmark-gfm-extensions.build/Objects-normal/arm64/tagfilter.o.scan -- /Applications/Xcode-26.4.app/Contents/Developer/Toolchains/XcodeDefault.xctoolchain/usr/bin/clang -x c -ivfsstatcache /Users/builder/clone/build/SDKStatCaches.noindex/iphoneos26.4-23E252-dc38477e7e47e42951976ad86cc01fb3.sdkstatcache -target arm64-apple-ios12.0 -fmessage-length\\=0 -fdiagnostics-show-note-include-stack -fmacro-backtrace-limit\\=0 -fno-color-diagnostics -fmodules-prune-interval\\=86400 -fmodules-prune-after\\=345600 -fbuild-session-file\\=/Users/builder/clone/build/ModuleCache.noindex/Session.modulevalidation -fmodules-validate-once-per-build-session -Wnon-modular-include-in-framework-module -Werror\\=non-modular-include-in-framework-module -Wno-trigraphs -Wno-missing-field-initializers -Wno-missing-prototypes -Wno-return-type -Wno-missing-braces -Wparentheses -Wswitch -Wno-unused-function -Wno-unused-label -Wno-unused-parameter -Wno-unused-variable -Wunused-value -Wno-empty-body -Wno-uninitialized -Wno-unknown-pragmas -w -Wno-shadow -Wno-four-char-constants -Wno-conversion -Wno-constant-conversion -Wno-int-conversion -Wno-bool-conversion -Wno-enum-conversion -Wno-float-conversion -Wno-non-literal-null-conversion -Wno-objc-literal-conversion -Wshorten-64-to-32 -Wpointer-sign -Wno-newline-eof -Wno-implicit-fallthrough -isysroot /Applications/Xcode-26.4.app/Contents/Developer/Platforms/iPhoneOS.platform/Developer/SDKs/iPhoneOS26.4.sdk -fstrict-aliasing -Wdeprecated-declarations -Wno-sign-conversion -Wno-infinite-recursion -Wno-comma -Wno-block-capture-autoreleasing -Wno-strict-prototypes -Wno-semicolon-before-method-body @/Users/builder/clone/build/Build/Intermediates.noindex/cmark-gfm.build/Release-iphoneos/cmark-gfm-extensions.build/Objects-normal/arm64/7187679823f38a2a940e0043cdf9d637-common-args.resp -MMD -MT dependencies -MF /Users/builder/clone/build/Build/Intermediates.noindex/cmark-gfm.build/Release-iphoneos/cmark-gfm-extensions.build/Objects-normal/arm64/tagfilter.d --serialize-diagnostics /Users/builder/clone/build/Build/Intermediates.noindex/cmark-gfm.build/Release-iphoneos/cmark-gfm-extensions.build/Objects-normal/arm64/tagfilter.dia -c /Users/builder/clone/build/SourcePackages/checkouts/swift-cmark/extensions/tagfilter.c -o /Users/builder/clone/build/Build/Intermediates.noindex/cmark-gfm.build/Release-iphoneos/cmark-gfm-extensions.build/Objects-normal/arm64/tagfilter.o\n\nSwiftDriver WrappingHStack normal arm64 com.apple.xcode.tools.swift.compiler (in target 'WrappingHStack' from project 'WrappingHStack')\n    cd /Users/builder/clone/IceCubesApp.xcodeproj\n    builtin-SwiftDriver -- /Applications/Xcode-26.4.app/Contents/Developer/Toolchains/XcodeDefault.xctoolchain/usr/bin/swiftc -module-name WrappingHStack -O -whole-module-optimization @/Users/builder/clone/build/Build/Intermediates.noindex/WrappingHStack.build/Release-iphoneos/WrappingHStack.build/Objects-normal/arm64/WrappingHStack.SwiftFileList -DSWIFT_PACKAGE -DSWIFT_MODULE_RESOURCE_BUNDLE_UNAVAILABLE -DXcode -plugin-path /Applications/Xcode-26.4.app/Contents/Developer/Toolchains/XcodeDefault.xctoolchain/usr/lib/swift/host/plugins/testing -enable-experimental-feature DebugDescriptionMacro -sdk /Applications/Xcode-26.4.app/Contents/Developer/Platforms/iPhoneOS.platform/Developer/SDKs/iPhoneOS26.4.sdk -target arm64-apple-ios13.0 -g -module-cache-path /Users/builder/clone/build/ModuleCache.noindex -Xfrontend -serialize-debugging-options -suppress-warnings -swift-version 5 -I /Users/builder/clone/build/Build/Products/Release-iphoneos -Isystem /Applications/Xcode-26.4.app/Contents/Developer/Platforms/iPhoneOS.platform/Developer/usr/lib -F /Users/builder/clone/build/Build/Products/Release-iphoneos -F /Applications/Xcode-26.4.app/Contents/Developer/Platforms/iPhoneOS.platform/Developer/Library/Frameworks -F /Applications/Xcode-26.4.app/Contents/Developer/Platforms/iPhoneOS.platform/Developer/SDKs/iPhoneOS26.4.sdk/Developer/Library/Frameworks -c -num-threads 3 -Xcc -ivfsstatcache -Xcc /Users/builder/clone/build/SDKStatCaches.noindex/iphoneos26.4-23E252-dc38477e7e47e42951976ad86cc01fb3.sdkstatcache -output-file-map /Users/builder/clone/build/Build/Intermediates.noindex/WrappingHStack.build/Release-iphoneos/WrappingHStack.build/Objects-normal/arm64/WrappingHStack-OutputFileMap.json -use-frontend-parseable-output -save-temps -no-color-diagnostics -explicit-module-build -module-cache-path /Users/builder/clone/build/Build/Intermediates.noindex/SwiftExplicitPrecompiledModules -clang-scanner-module-cache-path /Users/builder/clone/build/ModuleCache.noindex -sdk-module-cache-path /Users/builder/clone/build/ModuleCache.noindex -serialize-diagnostics -emit-dependencies -emit-module -emit-module-path /Users/builder/clone/build/Build/Intermediates.noindex/WrappingHStack.build/Release-iphoneos/WrappingHStack.build/Objects-normal/arm64/WrappingHStack.swiftmodule -validate-clang-modules-once -clang-build-session-file /Users/builder/clone/build/ModuleCache.noindex/Session.modulevalidation -Xcc -I/Users/builder/clone/build/Build/Intermediates.noindex/WrappingHStack.build/Release-iphoneos/WrappingHStack.build/swift-overrides.hmap -emit-const-values -Xfrontend -const-gather-protocols-file -Xfrontend /Users/builder/clone/build/Build/Intermediates.noindex/WrappingHStack.build/Release-iphoneos/WrappingHStack.build/Objects-normal/arm64/WrappingHStack_const_extract_protocols.json -Xcc -I/Users/builder/clone/build/Build/Products/Release-iphoneos/include -Xcc -I/Users/builder/clone/build/Build/Intermediates.noindex/WrappingHStack.build/Release-iphoneos/WrappingHStack.build/DerivedSources-normal/arm64 -Xcc -I/Users/builder/clone/build/Build/Intermediates.noindex/WrappingHStack.build/Release-iphoneos/WrappingHStack.build/DerivedSources/arm64 -Xcc -I/Users/builder/clone/build/Build/Intermediates.noindex/WrappingHStack.build/Release-iphoneos/WrappingHStack.build/DerivedSources -Xcc -DSWIFT_PACKAGE -emit-objc-header -emit-objc-header-path /Users/builder/clone/build/Build/Intermediates.noindex/WrappingHStack.build/Release-iphoneos/WrappingHStack.build/Objects-normal/arm64/WrappingHStack-Swift.h -working-directory /Users/builder/clone/IceCubesApp.xcodeproj -no-emit-module-separately-wmo\n\nSwiftDriver WishKitShared normal arm64 com.apple.xcode.tools.swift.compiler (in target 'WishKitShared' from project 'wishkit-ios-shared')\n    cd /Users/builder/clone/IceCubesApp.xcodeproj\n    builtin-SwiftDriver -- /Applications/Xcode-26.4.app/Contents/Developer/Toolchains/XcodeDefault.xctoolchain/usr/bin/swiftc -module-name WishKitShared -O -whole-module-optimization @/Users/builder/clone/build/Build/Intermediates.noindex/wishkit-ios-shared.build/Release-iphoneos/WishKitShared.build/Objects-normal/arm64/WishKitShared.SwiftFileList -DSWIFT_PACKAGE -DSWIFT_MODULE_RESOURCE_BUNDLE_UNAVAILABLE -DXcode -plugin-path /Applications/Xcode-26.4.app/Contents/Developer/Toolchains/XcodeDefault.xctoolchain/usr/lib/swift/host/plugins/testing -enable-experimental-feature DebugDescriptionMacro -sdk /Applications/Xcode-26.4.app/Contents/Developer/Platforms/iPhoneOS.platform/Developer/SDKs/iPhoneOS26.4.sdk -target arm64-apple-ios12.0 -g -module-cache-path /Users/builder/clone/build/ModuleCache.noindex -Xfrontend -serialize-debugging-options -suppress-warnings -swift-version 5 -I /Users/builder/clone/build/Build/Products/Release-iphoneos -Isystem /Applications/Xcode-26.4.app/Contents/Developer/Platforms/iPhoneOS.platform/Developer/usr/lib -F /Users/builder/clone/build/Build/Products/Release-iphoneos -F /Applications/Xcode-26.4.app/Contents/Developer/Platforms/iPhoneOS.platform/Developer/Library/Frameworks -F /Applications/Xcode-26.4.app/Contents/Developer/Platforms/iPhoneOS.platform/Developer/SDKs/iPhoneOS26.4.sdk/Developer/Library/Frameworks -c -num-threads 3 -Xcc -ivfsstatcache -Xcc /Users/builder/clone/build/SDKStatCaches.noindex/iphoneos26.4-23E252-dc38477e7e47e42951976ad86cc01fb3.sdkstatcache -output-file-map /Users/builder/clone/build/Build/Intermediates.noindex/wishkit-ios-shared.build/Release-iphoneos/WishKitShared.build/Objects-normal/arm64/WishKitShared-OutputFileMap.json -use-frontend-parseable-output -save-temps -no-color-diagnostics -explicit-module-build -module-cache-path /Users/builder/clone/build/Build/Intermediates.noindex/SwiftExplicitPrecompiledModules -clang-scanner-module-cache-path /Users/builder/clone/build/ModuleCache.noindex -sdk-module-cache-path /Users/builder/clone/build/ModuleCache.noindex -serialize-diagnostics -emit-dependencies -emit-module -emit-module-path /Users/builder/clone/build/Build/Intermediates.noindex/wishkit-ios-shared.build/Release-iphoneos/WishKitShared.build/Objects-normal/arm64/WishKitShared.swiftmodule -validate-clang-modules-once -clang-build-session-file /Users/builder/clone/build/ModuleCache.noindex/Session.modulevalidation -Xcc -I/Users/builder/clone/build/Build/Intermediates.noindex/wishkit-ios-shared.build/Release-iphoneos/WishKitShared.build/swift-overrides.hmap -emit-const-values -Xfrontend -const-gather-protocols-file -Xfrontend /Users/builder/clone/build/Build/Intermediates.noindex/wishkit-ios-shared.build/Release-iphoneos/WishKitShared.build/Objects-normal/arm64/WishKitShared_const_extract_protocols.json -Xcc -I/Users/builder/clone/build/Build/Products/Release-iphoneos/include -Xcc -I/Users/builder/clone/build/Build/Intermediates.noindex/wishkit-ios-shared.build/Release-iphoneos/WishKitShared.build/DerivedSources-normal/arm64 -Xcc -I/Users/builder/clone/build/Build/Intermediates.noindex/wishkit-ios-shared.build/Release-iphoneos/WishKitShared.build/DerivedSources/arm64 -Xcc -I/Users/builder/clone/build/Build/Intermediates.noindex/wishkit-ios-shared.build/Release-iphoneos/WishKitShared.build/DerivedSources -Xcc -DSWIFT_PACKAGE -emit-objc-header -emit-objc-header-path /Users/builder/clone/build/Build/Intermediates.noindex/wishkit-ios-shared.build/Release-iphoneos/WishKitShared.build/Objects-normal/arm64/WishKitShared-Swift.h -working-directory /Users/builder/clone/IceCubesApp.xcodeproj -no-emit-module-separately-wmo\n\nSwiftDriver TelemetryDeck normal arm64 com.apple.xcode.tools.swift.compiler (in target 'TelemetryDeck' from project 'TelemetryDeck')\n    cd /Users/builder/clone/IceCubesApp.xcodeproj\n    builtin-SwiftDriver -- /Applications/Xcode-26.4.app/Contents/Developer/Toolchains/XcodeDefault.xctoolchain/usr/bin/swiftc -module-name TelemetryDeck -O -whole-module-optimization @/Users/builder/clone/build/Build/Intermediates.noindex/TelemetryDeck.build/Release-iphoneos/TelemetryDeck.build/Objects-normal/arm64/TelemetryDeck.SwiftFileList -DSWIFT_PACKAGE -DSWIFT_MODULE_RESOURCE_BUNDLE_AVAILABLE -DXcode -enable-experimental-feature StrictConcurrency -plugin-path /Applications/Xcode-26.4.app/Contents/Developer/Toolchains/XcodeDefault.xctoolchain/usr/lib/swift/host/plugins/testing -enable-experimental-feature DebugDescriptionMacro -sdk /Applications/Xcode-26.4.app/Contents/Developer/Platforms/iPhoneOS.platform/Developer/SDKs/iPhoneOS26.4.sdk -target arm64-apple-ios12.0 -g -module-cache-path /Users/builder/clone/build/ModuleCache.noindex -Xfrontend -serialize-debugging-options -suppress-warnings -swift-version 5 -I /Users/builder/clone/build/Build/Products/Release-iphoneos -Isystem /Applications/Xcode-26.4.app/Contents/Developer/Platforms/iPhoneOS.platform/Developer/usr/lib -F /Users/builder/clone/build/Build/Products/Release-iphoneos -F /Applications/Xcode-26.4.app/Contents/Developer/Platforms/iPhoneOS.platform/Developer/Library/Frameworks -F /Applications/Xcode-26.4.app/Contents/Developer/Platforms/iPhoneOS.platform/Developer/SDKs/iPhoneOS26.4.sdk/Developer/Library/Frameworks -c -num-threads 3 -Xcc -ivfsstatcache -Xcc /Users/builder/clone/build/SDKStatCaches.noindex/iphoneos26.4-23E252-dc38477e7e47e42951976ad86cc01fb3.sdkstatcache -output-file-map /Users/builder/clone/build/Build/Intermediates.noindex/TelemetryDeck.build/Release-iphoneos/TelemetryDeck.build/Objects-normal/arm64/TelemetryDeck-OutputFileMap.json -use-frontend-parseable-output -save-temps -no-color-diagnostics -explicit-module-build -module-cache-path /Users/builder/clone/build/Build/Intermediates.noindex/SwiftExplicitPrecompiledModules -clang-scanner-module-cache-path /Users/builder/clone/build/ModuleCache.noindex -sdk-module-cache-path /Users/builder/clone/build/ModuleCache.noindex -serialize-diagnostics -emit-dependencies -emit-module -emit-module-path /Users/builder/clone/build/Build/Intermediates.noindex/TelemetryDeck.build/Release-iphoneos/TelemetryDeck.build/Objects-normal/arm64/TelemetryDeck.swiftmodule -validate-clang-modules-once -clang-build-session-file /Users/builder/clone/build/ModuleCache.noindex/Session.modulevalidation -package-name swiftsdk -Xcc -I/Users/builder/clone/build/Build/Intermediates.noindex/TelemetryDeck.build/Release-iphoneos/TelemetryDeck.build/swift-overrides.hmap -emit-const-values -Xfrontend -const-gather-protocols-file -Xfrontend /Users/builder/clone/build/Build/Intermediates.noindex/TelemetryDeck.build/Release-iphoneos/TelemetryDeck.build/Objects-normal/arm64/TelemetryDeck_const_extract_protocols.json -Xcc -I/Users/builder/clone/build/Build/Products/Release-iphoneos/include -Xcc -I/Users/builder/clone/build/Build/Intermediates.noindex/TelemetryDeck.build/Release-iphoneos/TelemetryDeck.build/DerivedSources-normal/arm64 -Xcc -I/Users/builder/clone/build/Build/Intermediates.noindex/TelemetryDeck.build/Release-iphoneos/TelemetryDeck.build/DerivedSources/arm64 -Xcc -I/Users/builder/clone/build/Build/Intermediates.noindex/TelemetryDeck.build/Release-iphoneos/TelemetryDeck.build/DerivedSources -Xcc -DSWIFT_PACKAGE -emit-objc-header -emit-objc-header-path /Users/builder/clone/build/Build/Intermediates.noindex/TelemetryDeck.build/Release-iphoneos/TelemetryDeck.build/Objects-normal/arm64/TelemetryDeck-Swift.h -working-directory /Users/builder/clone/IceCubesApp.xcodeproj -no-emit-module-separately-wmo\n\nSwiftDriver SwiftUIIntrospect normal arm64 com.apple.xcode.tools.swift.compiler (in target 'SwiftUIIntrospect' from project 'swiftui-introspect')\n    cd /Users/builder/clone/IceCubesApp.xcodeproj\n    builtin-SwiftDriver -- /Applications/Xcode-26.4.app/Contents/Developer/Toolchains/XcodeDefault.xctoolchain/usr/bin/swiftc -module-name SwiftUIIntrospect -O -whole-module-optimization @/Users/builder/clone/build/Build/Intermediates.noindex/swiftui-introspect.build/Release-iphoneos/SwiftUIIntrospect.build/Objects-normal/arm64/SwiftUIIntrospect.SwiftFileList -DSWIFT_PACKAGE -DSWIFT_MODULE_RESOURCE_BUNDLE_UNAVAILABLE -DXcode -enable-upcoming-feature ExistentialAny -enable-upcoming-feature InternalImportsByDefault -plugin-path /Applications/Xcode-26.4.app/Contents/Developer/Toolchains/XcodeDefault.xctoolchain/usr/lib/swift/host/plugins/testing -enable-experimental-feature DebugDescriptionMacro -sdk /Applications/Xcode-26.4.app/Contents/Developer/Platforms/iPhoneOS.platform/Developer/SDKs/iPhoneOS26.4.sdk -target arm64-apple-ios13.0 -g -module-cache-path /Users/builder/clone/build/ModuleCache.noindex -Xfrontend -serialize-debugging-options -suppress-warnings -swift-version 6 -I /Users/builder/clone/build/Build/Products/Release-iphoneos -Isystem /Applications/Xcode-26.4.app/Contents/Developer/Platforms/iPhoneOS.platform/Developer/usr/lib -F /Users/builder/clone/build/Build/Products/Release-iphoneos -F /Applications/Xcode-26.4.app/Contents/Developer/Platforms/iPhoneOS.platform/Developer/Library/Frameworks -F /Applications/Xcode-26.4.app/Contents/Developer/Platforms/iPhoneOS.platform/Developer/SDKs/iPhoneOS26.4.sdk/Developer/Library/Frameworks -c -num-threads 3 -Xcc -ivfsstatcache -Xcc /Users/builder/clone/build/SDKStatCaches.noindex/iphoneos26.4-23E252-dc38477e7e47e42951976ad86cc01fb3.sdkstatcache -output-file-map /Users/builder/clone/build/Build/Intermediates.noindex/swiftui-introspect.build/Release-iphoneos/SwiftUIIntrospect.build/Objects-normal/arm64/SwiftUIIntrospect-OutputFileMap.json -use-frontend-parseable-output -save-temps -no-color-diagnostics -explicit-module-build -module-cache-path /Users/builder/clone/build/Build/Intermediates.noindex/SwiftExplicitPrecompiledModules -clang-scanner-module-cache-path /Users/builder/clone/build/ModuleCache.noindex -sdk-module-cache-path /Users/builder/clone/build/ModuleCache.noindex -serialize-diagnostics -emit-dependencies -emit-module -emit-module-path /Users/builder/clone/build/Build/Intermediates.noindex/swiftui-introspect.build/Release-iphoneos/SwiftUIIntrospect.build/Objects-normal/arm64/SwiftUIIntrospect.swiftmodule -user-module-version 26.0.1 -validate-clang-modules-once -clang-build-session-file /Users/builder/clone/build/ModuleCache.noindex/Session.modulevalidation -package-name swiftui_introspect -Xcc -I/Users/builder/clone/build/Build/Intermediates.noindex/swiftui-introspect.build/Release-iphoneos/SwiftUIIntrospect.build/swift-overrides.hmap -emit-const-values -Xfrontend -const-gather-protocols-file -Xfrontend /Users/builder/clone/build/Build/Intermediates.noindex/swiftui-introspect.build/Release-iphoneos/SwiftUIIntrospect.build/Objects-normal/arm64/SwiftUIIntrospect_const_extract_protocols.json -Xcc -I/Users/builder/clone/build/Build/Products/Release-iphoneos/include -Xcc -I/Users/builder/clone/build/Build/Intermediates.noindex/swiftui-introspect.build/Release-iphoneos/SwiftUIIntrospect.build/DerivedSources-normal/arm64 -Xcc -I/Users/builder/clone/build/Build/Intermediates.noindex/swiftui-introspect.build/Release-iphoneos/SwiftUIIntrospect.build/DerivedSources/arm64 -Xcc -I/Users/builder/clone/build/Build/Intermediates.noindex/swiftui-introspect.build/Release-iphoneos/SwiftUIIntrospect.build/DerivedSources -Xcc -DSWIFT_PACKAGE -emit-objc-header -emit-objc-header-path /Users/builder/clone/build/Build/Intermediates.noindex/swiftui-introspect.build/Release-iphoneos/SwiftUIIntrospect.build/Objects-normal/arm64/SwiftUIIntrospect-Swift.h -working-directory /Users/builder/clone/IceCubesApp.xcodeproj -no-emit-module-separately-wmo\n\nSwiftDriver SwiftSoup normal arm64 com.apple.xcode.tools.swift.compiler (in target 'SwiftSoup' from project 'SwiftSoup')\n    cd /Users/builder/clone/IceCubesApp.xcodeproj\n    builtin-SwiftDriver -- /Applications/Xcode-26.4.app/Contents/Developer/Toolchains/XcodeDefault.xctoolchain/usr/bin/swiftc -module-name SwiftSoup -O -whole-module-optimization @/Users/builder/clone/build/Build/Intermediates.noindex/SwiftSoup.build/Release-iphoneos/SwiftSoup.build/Objects-normal/arm64/SwiftSoup.SwiftFileList -DSWIFT_PACKAGE -DSWIFT_MODULE_RESOURCE_BUNDLE_UNAVAILABLE -DXcode -plugin-path /Applications/Xcode-26.4.app/Contents/Developer/Toolchains/XcodeDefault.xctoolchain/usr/lib/swift/host/plugins/testing -enable-experimental-feature DebugDescriptionMacro -sdk /Applications/Xcode-26.4.app/Contents/Developer/Platforms/iPhoneOS.platform/Developer/SDKs/iPhoneOS26.4.sdk -target arm64-apple-ios13.0 -g -module-cache-path /Users/builder/clone/build/ModuleCache.noindex -Xfrontend -serialize-debugging-options -suppress-warnings -swift-version 6 -I /Users/builder/clone/build/Build/Products/Release-iphoneos -Isystem /Applications/Xcode-26.4.app/Contents/Developer/Platforms/iPhoneOS.platform/Developer/usr/lib -F /Users/builder/clone/build/Build/Products/Release-iphoneos -F /Applications/Xcode-26.4.app/Contents/Developer/Platforms/iPhoneOS.platform/Developer/Library/Frameworks -F /Applications/Xcode-26.4.app/Contents/Developer/Platforms/iPhoneOS.platform/Developer/SDKs/iPhoneOS26.4.sdk/Developer/Library/Frameworks -c -num-threads 3 -Xcc -ivfsstatcache -Xcc /Users/builder/clone/build/SDKStatCaches.noindex/iphoneos26.4-23E252-dc38477e7e47e42951976ad86cc01fb3.sdkstatcache -output-file-map /Users/builder/clone/build/Build/Intermediates.noindex/SwiftSoup.build/Release-iphoneos/SwiftSoup.build/Objects-normal/arm64/SwiftSoup-OutputFileMap.json -use-frontend-parseable-output -save-temps -no-color-diagnostics -explicit-module-build -module-cache-path /Users/builder/clone/build/Build/Intermediates.noindex/SwiftExplicitPrecompiledModules -clang-scanner-module-cache-path /Users/builder/clone/build/ModuleCache.noindex -sdk-module-cache-path /Users/builder/clone/build/ModuleCache.noindex -serialize-diagnostics -emit-dependencies -emit-module -emit-module-path /Users/builder/clone/build/Build/Intermediates.noindex/SwiftSoup.build/Release-iphoneos/SwiftSoup.build/Objects-normal/arm64/SwiftSoup.swiftmodule -user-module-version 2.13.7 -validate-clang-modules-once -clang-build-session-file /Users/builder/clone/build/ModuleCache.noindex/Session.modulevalidation -package-name swiftsoup -Xcc -I/Users/builder/clone/build/Build/Intermediates.noindex/SwiftSoup.build/Release-iphoneos/SwiftSoup.build/swift-overrides.hmap -emit-const-values -Xfrontend -const-gather-protocols-file -Xfrontend /Users/builder/clone/build/Build/Intermediates.noindex/SwiftSoup.build/Release-iphoneos/SwiftSoup.build/Objects-normal/arm64/SwiftSoup_const_extract_protocols.json -Xcc -I/Users/builder/clone/build/Build/Products/Release-iphoneos/include -Xcc -I/Users/builder/clone/build/Build/Intermediates.noindex/SwiftSoup.build/Release-iphoneos/SwiftSoup.build/DerivedSources-normal/arm64 -Xcc -I/Users/builder/clone/build/Build/Intermediates.noindex/SwiftSoup.build/Release-iphoneos/SwiftSoup.build/DerivedSources/arm64 -Xcc -I/Users/builder/clone/build/Build/Intermediates.noindex/SwiftSoup.build/Release-iphoneos/SwiftSoup.build/DerivedSources -Xcc -DSWIFT_PACKAGE -emit-objc-header -emit-objc-header-path /Users/builder/clone/build/Build/Intermediates.noindex/SwiftSoup.build/Release-iphoneos/SwiftSoup.build/Objects-normal/arm64/SwiftSoup-Swift.h -working-directory /Users/builder/clone/IceCubesApp.xcodeproj -no-emit-module-separately-wmo\n\nSwiftDriver SQLite normal arm64 com.apple.xcode.tools.swift.compiler (in target 'SQLite' from project 'SQLite.swift')\n    cd /Users/builder/clone/IceCubesApp.xcodeproj\n    builtin-SwiftDriver -- /Applications/Xcode-26.4.app/Contents/Developer/Toolchains/XcodeDefault.xctoolchain/usr/bin/swiftc -module-name SQLite -O -whole-module-optimization @/Users/builder/clone/build/Build/Intermediates.noindex/SQLite.swift.build/Release-iphoneos/SQLite.build/Objects-normal/arm64/SQLite.SwiftFileList -DSWIFT_PACKAGE -DSWIFT_MODULE_RESOURCE_BUNDLE_AVAILABLE -DSystemSQLite -DXcode -plugin-path /Applications/Xcode-26.4.app/Contents/Developer/Toolchains/XcodeDefault.xctoolchain/usr/lib/swift/host/plugins/testing -enable-experimental-feature DebugDescriptionMacro -sdk /Applications/Xcode-26.4.app/Contents/Developer/Platforms/iPhoneOS.platform/Developer/SDKs/iPhoneOS26.4.sdk -target arm64-apple-ios12.0 -g -module-cache-path /Users/builder/clone/build/ModuleCache.noindex -Xfrontend -serialize-debugging-options -suppress-warnings -swift-version 5 -I /Users/builder/clone/build/Build/Products/Release-iphoneos -Isystem /Applications/Xcode-26.4.app/Contents/Developer/Platforms/iPhoneOS.platform/Developer/usr/lib -F /Users/builder/clone/build/Build/Products/Release-iphoneos -F /Applications/Xcode-26.4.app/Contents/Developer/Platforms/iPhoneOS.platform/Developer/Library/Frameworks -F /Applications/Xcode-26.4.app/Contents/Developer/Platforms/iPhoneOS.platform/Developer/SDKs/iPhoneOS26.4.sdk/Developer/Library/Frameworks -c -num-threads 3 -Xcc -ivfsstatcache -Xcc /Users/builder/clone/build/SDKStatCaches.noindex/iphoneos26.4-23E252-dc38477e7e47e42951976ad86cc01fb3.sdkstatcache -output-file-map /Users/builder/clone/build/Build/Intermediates.noindex/SQLite.swift.build/Release-iphoneos/SQLite.build/Objects-normal/arm64/SQLite-OutputFileMap.json -use-frontend-parseable-output -save-temps -no-color-diagnostics -explicit-module-build -module-cache-path /Users/builder/clone/build/Build/Intermediates.noindex/SwiftExplicitPrecompiledModules -clang-scanner-module-cache-path /Users/builder/clone/build/ModuleCache.noindex -sdk-module-cache-path /Users/builder/clone/build/ModuleCache.noindex -serialize-diagnostics -emit-dependencies -emit-module -emit-module-path /Users/builder/clone/build/Build/Intermediates.noindex/SQLite.swift.build/Release-iphoneos/SQLite.build/Objects-normal/arm64/SQLite.swiftmodule -user-module-version 0.16.0 -validate-clang-modules-once -clang-build-session-file /Users/builder/clone/build/ModuleCache.noindex/Session.modulevalidation -package-name sqlite_swift -Xcc -I/Users/builder/clone/build/Build/Intermediates.noindex/SQLite.swift.build/Release-iphoneos/SQLite.build/swift-overrides.hmap -emit-const-values -Xfrontend -const-gather-protocols-file -Xfrontend /Users/builder/clone/build/Build/Intermediates.noindex/SQLite.swift.build/Release-iphoneos/SQLite.build/Objects-normal/arm64/SQLite_const_extract_protocols.json -Xcc -I/Users/builder/clone/build/Build/Products/Release-iphoneos/include -Xcc -I/Users/builder/clone/build/Build/Intermediates.noindex/SQLite.swift.build/Release-iphoneos/SQLite.build/DerivedSources-normal/arm64 -Xcc -I/Users/builder/clone/build/Build/Intermediates.noindex/SQLite.swift.build/Release-iphoneos/SQLite.build/DerivedSources/arm64 -Xcc -I/Users/builder/clone/build/Build/Intermediates.noindex/SQLite.swift.build/Release-iphoneos/SQLite.build/DerivedSources -Xcc -DSWIFT_PACKAGE -emit-objc-header -emit-objc-header-path /Users/builder/clone/build/Build/Intermediates.noindex/SQLite.swift.build/Release-iphoneos/SQLite.build/Objects-normal/arm64/SQLite-Swift.h -working-directory /Users/builder/clone/IceCubesApp.xcodeproj -no-emit-module-separately-wmo\n\nSwiftDriver SFSafeSymbols normal arm64 com.apple.xcode.tools.swift.compiler (in target 'SFSafeSymbols' from project 'SFSafeSymbols')\n    cd /Users/builder/clone/IceCubesApp.xcodeproj\n    builtin-SwiftDriver -- /Applications/Xcode-26.4.app/Contents/Developer/Toolchains/XcodeDefault.xctoolchain/usr/bin/swiftc -module-name SFSafeSymbols -O -whole-module-optimization @/Users/builder/clone/build/Build/Intermediates.noindex/SFSafeSymbols.build/Release-iphoneos/SFSafeSymbols.build/Objects-normal/arm64/SFSafeSymbols.SwiftFileList -DSWIFT_PACKAGE -DSWIFT_MODULE_RESOURCE_BUNDLE_UNAVAILABLE -DXcode -plugin-path /Applications/Xcode-26.4.app/Contents/Developer/Toolchains/XcodeDefault.xctoolchain/usr/lib/swift/host/plugins/testing -enable-experimental-feature DebugDescriptionMacro -sdk /Applications/Xcode-26.4.app/Contents/Developer/Platforms/iPhoneOS.platform/Developer/SDKs/iPhoneOS26.4.sdk -target arm64-apple-ios12.0 -g -module-cache-path /Users/builder/clone/build/ModuleCache.noindex -Xfrontend -serialize-debugging-options -suppress-warnings -swift-version 5 -I /Users/builder/clone/build/Build/Products/Release-iphoneos -Isystem /Applications/Xcode-26.4.app/Contents/Developer/Platforms/iPhoneOS.platform/Developer/usr/lib -F /Users/builder/clone/build/Build/Products/Release-iphoneos -F /Applications/Xcode-26.4.app/Contents/Developer/Platforms/iPhoneOS.platform/Developer/Library/Frameworks -F /Applications/Xcode-26.4.app/Contents/Developer/Platforms/iPhoneOS.platform/Developer/SDKs/iPhoneOS26.4.sdk/Developer/Library/Frameworks -c -num-threads 3 -Xcc -ivfsstatcache -Xcc /Users/builder/clone/build/SDKStatCaches.noindex/iphoneos26.4-23E252-dc38477e7e47e42951976ad86cc01fb3.sdkstatcache -output-file-map /Users/builder/clone/build/Build/Intermediates.noindex/SFSafeSymbols.build/Release-iphoneos/SFSafeSymbols.build/Objects-normal/arm64/SFSafeSymbols-OutputFileMap.json -use-frontend-parseable-output -save-temps -no-color-diagnostics -explicit-module-build -module-cache-path /Users/builder/clone/build/Build/Intermediates.noindex/SwiftExplicitPrecompiledModules -clang-scanner-module-cache-path /Users/builder/clone/build/ModuleCache.noindex -sdk-module-cache-path /Users/builder/clone/build/ModuleCache.noindex -serialize-diagnostics -emit-dependencies -emit-module -emit-module-path /Users/builder/clone/build/Build/Intermediates.noindex/SFSafeSymbols.build/Release-iphoneos/SFSafeSymbols.build/Objects-normal/arm64/SFSafeSymbols.swiftmodule -validate-clang-modules-once -clang-build-session-file /Users/builder/clone/build/ModuleCache.noindex/Session.modulevalidation -package-name sfsafesymbols -Xcc -I/Users/builder/clone/build/Build/Intermediates.noindex/SFSafeSymbols.build/Release-iphoneos/SFSafeSymbols.build/swift-overrides.hmap -emit-const-values -Xfrontend -const-gather-protocols-file -Xfrontend /Users/builder/clone/build/Build/Intermediates.noindex/SFSafeSymbols.build/Release-iphoneos/SFSafeSymbols.build/Objects-normal/arm64/SFSafeSymbols_const_extract_protocols.json -Xcc -I/Users/builder/clone/build/Build/Products/Release-iphoneos/include -Xcc -I/Users/builder/clone/build/Build/Intermediates.noindex/SFSafeSymbols.build/Release-iphoneos/SFSafeSymbols.build/DerivedSources-normal/arm64 -Xcc -I/Users/builder/clone/build/Build/Intermediates.noindex/SFSafeSymbols.build/Release-iphoneos/SFSafeSymbols.build/DerivedSources/arm64 -Xcc -I/Users/builder/clone/build/Build/Intermediates.noindex/SFSafeSymbols.build/Release-iphoneos/SFSafeSymbols.build/DerivedSources -Xcc -DSWIFT_PACKAGE -emit-objc-header -emit-objc-header-path /Users/builder/clone/build/Build/Intermediates.noindex/SFSafeSymbols.build/Release-iphoneos/SFSafeSymbols.build/Objects-normal/arm64/SFSafeSymbols-Swift.h -working-directory /Users/builder/clone/IceCubesApp.xcodeproj -no-emit-module-separately-wmo\n\nSwiftDriver RevenueCat normal arm64 com.apple.xcode.tools.swift.compiler (in target 'RevenueCat' from project 'RevenueCat')\n    cd /Users/builder/clone/IceCubesApp.xcodeproj\n    builtin-SwiftDriver -- /Applications/Xcode-26.4.app/Contents/Developer/Toolchains/XcodeDefault.xctoolchain/usr/bin/swiftc -module-name RevenueCat -O -whole-module-optimization @/Users/builder/clone/build/Build/Intermediates.noindex/RevenueCat.build/Release-iphoneos/RevenueCat.build/Objects-normal/arm64/RevenueCat.SwiftFileList -DSWIFT_PACKAGE -DSWIFT_MODULE_RESOURCE_BUNDLE_AVAILABLE -DXcode -plugin-path /Applications/Xcode-26.4.app/Contents/Developer/Toolchains/XcodeDefault.xctoolchain/usr/lib/swift/host/plugins/testing -enable-experimental-feature DebugDescriptionMacro -sdk /Applications/Xcode-26.4.app/Contents/Developer/Platforms/iPhoneOS.platform/Developer/SDKs/iPhoneOS26.4.sdk -target arm64-apple-ios13.0 -g -module-cache-path /Users/builder/clone/build/ModuleCache.noindex -Xfrontend -serialize-debugging-options -suppress-warnings -swift-version 5 -I /Users/builder/clone/build/Build/Products/Release-iphoneos -Isystem /Applications/Xcode-26.4.app/Contents/Developer/Platforms/iPhoneOS.platform/Developer/usr/lib -F /Users/builder/clone/build/Build/Products/Release-iphoneos -F /Applications/Xcode-26.4.app/Contents/Developer/Platforms/iPhoneOS.platform/Developer/Library/Frameworks -F /Applications/Xcode-26.4.app/Contents/Developer/Platforms/iPhoneOS.platform/Developer/SDKs/iPhoneOS26.4.sdk/Developer/Library/Frameworks -emit-localized-strings -emit-localized-strings-path /Users/builder/clone/build/Build/Intermediates.noindex/RevenueCat.build/Release-iphoneos/RevenueCat.build/Objects-normal/arm64 -c -num-threads 3 -Xcc -ivfsstatcache -Xcc /Users/builder/clone/build/SDKStatCaches.noindex/iphoneos26.4-23E252-dc38477e7e47e42951976ad86cc01fb3.sdkstatcache -output-file-map /Users/builder/clone/build/Build/Intermediates.noindex/RevenueCat.build/Release-iphoneos/RevenueCat.build/Objects-normal/arm64/RevenueCat-OutputFileMap.json -use-frontend-parseable-output -save-temps -no-color-diagnostics -explicit-module-build -module-cache-path /Users/builder/clone/build/Build/Intermediates.noindex/SwiftExplicitPrecompiledModules -clang-scanner-module-cache-path /Users/builder/clone/build/ModuleCache.noindex -sdk-module-cache-path /Users/builder/clone/build/ModuleCache.noindex -serialize-diagnostics -emit-dependencies -emit-module -emit-module-path /Users/builder/clone/build/Build/Intermediates.noindex/RevenueCat.build/Release-iphoneos/RevenueCat.build/Objects-normal/arm64/RevenueCat.swiftmodule -validate-clang-modules-once -clang-build-session-file /Users/builder/clone/build/ModuleCache.noindex/Session.modulevalidation -package-name purchases_ios_spm -Xcc -I/Users/builder/clone/build/Build/Intermediates.noindex/RevenueCat.build/Release-iphoneos/RevenueCat.build/swift-overrides.hmap -emit-const-values -Xfrontend -const-gather-protocols-file -Xfrontend /Users/builder/clone/build/Build/Intermediates.noindex/RevenueCat.build/Release-iphoneos/RevenueCat.build/Objects-normal/arm64/RevenueCat_const_extract_protocols.json -Xcc -I/Users/builder/clone/build/Build/Products/Release-iphoneos/include -Xcc -I/Users/builder/clone/build/Build/Intermediates.noindex/RevenueCat.build/Release-iphoneos/RevenueCat.build/DerivedSources-normal/arm64 -Xcc -I/Users/builder/clone/build/Build/Intermediates.noindex/RevenueCat.build/Release-iphoneos/RevenueCat.build/DerivedSources/arm64 -Xcc -I/Users/builder/clone/build/Build/Intermediates.noindex/RevenueCat.build/Release-iphoneos/RevenueCat.build/DerivedSources -Xcc -DSWIFT_PACKAGE -emit-objc-header -emit-objc-header-path /Users/builder/clone/build/Build/Intermediates.noindex/RevenueCat.build/Release-iphoneos/RevenueCat.build/Objects-normal/arm64/RevenueCat-Swift.h -working-directory /Users/builder/clone/IceCubesApp.xcodeproj -no-emit-module-separately-wmo\n\nSwiftDriver Nuke normal arm64 com.apple.xcode.tools.swift.compiler (in target 'Nuke' from project 'Nuke')\n    cd /Users/builder/clone/IceCubesApp.xcodeproj\n    builtin-SwiftDriver -- /Applications/Xcode-26.4.app/Contents/Developer/Toolchains/XcodeDefault.xctoolchain/usr/bin/swiftc -module-name Nuke -O -whole-module-optimization @/Users/builder/clone/build/Build/Intermediates.noindex/Nuke.build/Release-iphoneos/Nuke.build/Objects-normal/arm64/Nuke.SwiftFileList -DSWIFT_PACKAGE -DSWIFT_MODULE_RESOURCE_BUNDLE_UNAVAILABLE -DXcode -plugin-path /Applications/Xcode-26.4.app/Contents/Developer/Toolchains/XcodeDefault.xctoolchain/usr/lib/swift/host/plugins/testing -enable-experimental-feature DebugDescriptionMacro -sdk /Applications/Xcode-26.4.app/Contents/Developer/Platforms/iPhoneOS.platform/Developer/SDKs/iPhoneOS26.4.sdk -target arm64-apple-ios15.0 -g -module-cache-path /Users/builder/clone/build/ModuleCache.noindex -Xfrontend -serialize-debugging-options -suppress-warnings -swift-version 6 -I /Users/builder/clone/build/Build/Products/Release-iphoneos -Isystem /Applications/Xcode-26.4.app/Contents/Developer/Platforms/iPhoneOS.platform/Developer/usr/lib -F /Users/builder/clone/build/Build/Products/Release-iphoneos -F /Applications/Xcode-26.4.app/Contents/Developer/Platforms/iPhoneOS.platform/Developer/Library/Frameworks -F /Applications/Xcode-26.4.app/Contents/Developer/Platforms/iPhoneOS.platform/Developer/SDKs/iPhoneOS26.4.sdk/Developer/Library/Frameworks -c -num-threads 3 -Xcc -ivfsstatcache -Xcc /Users/builder/clone/build/SDKStatCaches.noindex/iphoneos26.4-23E252-dc38477e7e47e42951976ad86cc01fb3.sdkstatcache -output-file-map /Users/builder/clone/build/Build/Intermediates.noindex/Nuke.build/Release-iphoneos/Nuke.build/Objects-normal/arm64/Nuke-OutputFileMap.json -use-frontend-parseable-output -save-temps -no-color-diagnostics -explicit-module-build -module-cache-path /Users/builder/clone/build/Build/Intermediates.noindex/SwiftExplicitPrecompiledModules -clang-scanner-module-cache-path /Users/builder/clone/build/ModuleCache.noindex -sdk-module-cache-path /Users/builder/clone/build/ModuleCache.noindex -serialize-diagnostics -emit-dependencies -emit-module -emit-module-path /Users/builder/clone/build/Build/Intermediates.noindex/Nuke.build/Release-iphoneos/Nuke.build/Objects-normal/arm64/Nuke.swiftmodule -user-module-version 13.2.0 -validate-clang-modules-once -clang-build-session-file /Users/builder/clone/build/ModuleCache.noindex/Session.modulevalidation -package-name nuke -Xcc -I/Users/builder/clone/build/Build/Intermediates.noindex/Nuke.build/Release-iphoneos/Nuke.build/swift-overrides.hmap -emit-const-values -Xfrontend -const-gather-protocols-file -Xfrontend /Users/builder/clone/build/Build/Intermediates.noindex/Nuke.build/Release-iphoneos/Nuke.build/Objects-normal/arm64/Nuke_const_extract_protocols.json -Xcc -I/Users/builder/clone/build/Build/Products/Release-iphoneos/include -Xcc -I/Users/builder/clone/build/Build/Intermediates.noindex/Nuke.build/Release-iphoneos/Nuke.build/DerivedSources-normal/arm64 -Xcc -I/Users/builder/clone/build/Build/Intermediates.noindex/Nuke.build/Release-iphoneos/Nuke.build/DerivedSources/arm64 -Xcc -I/Users/builder/clone/build/Build/Intermediates.noindex/Nuke.build/Release-iphoneos/Nuke.build/DerivedSources -Xcc -DSWIFT_PACKAGE -emit-objc-header -emit-objc-header-path /Users/builder/clone/build/Build/Intermediates.noindex/Nuke.build/Release-iphoneos/Nuke.build/Objects-normal/arm64/Nuke-Swift.h -working-directory /Users/builder/clone/IceCubesApp.xcodeproj -no-emit-module-separately-wmo\n\nSwiftDriver Markdown normal arm64 com.apple.xcode.tools.swift.compiler (in target 'Markdown' from project 'swift-markdown')\n    cd /Users/builder/clone/IceCubesApp.xcodeproj\n    builtin-SwiftDriver -- /Applications/Xcode-26.4.app/Contents/Developer/Toolchains/XcodeDefault.xctoolchain/usr/bin/swiftc -module-name Markdown -O -whole-module-optimization @/Users/builder/clone/build/Build/Intermediates.noindex/swift-markdown.build/Release-iphoneos/Markdown.build/Objects-normal/arm64/Markdown.SwiftFileList -DSWIFT_PACKAGE -DSWIFT_MODULE_RESOURCE_BUNDLE_UNAVAILABLE -DXcode -plugin-path /Applications/Xcode-26.4.app/Contents/Developer/Toolchains/XcodeDefault.xctoolchain/usr/lib/swift/host/plugins/testing -enable-experimental-feature DebugDescriptionMacro -sdk /Applications/Xcode-26.4.app/Contents/Developer/Platforms/iPhoneOS.platform/Developer/SDKs/iPhoneOS26.4.sdk -target arm64-apple-ios12.0 -g -module-cache-path /Users/builder/clone/build/ModuleCache.noindex -Xfrontend -serialize-debugging-options -suppress-warnings -swift-version 5 -I /Users/builder/clone/build/Build/Products/Release-iphoneos -Isystem /Applications/Xcode-26.4.app/Contents/Developer/Platforms/iPhoneOS.platform/Developer/usr/lib -F /Users/builder/clone/build/Build/Products/Release-iphoneos/PackageFrameworks -F /Users/builder/clone/build/Build/Products/Release-iphoneos/PackageFrameworks -F /Users/builder/clone/build/Build/Products/Release-iphoneos/PackageFrameworks -F /Users/builder/clone/build/Build/Products/Release-iphoneos -F /Applications/Xcode-26.4.app/Contents/Developer/Platforms/iPhoneOS.platform/Developer/Library/Frameworks -F /Applications/Xcode-26.4.app/Contents/Developer/Platforms/iPhoneOS.platform/Developer/SDKs/iPhoneOS26.4.sdk/Developer/Library/Frameworks -c -num-threads 3 -Xcc -ivfsstatcache -Xcc /Users/builder/clone/build/SDKStatCaches.noindex/iphoneos26.4-23E252-dc38477e7e47e42951976ad86cc01fb3.sdkstatcache -output-file-map /Users/builder/clone/build/Build/Intermediates.noindex/swift-markdown.build/Release-iphoneos/Markdown.build/Objects-normal/arm64/Markdown-OutputFileMap.json -use-frontend-parseable-output -save-temps -no-color-diagnostics -explicit-module-build -module-cache-path /Users/builder/clone/build/Build/Intermediates.noindex/SwiftExplicitPrecompiledModules -clang-scanner-module-cache-path /Users/builder/clone/build/ModuleCache.noindex -sdk-module-cache-path /Users/builder/clone/build/ModuleCache.noindex -serialize-diagnostics -emit-dependencies -emit-module -emit-module-path /Users/builder/clone/build/Build/Intermediates.noindex/swift-markdown.build/Release-iphoneos/Markdown.build/Objects-normal/arm64/Markdown.swiftmodule -user-module-version 0.8.0 -validate-clang-modules-once -clang-build-session-file /Users/builder/clone/build/ModuleCache.noindex/Session.modulevalidation -package-name swift_markdown -Xcc -I/Users/builder/clone/build/Build/Intermediates.noindex/swift-markdown.build/Release-iphoneos/Markdown.build/swift-overrides.hmap -emit-const-values -Xfrontend -const-gather-protocols-file -Xfrontend /Users/builder/clone/build/Build/Intermediates.noindex/swift-markdown.build/Release-iphoneos/Markdown.build/Objects-normal/arm64/Markdown_const_extract_protocols.json -Xcc -I/Users/builder/clone/build/SourcePackages/checkouts/swift-cmark/src/include -Xcc -I/Users/builder/clone/build/SourcePackages/checkouts/swift-cmark/extensions/include -Xcc -I/Users/builder/clone/build/SourcePackages/checkouts/swift-markdown/Sources/CAtomic/include -Xcc -I/Users/builder/clone/build/Build/Products/Release-iphoneos/include -Xcc -I/Users/builder/clone/build/Build/Intermediates.noindex/swift-markdown.build/Release-iphoneos/Markdown.build/DerivedSources-normal/arm64 -Xcc -I/Users/builder/clone/build/Build/Intermediates.noindex/swift-markdown.build/Release-iphoneos/Markdown.build/DerivedSources/arm64 -Xcc -I/Users/builder/clone/build/Build/Intermediates.noindex/swift-markdown.build/Release-iphoneos/Markdown.build/DerivedSources -Xcc -DSWIFT_PACKAGE -emit-objc-header -emit-objc-header-path /Users/builder/clone/build/Build/Intermediates.noindex/swift-markdown.build/Release-iphoneos/Markdown.build/Objects-normal/arm64/Markdown-Swift.h -working-directory /Users/builder/clone/IceCubesApp.xcodeproj -no-emit-module-separately-wmo\n\nSwiftDriver LRUCache normal arm64 com.apple.xcode.tools.swift.compiler (in target 'LRUCache' from project 'LRUCache')\n    cd /Users/builder/clone/IceCubesApp.xcodeproj\n    builtin-SwiftDriver -- /Applications/Xcode-26.4.app/Contents/Developer/Toolchains/XcodeDefault.xctoolchain/usr/bin/swiftc -module-name LRUCache -O -whole-module-optimization @/Users/builder/clone/build/Build/Intermediates.noindex/LRUCache.build/Release-iphoneos/LRUCache.build/Objects-normal/arm64/LRUCache.SwiftFileList -DSWIFT_PACKAGE -DSWIFT_MODULE_RESOURCE_BUNDLE_UNAVAILABLE -DXcode -plugin-path /Applications/Xcode-26.4.app/Contents/Developer/Toolchains/XcodeDefault.xctoolchain/usr/lib/swift/host/plugins/testing -enable-experimental-feature DebugDescriptionMacro -sdk /Applications/Xcode-26.4.app/Contents/Developer/Platforms/iPhoneOS.platform/Developer/SDKs/iPhoneOS26.4.sdk -target arm64-apple-ios13.0 -g -module-cache-path /Users/builder/clone/build/ModuleCache.noindex -Xfrontend -serialize-debugging-options -suppress-warnings -swift-version 5 -I /Users/builder/clone/build/Build/Products/Release-iphoneos -Isystem /Applications/Xcode-26.4.app/Contents/Developer/Platforms/iPhoneOS.platform/Developer/usr/lib -F /Users/builder/clone/build/Build/Products/Release-iphoneos -F /Applications/Xcode-26.4.app/Contents/Developer/Platforms/iPhoneOS.platform/Developer/Library/Frameworks -F /Applications/Xcode-26.4.app/Contents/Developer/Platforms/iPhoneOS.platform/Developer/SDKs/iPhoneOS26.4.sdk/Developer/Library/Frameworks -parse-as-library -c -num-threads 3 -Xcc -ivfsstatcache -Xcc /Users/builder/clone/build/SDKStatCaches.noindex/iphoneos26.4-23E252-dc38477e7e47e42951976ad86cc01fb3.sdkstatcache -output-file-map /Users/builder/clone/build/Build/Intermediates.noindex/LRUCache.build/Release-iphoneos/LRUCache.build/Objects-normal/arm64/LRUCache-OutputFileMap.json -use-frontend-parseable-output -save-temps -no-color-diagnostics -explicit-module-build -module-cache-path /Users/builder/clone/build/Build/Intermediates.noindex/SwiftExplicitPrecompiledModules -clang-scanner-module-cache-path /Users/builder/clone/build/ModuleCache.noindex -sdk-module-cache-path /Users/builder/clone/build/ModuleCache.noindex -serialize-diagnostics -emit-dependencies -emit-module -emit-module-path /Users/builder/clone/build/Build/Intermediates.noindex/LRUCache.build/Release-iphoneos/LRUCache.build/Objects-normal/arm64/LRUCache.swiftmodule -validate-clang-modules-once -clang-build-session-file /Users/builder/clone/build/ModuleCache.noindex/Session.modulevalidation -Xcc -I/Users/builder/clone/build/Build/Intermediates.noindex/LRUCache.build/Release-iphoneos/LRUCache.build/swift-overrides.hmap -emit-const-values -Xfrontend -const-gather-protocols-file -Xfrontend /Users/builder/clone/build/Build/Intermediates.noindex/LRUCache.build/Release-iphoneos/LRUCache.build/Objects-normal/arm64/LRUCache_const_extract_protocols.json -Xcc -I/Users/builder/clone/build/Build/Products/Release-iphoneos/include -Xcc -I/Users/builder/clone/build/Build/Intermediates.noindex/LRUCache.build/Release-iphoneos/LRUCache.build/DerivedSources-normal/arm64 -Xcc -I/Users/builder/clone/build/Build/Intermediates.noindex/LRUCache.build/Release-iphoneos/LRUCache.build/DerivedSources/arm64 -Xcc -I/Users/builder/clone/build/Build/Intermediates.noindex/LRUCache.build/Release-iphoneos/LRUCache.build/DerivedSources -Xcc -DSWIFT_PACKAGE -emit-objc-header -emit-objc-header-path /Users/builder/clone/build/Build/Intermediates.noindex/LRUCache.build/Release-iphoneos/LRUCache.build/Objects-normal/arm64/LRUCache-Swift.h -working-directory /Users/builder/clone/IceCubesApp.xcodeproj -no-emit-module-separately-wmo\n\nSwiftDriver KeychainSwift normal arm64 com.apple.xcode.tools.swift.compiler (in target 'KeychainSwift' from project 'KeychainSwift')\n    cd /Users/builder/clone/IceCubesApp.xcodeproj\n    builtin-SwiftDriver -- /Applications/Xcode-26.4.app/Contents/Developer/Toolchains/XcodeDefault.xctoolchain/usr/bin/swiftc -module-name KeychainSwift -O -whole-module-optimization @/Users/builder/clone/build/Build/Intermediates.noindex/KeychainSwift.build/Release-iphoneos/KeychainSwift.build/Objects-normal/arm64/KeychainSwift.SwiftFileList -DSWIFT_PACKAGE -DSWIFT_MODULE_RESOURCE_BUNDLE_UNAVAILABLE -DXcode -plugin-path /Applications/Xcode-26.4.app/Contents/Developer/Toolchains/XcodeDefault.xctoolchain/usr/lib/swift/host/plugins/testing -enable-experimental-feature DebugDescriptionMacro -sdk /Applications/Xcode-26.4.app/Contents/Developer/Platforms/iPhoneOS.platform/Developer/SDKs/iPhoneOS26.4.sdk -target arm64-apple-ios12.0 -g -module-cache-path /Users/builder/clone/build/ModuleCache.noindex -Xfrontend -serialize-debugging-options -suppress-warnings -swift-version 5 -I /Users/builder/clone/build/Build/Products/Release-iphoneos -Isystem /Applications/Xcode-26.4.app/Contents/Developer/Platforms/iPhoneOS.platform/Developer/usr/lib -F /Users/builder/clone/build/Build/Products/Release-iphoneos -F /Applications/Xcode-26.4.app/Contents/Developer/Platforms/iPhoneOS.platform/Developer/Library/Frameworks -F /Applications/Xcode-26.4.app/Contents/Developer/Platforms/iPhoneOS.platform/Developer/SDKs/iPhoneOS26.4.sdk/Developer/Library/Frameworks -c -num-threads 3 -Xcc -ivfsstatcache -Xcc /Users/builder/clone/build/SDKStatCaches.noindex/iphoneos26.4-23E252-dc38477e7e47e42951976ad86cc01fb3.sdkstatcache -output-file-map /Users/builder/clone/build/Build/Intermediates.noindex/KeychainSwift.build/Release-iphoneos/KeychainSwift.build/Objects-normal/arm64/KeychainSwift-OutputFileMap.json -use-frontend-parseable-output -save-temps -no-color-diagnostics -explicit-module-build -module-cache-path /Users/builder/clone/build/Build/Intermediates.noindex/SwiftExplicitPrecompiledModules -clang-scanner-module-cache-path /Users/builder/clone/build/ModuleCache.noindex -sdk-module-cache-path /Users/builder/clone/build/ModuleCache.noindex -serialize-diagnostics -emit-dependencies -emit-module -emit-module-path /Users/builder/clone/build/Build/Intermediates.noindex/KeychainSwift.build/Release-iphoneos/KeychainSwift.build/Objects-normal/arm64/KeychainSwift.swiftmodule -validate-clang-modules-once -clang-build-session-file /Users/builder/clone/build/ModuleCache.noindex/Session.modulevalidation -Xcc -I/Users/builder/clone/build/Build/Intermediates.noindex/KeychainSwift.build/Release-iphoneos/KeychainSwift.build/swift-overrides.hmap -emit-const-values -Xfrontend -const-gather-protocols-file -Xfrontend /Users/builder/clone/build/Build/Intermediates.noindex/KeychainSwift.build/Release-iphoneos/KeychainSwift.build/Objects-normal/arm64/KeychainSwift_const_extract_protocols.json -Xcc -I/Users/builder/clone/build/Build/Products/Release-iphoneos/include -Xcc -I/Users/builder/clone/build/Build/Intermediates.noindex/KeychainSwift.build/Release-iphoneos/KeychainSwift.build/DerivedSources-normal/arm64 -Xcc -I/Users/builder/clone/build/Build/Intermediates.noindex/KeychainSwift.build/Release-iphoneos/KeychainSwift.build/DerivedSources/arm64 -Xcc -I/Users/builder/clone/build/Build/Intermediates.noindex/KeychainSwift.build/Release-iphoneos/KeychainSwift.build/DerivedSources -Xcc -DSWIFT_PACKAGE -emit-objc-header -emit-objc-header-path /Users/builder/clone/build/Build/Intermediates.noindex/KeychainSwift.build/Release-iphoneos/KeychainSwift.build/Objects-normal/arm64/KeychainSwift-Swift.h -working-directory /Users/builder/clone/IceCubesApp.xcodeproj -no-emit-module-separately-wmo\n\nSwiftDriver Gifu normal arm64 com.apple.xcode.tools.swift.compiler (in target 'Gifu' from project 'Gifu')\n    cd /Users/builder/clone/IceCubesApp.xcodeproj\n    builtin-SwiftDriver -- /Applications/Xcode-26.4.app/Contents/Developer/Toolchains/XcodeDefault.xctoolchain/usr/bin/swiftc -module-name Gifu -O -whole-module-optimization @/Users/builder/clone/build/Build/Intermediates.noindex/Gifu.build/Release-iphoneos/Gifu.build/Objects-normal/arm64/Gifu.SwiftFileList -DSWIFT_PACKAGE -DSWIFT_MODULE_RESOURCE_BUNDLE_UNAVAILABLE -DXcode -enable-upcoming-feature ExistentialAny -plugin-path /Applications/Xcode-26.4.app/Contents/Developer/Toolchains/XcodeDefault.xctoolchain/usr/lib/swift/host/plugins/testing -enable-experimental-feature DebugDescriptionMacro -sdk /Applications/Xcode-26.4.app/Contents/Developer/Platforms/iPhoneOS.platform/Developer/SDKs/iPhoneOS26.4.sdk -target arm64-apple-ios16.0 -g -module-cache-path /Users/builder/clone/build/ModuleCache.noindex -Xfrontend -serialize-debugging-options -suppress-warnings -swift-version 6 -I /Users/builder/clone/build/Build/Products/Release-iphoneos -Isystem /Applications/Xcode-26.4.app/Contents/Developer/Platforms/iPhoneOS.platform/Developer/usr/lib -F /Users/builder/clone/build/Build/Products/Release-iphoneos -F /Applications/Xcode-26.4.app/Contents/Developer/Platforms/iPhoneOS.platform/Developer/Library/Frameworks -F /Applications/Xcode-26.4.app/Contents/Developer/Platforms/iPhoneOS.platform/Developer/SDKs/iPhoneOS26.4.sdk/Developer/Library/Frameworks -c -num-threads 3 -Xcc -ivfsstatcache -Xcc /Users/builder/clone/build/SDKStatCaches.noindex/iphoneos26.4-23E252-dc38477e7e47e42951976ad86cc01fb3.sdkstatcache -output-file-map /Users/builder/clone/build/Build/Intermediates.noindex/Gifu.build/Release-iphoneos/Gifu.build/Objects-normal/arm64/Gifu-OutputFileMap.json -use-frontend-parseable-output -save-temps -no-color-diagnostics -explicit-module-build -module-cache-path /Users/builder/clone/build/Build/Intermediates.noindex/SwiftExplicitPrecompiledModules -clang-scanner-module-cache-path /Users/builder/clone/build/ModuleCache.noindex -sdk-module-cache-path /Users/builder/clone/build/ModuleCache.noindex -serialize-diagnostics -emit-dependencies -emit-module -emit-module-path /Users/builder/clone/build/Build/Intermediates.noindex/Gifu.build/Release-iphoneos/Gifu.build/Objects-normal/arm64/Gifu.swiftmodule -user-module-version 4.0.1 -validate-clang-modules-once -clang-build-session-file /Users/builder/clone/build/ModuleCache.noindex/Session.modulevalidation -package-name gifu -Xcc -I/Users/builder/clone/build/Build/Intermediates.noindex/Gifu.build/Release-iphoneos/Gifu.build/swift-overrides.hmap -emit-const-values -Xfrontend -const-gather-protocols-file -Xfrontend /Users/builder/clone/build/Build/Intermediates.noindex/Gifu.build/Release-iphoneos/Gifu.build/Objects-normal/arm64/Gifu_const_extract_protocols.json -Xcc -I/Users/builder/clone/build/Build/Products/Release-iphoneos/include -Xcc -I/Users/builder/clone/build/Build/Intermediates.noindex/Gifu.build/Release-iphoneos/Gifu.build/DerivedSources-normal/arm64 -Xcc -I/Users/builder/clone/build/Build/Intermediates.noindex/Gifu.build/Release-iphoneos/Gifu.build/DerivedSources/arm64 -Xcc -I/Users/builder/clone/build/Build/Intermediates.noindex/Gifu.build/Release-iphoneos/Gifu.build/DerivedSources -Xcc -DSWIFT_PACKAGE -emit-objc-header -emit-objc-header-path /Users/builder/clone/build/Build/Intermediates.noindex/Gifu.build/Release-iphoneos/Gifu.build/Objects-normal/arm64/Gifu-Swift.h -working-directory /Users/builder/clone/IceCubesApp.xcodeproj -no-emit-module-separately-wmo\n\nSwiftDriver ButtonKit normal arm64 com.apple.xcode.tools.swift.compiler (in target 'ButtonKit' from project 'ButtonKit')\n    cd /Users/builder/clone/IceCubesApp.xcodeproj\n    builtin-SwiftDriver -- /Applications/Xcode-26.4.app/Contents/Developer/Toolchains/XcodeDefault.xctoolchain/usr/bin/swiftc -module-name ButtonKit -O -whole-module-optimization @/Users/builder/clone/build/Build/Intermediates.noindex/ButtonKit.build/Release-iphoneos/ButtonKit.build/Objects-normal/arm64/ButtonKit.SwiftFileList -DSWIFT_PACKAGE -DSWIFT_MODULE_RESOURCE_BUNDLE_UNAVAILABLE -DXcode -plugin-path /Applications/Xcode-26.4.app/Contents/Developer/Toolchains/XcodeDefault.xctoolchain/usr/lib/swift/host/plugins/testing -enable-experimental-feature DebugDescriptionMacro -sdk /Applications/Xcode-26.4.app/Contents/Developer/Platforms/iPhoneOS.platform/Developer/SDKs/iPhoneOS26.4.sdk -target arm64-apple-ios15.0 -g -module-cache-path /Users/builder/clone/build/ModuleCache.noindex -Xfrontend -serialize-debugging-options -suppress-warnings -swift-version 6 -I /Users/builder/clone/build/Build/Products/Release-iphoneos -Isystem /Applications/Xcode-26.4.app/Contents/Developer/Platforms/iPhoneOS.platform/Developer/usr/lib -F /Users/builder/clone/build/Build/Products/Release-iphoneos -F /Applications/Xcode-26.4.app/Contents/Developer/Platforms/iPhoneOS.platform/Developer/Library/Frameworks -F /Applications/Xcode-26.4.app/Contents/Developer/Platforms/iPhoneOS.platform/Developer/SDKs/iPhoneOS26.4.sdk/Developer/Library/Frameworks -c -num-threads 3 -Xcc -ivfsstatcache -Xcc /Users/builder/clone/build/SDKStatCaches.noindex/iphoneos26.4-23E252-dc38477e7e47e42951976ad86cc01fb3.sdkstatcache -output-file-map /Users/builder/clone/build/Build/Intermediates.noindex/ButtonKit.build/Release-iphoneos/ButtonKit.build/Objects-normal/arm64/ButtonKit-OutputFileMap.json -use-frontend-parseable-output -save-temps -no-color-diagnostics -explicit-module-build -module-cache-path /Users/builder/clone/build/Build/Intermediates.noindex/SwiftExplicitPrecompiledModules -clang-scanner-module-cache-path /Users/builder/clone/build/ModuleCache.noindex -sdk-module-cache-path /Users/builder/clone/build/ModuleCache.noindex -serialize-diagnostics -emit-dependencies -emit-module -emit-module-path /Users/builder/clone/build/Build/Intermediates.noindex/ButtonKit.build/Release-iphoneos/ButtonKit.build/Objects-normal/arm64/ButtonKit.swiftmodule -user-module-version 0.8.1 -validate-clang-modules-once -clang-build-session-file /Users/builder/clone/build/ModuleCache.noindex/Session.modulevalidation -package-name buttonkit -Xcc -I/Users/builder/clone/build/Build/Intermediates.noindex/ButtonKit.build/Release-iphoneos/ButtonKit.build/swift-overrides.hmap -emit-const-values -Xfrontend -const-gather-protocols-file -Xfrontend /Users/builder/clone/build/Build/Intermediates.noindex/ButtonKit.build/Release-iphoneos/ButtonKit.build/Objects-normal/arm64/ButtonKit_const_extract_protocols.json -Xcc -I/Users/builder/clone/build/Build/Products/Release-iphoneos/include -Xcc -I/Users/builder/clone/build/Build/Intermediates.noindex/ButtonKit.build/Release-iphoneos/ButtonKit.build/DerivedSources-normal/arm64 -Xcc -I/Users/builder/clone/build/Build/Intermediates.noindex/ButtonKit.build/Release-iphoneos/ButtonKit.build/DerivedSources/arm64 -Xcc -I/Users/builder/clone/build/Build/Intermediates.noindex/ButtonKit.build/Release-iphoneos/ButtonKit.build/DerivedSources -Xcc -DSWIFT_PACKAGE -emit-objc-header -emit-objc-header-path /Users/builder/clone/build/Build/Intermediates.noindex/ButtonKit.build/Release-iphoneos/ButtonKit.build/Objects-normal/arm64/ButtonKit-Swift.h -working-directory /Users/builder/clone/IceCubesApp.xcodeproj -no-emit-module-separately-wmo\n\nSwiftExplicitDependencyGeneratePcm arm64 /Users/builder/clone/build/ModuleCache.noindex/ptrauth-6LUUL5WAG7REBSNPZZB05FMLV.pcm\n\nSwiftExplicitDependencyGeneratePcm arm64 /Users/builder/clone/build/ModuleCache.noindex/_StoreKit_SwiftUI-2DY4JIMC5OK5AY3W9HUZT3ENM.pcm\n\nSwiftExplicitDependencyGeneratePcm arm64 /Users/builder/clone/build/ModuleCache.noindex/_SwiftConcurrencyShims-2BNDF9OPLGTNP0XB8L7VZ4LAU.pcm\n\nSwiftExplicitDependencyGeneratePcm arm64 /Users/builder/clone/build/ModuleCache.noindex/DeveloperToolsSupport-ARDR2BFT1ESNNFCUSG58K5VDU.pcm\n\nSwiftExplicitDependencyGeneratePcm arm64 /Users/builder/clone/build/ModuleCache.noindex/SwiftShims-E9TKEMZXJ2MR8M3OWQ4MIGGM6.pcm\n\nSwiftExplicitDependencyGeneratePcm arm64 /Users/builder/clone/build/ModuleCache.noindex/_AvailabilityInternal-HZ0RQBGAAN0QZ99B6J54UUYW.pcm\n\nSwiftExplicitDependencyGeneratePcm arm64 /Users/builder/clone/build/ModuleCache.noindex/_Builtin_stddef-8IK85O58DGRDUMM87197TSPI.pcm\n\nSwiftExplicitDependencyGeneratePcm arm64 /Users/builder/clone/build/ModuleCache.noindex/ptrcheck-3O5DVQU3FOAHU85DJI4YDN56T.pcm\n\nSwiftExplicitDependencyGeneratePcm arm64 /Users/builder/clone/build/ModuleCache.noindex/_SwiftConcurrencyShims-CHQ5P6QLKPZP1WOW5JG11BOT6.pcm\n\nSwiftExplicitDependencyGeneratePcm arm64 /Users/builder/clone/build/ModuleCache.noindex/DeveloperToolsSupport-6TKJ89Z9VNTO3LJSI4PGGBY39.pcm\n\nSwiftExplicitDependencyGeneratePcm arm64 /Users/builder/clone/build/ModuleCache.noindex/_Builtin_stddef-BB4QVRWLQPKQFP8JNJD0W8GAN.pcm\n\nSwiftExplicitDependencyGeneratePcm arm64 /Users/builder/clone/build/ModuleCache.noindex/_Builtin_stdarg-5R2Y5DQ9CCCL9AXNPNWQHLN9D.pcm\n\nSwiftExplicitDependencyGeneratePcm arm64 /Users/builder/clone/build/ModuleCache.noindex/_DarwinFoundation1-ABIHU72TA312QF6KDYFEZMWY0.pcm\n\nSwiftExplicitDependencyGeneratePcm arm64 /Users/builder/clone/build/ModuleCache.noindex/SwiftShims-8FO93YKE1WBUL8ZVXE6V0W7TF.pcm\n\nSwiftExplicitDependencyGeneratePcm arm64 /Users/builder/clone/build/ModuleCache.noindex/_Builtin_float-2SCQEMQEBIDUKNY6JWCDOO11G.pcm\n\nSwiftExplicitDependencyGeneratePcm arm64 /Users/builder/clone/build/ModuleCache.noindex/ptrcheck-EOTZRFSYY3Z8DNJPOZG8CPHUK.pcm\n\nSwiftExplicitDependencyGeneratePcm arm64 /Users/builder/clone/build/ModuleCache.noindex/ExtensionFoundation-7H5R7NWWDI405QCMCNSYCVD6U.pcm\n\nSwiftExplicitDependencyGeneratePcm arm64 /Users/builder/clone/build/ModuleCache.noindex/_Builtin_stdbool-4CMY3LS3VS80AUOFD187RSTV6.pcm\n\nSwiftExplicitDependencyGeneratePcm arm64 /Users/builder/clone/build/ModuleCache.noindex/_Builtin_stdarg-ENGARVB1RCA82QNVX3AKNIA7I.pcm\n\nSwiftExplicitDependencyGeneratePcm arm64 /Users/builder/clone/build/ModuleCache.noindex/_Builtin_float-85JALJ7TDDJVRCDY2BGUERQAS.pcm\n\nSwiftExplicitDependencyGeneratePcm arm64 /Users/builder/clone/build/ModuleCache.noindex/_Builtin_stdbool-2ILQPNNY1Q1DQQK2TZ9WXC57G.pcm\n\nSwiftExplicitDependencyGeneratePcm arm64 /Users/builder/clone/build/ModuleCache.noindex/_Builtin_limits-2GLYII2961SBP7KNDWBXKCYIU.pcm\n\nSwiftExplicitDependencyGeneratePcm arm64 /Users/builder/clone/build/ModuleCache.noindex/_DarwinFoundation2-IH2TNLDCFEU7XZQT9CTVUQ1P.pcm\n\nSwiftExplicitDependencyGeneratePcm arm64 /Users/builder/clone/build/ModuleCache.noindex/SQLite3-8DCJDS00TKUVJ72TZJ6FRIAXV.pcm\n\nSwiftExplicitDependencyGeneratePcm arm64 /Users/builder/clone/build/ModuleCache.noindex/_AvailabilityInternal-DFS0JW4PZLXT848C3VTWTDSUS.pcm\n\nSwiftExplicitDependencyGeneratePcm arm64 /Users/builder/clone/build/ModuleCache.noindex/ptrauth-C60CAIU36OYOR69O7ASMTTFU8.pcm\n\nPrecompileModule /Users/builder/clone/build/Build/Intermediates.noindex/ExplicitPrecompiledModules/ptrcheck-4Y6IG6MXKGKWGD12L36V6MAHF.scan\n    cd /\n    builtin-precompileModule /Users/builder/clone/build/Build/Intermediates.noindex/ExplicitPrecompiledModules/ptrcheck-4Y6IG6MXKGKWGD12L36V6MAHF.scan\n\nSwiftExplicitDependencyGeneratePcm arm64 /Users/builder/clone/build/ModuleCache.noindex/_Builtin_stdint-8O3R5RESI6Q2C48CPPQ9C67AM.pcm\n\nSwiftExplicitDependencyGeneratePcm arm64 /Users/builder/clone/build/ModuleCache.noindex/_DarwinFoundation1-BY8IH101M5CDB167KVTIL0C1Z.pcm\n\nSwiftExplicitDependencyGeneratePcm arm64 /Users/builder/clone/build/ModuleCache.noindex/_Builtin_tgmath-4TGPTBNB67ZX9LJ219K0ULBGG.pcm\n\nSwiftExplicitDependencyGeneratePcm arm64 /Users/builder/clone/build/Build/Intermediates.noindex/SwiftExplicitPrecompiledModules/CAtomic-FBUZKXUD6P0N1RDC9L6QZ5OK.pcm\n\nSwiftExplicitDependencyGeneratePcm arm64 /Users/builder/clone/build/ModuleCache.noindex/_DarwinFoundation3-DY8NKKEJ8L2MTRNBGEHAPT5DM.pcm\n\nSwiftExplicitDependencyGeneratePcm arm64 /Users/builder/clone/build/ModuleCache.noindex/_Builtin_limits-XHLD784D8WPPZQEXHGFC55BF.pcm\n\nSwiftExplicitDependencyGeneratePcm arm64 /Users/builder/clone/build/ModuleCache.noindex/ExtensionFoundation-AZLN79YMMB34CT31CBR4JDML5.pcm\n\nSwiftExplicitDependencyGeneratePcm arm64 /Users/builder/clone/build/ModuleCache.noindex/_Builtin_intrinsics-68YOBLARAI3EV9PG7YHQ1CZG8.pcm\n\nSwiftExplicitDependencyGeneratePcm arm64 /Users/builder/clone/build/ModuleCache.noindex/sys_types-B33PJM372D4Z1NVRZM5YRD1RP.pcm\n\nSwiftExplicitDependencyGeneratePcm arm64 /Users/builder/clone/build/ModuleCache.noindex/_DarwinFoundation2-5VUBEIZBEOC3ULBJKT8JJE3XM.pcm\n\nSwiftExplicitDependencyGeneratePcm arm64 /Users/builder/clone/build/ModuleCache.noindex/CommonCrypto-D4V3MA8OZB4DPQ4C2XSSBYMJG.pcm\n\nSwiftExplicitDependencyGeneratePcm arm64 /Users/builder/clone/build/ModuleCache.noindex/zlib-1LYC6Q4TDM4X2T1IV3MYBR7O5.pcm\n\nSwiftExplicitDependencyGeneratePcm arm64 /Users/builder/clone/build/ModuleCache.noindex/_Builtin_inttypes-84PMF3J701KL39W8XHWT9YV4L.pcm\n\nSwiftExplicitDependencyGeneratePcm arm64 /Users/builder/clone/build/ModuleCache.noindex/_Builtin_tgmath-5IEHEMEP25RCBXTADL8PLI512.pcm\n\nSwiftExplicitDependencyGeneratePcm arm64 /Users/builder/clone/build/ModuleCache.noindex/sys_types-4YSRAH9YYNB3I66HHQWOQEM6L.pcm\n\nSwiftExplicitDependencyGeneratePcm arm64 /Users/builder/clone/build/ModuleCache.noindex/Darwin-9JK4K57VV391ZCRL6PJKDW6QC.pcm\n\nSwiftExplicitDependencyGeneratePcm arm64 /Users/builder/clone/build/Build/Intermediates.noindex/SwiftExplicitPrecompiledModules/cmark_gfm-9ZZR8O1HTAYNNZUCYG4KTTZTH.pcm\n\nSwiftExplicitDependencyGeneratePcm arm64 /Users/builder/clone/build/ModuleCache.noindex/simd-21NO8HAWUIWMXH9APP0YRDFQO.pcm\n\nSwiftExplicitDependencyGeneratePcm arm64 /Users/builder/clone/build/ModuleCache.noindex/_Builtin_stdint-BY1E7A3YMCKR9BQHIRHXF627F.pcm\n\nSwiftExplicitDependencyGeneratePcm arm64 /Users/builder/clone/build/Build/Intermediates.noindex/SwiftExplicitPrecompiledModules/cmark_gfm_extensions-H8OOQIY0IAE57NO02KJW3BWK.pcm\n\nSwiftExplicitDependencyGeneratePcm arm64 /Users/builder/clone/build/ModuleCache.noindex/_DarwinFoundation3-DQKFTYUE0CHO3ZH6HIURZWJNS.pcm\n\nSwiftExplicitDependencyGeneratePcm arm64 /Users/builder/clone/build/ModuleCache.noindex/_Builtin_stdatomic-4C4KLUK64YOJ8Y6GZ37Y6UN7C.pcm\n\nSwiftExplicitDependencyGeneratePcm arm64 /Users/builder/clone/build/ModuleCache.noindex/_Builtin_inttypes-BDDTEDMVWUP4QDWT2P9QEWF54.pcm\n\nSwiftExplicitDependencyGeneratePcm arm64 /Users/builder/clone/build/ModuleCache.noindex/_Builtin_intrinsics-6PL1ODUCDDBVU2XKNN1VZ5ND7.pcm\n\nSwiftExplicitDependencyGeneratePcm arm64 /Users/builder/clone/build/ModuleCache.noindex/Darwin-6RKUUF4EH2R721CA2RMUMBGM.pcm\n\nSwiftExplicitDependencyGeneratePcm arm64 /Users/builder/clone/build/ModuleCache.noindex/MachO-41JF1MHKCOEGDAH4NBS40EAV5.pcm\n\nSwiftExplicitDependencyGeneratePcm arm64 /Users/builder/clone/build/ModuleCache.noindex/Spatial-570Y3ACNSWLPH9JH9J72TBKJD.pcm\n\nSwiftExplicitDependencyGeneratePcm arm64 /Users/builder/clone/build/ModuleCache.noindex/simd-BSWSXRLML747D1I3MKXIS72QO.pcm\n\nSwiftExplicitDependencyGeneratePcm arm64 /Users/builder/clone/build/ModuleCache.noindex/ObjectiveC-C5YN1C0BZ7ESBGBP0B5XKM9R7.pcm\n\nSwiftExplicitDependencyGeneratePcm arm64 /Users/builder/clone/build/ModuleCache.noindex/MachO-DZMS1HU305V4D7CIKLN8WSEFR.pcm\n\nSwiftExplicitDependencyGeneratePcm arm64 /Users/builder/clone/build/ModuleCache.noindex/os_object-5OSU1U0DEBH4XAUVWITEJ4MPR.pcm\n\nSwiftExplicitDependencyGeneratePcm arm64 /Users/builder/clone/build/ModuleCache.noindex/Compression-ANO4RR42V56WYDAVEYHOLON1V.pcm\n\nSwiftExplicitDependencyGeneratePcm arm64 /Users/builder/clone/build/ModuleCache.noindex/_Builtin_stdatomic-76KDFMAXDXS2299VGGNKRYVFV.pcm\n\nSwiftExplicitDependencyGeneratePcm arm64 /Users/builder/clone/build/ModuleCache.noindex/os_workgroup-DC39T5CMKIEJIDYOY5PWYDB15.pcm\n\nSwiftExplicitDependencyGeneratePcm arm64 /Users/builder/clone/build/ModuleCache.noindex/ObjectiveC-5B0MBDYIVRE8T5RMG8FSUAJAC.pcm\n\nPrecompileModule /Users/builder/clone/build/Build/Intermediates.noindex/ExplicitPrecompiledModules/_Builtin_stdbool-EXIIM5ZS7Q1Z2P1EIAQRWMZMJ.scan\n    cd /\n    builtin-precompileModule /Users/builder/clone/build/Build/Intermediates.noindex/ExplicitPrecompiledModules/_Builtin_stdbool-EXIIM5ZS7Q1Z2P1EIAQRWMZMJ.scan\n\nSwiftExplicitDependencyGeneratePcm arm64 /Users/builder/clone/build/ModuleCache.noindex/Dispatch-8GYF4EP8REEU3QEW8Z933NFUQ.pcm\n\nSwiftExplicitDependencyGeneratePcm arm64 /Users/builder/clone/build/ModuleCache.noindex/os_object-5DJUYTWMFLH6P3NXZJKLUNUPU.pcm\n\nPrecompileModule /Users/builder/clone/build/Build/Intermediates.noindex/ExplicitPrecompiledModules/_Builtin_stdarg-9T91COTFOU79REUDGBYEN6WQ.scan\n    cd /\n    builtin-precompileModule /Users/builder/clone/build/Build/Intermediates.noindex/ExplicitPrecompiledModules/_Builtin_stdarg-9T91COTFOU79REUDGBYEN6WQ.scan\n\nSwiftExplicitDependencyGeneratePcm arm64 /Users/builder/clone/build/ModuleCache.noindex/XPC-7DBBZ0RY9AXLIFQ1ZQNCEOL7M.pcm\n\nSwiftExplicitDependencyGeneratePcm arm64 /Users/builder/clone/build/ModuleCache.noindex/os_workgroup-B4SMTMQEDV9ZG1HPU7XWJA5NQ.pcm\n\nSwiftExplicitDependencyGeneratePcm arm64 /Users/builder/clone/build/ModuleCache.noindex/CoreFoundation-A6CZS58YETCJR8NW8HTBMP5MT.pcm\n\nSwiftExplicitDependencyGeneratePcm arm64 /Users/builder/clone/build/ModuleCache.noindex/dnssd-AD306HWO0GTLRRUX17YMCHR3.pcm\n\nSwiftExplicitDependencyGeneratePcm arm64 /Users/builder/clone/build/ModuleCache.noindex/Dispatch-EKXSOI9AGDVEYYTP3JDSKW2W.pcm\n\nSwiftExplicitDependencyGeneratePcm arm64 /Users/builder/clone/build/ModuleCache.noindex/Spatial-7321YNVRFT2NYPGYRS6LO6OB8.pcm\n\nSwiftExplicitDependencyGeneratePcm arm64 /Users/builder/clone/build/ModuleCache.noindex/os-F5KWFQN3957WM4HIB2FUBIGYE.pcm\n\nSwiftExplicitDependencyGeneratePcm arm64 /Users/builder/clone/build/ModuleCache.noindex/XPC-83H6M22GN0LJJMP6IVF07J1T3.pcm\n\nSwiftExplicitDependencyGeneratePcm arm64 /Users/builder/clone/build/ModuleCache.noindex/CoreFoundation-2INE8R3HT0NQOAMD08EAY60NQ.pcm\n\nSwiftExplicitDependencyGeneratePcm arm64 /Users/builder/clone/build/ModuleCache.noindex/CoreGraphics-DHIHCZLPL10G7BENB0X8378AJ.pcm\n\nSwiftExplicitDependencyGeneratePcm arm64 /Users/builder/clone/build/ModuleCache.noindex/CFNetwork-WBAWX6LIWV7GVTAGNWN3QVNX.pcm\n\nSwiftExplicitDependencyGeneratePcm arm64 /Users/builder/clone/build/ModuleCache.noindex/Security-3F4HC5OTFYZ17SDJMC1AFIDUH.pcm\n\nSwiftExplicitDependencyGeneratePcm arm64 /Users/builder/clone/build/ModuleCache.noindex/CoreServices-ER8FU223TPE46UYFNEUZANNZ0.pcm\n\nSwiftExplicitDependencyGeneratePcm arm64 /Users/builder/clone/build/ModuleCache.noindex/CoreGraphics-BYW19FT7DN8S5UQ65XLAXKIRB.pcm\n\nSwiftExplicitDependencyGeneratePcm arm64 /Users/builder/clone/build/ModuleCache.noindex/CFNetwork-BV2YOXQR3QGCZZC1FYZ35ME6C.pcm\n\nSwiftExplicitDependencyGeneratePcm arm64 /Users/builder/clone/build/ModuleCache.noindex/ImageIO-6YGWHRL8SUR3EUL251BW6ZONE.pcm\n\nSwiftExplicitDependencyGeneratePcm arm64 /Users/builder/clone/build/ModuleCache.noindex/Foundation-8ESBZZ9N1J4PLT4Z9IWTLGEHX.pcm\n\nSwiftExplicitDependencyGeneratePcm arm64 /Users/builder/clone/build/ModuleCache.noindex/Security-5WQIKACZXTIZWZ5UPCCB04Z6K.pcm\n\nSwiftExplicitDependencyGeneratePcm arm64 /Users/builder/clone/build/ModuleCache.noindex/CoreText-31JI8H8TNAKKRE4OOY1XBI0EE.pcm\n\nSwiftExplicitDependencyGeneratePcm arm64 /Users/builder/clone/build/ModuleCache.noindex/CoreText-3X44K35Q1VPDBV00UMFIRMIKV.pcm\n\nSwiftExplicitDependencyGeneratePcm arm64 /Users/builder/clone/build/ModuleCache.noindex/Foundation-8QW824YXXHXXCI7ILXW8ILV1G.pcm\n\nSwiftExplicitDependencyGeneratePcm arm64 /Users/builder/clone/build/ModuleCache.noindex/MobileCoreServices-3B3VHY6TRY4ZRYEA2N0BT0H7Y.pcm\n\nSwiftExplicitDependencyGeneratePcm arm64 /Users/builder/clone/build/ModuleCache.noindex/dnssd-A20YF3E8OGAPSTCJV52QV3FTD.pcm\n\nSwiftCompile normal arm64 Compiling\\ CreateCommentRequest.swift,\\ CommentResponse.swift,\\ WishState.swift,\\ ApiError.swift,\\ UserRequest.swift,\\ UserResponse.swift,\\ CreateWishRequest.swift,\\ VoteWishRequest.swift,\\ CreateWishResponse.swift,\\ ListWishResponse.swift,\\ VoteWishResponse.swift,\\ WishResponse.swift /Users/builder/clone/build/SourcePackages/checkouts/wishkit-ios-shared/Sources/WishKitShared/Comment/Request/CreateCommentRequest.swift /Users/builder/clone/build/SourcePackages/checkouts/wishkit-ios-shared/Sources/WishKitShared/Comment/Response/CommentResponse.swift /Users/builder/clone/build/SourcePackages/checkouts/wishkit-ios-shared/Sources/WishKitShared/Enum/WishState.swift /Users/builder/clone/build/SourcePackages/checkouts/wishkit-ios-shared/Sources/WishKitShared/Error/ApiError.swift /Users/builder/clone/build/SourcePackages/checkouts/wishkit-ios-shared/Sources/WishKitShared/User/Request/UserRequest.swift /Users/builder/clone/build/SourcePackages/checkouts/wishkit-ios-shared/Sources/WishKitShared/User/Response/UserResponse.swift /Users/builder/clone/build/SourcePackages/checkouts/wishkit-ios-shared/Sources/WishKitShared/Wish/Request/CreateWishRequest.swift /Users/builder/clone/build/SourcePackages/checkouts/wishkit-ios-shared/Sources/WishKitShared/Wish/Request/VoteWishRequest.swift /Users/builder/clone/build/SourcePackages/checkouts/wishkit-ios-shared/Sources/WishKitShared/Wish/Response/CreateWishResponse.swift /Users/builder/clone/build/SourcePackages/checkouts/wishkit-ios-shared/Sources/WishKitShared/Wish/Response/ListWishResponse.swift /Users/builder/clone/build/SourcePackages/checkouts/wishkit-ios-shared/Sources/WishKitShared/Wish/Response/VoteWishResponse.swift /Users/builder/clone/build/SourcePackages/checkouts/wishkit-ios-shared/Sources/WishKitShared/Wish/Response/WishResponse.swift /Applications/Xcode-26.4.app/Contents/Developer/Toolchains/XcodeDefault.xctoolchain/usr/lib/swift/iphoneos/prebuilt-modules/26.4/_DarwinFoundation2.swiftmodule/arm64e-apple-ios.swiftmodule /Applications/Xcode-26.4.app/Contents/Developer/Toolchains/XcodeDefault.xctoolchain/usr/lib/swift/iphoneos/prebuilt-modules/26.4/Darwin.swiftmodule/arm64e-apple-ios.swiftmodule /Applications/Xcode-26.4.app/Contents/Developer/Toolchains/XcodeDefault.xctoolchain/usr/lib/swift/iphoneos/prebuilt-modules/26.4/_Builtin_float.swiftmodule/arm64e-apple-ios.swiftmodule /Applications/Xcode-26.4.app/Contents/Developer/Toolchains/XcodeDefault.xctoolchain/usr/lib/swift/iphoneos/prebuilt-modules/26.4/System.swiftmodule/arm64e-apple-ios.swiftmodule /Applications/Xcode-26.4.app/Contents/Developer/Toolchains/XcodeDefault.xctoolchain/usr/lib/swift/iphoneos/prebuilt-modules/26.4/Observation.swiftmodule/arm64e-apple-ios.swiftmodule /Applications/Xcode-26.4.app/Contents/Developer/Toolchains/XcodeDefault.xctoolchain/usr/lib/swift/iphoneos/prebuilt-modules/26.4/ObjectiveC.swiftmodule/arm64e-apple-ios.swiftmodule /Applications/Xcode-26.4.app/Contents/Developer/Toolchains/XcodeDefault.xctoolchain/usr/lib/swift/iphoneos/prebuilt-modules/26.4/CoreFoundation.swiftmodule/arm64e-apple-ios.swiftmodule /Applications/Xcode-26.4.app/Contents/Developer/Toolchains/XcodeDefault.xctoolchain/usr/lib/swift/iphoneos/prebuilt-modules/26.4/Foundation.swiftmodule/arm64e-apple-ios.swiftmodule /Applications/Xcode-26.4.app/Contents/Developer/Toolchains/XcodeDefault.xctoolchain/usr/lib/swift/iphoneos/prebuilt-modules/26.4/_StringProcessing.swiftmodule/arm64e-apple-ios.swiftmodule /Applications/Xcode-26.4.app/Contents/Developer/Toolchains/XcodeDefault.xctoolchain/usr/lib/swift/iphoneos/prebuilt-modules/26.4/_DarwinFoundation1.swiftmodule/arm64e-apple-ios.swiftmodule /Applications/Xcode-26.4.app/Contents/Developer/Toolchains/XcodeDefault.xctoolchain/usr/lib/swift/iphoneos/prebuilt-modules/26.4/Dispatch.swiftmodule/arm64e-apple-ios.swiftmodule /Applications/Xcode-26.4.app/Contents/Developer/Toolchains/XcodeDefault.xctoolchain/usr/lib/swift/iphoneos/prebuilt-modules/26.4/_DarwinFoundation3.swiftmodule/arm64e-apple-ios.swiftmodule /Applications/Xcode-26.4.app/Contents/Developer/Toolchains/XcodeDefault.xctoolchain/usr/lib/swift/iphoneos/prebuilt-modules/26.4/Swift.swiftmodule/arm64e-apple-ios.swiftmodule /Applications/Xcode-26.4.app/Contents/Developer/Toolchains/XcodeDefault.xctoolchain/usr/lib/swift/iphoneos/prebuilt-modules/26.4/_Concurrency.swiftmodule/arm64e-apple-ios.swiftmodule /Applications/Xcode-26.4.app/Contents/Developer/Toolchains/XcodeDefault.xctoolchain/usr/lib/swift/iphoneos/prebuilt-modules/26.4/Combine.swiftmodule/arm64e-apple-ios.swiftmodule /Applications/Xcode-26.4.app/Contents/Developer/Toolchains/XcodeDefault.xctoolchain/usr/lib/swift/iphoneos/prebuilt-modules/26.4/XPC.swiftmodule/arm64e-apple-ios.swiftmodule /Users/builder/clone/build/ModuleCache.noindex/_Builtin_inttypes-84PMF3J701KL39W8XHWT9YV4L.pcm /Users/builder/clone/build/ModuleCache.noindex/CoreFoundation-A6CZS58YETCJR8NW8HTBMP5MT.pcm /Users/builder/clone/build/ModuleCache.noindex/_Builtin_stdint-8O3R5RESI6Q2C48CPPQ9C67AM.pcm /Users/builder/clone/build/ModuleCache.noindex/_Builtin_stddef-BB4QVRWLQPKQFP8JNJD0W8GAN.pcm /Users/builder/clone/build/ModuleCache.noindex/Security-3F4HC5OTFYZ17SDJMC1AFIDUH.pcm /Users/builder/clone/build/ModuleCache.noindex/_Builtin_stdarg-ENGARVB1RCA82QNVX3AKNIA7I.pcm /Users/builder/clone/build/ModuleCache.noindex/ptrcheck-3O5DVQU3FOAHU85DJI4YDN56T.pcm /Users/builder/clone/build/ModuleCache.noindex/os_workgroup-DC39T5CMKIEJIDYOY5PWYDB15.pcm /Users/builder/clone/build/ModuleCache.noindex/sys_types-B33PJM372D4Z1NVRZM5YRD1RP.pcm /Users/builder/clone/build/ModuleCache.noindex/CFNetwork-WBAWX6LIWV7GVTAGNWN3QVNX.pcm /Users/builder/clone/build/ModuleCache.noindex/ObjectiveC-C5YN1C0BZ7ESBGBP0B5XKM9R7.pcm /Users/builder/clone/build/ModuleCache.noindex/XPC-7DBBZ0RY9AXLIFQ1ZQNCEOL7M.pcm /Users/builder/clone/build/ModuleCache.noindex/_DarwinFoundation2-IH2TNLDCFEU7XZQT9CTVUQ1P.pcm /Users/builder/clone/build/ModuleCache.noindex/_DarwinFoundation1-ABIHU72TA312QF6KDYFEZMWY0.pcm /Users/builder/clone/build/ModuleCache.noindex/Darwin-9JK4K57VV391ZCRL6PJKDW6QC.pcm /Users/builder/clone/build/ModuleCache.noindex/_Builtin_limits-2GLYII2961SBP7KNDWBXKCYIU.pcm /Users/builder/clone/build/ModuleCache.noindex/SwiftShims-E9TKEMZXJ2MR8M3OWQ4MIGGM6.pcm /Users/builder/clone/build/ModuleCache.noindex/Foundation-8ESBZZ9N1J4PLT4Z9IWTLGEHX.pcm /Users/builder/clone/build/ModuleCache.noindex/_SwiftConcurrencyShims-2BNDF9OPLGTNP0XB8L7VZ4LAU.pcm /Users/builder/clone/build/ModuleCache.noindex/_Builtin_stdbool-4CMY3LS3VS80AUOFD187RSTV6.pcm /Users/builder/clone/build/ModuleCache.noindex/os_object-5OSU1U0DEBH4XAUVWITEJ4MPR.pcm /Users/builder/clone/build/ModuleCache.noindex/Dispatch-8GYF4EP8REEU3QEW8Z933NFUQ.pcm /Users/builder/clone/build/ModuleCache.noindex/_Builtin_float-2SCQEMQEBIDUKNY6JWCDOO11G.pcm /Users/builder/clone/build/ModuleCache.noindex/ptrauth-C60CAIU36OYOR69O7ASMTTFU8.pcm /Users/builder/clone/build/ModuleCache.noindex/_AvailabilityInternal-HZ0RQBGAAN0QZ99B6J54UUYW.pcm /Users/builder/clone/build/ModuleCache.noindex/_DarwinFoundation3-DY8NKKEJ8L2MTRNBGEHAPT5DM.pcm /Users/builder/clone/build/Build/Intermediates.noindex/wishkit-ios-shared.build/Release-iphoneos/WishKitShared.build/Objects-normal/arm64/WishKitShared-dependencies-1.json (in target 'WishKitShared' from project 'wishkit-ios-shared')\nCompileSwift normal arm64 (in target 'WishKitShared' from project 'wishkit-ios-shared')\n    cd /Users/builder/clone/IceCubesApp.xcodeproj\n    \n\nSwiftCompile normal arm64 Compiling\\ resource_bundle_accessor.swift,\\ Backup.swift,\\ Blob.swift,\\ Connection+Aggregation.swift,\\ Connection+Attach.swift,\\ Connection+Pragmas.swift,\\ Connection.swift,\\ Errors.swift,\\ Result.swift,\\ SQLiteFeature.swift,\\ SQLiteVersion.swift,\\ Statement.swift,\\ URIQueryParameter.swift,\\ Value.swift,\\ Cipher.swift,\\ FTS4.swift,\\ FTS5.swift,\\ RTree.swift,\\ Foundation.swift,\\ Helpers.swift,\\ Connection+Schema.swift,\\ SchemaChanger.swift,\\ SchemaDefinitions.swift,\\ SchemaReader.swift,\\ AggregateFunctions.swift,\\ Coding.swift,\\ Collation.swift,\\ CoreFunctions.swift,\\ CustomFunctions.swift,\\ DateAndTimeFunctions.swift,\\ Expression.swift,\\ Operators.swift,\\ Query+with.swift,\\ Query.swift,\\ Schema.swift,\\ Setter.swift,\\ WindowFunctions.swift /Users/builder/clone/build/Build/Intermediates.noindex/SQLite.swift.build/Release-iphoneos/SQLite.build/DerivedSources/resource_bundle_accessor.swift /Users/builder/clone/build/SourcePackages/checkouts/SQLite.swift/Sources/SQLite/Core/Backup.swift /Users/builder/clone/build/SourcePackages/checkouts/SQLite.swift/Sources/SQLite/Core/Blob.swift /Users/builder/clone/build/SourcePackages/checkouts/SQLite.swift/Sources/SQLite/Core/Connection+Aggregation.swift /Users/builder/clone/build/SourcePackages/checkouts/SQLite.swift/Sources/SQLite/Core/Connection+Attach.swift /Users/builder/clone/build/SourcePackages/checkouts/SQLite.swift/Sources/SQLite/Core/Connection+Pragmas.swift /Users/builder/clone/build/SourcePackages/checkouts/SQLite.swift/Sources/SQLite/Core/Connection.swift /Users/builder/clone/build/SourcePackages/checkouts/SQLite.swift/Sources/SQLite/Core/Errors.swift /Users/builder/clone/build/SourcePackages/checkouts/SQLite.swift/Sources/SQLite/Core/Result.swift /Users/builder/clone/build/SourcePackages/checkouts/SQLite.swift/Sources/SQLite/Core/SQLiteFeature.swift /Users/builder/clone/build/SourcePackages/checkouts/SQLite.swift/Sources/SQLite/Core/SQLiteVersion.swift /Users/builder/clone/build/SourcePackages/checkouts/SQLite.swift/Sources/SQLite/Core/Statement.swift /Users/builder/clone/build/SourcePackages/checkouts/SQLite.swift/Sources/SQLite/Core/URIQueryParameter.swift /Users/builder/clone/build/SourcePackages/checkouts/SQLite.swift/Sources/SQLite/Core/Value.swift /Users/builder/clone/build/SourcePackages/checkouts/SQLite.swift/Sources/SQLite/Extensions/Cipher.swift /Users/builder/clone/build/SourcePackages/checkouts/SQLite.swift/Sources/SQLite/Extensions/FTS4.swift /Users/builder/clone/build/SourcePackages/checkouts/SQLite.swift/Sources/SQLite/Extensions/FTS5.swift /Users/builder/clone/build/SourcePackages/checkouts/SQLite.swift/Sources/SQLite/Extensions/RTree.swift /Users/builder/clone/build/SourcePackages/checkouts/SQLite.swift/Sources/SQLite/Foundation.swift /Users/builder/clone/build/SourcePackages/checkouts/SQLite.swift/Sources/SQLite/Helpers.swift /Users/builder/clone/build/SourcePackages/checkouts/SQLite.swift/Sources/SQLite/Schema/Connection+Schema.swift /Users/builder/clone/build/SourcePackages/checkouts/SQLite.swift/Sources/SQLite/Schema/SchemaChanger.swift /Users/builder/clone/build/SourcePackages/checkouts/SQLite.swift/Sources/SQLite/Schema/SchemaDefinitions.swift /Users/builder/clone/build/SourcePackages/checkouts/SQLite.swift/Sources/SQLite/Schema/SchemaReader.swift /Users/builder/clone/build/SourcePackages/checkouts/SQLite.swift/Sources/SQLite/Typed/AggregateFunctions.swift /Users/builder/clone/build/SourcePackages/checkouts/SQLite.swift/Sources/SQLite/Typed/Coding.swift /Users/builder/clone/build/SourcePackages/checkouts/SQLite.swift/Sources/SQLite/Typed/Collation.swift /Users/builder/clone/build/SourcePackages/checkouts/SQLite.swift/Sources/SQLite/Typed/CoreFunctions.swift /Users/builder/clone/build/SourcePackages/checkouts/SQLite.swift/Sources/SQLite/Typed/CustomFunctions.swift /Users/builder/clone/build/SourcePackages/checkouts/SQLite.swift/Sources/SQLite/Typed/DateAndTimeFunctions.swift /Users/builder/clone/build/SourcePackages/checkouts/SQLite.swift/Sources/SQLite/Typed/Expression.swift /Users/builder/clone/build/SourcePackages/checkouts/SQLite.swift/Sources/SQLite/Typed/Operators.swift /Users/builder/clone/build/SourcePackages/checkouts/SQLite.swift/Sources/SQLite/Typed/Query+with.swift /Users/builder/clone/build/SourcePackages/checkouts/SQLite.swift/Sources/SQLite/Typed/Query.swift /Users/builder/clone/build/SourcePackages/checkouts/SQLite.swift/Sources/SQLite/Typed/Schema.swift /Users/builder/clone/build/SourcePackages/checkouts/SQLite.swift/Sources/SQLite/Typed/Setter.swift /Users/builder/clone/build/SourcePackages/checkouts/SQLite.swift/Sources/SQLite/Typed/WindowFunctions.swift /Applications/Xcode-26.4.app/Contents/Developer/Toolchains/XcodeDefault.xctoolchain/usr/lib/swift/iphoneos/prebuilt-modules/26.4/Combine.swiftmodule/arm64e-apple-ios.swiftmodule /Applications/Xcode-26.4.app/Contents/Developer/Toolchains/XcodeDefault.xctoolchain/usr/lib/swift/iphoneos/prebuilt-modules/26.4/_DarwinFoundation3.swiftmodule/arm64e-apple-ios.swiftmodule /Applications/Xcode-26.4.app/Contents/Developer/Toolchains/XcodeDefault.xctoolchain/usr/lib/swift/iphoneos/prebuilt-modules/26.4/System.swiftmodule/arm64e-apple-ios.swiftmodule /Applications/Xcode-26.4.app/Contents/Developer/Toolchains/XcodeDefault.xctoolchain/usr/lib/swift/iphoneos/prebuilt-modules/26.4/Observation.swiftmodule/arm64e-apple-ios.swiftmodule /Applications/Xcode-26.4.app/Contents/Developer/Toolchains/XcodeDefault.xctoolchain/usr/lib/swift/iphoneos/prebuilt-modules/26.4/XPC.swiftmodule/arm64e-apple-ios.swiftmodule /Applications/Xcode-26.4.app/Contents/Developer/Toolchains/XcodeDefault.xctoolchain/usr/lib/swift/iphoneos/prebuilt-modules/26.4/_Concurrency.swiftmodule/arm64e-apple-ios.swiftmodule /Applications/Xcode-26.4.app/Contents/Developer/Toolchains/XcodeDefault.xctoolchain/usr/lib/swift/iphoneos/prebuilt-modules/26.4/Swift.swiftmodule/arm64e-apple-ios.swiftmodule /Applications/Xcode-26.4.app/Contents/Developer/Toolchains/XcodeDefault.xctoolchain/usr/lib/swift/iphoneos/prebuilt-modules/26.4/ObjectiveC.swiftmodule/arm64e-apple-ios.swiftmodule /Applications/Xcode-26.4.app/Contents/Developer/Toolchains/XcodeDefault.xctoolchain/usr/lib/swift/iphoneos/prebuilt-modules/26.4/CoreFoundation.swiftmodule/arm64e-apple-ios.swiftmodule /Applications/Xcode-26.4.app/Contents/Developer/Toolchains/XcodeDefault.xctoolchain/usr/lib/swift/iphoneos/prebuilt-modules/26.4/Foundation.swiftmodule/arm64e-apple-ios.swiftmodule /Applications/Xcode-26.4.app/Contents/Developer/Toolchains/XcodeDefault.xctoolchain/usr/lib/swift/iphoneos/prebuilt-modules/26.4/Dispatch.swiftmodule/arm64e-apple-ios.swiftmodule /Applications/Xcode-26.4.app/Contents/Developer/Toolchains/XcodeDefault.xctoolchain/usr/lib/swift/iphoneos/prebuilt-modules/26.4/_Builtin_float.swiftmodule/arm64e-apple-ios.swiftmodule /Applications/Xcode-26.4.app/Contents/Developer/Toolchains/XcodeDefault.xctoolchain/usr/lib/swift/iphoneos/prebuilt-modules/26.4/Darwin.swiftmodule/arm64e-apple-ios.swiftmodule /Applications/Xcode-26.4.app/Contents/Developer/Toolchains/XcodeDefault.xctoolchain/usr/lib/swift/iphoneos/prebuilt-modules/26.4/_StringProcessing.swiftmodule/arm64e-apple-ios.swiftmodule /Applications/Xcode-26.4.app/Contents/Developer/Toolchains/XcodeDefault.xctoolchain/usr/lib/swift/iphoneos/prebuilt-modules/26.4/_DarwinFoundation1.swiftmodule/arm64e-apple-ios.swiftmodule /Applications/Xcode-26.4.app/Contents/Developer/Toolchains/XcodeDefault.xctoolchain/usr/lib/swift/iphoneos/prebuilt-modules/26.4/_DarwinFoundation2.swiftmodule/arm64e-apple-ios.swiftmodule /Users/builder/clone/build/ModuleCache.noindex/SwiftShims-E9TKEMZXJ2MR8M3OWQ4MIGGM6.pcm /Users/builder/clone/build/ModuleCache.noindex/Dispatch-8GYF4EP8REEU3QEW8Z933NFUQ.pcm /Users/builder/clone/build/ModuleCache.noindex/_DarwinFoundation3-DY8NKKEJ8L2MTRNBGEHAPT5DM.pcm /Users/builder/clone/build/ModuleCache.noindex/_Builtin_limits-2GLYII2961SBP7KNDWBXKCYIU.pcm /Users/builder/clone/build/ModuleCache.noindex/sys_types-B33PJM372D4Z1NVRZM5YRD1RP.pcm /Users/builder/clone/build/ModuleCache.noindex/_Builtin_stddef-BB4QVRWLQPKQFP8JNJD0W8GAN.pcm /Users/builder/clone/build/ModuleCache.noindex/_SwiftConcurrencyShims-2BNDF9OPLGTNP0XB8L7VZ4LAU.pcm /Users/builder/clone/build/ModuleCache.noindex/_Builtin_stdarg-ENGARVB1RCA82QNVX3AKNIA7I.pcm /Users/builder/clone/build/ModuleCache.noindex/SQLite3-8DCJDS00TKUVJ72TZJ6FRIAXV.pcm /Users/builder/clone/build/ModuleCache.noindex/Security-3F4HC5OTFYZ17SDJMC1AFIDUH.pcm /Users/builder/clone/build/ModuleCache.noindex/Foundation-8ESBZZ9N1J4PLT4Z9IWTLGEHX.pcm /Users/builder/clone/build/ModuleCache.noindex/_DarwinFoundation1-ABIHU72TA312QF6KDYFEZMWY0.pcm /Users/builder/clone/build/ModuleCache.noindex/ptrauth-C60CAIU36OYOR69O7ASMTTFU8.pcm /Users/builder/clone/build/ModuleCache.noindex/os_object-5OSU1U0DEBH4XAUVWITEJ4MPR.pcm /Users/builder/clone/build/ModuleCache.noindex/_Builtin_inttypes-84PMF3J701KL39W8XHWT9YV4L.pcm /Users/builder/clone/build/ModuleCache.noindex/CoreFoundation-A6CZS58YETCJR8NW8HTBMP5MT.pcm /Users/builder/clone/build/ModuleCache.noindex/ptrcheck-3O5DVQU3FOAHU85DJI4YDN56T.pcm /Users/builder/clone/build/ModuleCache.noindex/XPC-7DBBZ0RY9AXLIFQ1ZQNCEOL7M.pcm /Users/builder/clone/build/ModuleCache.noindex/os_workgroup-DC39T5CMKIEJIDYOY5PWYDB15.pcm /Users/builder/clone/build/ModuleCache.noindex/CFNetwork-WBAWX6LIWV7GVTAGNWN3QVNX.pcm /Users/builder/clone/build/ModuleCache.noindex/ObjectiveC-C5YN1C0BZ7ESBGBP0B5XKM9R7.pcm /Users/builder/clone/build/ModuleCache.noindex/_Builtin_float-2SCQEMQEBIDUKNY6JWCDOO11G.pcm /Users/builder/clone/build/ModuleCache.noindex/Darwin-9JK4K57VV391ZCRL6PJKDW6QC.pcm /Users/builder/clone/build/ModuleCache.noindex/_Builtin_stdint-8O3R5RESI6Q2C48CPPQ9C67AM.pcm /Users/builder/clone/build/ModuleCache.noindex/_Builtin_stdbool-4CMY3LS3VS80AUOFD187RSTV6.pcm /Users/builder/clone/build/ModuleCache.noindex/_AvailabilityInternal-HZ0RQBGAAN0QZ99B6J54UUYW.pcm /Users/builder/clone/build/ModuleCache.noindex/_DarwinFoundation2-IH2TNLDCFEU7XZQT9CTVUQ1P.pcm /Users/builder/clone/build/Build/Intermediates.noindex/SQLite.swift.build/Release-iphoneos/SQLite.build/Objects-normal/arm64/SQLite-dependencies-1.json (in target 'SQLite' from project 'SQLite.swift')\nCompileSwift normal arm64 (in target 'SQLite' from project 'SQLite.swift')\n    cd /Users/builder/clone/IceCubesApp.xcodeproj\n    \n\nSwiftCompile normal arm64 Compiling\\ ChildIndexPath.swift,\\ DirectiveArgument.swift,\\ Document.swift,\\ LiteralMarkup.swift,\\ Markup.swift,\\ MarkupChildren.swift,\\ MarkupData.swift,\\ PlainTextConvertibleMarkup.swift,\\ RawMarkup.swift,\\ BlockDirective.swift,\\ BlockQuote.swift,\\ CustomBlock.swift,\\ DoxygenAbstract.swift,\\ DoxygenDiscussion.swift,\\ DoxygenNote.swift,\\ DoxygenParameter.swift,\\ DoxygenReturns.swift,\\ ListItem.swift,\\ OrderedList.swift,\\ UnorderedList.swift,\\ Paragraph.swift,\\ CodeBlock.swift,\\ HTMLBlock.swift,\\ Heading.swift,\\ ThematicBreak.swift,\\ Table.swift,\\ TableBody.swift,\\ TableCell.swift,\\ TableCellContainer.swift,\\ TableHead.swift,\\ TableRow.swift,\\ Replacement.swift,\\ SourceLocation.swift,\\ Emphasis.swift,\\ Image.swift,\\ InlineAttributes.swift,\\ Link.swift,\\ Strikethrough.swift,\\ Strong.swift,\\ CustomInline.swift,\\ InlineCode.swift,\\ InlineHTML.swift,\\ LineBreak.swift,\\ SoftBreak.swift,\\ SymbolLink.swift,\\ Text.swift,\\ Aside.swift,\\ BlockDirectiveParser.swift,\\ CommonMarkConverter.swift,\\ LazySplitLines.swift,\\ ParseOptions.swift,\\ RangeAdjuster.swift,\\ RangerTracker.swift,\\ MarkupRewriter.swift,\\ BasicBlockContainer.swift,\\ BasicInlineContainer.swift,\\ BlockContainer.swift,\\ BlockMarkup.swift,\\ InlineContainer.swift,\\ InlineMarkup.swift,\\ ListItemContainer.swift,\\ AtomicCounter.swift,\\ CharacterExtensions.swift,\\ CollectionExtensions.swift,\\ StringExtensions.swift,\\ MarkupVisitor.swift,\\ MarkupWalker.swift,\\ HTMLFormatter.swift,\\ MarkupFormatter.swift,\\ MarkupTreeDumper.swift /Users/builder/clone/build/SourcePackages/checkouts/swift-markdown/Sources/Markdown/Base/ChildIndexPath.swift /Users/builder/clone/build/SourcePackages/checkouts/swift-markdown/Sources/Markdown/Base/DirectiveArgument.swift /Users/builder/clone/build/SourcePackages/checkouts/swift-markdown/Sources/Markdown/Base/Document.swift /Users/builder/clone/build/SourcePackages/checkouts/swift-markdown/Sources/Markdown/Base/LiteralMarkup.swift /Users/builder/clone/build/SourcePackages/checkouts/swift-markdown/Sources/Markdown/Base/Markup.swift /Users/builder/clone/build/SourcePackages/checkouts/swift-markdown/Sources/Markdown/Base/MarkupChildren.swift /Users/builder/clone/build/SourcePackages/checkouts/swift-markdown/Sources/Markdown/Base/MarkupData.swift /Users/builder/clone/build/SourcePackages/checkouts/swift-markdown/Sources/Markdown/Base/PlainTextConvertibleMarkup.swift /Users/builder/clone/build/SourcePackages/checkouts/swift-markdown/Sources/Markdown/Base/RawMarkup.swift /Users/builder/clone/build/SourcePackages/checkouts/swift-markdown/Sources/Markdown/Block\\ Nodes/Block\\ Container\\ Blocks/BlockDirective.swift /Users/builder/clone/build/SourcePackages/checkouts/swift-markdown/Sources/Markdown/Block\\ Nodes/Block\\ Container\\ Blocks/BlockQuote.swift /Users/builder/clone/build/SourcePackages/checkouts/swift-markdown/Sources/Markdown/Block\\ Nodes/Block\\ Container\\ Blocks/CustomBlock.swift /Users/builder/clone/build/SourcePackages/checkouts/swift-markdown/Sources/Markdown/Block\\ Nodes/Block\\ Container\\ Blocks/Doxygen\\ Commands/DoxygenAbstract.swift /Users/builder/clone/build/SourcePackages/checkouts/swift-markdown/Sources/Markdown/Block\\ Nodes/Block\\ Container\\ Blocks/Doxygen\\ Commands/DoxygenDiscussion.swift /Users/builder/clone/build/SourcePackages/checkouts/swift-markdown/Sources/Markdown/Block\\ Nodes/Block\\ Container\\ Blocks/Doxygen\\ Commands/DoxygenNote.swift /Users/builder/clone/build/SourcePackages/checkouts/swift-markdown/Sources/Markdown/Block\\ Nodes/Block\\ Container\\ Blocks/Doxygen\\ Commands/DoxygenParameter.swift /Users/builder/clone/build/SourcePackages/checkouts/swift-markdown/Sources/Markdown/Block\\ Nodes/Block\\ Container\\ Blocks/Doxygen\\ Commands/DoxygenReturns.swift /Users/builder/clone/build/SourcePackages/checkouts/swift-markdown/Sources/Markdown/Block\\ Nodes/Block\\ Container\\ Blocks/ListItem.swift /Users/builder/clone/build/SourcePackages/checkouts/swift-markdown/Sources/Markdown/Block\\ Nodes/Block\\ Container\\ Blocks/OrderedList.swift /Users/builder/clone/build/SourcePackages/checkouts/swift-markdown/Sources/Markdown/Block\\ Nodes/Block\\ Container\\ Blocks/UnorderedList.swift /Users/builder/clone/build/SourcePackages/checkouts/swift-markdown/Sources/Markdown/Block\\ Nodes/Inline\\ Container\\ Blocks/Paragraph.swift /Users/builder/clone/build/SourcePackages/checkouts/swift-markdown/Sources/Markdown/Block\\ Nodes/Leaf\\ Blocks/CodeBlock.swift /Users/builder/clone/build/SourcePackages/checkouts/swift-markdown/Sources/Markdown/Block\\ Nodes/Leaf\\ Blocks/HTMLBlock.swift /Users/builder/clone/build/SourcePackages/checkouts/swift-markdown/Sources/Markdown/Block\\ Nodes/Leaf\\ Blocks/Heading.swift /Users/builder/clone/build/SourcePackages/checkouts/swift-markdown/Sources/Markdown/Block\\ Nodes/Leaf\\ Blocks/ThematicBreak.swift /Users/builder/clone/build/SourcePackages/checkouts/swift-markdown/Sources/Markdown/Block\\ Nodes/Tables/Table.swift /Users/builder/clone/build/SourcePackages/checkouts/swift-markdown/Sources/Markdown/Block\\ Nodes/Tables/TableBody.swift /Users/builder/clone/build/SourcePackages/checkouts/swift-markdown/Sources/Markdown/Block\\ Nodes/Tables/TableCell.swift /Users/builder/clone/build/SourcePackages/checkouts/swift-markdown/Sources/Markdown/Block\\ Nodes/Tables/TableCellContainer.swift /Users/builder/clone/build/SourcePackages/checkouts/swift-markdown/Sources/Markdown/Block\\ Nodes/Tables/TableHead.swift /Users/builder/clone/build/SourcePackages/checkouts/swift-markdown/Sources/Markdown/Block\\ Nodes/Tables/TableRow.swift /Users/builder/clone/build/SourcePackages/checkouts/swift-markdown/Sources/Markdown/Infrastructure/Replacement.swift /Users/builder/clone/build/SourcePackages/checkouts/swift-markdown/Sources/Markdown/Infrastructure/SourceLocation.swift /Users/builder/clone/build/SourcePackages/checkouts/swift-markdown/Sources/Markdown/Inline\\ Nodes/Inline\\ Containers/Emphasis.swift /Users/builder/clone/build/SourcePackages/checkouts/swift-markdown/Sources/Markdown/Inline\\ Nodes/Inline\\ Containers/Image.swift /Users/builder/clone/build/SourcePackages/checkouts/swift-markdown/Sources/Markdown/Inline\\ Nodes/Inline\\ Containers/InlineAttributes.swift /Users/builder/clone/build/SourcePackages/checkouts/swift-markdown/Sources/Markdown/Inline\\ Nodes/Inline\\ Containers/Link.swift /Users/builder/clone/build/SourcePackages/checkouts/swift-markdown/Sources/Markdown/Inline\\ Nodes/Inline\\ Containers/Strikethrough.swift /Users/builder/clone/build/SourcePackages/checkouts/swift-markdown/Sources/Markdown/Inline\\ Nodes/Inline\\ Containers/Strong.swift /Users/builder/clone/build/SourcePackages/checkouts/swift-markdown/Sources/Markdown/Inline\\ Nodes/Inline\\ Leaves/CustomInline.swift /Users/builder/clone/build/SourcePackages/checkouts/swift-markdown/Sources/Markdown/Inline\\ Nodes/Inline\\ Leaves/InlineCode.swift /Users/builder/clone/build/SourcePackages/checkouts/swift-markdown/Sources/Markdown/Inline\\ Nodes/Inline\\ Leaves/InlineHTML.swift /Users/builder/clone/build/SourcePackages/checkouts/swift-markdown/Sources/Markdown/Inline\\ Nodes/Inline\\ Leaves/LineBreak.swift /Users/builder/clone/build/SourcePackages/checkouts/swift-markdown/Sources/Markdown/Inline\\ Nodes/Inline\\ Leaves/SoftBreak.swift /Users/builder/clone/build/SourcePackages/checkouts/swift-markdown/Sources/Markdown/Inline\\ Nodes/Inline\\ Leaves/SymbolLink.swift /Users/builder/clone/build/SourcePackages/checkouts/swift-markdown/Sources/Markdown/Inline\\ Nodes/Inline\\ Leaves/Text.swift /Users/builder/clone/build/SourcePackages/checkouts/swift-markdown/Sources/Markdown/Interpretive\\ Nodes/Aside.swift /Users/builder/clone/build/SourcePackages/checkouts/swift-markdown/Sources/Markdown/Parser/BlockDirectiveParser.swift /Users/builder/clone/build/SourcePackages/checkouts/swift-markdown/Sources/Markdown/Parser/CommonMarkConverter.swift /Users/builder/clone/build/SourcePackages/checkouts/swift-markdown/Sources/Markdown/Parser/LazySplitLines.swift /Users/builder/clone/build/SourcePackages/checkouts/swift-markdown/Sources/Markdown/Parser/ParseOptions.swift /Users/builder/clone/build/SourcePackages/checkouts/swift-markdown/Sources/Markdown/Parser/RangeAdjuster.swift /Users/builder/clone/build/SourcePackages/checkouts/swift-markdown/Sources/Markdown/Parser/RangerTracker.swift /Users/builder/clone/build/SourcePackages/checkouts/swift-markdown/Sources/Markdown/Rewriter/MarkupRewriter.swift /Users/builder/clone/build/SourcePackages/checkouts/swift-markdown/Sources/Markdown/Structural\\ Restrictions/BasicBlockContainer.swift /Users/builder/clone/build/SourcePackages/checkouts/swift-markdown/Sources/Markdown/Structural\\ Restrictions/BasicInlineContainer.swift /Users/builder/clone/build/SourcePackages/checkouts/swift-markdown/Sources/Markdown/Structural\\ Restrictions/BlockContainer.swift /Users/builder/clone/build/SourcePackages/checkouts/swift-markdown/Sources/Markdown/Structural\\ Restrictions/BlockMarkup.swift /Users/builder/clone/build/SourcePackages/checkouts/swift-markdown/Sources/Markdown/Structural\\ Restrictions/InlineContainer.swift /Users/builder/clone/build/SourcePackages/checkouts/swift-markdown/Sources/Markdown/Structural\\ Restrictions/InlineMarkup.swift /Users/builder/clone/build/SourcePackages/checkouts/swift-markdown/Sources/Markdown/Structural\\ Restrictions/ListItemContainer.swift /Users/builder/clone/build/SourcePackages/checkouts/swift-markdown/Sources/Markdown/Utility/AtomicCounter.swift /Users/builder/clone/build/SourcePackages/checkouts/swift-markdown/Sources/Markdown/Utility/CharacterExtensions.swift /Users/builder/clone/build/SourcePackages/checkouts/swift-markdown/Sources/Markdown/Utility/CollectionExtensions.swift /Users/builder/clone/build/SourcePackages/checkouts/swift-markdown/Sources/Markdown/Utility/StringExtensions.swift /Users/builder/clone/build/SourcePackages/checkouts/swift-markdown/Sources/Markdown/Visitor/MarkupVisitor.swift /Users/builder/clone/build/SourcePackages/checkouts/swift-markdown/Sources/Markdown/Walker/MarkupWalker.swift /Users/builder/clone/build/SourcePackages/checkouts/swift-markdown/Sources/Markdown/Walker/Walkers/HTMLFormatter.swift /Users/builder/clone/build/SourcePackages/checkouts/swift-markdown/Sources/Markdown/Walker/Walkers/MarkupFormatter.swift /Users/builder/clone/build/SourcePackages/checkouts/swift-markdown/Sources/Markdown/Walker/Walkers/MarkupTreeDumper.swift /Applications/Xcode-26.4.app/Contents/Developer/Toolchains/XcodeDefault.xctoolchain/usr/lib/swift/iphoneos/prebuilt-modules/26.4/Observation.swiftmodule/arm64e-apple-ios.swiftmodule /Applications/Xcode-26.4.app/Contents/Developer/Toolchains/XcodeDefault.xctoolchain/usr/lib/swift/iphoneos/prebuilt-modules/26.4/Swift.swiftmodule/arm64e-apple-ios.swiftmodule /Applications/Xcode-26.4.app/Contents/Developer/Toolchains/XcodeDefault.xctoolchain/usr/lib/swift/iphoneos/prebuilt-modules/26.4/_Concurrency.swiftmodule/arm64e-apple-ios.swiftmodule /Applications/Xcode-26.4.app/Contents/Developer/Toolchains/XcodeDefault.xctoolchain/usr/lib/swift/iphoneos/prebuilt-modules/26.4/_DarwinFoundation1.swiftmodule/arm64e-apple-ios.swiftmodule /Applications/Xcode-26.4.app/Contents/Developer/Toolchains/XcodeDefault.xctoolchain/usr/lib/swift/iphoneos/prebuilt-modules/26.4/Dispatch.swiftmodule/arm64e-apple-ios.swiftmodule /Applications/Xcode-26.4.app/Contents/Developer/Toolchains/XcodeDefault.xctoolchain/usr/lib/swift/iphoneos/prebuilt-modules/26.4/Foundation.swiftmodule/arm64e-apple-ios.swiftmodule /Applications/Xcode-26.4.app/Contents/Developer/Toolchains/XcodeDefault.xctoolchain/usr/lib/swift/iphoneos/prebuilt-modules/26.4/Combine.swiftmodule/arm64e-apple-ios.swiftmodule /Applications/Xcode-26.4.app/Contents/Developer/Toolchains/XcodeDefault.xctoolchain/usr/lib/swift/iphoneos/prebuilt-modules/26.4/_DarwinFoundation2.swiftmodule/arm64e-apple-ios.swiftmodule /Applications/Xcode-26.4.app/Contents/Developer/Toolchains/XcodeDefault.xctoolchain/usr/lib/swift/iphoneos/prebuilt-modules/26.4/Darwin.swiftmodule/arm64e-apple-ios.swiftmodule /Applications/Xcode-26.4.app/Contents/Developer/Toolchains/XcodeDefault.xctoolchain/usr/lib/swift/iphoneos/prebuilt-modules/26.4/XPC.swiftmodule/arm64e-apple-ios.swiftmodule /Applications/Xcode-26.4.app/Contents/Developer/Toolchains/XcodeDefault.xctoolchain/usr/lib/swift/iphoneos/prebuilt-modules/26.4/ObjectiveC.swiftmodule/arm64e-apple-ios.swiftmodule /Applications/Xcode-26.4.app/Contents/Developer/Toolchains/XcodeDefault.xctoolchain/usr/lib/swift/iphoneos/prebuilt-modules/26.4/CoreFoundation.swiftmodule/arm64e-apple-ios.swiftmodule /Applications/Xcode-26.4.app/Contents/Developer/Toolchains/XcodeDefault.xctoolchain/usr/lib/swift/iphoneos/prebuilt-modules/26.4/_Builtin_float.swiftmodule/arm64e-apple-ios.swiftmodule /Applications/Xcode-26.4.app/Contents/Developer/Toolchains/XcodeDefault.xctoolchain/usr/lib/swift/iphoneos/prebuilt-modules/26.4/_StringProcessing.swiftmodule/arm64e-apple-ios.swiftmodule /Applications/Xcode-26.4.app/Contents/Developer/Toolchains/XcodeDefault.xctoolchain/usr/lib/swift/iphoneos/prebuilt-modules/26.4/System.swiftmodule/arm64e-apple-ios.swiftmodule /Applications/Xcode-26.4.app/Contents/Developer/Toolchains/XcodeDefault.xctoolchain/usr/lib/swift/iphoneos/prebuilt-modules/26.4/_DarwinFoundation3.swiftmodule/arm64e-apple-ios.swiftmodule /Users/builder/clone/build/ModuleCache.noindex/XPC-7DBBZ0RY9AXLIFQ1ZQNCEOL7M.pcm /Users/builder/clone/build/ModuleCache.noindex/_DarwinFoundation3-DY8NKKEJ8L2MTRNBGEHAPT5DM.pcm /Users/builder/clone/build/ModuleCache.noindex/Dispatch-8GYF4EP8REEU3QEW8Z933NFUQ.pcm /Users/builder/clone/build/ModuleCache.noindex/CFNetwork-WBAWX6LIWV7GVTAGNWN3QVNX.pcm /Users/builder/clone/build/ModuleCache.noindex/_Builtin_inttypes-84PMF3J701KL39W8XHWT9YV4L.pcm /Users/builder/clone/build/ModuleCache.noindex/SwiftShims-E9TKEMZXJ2MR8M3OWQ4MIGGM6.pcm /Users/builder/clone/build/ModuleCache.noindex/_SwiftConcurrencyShims-2BNDF9OPLGTNP0XB8L7VZ4LAU.pcm /Users/builder/clone/build/ModuleCache.noindex/_Builtin_stdarg-ENGARVB1RCA82QNVX3AKNIA7I.pcm /Users/builder/clone/build/ModuleCache.noindex/ptrauth-C60CAIU36OYOR69O7ASMTTFU8.pcm /Users/builder/clone/build/ModuleCache.noindex/sys_types-B33PJM372D4Z1NVRZM5YRD1RP.pcm /Users/builder/clone/build/ModuleCache.noindex/os_object-5OSU1U0DEBH4XAUVWITEJ4MPR.pcm /Users/builder/clone/build/ModuleCache.noindex/_Builtin_stdint-8O3R5RESI6Q2C48CPPQ9C67AM.pcm /Users/builder/clone/build/ModuleCache.noindex/_Builtin_limits-2GLYII2961SBP7KNDWBXKCYIU.pcm /Users/builder/clone/build/ModuleCache.noindex/_AvailabilityInternal-HZ0RQBGAAN0QZ99B6J54UUYW.pcm /Users/builder/clone/build/Build/Intermediates.noindex/SwiftExplicitPrecompiledModules/CAtomic-FBUZKXUD6P0N1RDC9L6QZ5OK.pcm /Users/builder/clone/build/ModuleCache.noindex/_Builtin_float-2SCQEMQEBIDUKNY6JWCDOO11G.pcm /Users/builder/clone/build/ModuleCache.noindex/_Builtin_stddef-BB4QVRWLQPKQFP8JNJD0W8GAN.pcm /Users/builder/clone/build/ModuleCache.noindex/Foundation-8ESBZZ9N1J4PLT4Z9IWTLGEHX.pcm /Users/builder/clone/build/ModuleCache.noindex/os_workgroup-DC39T5CMKIEJIDYOY5PWYDB15.pcm /Users/builder/clone/build/ModuleCache.noindex/CoreFoundation-A6CZS58YETCJR8NW8HTBMP5MT.pcm /Users/builder/clone/build/ModuleCache.noindex/_DarwinFoundation2-IH2TNLDCFEU7XZQT9CTVUQ1P.pcm /Users/builder/clone/build/ModuleCache.noindex/Security-3F4HC5OTFYZ17SDJMC1AFIDUH.pcm /Users/builder/clone/build/Build/Intermediates.noindex/SwiftExplicitPrecompiledModules/cmark_gfm_extensions-H8OOQIY0IAE57NO02KJW3BWK.pcm /Users/builder/clone/build/ModuleCache.noindex/ObjectiveC-C5YN1C0BZ7ESBGBP0B5XKM9R7.pcm /Users/builder/clone/build/Build/Intermediates.noindex/SwiftExplicitPrecompiledModules/cmark_gfm-9ZZR8O1HTAYNNZUCYG4KTTZTH.pcm /Users/builder/clone/build/ModuleCache.noindex/ptrcheck-3O5DVQU3FOAHU85DJI4YDN56T.pcm /Users/builder/clone/build/ModuleCache.noindex/_Builtin_stdbool-4CMY3LS3VS80AUOFD187RSTV6.pcm /Users/builder/clone/build/ModuleCache.noindex/_DarwinFoundation1-ABIHU72TA312QF6KDYFEZMWY0.pcm /Users/builder/clone/build/ModuleCache.noindex/Darwin-9JK4K57VV391ZCRL6PJKDW6QC.pcm /Users/builder/clone/build/Build/Intermediates.noindex/swift-markdown.build/Release-iphoneos/Markdown.build/Objects-normal/arm64/Markdown-dependencies-1.json (in target 'Markdown' from project 'swift-markdown')\nCompileSwift normal arm64 (in target 'Markdown' from project 'swift-markdown')\n    cd /Users/builder/clone/IceCubesApp.xcodeproj\n    \n\nSwiftCompile normal arm64 Compiling\\ Attribute.swift,\\ Attributes.swift,\\ BinarySearch.swift,\\ BooleanAttribute.swift,\\ ByteSlice.swift,\\ CharacterExt.swift,\\ CharacterReader.swift,\\ Cleaner.swift,\\ Collector.swift,\\ CombiningEvaluator.swift,\\ Comment.swift,\\ CssSelector.swift,\\ DataNode.swift,\\ DebugTrace.swift,\\ Document.swift,\\ DocumentType.swift,\\ Element.swift,\\ ElementQuery.swift,\\ Elements.swift,\\ Entities.swift,\\ Evaluator.swift,\\ Exception.swift,\\ FormElement.swift,\\ HtmlTreeBuilder.swift,\\ HtmlTreeBuilderState.swift,\\ LRUCache.swift,\\ Mutex.swift,\\ Node.swift,\\ NodeTraversor.swift,\\ NodeVisitor.swift,\\ OrderedSet.swift,\\ ParseError.swift,\\ ParseErrorList.swift,\\ ParseSettings.swift,\\ Parser.swift,\\ ParsingStrings.swift,\\ Pattern.swift,\\ Profiler.swift,\\ QueryParser.swift,\\ QueryParserCache.swift,\\ SourceRange.swift,\\ StreamReader.swift,\\ String.swift,\\ StringBuilder.swift,\\ StringUtil.swift,\\ StructuralEvaluator.swift,\\ SwiftSoup.swift,\\ Tag.swift,\\ TextNode.swift,\\ Token.swift,\\ TokenQueue.swift,\\ Tokeniser.swift,\\ TokeniserState.swift,\\ TreeBuilder.swift,\\ UTF8Arrays.swift,\\ UnicodeScalar.swift,\\ Validate.swift,\\ Whitelist.swift,\\ XmlDeclaration.swift,\\ XmlTreeBuilder.swift /Users/builder/clone/build/SourcePackages/checkouts/SwiftSoup/Sources/Attribute.swift /Users/builder/clone/build/SourcePackages/checkouts/SwiftSoup/Sources/Attributes.swift /Users/builder/clone/build/SourcePackages/checkouts/SwiftSoup/Sources/BinarySearch.swift /Users/builder/clone/build/SourcePackages/checkouts/SwiftSoup/Sources/BooleanAttribute.swift /Users/builder/clone/build/SourcePackages/checkouts/SwiftSoup/Sources/ByteSlice.swift /Users/builder/clone/build/SourcePackages/checkouts/SwiftSoup/Sources/CharacterExt.swift /Users/builder/clone/build/SourcePackages/checkouts/SwiftSoup/Sources/CharacterReader.swift /Users/builder/clone/build/SourcePackages/checkouts/SwiftSoup/Sources/Cleaner.swift /Users/builder/clone/build/SourcePackages/checkouts/SwiftSoup/Sources/Collector.swift /Users/builder/clone/build/SourcePackages/checkouts/SwiftSoup/Sources/CombiningEvaluator.swift /Users/builder/clone/build/SourcePackages/checkouts/SwiftSoup/Sources/Comment.swift /Users/builder/clone/build/SourcePackages/checkouts/SwiftSoup/Sources/CssSelector.swift /Users/builder/clone/build/SourcePackages/checkouts/SwiftSoup/Sources/DataNode.swift /Users/builder/clone/build/SourcePackages/checkouts/SwiftSoup/Sources/DebugTrace.swift /Users/builder/clone/build/SourcePackages/checkouts/SwiftSoup/Sources/Document.swift /Users/builder/clone/build/SourcePackages/checkouts/SwiftSoup/Sources/DocumentType.swift /Users/builder/clone/build/SourcePackages/checkouts/SwiftSoup/Sources/Element.swift /Users/builder/clone/build/SourcePackages/checkouts/SwiftSoup/Sources/ElementQuery.swift /Users/builder/clone/build/SourcePackages/checkouts/SwiftSoup/Sources/Elements.swift /Users/builder/clone/build/SourcePackages/checkouts/SwiftSoup/Sources/Entities.swift /Users/builder/clone/build/SourcePackages/checkouts/SwiftSoup/Sources/Evaluator.swift /Users/builder/clone/build/SourcePackages/checkouts/SwiftSoup/Sources/Exception.swift /Users/builder/clone/build/SourcePackages/checkouts/SwiftSoup/Sources/FormElement.swift /Users/builder/clone/build/SourcePackages/checkouts/SwiftSoup/Sources/HtmlTreeBuilder.swift /Users/builder/clone/build/SourcePackages/checkouts/SwiftSoup/Sources/HtmlTreeBuilderState.swift /Users/builder/clone/build/SourcePackages/checkouts/SwiftSoup/Sources/LRUCache.swift /Users/builder/clone/build/SourcePackages/checkouts/SwiftSoup/Sources/Mutex.swift /Users/builder/clone/build/SourcePackages/checkouts/SwiftSoup/Sources/Node.swift /Users/builder/clone/build/SourcePackages/checkouts/SwiftSoup/Sources/NodeTraversor.swift /Users/builder/clone/build/SourcePackages/checkouts/SwiftSoup/Sources/NodeVisitor.swift /Users/builder/clone/build/SourcePackages/checkouts/SwiftSoup/Sources/OrderedSet.swift /Users/builder/clone/build/SourcePackages/checkouts/SwiftSoup/Sources/ParseError.swift /Users/builder/clone/build/SourcePackages/checkouts/SwiftSoup/Sources/ParseErrorList.swift /Users/builder/clone/build/SourcePackages/checkouts/SwiftSoup/Sources/ParseSettings.swift /Users/builder/clone/build/SourcePackages/checkouts/SwiftSoup/Sources/Parser.swift /Users/builder/clone/build/SourcePackages/checkouts/SwiftSoup/Sources/ParsingStrings.swift /Users/builder/clone/build/SourcePackages/checkouts/SwiftSoup/Sources/Pattern.swift /Users/builder/clone/build/SourcePackages/checkouts/SwiftSoup/Sources/Profiler.swift /Users/builder/clone/build/SourcePackages/checkouts/SwiftSoup/Sources/QueryParser.swift /Users/builder/clone/build/SourcePackages/checkouts/SwiftSoup/Sources/QueryParserCache.swift /Users/builder/clone/build/SourcePackages/checkouts/SwiftSoup/Sources/SourceRange.swift /Users/builder/clone/build/SourcePackages/checkouts/SwiftSoup/Sources/StreamReader.swift /Users/builder/clone/build/SourcePackages/checkouts/SwiftSoup/Sources/String.swift /Users/builder/clone/build/SourcePackages/checkouts/SwiftSoup/Sources/StringBuilder.swift /Users/builder/clone/build/SourcePackages/checkouts/SwiftSoup/Sources/StringUtil.swift /Users/builder/clone/build/SourcePackages/checkouts/SwiftSoup/Sources/StructuralEvaluator.swift /Users/builder/clone/build/SourcePackages/checkouts/SwiftSoup/Sources/SwiftSoup.swift /Users/builder/clone/build/SourcePackages/checkouts/SwiftSoup/Sources/Tag.swift /Users/builder/clone/build/SourcePackages/checkouts/SwiftSoup/Sources/TextNode.swift /Users/builder/clone/build/SourcePackages/checkouts/SwiftSoup/Sources/Token.swift /Users/builder/clone/build/SourcePackages/checkouts/SwiftSoup/Sources/TokenQueue.swift /Users/builder/clone/build/SourcePackages/checkouts/SwiftSoup/Sources/Tokeniser.swift /Users/builder/clone/build/SourcePackages/checkouts/SwiftSoup/Sources/TokeniserState.swift /Users/builder/clone/build/SourcePackages/checkouts/SwiftSoup/Sources/TreeBuilder.swift /Users/builder/clone/build/SourcePackages/checkouts/SwiftSoup/Sources/UTF8Arrays.swift /Users/builder/clone/build/SourcePackages/checkouts/SwiftSoup/Sources/UnicodeScalar.swift /Users/builder/clone/build/SourcePackages/checkouts/SwiftSoup/Sources/Validate.swift /Users/builder/clone/build/SourcePackages/checkouts/SwiftSoup/Sources/Whitelist.swift /Users/builder/clone/build/SourcePackages/checkouts/SwiftSoup/Sources/XmlDeclaration.swift /Users/builder/clone/build/SourcePackages/checkouts/SwiftSoup/Sources/XmlTreeBuilder.swift /Applications/Xcode-26.4.app/Contents/Developer/Toolchains/XcodeDefault.xctoolchain/usr/lib/swift/iphoneos/prebuilt-modules/26.4/Combine.swiftmodule/arm64e-apple-ios.swiftmodule /Applications/Xcode-26.4.app/Contents/Developer/Toolchains/XcodeDefault.xctoolchain/usr/lib/swift/iphoneos/prebuilt-modules/26.4/_DarwinFoundation3.swiftmodule/arm64e-apple-ios.swiftmodule /Applications/Xcode-26.4.app/Contents/Developer/Toolchains/XcodeDefault.xctoolchain/usr/lib/swift/iphoneos/prebuilt-modules/26.4/Observation.swiftmodule/arm64e-apple-ios.swiftmodule /Applications/Xcode-26.4.app/Contents/Developer/Toolchains/XcodeDefault.xctoolchain/usr/lib/swift/iphoneos/prebuilt-modules/26.4/XPC.swiftmodule/arm64e-apple-ios.swiftmodule /Applications/Xcode-26.4.app/Contents/Developer/Toolchains/XcodeDefault.xctoolchain/usr/lib/swift/iphoneos/prebuilt-modules/26.4/System.swiftmodule/arm64e-apple-ios.swiftmodule /Applications/Xcode-26.4.app/Contents/Developer/Toolchains/XcodeDefault.xctoolchain/usr/lib/swift/iphoneos/prebuilt-modules/26.4/_Concurrency.swiftmodule/arm64e-apple-ios.swiftmodule /Applications/Xcode-26.4.app/Contents/Developer/Toolchains/XcodeDefault.xctoolchain/usr/lib/swift/iphoneos/prebuilt-modules/26.4/Swift.swiftmodule/arm64e-apple-ios.swiftmodule /Applications/Xcode-26.4.app/Contents/Developer/Toolchains/XcodeDefault.xctoolchain/usr/lib/swift/iphoneos/prebuilt-modules/26.4/ObjectiveC.swiftmodule/arm64e-apple-ios.swiftmodule /Applications/Xcode-26.4.app/Contents/Developer/Toolchains/XcodeDefault.xctoolchain/usr/lib/swift/iphoneos/prebuilt-modules/26.4/CoreFoundation.swiftmodule/arm64e-apple-ios.swiftmodule /Applications/Xcode-26.4.app/Contents/Developer/Toolchains/XcodeDefault.xctoolchain/usr/lib/swift/iphoneos/prebuilt-modules/26.4/Foundation.swiftmodule/arm64e-apple-ios.swiftmodule /Applications/Xcode-26.4.app/Contents/Developer/Toolchains/XcodeDefault.xctoolchain/usr/lib/swift/iphoneos/prebuilt-modules/26.4/Dispatch.swiftmodule/arm64e-apple-ios.swiftmodule /Applications/Xcode-26.4.app/Contents/Developer/Toolchains/XcodeDefault.xctoolchain/usr/lib/swift/iphoneos/prebuilt-modules/26.4/_Builtin_float.swiftmodule/arm64e-apple-ios.swiftmodule /Applications/Xcode-26.4.app/Contents/Developer/Toolchains/XcodeDefault.xctoolchain/usr/lib/swift/iphoneos/prebuilt-modules/26.4/Darwin.swiftmodule/arm64e-apple-ios.swiftmodule /Applications/Xcode-26.4.app/Contents/Developer/Toolchains/XcodeDefault.xctoolchain/usr/lib/swift/iphoneos/prebuilt-modules/26.4/_StringProcessing.swiftmodule/arm64e-apple-ios.swiftmodule /Applications/Xcode-26.4.app/Contents/Developer/Toolchains/XcodeDefault.xctoolchain/usr/lib/swift/iphoneos/prebuilt-modules/26.4/_DarwinFoundation1.swiftmodule/arm64e-apple-ios.swiftmodule /Applications/Xcode-26.4.app/Contents/Developer/Toolchains/XcodeDefault.xctoolchain/usr/lib/swift/iphoneos/prebuilt-modules/26.4/_DarwinFoundation2.swiftmodule/arm64e-apple-ios.swiftmodule /Users/builder/clone/build/ModuleCache.noindex/_AvailabilityInternal-DFS0JW4PZLXT848C3VTWTDSUS.pcm /Users/builder/clone/build/ModuleCache.noindex/_DarwinFoundation2-5VUBEIZBEOC3ULBJKT8JJE3XM.pcm /Users/builder/clone/build/ModuleCache.noindex/_Builtin_stdbool-2ILQPNNY1Q1DQQK2TZ9WXC57G.pcm /Users/builder/clone/build/ModuleCache.noindex/SwiftShims-8FO93YKE1WBUL8ZVXE6V0W7TF.pcm /Users/builder/clone/build/ModuleCache.noindex/os_object-5DJUYTWMFLH6P3NXZJKLUNUPU.pcm /Users/builder/clone/build/ModuleCache.noindex/_SwiftConcurrencyShims-CHQ5P6QLKPZP1WOW5JG11BOT6.pcm /Users/builder/clone/build/ModuleCache.noindex/_Builtin_stdint-BY1E7A3YMCKR9BQHIRHXF627F.pcm /Users/builder/clone/build/ModuleCache.noindex/_Builtin_stddef-8IK85O58DGRDUMM87197TSPI.pcm /Users/builder/clone/build/ModuleCache.noindex/_Builtin_float-85JALJ7TDDJVRCDY2BGUERQAS.pcm /Users/builder/clone/build/ModuleCache.noindex/ObjectiveC-5B0MBDYIVRE8T5RMG8FSUAJAC.pcm /Users/builder/clone/build/ModuleCache.noindex/Darwin-6RKUUF4EH2R721CA2RMUMBGM.pcm /Users/builder/clone/build/ModuleCache.noindex/os_workgroup-B4SMTMQEDV9ZG1HPU7XWJA5NQ.pcm /Users/builder/clone/build/ModuleCache.noindex/_Builtin_stdarg-5R2Y5DQ9CCCL9AXNPNWQHLN9D.pcm /Users/builder/clone/build/ModuleCache.noindex/_Builtin_limits-XHLD784D8WPPZQEXHGFC55BF.pcm /Users/builder/clone/build/ModuleCache.noindex/Foundation-8QW824YXXHXXCI7ILXW8ILV1G.pcm /Users/builder/clone/build/ModuleCache.noindex/_DarwinFoundation3-DQKFTYUE0CHO3ZH6HIURZWJNS.pcm /Users/builder/clone/build/ModuleCache.noindex/Dispatch-EKXSOI9AGDVEYYTP3JDSKW2W.pcm /Users/builder/clone/build/ModuleCache.noindex/CoreFoundation-2INE8R3HT0NQOAMD08EAY60NQ.pcm /Users/builder/clone/build/ModuleCache.noindex/ptrcheck-EOTZRFSYY3Z8DNJPOZG8CPHUK.pcm /Users/builder/clone/build/ModuleCache.noindex/sys_types-4YSRAH9YYNB3I66HHQWOQEM6L.pcm /Users/builder/clone/build/ModuleCache.noindex/_DarwinFoundation1-BY8IH101M5CDB167KVTIL0C1Z.pcm /Users/builder/clone/build/ModuleCache.noindex/XPC-83H6M22GN0LJJMP6IVF07J1T3.pcm /Users/builder/clone/build/ModuleCache.noindex/Security-5WQIKACZXTIZWZ5UPCCB04Z6K.pcm /Users/builder/clone/build/ModuleCache.noindex/ptrauth-6LUUL5WAG7REBSNPZZB05FMLV.pcm /Users/builder/clone/build/ModuleCache.noindex/CFNetwork-BV2YOXQR3QGCZZC1FYZ35ME6C.pcm /Users/builder/clone/build/ModuleCache.noindex/_Builtin_inttypes-BDDTEDMVWUP4QDWT2P9QEWF54.pcm /Users/builder/clone/build/Build/Intermediates.noindex/SwiftSoup.build/Release-iphoneos/SwiftSoup.build/Objects-normal/arm64/SwiftSoup-dependencies-1.json (in target 'SwiftSoup' from project 'SwiftSoup')\nCompileSwift normal arm64 (in target 'SwiftSoup' from project 'SwiftSoup')\n    cd /Users/builder/clone/IceCubesApp.xcodeproj\n    \n\nSwiftDriverJobDiscovery normal arm64 Compiling CreateCommentRequest.swift, CommentResponse.swift, WishState.swift, ApiError.swift, UserRequest.swift, UserResponse.swift, CreateWishRequest.swift, VoteWishRequest.swift, CreateWishResponse.swift, ListWishResponse.swift, VoteWishResponse.swift, WishResponse.swift (in target 'WishKitShared' from project 'wishkit-ios-shared')\n\nSwiftDriverJobDiscovery normal arm64 Compiling resource_bundle_accessor.swift, Backup.swift, Blob.swift, Connection+Aggregation.swift, Connection+Attach.swift, Connection+Pragmas.swift, Connection.swift, Errors.swift, Result.swift, SQLiteFeature.swift, SQLiteVersion.swift, Statement.swift, URIQueryParameter.swift, Value.swift, Cipher.swift, FTS4.swift, FTS5.swift, RTree.swift, Foundation.swift, Helpers.swift, Connection+Schema.swift, SchemaChanger.swift, SchemaDefinitions.swift, SchemaReader.swift, AggregateFunctions.swift, Coding.swift, Collation.swift, CoreFunctions.swift, CustomFunctions.swift, DateAndTimeFunctions.swift, Expression.swift, Operators.swift, Query+with.swift, Query.swift, Schema.swift, Setter.swift, WindowFunctions.swift (in target 'SQLite' from project 'SQLite.swift')\n\nSwiftDriver\\ Compilation\\ Requirements WishKitShared normal arm64 com.apple.xcode.tools.swift.compiler (in target 'WishKitShared' from project 'wishkit-ios-shared')\n    cd /Users/builder/clone/IceCubesApp.xcodeproj\n    builtin-Swift-Compilation-Requirements -- /Applications/Xcode-26.4.app/Contents/Developer/Toolchains/XcodeDefault.xctoolchain/usr/bin/swiftc -module-name WishKitShared -O -whole-module-optimization @/Users/builder/clone/build/Build/Intermediates.noindex/wishkit-ios-shared.build/Release-iphoneos/WishKitShared.build/Objects-normal/arm64/WishKitShared.SwiftFileList -DSWIFT_PACKAGE -DSWIFT_MODULE_RESOURCE_BUNDLE_UNAVAILABLE -DXcode -plugin-path /Applications/Xcode-26.4.app/Contents/Developer/Toolchains/XcodeDefault.xctoolchain/usr/lib/swift/host/plugins/testing -enable-experimental-feature DebugDescriptionMacro -sdk /Applications/Xcode-26.4.app/Contents/Developer/Platforms/iPhoneOS.platform/Developer/SDKs/iPhoneOS26.4.sdk -target arm64-apple-ios12.0 -g -module-cache-path /Users/builder/clone/build/ModuleCache.noindex -Xfrontend -serialize-debugging-options -suppress-warnings -swift-version 5 -I /Users/builder/clone/build/Build/Products/Release-iphoneos -Isystem /Applications/Xcode-26.4.app/Contents/Developer/Platforms/iPhoneOS.platform/Developer/usr/lib -F /Users/builder/clone/build/Build/Products/Release-iphoneos -F /Applications/Xcode-26.4.app/Contents/Developer/Platforms/iPhoneOS.platform/Developer/Library/Frameworks -F /Applications/Xcode-26.4.app/Contents/Developer/Platforms/iPhoneOS.platform/Developer/SDKs/iPhoneOS26.4.sdk/Developer/Library/Frameworks -c -num-threads 3 -Xcc -ivfsstatcache -Xcc /Users/builder/clone/build/SDKStatCaches.noindex/iphoneos26.4-23E252-dc38477e7e47e42951976ad86cc01fb3.sdkstatcache -output-file-map /Users/builder/clone/build/Build/Intermediates.noindex/wishkit-ios-shared.build/Release-iphoneos/WishKitShared.build/Objects-normal/arm64/WishKitShared-OutputFileMap.json -use-frontend-parseable-output -save-temps -no-color-diagnostics -explicit-module-build -module-cache-path /Users/builder/clone/build/Build/Intermediates.noindex/SwiftExplicitPrecompiledModules -clang-scanner-module-cache-path /Users/builder/clone/build/ModuleCache.noindex -sdk-module-cache-path /Users/builder/clone/build/ModuleCache.noindex -serialize-diagnostics -emit-dependencies -emit-module -emit-module-path /Users/builder/clone/build/Build/Intermediates.noindex/wishkit-ios-shared.build/Release-iphoneos/WishKitShared.build/Objects-normal/arm64/WishKitShared.swiftmodule -validate-clang-modules-once -clang-build-session-file /Users/builder/clone/build/ModuleCache.noindex/Session.modulevalidation -Xcc -I/Users/builder/clone/build/Build/Intermediates.noindex/wishkit-ios-shared.build/Release-iphoneos/WishKitShared.build/swift-overrides.hmap -emit-const-values -Xfrontend -const-gather-protocols-file -Xfrontend /Users/builder/clone/build/Build/Intermediates.noindex/wishkit-ios-shared.build/Release-iphoneos/WishKitShared.build/Objects-normal/arm64/WishKitShared_const_extract_protocols.json -Xcc -I/Users/builder/clone/build/Build/Products/Release-iphoneos/include -Xcc -I/Users/builder/clone/build/Build/Intermediates.noindex/wishkit-ios-shared.build/Release-iphoneos/WishKitShared.build/DerivedSources-normal/arm64 -Xcc -I/Users/builder/clone/build/Build/Intermediates.noindex/wishkit-ios-shared.build/Release-iphoneos/WishKitShared.build/DerivedSources/arm64 -Xcc -I/Users/builder/clone/build/Build/Intermediates.noindex/wishkit-ios-shared.build/Release-iphoneos/WishKitShared.build/DerivedSources -Xcc -DSWIFT_PACKAGE -emit-objc-header -emit-objc-header-path /Users/builder/clone/build/Build/Intermediates.noindex/wishkit-ios-shared.build/Release-iphoneos/WishKitShared.build/Objects-normal/arm64/WishKitShared-Swift.h -working-directory /Users/builder/clone/IceCubesApp.xcodeproj -no-emit-module-separately-wmo\n\nSwiftDriver\\ Compilation\\ Requirements SQLite normal arm64 com.apple.xcode.tools.swift.compiler (in target 'SQLite' from project 'SQLite.swift')\n    cd /Users/builder/clone/IceCubesApp.xcodeproj\n    builtin-Swift-Compilation-Requirements -- /Applications/Xcode-26.4.app/Contents/Developer/Toolchains/XcodeDefault.xctoolchain/usr/bin/swiftc -module-name SQLite -O -whole-module-optimization @/Users/builder/clone/build/Build/Intermediates.noindex/SQLite.swift.build/Release-iphoneos/SQLite.build/Objects-normal/arm64/SQLite.SwiftFileList -DSWIFT_PACKAGE -DSWIFT_MODULE_RESOURCE_BUNDLE_AVAILABLE -DSystemSQLite -DXcode -plugin-path /Applications/Xcode-26.4.app/Contents/Developer/Toolchains/XcodeDefault.xctoolchain/usr/lib/swift/host/plugins/testing -enable-experimental-feature DebugDescriptionMacro -sdk /Applications/Xcode-26.4.app/Contents/Developer/Platforms/iPhoneOS.platform/Developer/SDKs/iPhoneOS26.4.sdk -target arm64-apple-ios12.0 -g -module-cache-path /Users/builder/clone/build/ModuleCache.noindex -Xfrontend -serialize-debugging-options -suppress-warnings -swift-version 5 -I /Users/builder/clone/build/Build/Products/Release-iphoneos -Isystem /Applications/Xcode-26.4.app/Contents/Developer/Platforms/iPhoneOS.platform/Developer/usr/lib -F /Users/builder/clone/build/Build/Products/Release-iphoneos -F /Applications/Xcode-26.4.app/Contents/Developer/Platforms/iPhoneOS.platform/Developer/Library/Frameworks -F /Applications/Xcode-26.4.app/Contents/Developer/Platforms/iPhoneOS.platform/Developer/SDKs/iPhoneOS26.4.sdk/Developer/Library/Frameworks -c -num-threads 3 -Xcc -ivfsstatcache -Xcc /Users/builder/clone/build/SDKStatCaches.noindex/iphoneos26.4-23E252-dc38477e7e47e42951976ad86cc01fb3.sdkstatcache -output-file-map /Users/builder/clone/build/Build/Intermediates.noindex/SQLite.swift.build/Release-iphoneos/SQLite.build/Objects-normal/arm64/SQLite-OutputFileMap.json -use-frontend-parseable-output -save-temps -no-color-diagnostics -explicit-module-build -module-cache-path /Users/builder/clone/build/Build/Intermediates.noindex/SwiftExplicitPrecompiledModules -clang-scanner-module-cache-path /Users/builder/clone/build/ModuleCache.noindex -sdk-module-cache-path /Users/builder/clone/build/ModuleCache.noindex -serialize-diagnostics -emit-dependencies -emit-module -emit-module-path /Users/builder/clone/build/Build/Intermediates.noindex/SQLite.swift.build/Release-iphoneos/SQLite.build/Objects-normal/arm64/SQLite.swiftmodule -user-module-version 0.16.0 -validate-clang-modules-once -clang-build-session-file /Users/builder/clone/build/ModuleCache.noindex/Session.modulevalidation -package-name sqlite_swift -Xcc -I/Users/builder/clone/build/Build/Intermediates.noindex/SQLite.swift.build/Release-iphoneos/SQLite.build/swift-overrides.hmap -emit-const-values -Xfrontend -const-gather-protocols-file -Xfrontend /Users/builder/clone/build/Build/Intermediates.noindex/SQLite.swift.build/Release-iphoneos/SQLite.build/Objects-normal/arm64/SQLite_const_extract_protocols.json -Xcc -I/Users/builder/clone/build/Build/Products/Release-iphoneos/include -Xcc -I/Users/builder/clone/build/Build/Intermediates.noindex/SQLite.swift.build/Release-iphoneos/SQLite.build/DerivedSources-normal/arm64 -Xcc -I/Users/builder/clone/build/Build/Intermediates.noindex/SQLite.swift.build/Release-iphoneos/SQLite.build/DerivedSources/arm64 -Xcc -I/Users/builder/clone/build/Build/Intermediates.noindex/SQLite.swift.build/Release-iphoneos/SQLite.build/DerivedSources -Xcc -DSWIFT_PACKAGE -emit-objc-header -emit-objc-header-path /Users/builder/clone/build/Build/Intermediates.noindex/SQLite.swift.build/Release-iphoneos/SQLite.build/Objects-normal/arm64/SQLite-Swift.h -working-directory /Users/builder/clone/IceCubesApp.xcodeproj -no-emit-module-separately-wmo\n\nSwiftCompile normal arm64 Compiling\\ KeychainSwift.swift,\\ KeychainSwiftAccessOptions.swift,\\ TegKeychainConstants.swift /Users/builder/clone/build/SourcePackages/checkouts/keychain-swift/Sources/KeychainSwift.swift /Users/builder/clone/build/SourcePackages/checkouts/keychain-swift/Sources/KeychainSwiftAccessOptions.swift /Users/builder/clone/build/SourcePackages/checkouts/keychain-swift/Sources/TegKeychainConstants.swift /Applications/Xcode-26.4.app/Contents/Developer/Toolchains/XcodeDefault.xctoolchain/usr/lib/swift/iphoneos/prebuilt-modules/26.4/Combine.swiftmodule/arm64e-apple-ios.swiftmodule /Applications/Xcode-26.4.app/Contents/Developer/Toolchains/XcodeDefault.xctoolchain/usr/lib/swift/iphoneos/prebuilt-modules/26.4/_DarwinFoundation3.swiftmodule/arm64e-apple-ios.swiftmodule /Applications/Xcode-26.4.app/Contents/Developer/Toolchains/XcodeDefault.xctoolchain/usr/lib/swift/iphoneos/prebuilt-modules/26.4/System.swiftmodule/arm64e-apple-ios.swiftmodule /Applications/Xcode-26.4.app/Contents/Developer/Toolchains/XcodeDefault.xctoolchain/usr/lib/swift/iphoneos/prebuilt-modules/26.4/Observation.swiftmodule/arm64e-apple-ios.swiftmodule /Applications/Xcode-26.4.app/Contents/Developer/Toolchains/XcodeDefault.xctoolchain/usr/lib/swift/iphoneos/prebuilt-modules/26.4/XPC.swiftmodule/arm64e-apple-ios.swiftmodule /Applications/Xcode-26.4.app/Contents/Developer/Toolchains/XcodeDefault.xctoolchain/usr/lib/swift/iphoneos/prebuilt-modules/26.4/_Concurrency.swiftmodule/arm64e-apple-ios.swiftmodule /Applications/Xcode-26.4.app/Contents/Developer/Toolchains/XcodeDefault.xctoolchain/usr/lib/swift/iphoneos/prebuilt-modules/26.4/Swift.swiftmodule/arm64e-apple-ios.swiftmodule /Applications/Xcode-26.4.app/Contents/Developer/Toolchains/XcodeDefault.xctoolchain/usr/lib/swift/iphoneos/prebuilt-modules/26.4/ObjectiveC.swiftmodule/arm64e-apple-ios.swiftmodule /Applications/Xcode-26.4.app/Contents/Developer/Toolchains/XcodeDefault.xctoolchain/usr/lib/swift/iphoneos/prebuilt-modules/26.4/CoreFoundation.swiftmodule/arm64e-apple-ios.swiftmodule /Applications/Xcode-26.4.app/Contents/Developer/Toolchains/XcodeDefault.xctoolchain/usr/lib/swift/iphoneos/prebuilt-modules/26.4/Foundation.swiftmodule/arm64e-apple-ios.swiftmodule /Applications/Xcode-26.4.app/Contents/Developer/Toolchains/XcodeDefault.xctoolchain/usr/lib/swift/iphoneos/prebuilt-modules/26.4/Dispatch.swiftmodule/arm64e-apple-ios.swiftmodule /Applications/Xcode-26.4.app/Contents/Developer/Toolchains/XcodeDefault.xctoolchain/usr/lib/swift/iphoneos/prebuilt-modules/26.4/_Builtin_float.swiftmodule/arm64e-apple-ios.swiftmodule /Applications/Xcode-26.4.app/Contents/Developer/Toolchains/XcodeDefault.xctoolchain/usr/lib/swift/iphoneos/prebuilt-modules/26.4/Darwin.swiftmodule/arm64e-apple-ios.swiftmodule /Applications/Xcode-26.4.app/Contents/Developer/Toolchains/XcodeDefault.xctoolchain/usr/lib/swift/iphoneos/prebuilt-modules/26.4/_StringProcessing.swiftmodule/arm64e-apple-ios.swiftmodule /Applications/Xcode-26.4.app/Contents/Developer/Toolchains/XcodeDefault.xctoolchain/usr/lib/swift/iphoneos/prebuilt-modules/26.4/_DarwinFoundation1.swiftmodule/arm64e-apple-ios.swiftmodule /Applications/Xcode-26.4.app/Contents/Developer/Toolchains/XcodeDefault.xctoolchain/usr/lib/swift/iphoneos/prebuilt-modules/26.4/_DarwinFoundation2.swiftmodule/arm64e-apple-ios.swiftmodule /Users/builder/clone/build/ModuleCache.noindex/_Builtin_limits-2GLYII2961SBP7KNDWBXKCYIU.pcm /Users/builder/clone/build/ModuleCache.noindex/ptrauth-C60CAIU36OYOR69O7ASMTTFU8.pcm /Users/builder/clone/build/ModuleCache.noindex/CFNetwork-WBAWX6LIWV7GVTAGNWN3QVNX.pcm /Users/builder/clone/build/ModuleCache.noindex/_AvailabilityInternal-HZ0RQBGAAN0QZ99B6J54UUYW.pcm /Users/builder/clone/build/ModuleCache.noindex/_DarwinFoundation3-DY8NKKEJ8L2MTRNBGEHAPT5DM.pcm /Users/builder/clone/build/ModuleCache.noindex/os_workgroup-DC39T5CMKIEJIDYOY5PWYDB15.pcm /Users/builder/clone/build/ModuleCache.noindex/_Builtin_stdint-8O3R5RESI6Q2C48CPPQ9C67AM.pcm /Users/builder/clone/build/ModuleCache.noindex/_DarwinFoundation2-IH2TNLDCFEU7XZQT9CTVUQ1P.pcm /Users/builder/clone/build/ModuleCache.noindex/_DarwinFoundation1-ABIHU72TA312QF6KDYFEZMWY0.pcm /Users/builder/clone/build/ModuleCache.noindex/_Builtin_stdarg-ENGARVB1RCA82QNVX3AKNIA7I.pcm /Users/builder/clone/build/ModuleCache.noindex/ptrcheck-3O5DVQU3FOAHU85DJI4YDN56T.pcm /Users/builder/clone/build/ModuleCache.noindex/sys_types-B33PJM372D4Z1NVRZM5YRD1RP.pcm /Users/builder/clone/build/ModuleCache.noindex/XPC-7DBBZ0RY9AXLIFQ1ZQNCEOL7M.pcm /Users/builder/clone/build/ModuleCache.noindex/_Builtin_float-2SCQEMQEBIDUKNY6JWCDOO11G.pcm /Users/builder/clone/build/ModuleCache.noindex/Foundation-8ESBZZ9N1J4PLT4Z9IWTLGEHX.pcm /Users/builder/clone/build/ModuleCache.noindex/Dispatch-8GYF4EP8REEU3QEW8Z933NFUQ.pcm /Users/builder/clone/build/ModuleCache.noindex/CoreFoundation-A6CZS58YETCJR8NW8HTBMP5MT.pcm /Users/builder/clone/build/ModuleCache.noindex/SwiftShims-E9TKEMZXJ2MR8M3OWQ4MIGGM6.pcm /Users/builder/clone/build/ModuleCache.noindex/os_object-5OSU1U0DEBH4XAUVWITEJ4MPR.pcm /Users/builder/clone/build/ModuleCache.noindex/Darwin-9JK4K57VV391ZCRL6PJKDW6QC.pcm /Users/builder/clone/build/ModuleCache.noindex/ObjectiveC-C5YN1C0BZ7ESBGBP0B5XKM9R7.pcm /Users/builder/clone/build/ModuleCache.noindex/Security-3F4HC5OTFYZ17SDJMC1AFIDUH.pcm /Users/builder/clone/build/ModuleCache.noindex/_Builtin_inttypes-84PMF3J701KL39W8XHWT9YV4L.pcm /Users/builder/clone/build/ModuleCache.noindex/_SwiftConcurrencyShims-2BNDF9OPLGTNP0XB8L7VZ4LAU.pcm /Users/builder/clone/build/ModuleCache.noindex/_Builtin_stddef-BB4QVRWLQPKQFP8JNJD0W8GAN.pcm /Users/builder/clone/build/ModuleCache.noindex/_Builtin_stdbool-4CMY3LS3VS80AUOFD187RSTV6.pcm /Users/builder/clone/build/Build/Intermediates.noindex/KeychainSwift.build/Release-iphoneos/KeychainSwift.build/Objects-normal/arm64/KeychainSwift-dependencies-1.json (in target 'KeychainSwift' from project 'KeychainSwift')\n\nCompileSwift normal arm64 (in target 'KeychainSwift' from project 'KeychainSwift')\n    cd /Users/builder/clone/IceCubesApp.xcodeproj\n    \n\nSwiftMergeGeneratedHeaders /Users/builder/clone/build/Build/Intermediates.noindex/GeneratedModuleMaps-iphoneos/WishKitShared-Swift.h /Users/builder/clone/build/Build/Intermediates.noindex/wishkit-ios-shared.build/Release-iphoneos/WishKitShared.build/Objects-normal/arm64/WishKitShared-Swift.h (in target 'WishKitShared' from project 'wishkit-ios-shared')\n    cd /Users/builder/clone/build/SourcePackages/checkouts/wishkit-ios-shared\n    builtin-swiftHeaderTool -arch arm64 /Users/builder/clone/build/Build/Intermediates.noindex/wishkit-ios-shared.build/Release-iphoneos/WishKitShared.build/Objects-normal/arm64/WishKitShared-Swift.h -o /Users/builder/clone/build/Build/Intermediates.noindex/GeneratedModuleMaps-iphoneos/WishKitShared-Swift.h\n\nSwiftDriverJobDiscovery normal arm64 Compiling KeychainSwift.swift, KeychainSwiftAccessOptions.swift, TegKeychainConstants.swift (in target 'KeychainSwift' from project 'KeychainSwift')\n\nCopy /Users/builder/clone/build/Build/Products/Release-iphoneos/WishKitShared.swiftmodule/arm64-apple-ios.swiftmodule /Users/builder/clone/build/Build/Intermediates.noindex/wishkit-ios-shared.build/Release-iphoneos/WishKitShared.build/Objects-normal/arm64/WishKitShared.swiftmodule (in target 'WishKitShared' from project 'wishkit-ios-shared')\n    cd /Users/builder/clone/build/SourcePackages/checkouts/wishkit-ios-shared\n    builtin-copy -exclude .DS_Store -exclude CVS -exclude .svn -exclude .git -exclude .hg -strip-unsigned-binaries -strip-deterministic -strip-tool /Applications/Xcode-26.4.app/Contents/Developer/Toolchains/XcodeDefault.xctoolchain/usr/bin/strip -resolve-src-symlinks -rename /Users/builder/clone/build/Build/Intermediates.noindex/wishkit-ios-shared.build/Release-iphoneos/WishKitShared.build/Objects-normal/arm64/WishKitShared.swiftmodule /Users/builder/clone/build/Build/Products/Release-iphoneos/WishKitShared.swiftmodule/arm64-apple-ios.swiftmodule\n\nCopy /Users/builder/clone/build/Build/Products/Release-iphoneos/WishKitShared.swiftmodule/arm64-apple-ios.swiftdoc /Users/builder/clone/build/Build/Intermediates.noindex/wishkit-ios-shared.build/Release-iphoneos/WishKitShared.build/Objects-normal/arm64/WishKitShared.swiftdoc (in target 'WishKitShared' from project 'wishkit-ios-shared')\n    cd /Users/builder/clone/build/SourcePackages/checkouts/wishkit-ios-shared\n    builtin-copy -exclude .DS_Store -exclude CVS -exclude .svn -exclude .git -exclude .hg -strip-unsigned-binaries -strip-deterministic -strip-tool /Applications/Xcode-26.4.app/Contents/Developer/Toolchains/XcodeDefault.xctoolchain/usr/bin/strip -resolve-src-symlinks -rename /Users/builder/clone/build/Build/Intermediates.noindex/wishkit-ios-shared.build/Release-iphoneos/WishKitShared.build/Objects-normal/arm64/WishKitShared.swiftdoc /Users/builder/clone/build/Build/Products/Release-iphoneos/WishKitShared.swiftmodule/arm64-apple-ios.swiftdoc\n\nCopy /Users/builder/clone/build/Build/Products/Release-iphoneos/WishKitShared.swiftmodule/arm64-apple-ios.abi.json /Users/builder/clone/build/Build/Intermediates.noindex/wishkit-ios-shared.build/Release-iphoneos/WishKitShared.build/Objects-normal/arm64/WishKitShared.abi.json (in target 'WishKitShared' from project 'wishkit-ios-shared')\n    cd /Users/builder/clone/build/SourcePackages/checkouts/wishkit-ios-shared\n    builtin-copy -exclude .DS_Store -exclude CVS -exclude .svn -exclude .git -exclude .hg -strip-unsigned-binaries -strip-deterministic -strip-tool /Applications/Xcode-26.4.app/Contents/Developer/Toolchains/XcodeDefault.xctoolchain/usr/bin/strip -resolve-src-symlinks -rename /Users/builder/clone/build/Build/Intermediates.noindex/wishkit-ios-shared.build/Release-iphoneos/WishKitShared.build/Objects-normal/arm64/WishKitShared.abi.json /Users/builder/clone/build/Build/Products/Release-iphoneos/WishKitShared.swiftmodule/arm64-apple-ios.abi.json\n\nCopy /Users/builder/clone/build/Build/Products/Release-iphoneos/WishKitShared.swiftmodule/Project/arm64-apple-ios.swiftsourceinfo /Users/builder/clone/build/Build/Intermediates.noindex/wishkit-ios-shared.build/Release-iphoneos/WishKitShared.build/Objects-normal/arm64/WishKitShared.swiftsourceinfo (in target 'WishKitShared' from project 'wishkit-ios-shared')\n    cd /Users/builder/clone/build/SourcePackages/checkouts/wishkit-ios-shared\n    builtin-copy -exclude .DS_Store -exclude CVS -exclude .svn -exclude .git -exclude .hg -strip-unsigned-binaries -strip-deterministic -strip-tool /Applications/Xcode-26.4.app/Contents/Developer/Toolchains/XcodeDefault.xctoolchain/usr/bin/strip -resolve-src-symlinks -rename /Users/builder/clone/build/Build/Intermediates.noindex/wishkit-ios-shared.build/Release-iphoneos/WishKitShared.build/Objects-normal/arm64/WishKitShared.swiftsourceinfo /Users/builder/clone/build/Build/Products/Release-iphoneos/WishKitShared.swiftmodule/Project/arm64-apple-ios.swiftsourceinfo\n\nSwiftMergeGeneratedHeaders /Users/builder/clone/build/Build/Intermediates.noindex/GeneratedModuleMaps-iphoneos/SQLite-Swift.h /Users/builder/clone/build/Build/Intermediates.noindex/SQLite.swift.build/Release-iphoneos/SQLite.build/Objects-normal/arm64/SQLite-Swift.h (in target 'SQLite' from project 'SQLite.swift')\n    cd /Users/builder/clone/build/SourcePackages/checkouts/SQLite.swift\n    builtin-swiftHeaderTool -arch arm64 /Users/builder/clone/build/Build/Intermediates.noindex/SQLite.swift.build/Release-iphoneos/SQLite.build/Objects-normal/arm64/SQLite-Swift.h -o /Users/builder/clone/build/Build/Intermediates.noindex/GeneratedModuleMaps-iphoneos/SQLite-Swift.h\n\nCopy /Users/builder/clone/build/Build/Products/Release-iphoneos/SQLite.swiftmodule/arm64-apple-ios.swiftmodule /Users/builder/clone/build/Build/Intermediates.noindex/SQLite.swift.build/Release-iphoneos/SQLite.build/Objects-normal/arm64/SQLite.swiftmodule (in target 'SQLite' from project 'SQLite.swift')\n    cd /Users/builder/clone/build/SourcePackages/checkouts/SQLite.swift\n    builtin-copy -exclude .DS_Store -exclude CVS -exclude .svn -exclude .git -exclude .hg -strip-unsigned-binaries -strip-deterministic -strip-tool /Applications/Xcode-26.4.app/Contents/Developer/Toolchains/XcodeDefault.xctoolchain/usr/bin/strip -resolve-src-symlinks -rename /Users/builder/clone/build/Build/Intermediates.noindex/SQLite.swift.build/Release-iphoneos/SQLite.build/Objects-normal/arm64/SQLite.swiftmodule /Users/builder/clone/build/Build/Products/Release-iphoneos/SQLite.swiftmodule/arm64-apple-ios.swiftmodule\n\nCopy /Users/builder/clone/build/Build/Products/Release-iphoneos/SQLite.swiftmodule/arm64-apple-ios.swiftdoc /Users/builder/clone/build/Build/Intermediates.noindex/SQLite.swift.build/Release-iphoneos/SQLite.build/Objects-normal/arm64/SQLite.swiftdoc (in target 'SQLite' from project 'SQLite.swift')\n    cd /Users/builder/clone/build/SourcePackages/checkouts/SQLite.swift\n    builtin-copy -exclude .DS_Store -exclude CVS -exclude .svn -exclude .git -exclude .hg -strip-unsigned-binaries -strip-deterministic -strip-tool /Applications/Xcode-26.4.app/Contents/Developer/Toolchains/XcodeDefault.xctoolchain/usr/bin/strip -resolve-src-symlinks -rename /Users/builder/clone/build/Build/Intermediates.noindex/SQLite.swift.build/Release-iphoneos/SQLite.build/Objects-normal/arm64/SQLite.swiftdoc /Users/builder/clone/build/Build/Products/Release-iphoneos/SQLite.swiftmodule/arm64-apple-ios.swiftdoc\n\nCopy /Users/builder/clone/build/Build/Products/Release-iphoneos/SQLite.swiftmodule/arm64-apple-ios.abi.json /Users/builder/clone/build/Build/Intermediates.noindex/SQLite.swift.build/Release-iphoneos/SQLite.build/Objects-normal/arm64/SQLite.abi.json (in target 'SQLite' from project 'SQLite.swift')\n    cd /Users/builder/clone/build/SourcePackages/checkouts/SQLite.swift\n    builtin-copy -exclude .DS_Store -exclude CVS -exclude .svn -exclude .git -exclude .hg -strip-unsigned-binaries -strip-deterministic -strip-tool /Applications/Xcode-26.4.app/Contents/Developer/Toolchains/XcodeDefault.xctoolchain/usr/bin/strip -resolve-src-symlinks -rename /Users/builder/clone/build/Build/Intermediates.noindex/SQLite.swift.build/Release-iphoneos/SQLite.build/Objects-normal/arm64/SQLite.abi.json /Users/builder/clone/build/Build/Products/Release-iphoneos/SQLite.swiftmodule/arm64-apple-ios.abi.json\n\nCopy /Users/builder/clone/build/Build/Products/Release-iphoneos/SQLite.swiftmodule/Project/arm64-apple-ios.swiftsourceinfo /Users/builder/clone/build/Build/Intermediates.noindex/SQLite.swift.build/Release-iphoneos/SQLite.build/Objects-normal/arm64/SQLite.swiftsourceinfo (in target 'SQLite' from project 'SQLite.swift')\n    cd /Users/builder/clone/build/SourcePackages/checkouts/SQLite.swift\n    builtin-copy -exclude .DS_Store -exclude CVS -exclude .svn -exclude .git -exclude .hg -strip-unsigned-binaries -strip-deterministic -strip-tool /Applications/Xcode-26.4.app/Contents/Developer/Toolchains/XcodeDefault.xctoolchain/usr/bin/strip -resolve-src-symlinks -rename /Users/builder/clone/build/Build/Intermediates.noindex/SQLite.swift.build/Release-iphoneos/SQLite.build/Objects-normal/arm64/SQLite.swiftsourceinfo /Users/builder/clone/build/Build/Products/Release-iphoneos/SQLite.swiftmodule/Project/arm64-apple-ios.swiftsourceinfo\n\nSwiftDriver\\ Compilation\\ Requirements KeychainSwift normal arm64 com.apple.xcode.tools.swift.compiler (in target 'KeychainSwift' from project 'KeychainSwift')\n    cd /Users/builder/clone/IceCubesApp.xcodeproj\n    builtin-Swift-Compilation-Requirements -- /Applications/Xcode-26.4.app/Contents/Developer/Toolchains/XcodeDefault.xctoolchain/usr/bin/swiftc -module-name KeychainSwift -O -whole-module-optimization @/Users/builder/clone/build/Build/Intermediates.noindex/KeychainSwift.build/Release-iphoneos/KeychainSwift.build/Objects-normal/arm64/KeychainSwift.SwiftFileList -DSWIFT_PACKAGE -DSWIFT_MODULE_RESOURCE_BUNDLE_UNAVAILABLE -DXcode -plugin-path /Applications/Xcode-26.4.app/Contents/Developer/Toolchains/XcodeDefault.xctoolchain/usr/lib/swift/host/plugins/testing -enable-experimental-feature DebugDescriptionMacro -sdk /Applications/Xcode-26.4.app/Contents/Developer/Platforms/iPhoneOS.platform/Developer/SDKs/iPhoneOS26.4.sdk -target arm64-apple-ios12.0 -g -module-cache-path /Users/builder/clone/build/ModuleCache.noindex -Xfrontend -serialize-debugging-options -suppress-warnings -swift-version 5 -I /Users/builder/clone/build/Build/Products/Release-iphoneos -Isystem /Applications/Xcode-26.4.app/Contents/Developer/Platforms/iPhoneOS.platform/Developer/usr/lib -F /Users/builder/clone/build/Build/Products/Release-iphoneos -F /Applications/Xcode-26.4.app/Contents/Developer/Platforms/iPhoneOS.platform/Developer/Library/Frameworks -F /Applications/Xcode-26.4.app/Contents/Developer/Platforms/iPhoneOS.platform/Developer/SDKs/iPhoneOS26.4.sdk/Developer/Library/Frameworks -c -num-threads 3 -Xcc -ivfsstatcache -Xcc /Users/builder/clone/build/SDKStatCaches.noindex/iphoneos26.4-23E252-dc38477e7e47e42951976ad86cc01fb3.sdkstatcache -output-file-map /Users/builder/clone/build/Build/Intermediates.noindex/KeychainSwift.build/Release-iphoneos/KeychainSwift.build/Objects-normal/arm64/KeychainSwift-OutputFileMap.json -use-frontend-parseable-output -save-temps -no-color-diagnostics -explicit-module-build -module-cache-path /Users/builder/clone/build/Build/Intermediates.noindex/SwiftExplicitPrecompiledModules -clang-scanner-module-cache-path /Users/builder/clone/build/ModuleCache.noindex -sdk-module-cache-path /Users/builder/clone/build/ModuleCache.noindex -serialize-diagnostics -emit-dependencies -emit-module -emit-module-path /Users/builder/clone/build/Build/Intermediates.noindex/KeychainSwift.build/Release-iphoneos/KeychainSwift.build/Objects-normal/arm64/KeychainSwift.swiftmodule -validate-clang-modules-once -clang-build-session-file /Users/builder/clone/build/ModuleCache.noindex/Session.modulevalidation -Xcc -I/Users/builder/clone/build/Build/Intermediates.noindex/KeychainSwift.build/Release-iphoneos/KeychainSwift.build/swift-overrides.hmap -emit-const-values -Xfrontend -const-gather-protocols-file -Xfrontend /Users/builder/clone/build/Build/Intermediates.noindex/KeychainSwift.build/Release-iphoneos/KeychainSwift.build/Objects-normal/arm64/KeychainSwift_const_extract_protocols.json -Xcc -I/Users/builder/clone/build/Build/Products/Release-iphoneos/include -Xcc -I/Users/builder/clone/build/Build/Intermediates.noindex/KeychainSwift.build/Release-iphoneos/KeychainSwift.build/DerivedSources-normal/arm64 -Xcc -I/Users/builder/clone/build/Build/Intermediates.noindex/KeychainSwift.build/Release-iphoneos/KeychainSwift.build/DerivedSources/arm64 -Xcc -I/Users/builder/clone/build/Build/Intermediates.noindex/KeychainSwift.build/Release-iphoneos/KeychainSwift.build/DerivedSources -Xcc -DSWIFT_PACKAGE -emit-objc-header -emit-objc-header-path /Users/builder/clone/build/Build/Intermediates.noindex/KeychainSwift.build/Release-iphoneos/KeychainSwift.build/Objects-normal/arm64/KeychainSwift-Swift.h -working-directory /Users/builder/clone/IceCubesApp.xcodeproj -no-emit-module-separately-wmo\n\nSwiftExplicitDependencyGeneratePcm arm64 /Users/builder/clone/build/ModuleCache.noindex/_LocationEssentials-E7HAXS6ZQ24L8B8ZBZ4B182FR.pcm\n\nSwiftMergeGeneratedHeaders /Users/builder/clone/build/Build/Intermediates.noindex/GeneratedModuleMaps-iphoneos/KeychainSwift-Swift.h /Users/builder/clone/build/Build/Intermediates.noindex/KeychainSwift.build/Release-iphoneos/KeychainSwift.build/Objects-normal/arm64/KeychainSwift-Swift.h (in target 'KeychainSwift' from project 'KeychainSwift')\n    cd /Users/builder/clone/build/SourcePackages/checkouts/keychain-swift\n    builtin-swiftHeaderTool -arch arm64 /Users/builder/clone/build/Build/Intermediates.noindex/KeychainSwift.build/Release-iphoneos/KeychainSwift.build/Objects-normal/arm64/KeychainSwift-Swift.h -o /Users/builder/clone/build/Build/Intermediates.noindex/GeneratedModuleMaps-iphoneos/KeychainSwift-Swift.h\n\nCopy /Users/builder/clone/build/Build/Products/Release-iphoneos/KeychainSwift.swiftmodule/arm64-apple-ios.swiftmodule /Users/builder/clone/build/Build/Intermediates.noindex/KeychainSwift.build/Release-iphoneos/KeychainSwift.build/Objects-normal/arm64/KeychainSwift.swiftmodule (in target 'KeychainSwift' from project 'KeychainSwift')\n    cd /Users/builder/clone/build/SourcePackages/checkouts/keychain-swift\n    builtin-copy -exclude .DS_Store -exclude CVS -exclude .svn -exclude .git -exclude .hg -strip-unsigned-binaries -strip-deterministic -strip-tool /Applications/Xcode-26.4.app/Contents/Developer/Toolchains/XcodeDefault.xctoolchain/usr/bin/strip -resolve-src-symlinks -rename /Users/builder/clone/build/Build/Intermediates.noindex/KeychainSwift.build/Release-iphoneos/KeychainSwift.build/Objects-normal/arm64/KeychainSwift.swiftmodule /Users/builder/clone/build/Build/Products/Release-iphoneos/KeychainSwift.swiftmodule/arm64-apple-ios.swiftmodule\n\nCopy /Users/builder/clone/build/Build/Products/Release-iphoneos/KeychainSwift.swiftmodule/arm64-apple-ios.swiftdoc /Users/builder/clone/build/Build/Intermediates.noindex/KeychainSwift.build/Release-iphoneos/KeychainSwift.build/Objects-normal/arm64/KeychainSwift.swiftdoc (in target 'KeychainSwift' from project 'KeychainSwift')\n    cd /Users/builder/clone/build/SourcePackages/checkouts/keychain-swift\n    builtin-copy -exclude .DS_Store -exclude CVS -exclude .svn -exclude .git -exclude .hg -strip-unsigned-binaries -strip-deterministic -strip-tool /Applications/Xcode-26.4.app/Contents/Developer/Toolchains/XcodeDefault.xctoolchain/usr/bin/strip -resolve-src-symlinks -rename /Users/builder/clone/build/Build/Intermediates.noindex/KeychainSwift.build/Release-iphoneos/KeychainSwift.build/Objects-normal/arm64/KeychainSwift.swiftdoc /Users/builder/clone/build/Build/Products/Release-iphoneos/KeychainSwift.swiftmodule/arm64-apple-ios.swiftdoc\n\nCopy /Users/builder/clone/build/Build/Products/Release-iphoneos/KeychainSwift.swiftmodule/arm64-apple-ios.abi.json /Users/builder/clone/build/Build/Intermediates.noindex/KeychainSwift.build/Release-iphoneos/KeychainSwift.build/Objects-normal/arm64/KeychainSwift.abi.json (in target 'KeychainSwift' from project 'KeychainSwift')\n    cd /Users/builder/clone/build/SourcePackages/checkouts/keychain-swift\n    builtin-copy -exclude .DS_Store -exclude CVS -exclude .svn -exclude .git -exclude .hg -strip-unsigned-binaries -strip-deterministic -strip-tool /Applications/Xcode-26.4.app/Contents/Developer/Toolchains/XcodeDefault.xctoolchain/usr/bin/strip -resolve-src-symlinks -rename /Users/builder/clone/build/Build/Intermediates.noindex/KeychainSwift.build/Release-iphoneos/KeychainSwift.build/Objects-normal/arm64/KeychainSwift.abi.json /Users/builder/clone/build/Build/Products/Release-iphoneos/KeychainSwift.swiftmodule/arm64-apple-ios.abi.json\n\nCopy /Users/builder/clone/build/Build/Products/Release-iphoneos/KeychainSwift.swiftmodule/Project/arm64-apple-ios.swiftsourceinfo /Users/builder/clone/build/Build/Intermediates.noindex/KeychainSwift.build/Release-iphoneos/KeychainSwift.build/Objects-normal/arm64/KeychainSwift.swiftsourceinfo (in target 'KeychainSwift' from project 'KeychainSwift')\n    cd /Users/builder/clone/build/SourcePackages/checkouts/keychain-swift\n    builtin-copy -exclude .DS_Store -exclude CVS -exclude .svn -exclude .git -exclude .hg -strip-unsigned-binaries -strip-deterministic -strip-tool /Applications/Xcode-26.4.app/Contents/Developer/Toolchains/XcodeDefault.xctoolchain/usr/bin/strip -resolve-src-symlinks -rename /Users/builder/clone/build/Build/Intermediates.noindex/KeychainSwift.build/Release-iphoneos/KeychainSwift.build/Objects-normal/arm64/KeychainSwift.swiftsourceinfo /Users/builder/clone/build/Build/Products/Release-iphoneos/KeychainSwift.swiftmodule/Project/arm64-apple-ios.swiftsourceinfo\n\nSwiftExplicitDependencyGeneratePcm arm64 /Users/builder/clone/build/ModuleCache.noindex/LocalAuthentication-BKFV3ZRCA2YKR4PRSRFJK5PKZ.pcm\n\nSwiftExplicitDependencyGeneratePcm arm64 /Users/builder/clone/build/ModuleCache.noindex/UserNotifications-93CPPOUFW0O3AYEX1I7X0DI72.pcm\n\nSwiftExplicitDependencyGeneratePcm arm64 /Users/builder/clone/build/ModuleCache.noindex/DataDetection-QZCUY58ELATMPGLV3YTCHC3Q.pcm\n\nSwiftExplicitDependencyGeneratePcm arm64 /Users/builder/clone/build/ModuleCache.noindex/UIUtilities-6JOADBKTSE4NPC88FM5OYVU8P.pcm\n\nSwiftExplicitDependencyGeneratePcm arm64 /Users/builder/clone/build/ModuleCache.noindex/UniformTypeIdentifiers-NWOMNHVYXZ1L8FHFL7TN9RLG.pcm\n\nSwiftExplicitDependencyGeneratePcm arm64 /Users/builder/clone/build/ModuleCache.noindex/IOSurface-4H7NGKW4G1MF61ZG9NU7XEMDR.pcm\n\nSwiftDriverJobDiscovery normal arm64 Compiling ChildIndexPath.swift, DirectiveArgument.swift, Document.swift, LiteralMarkup.swift, Markup.swift, MarkupChildren.swift, MarkupData.swift, PlainTextConvertibleMarkup.swift, RawMarkup.swift, BlockDirective.swift, BlockQuote.swift, CustomBlock.swift, DoxygenAbstract.swift, DoxygenDiscussion.swift, DoxygenNote.swift, DoxygenParameter.swift, DoxygenReturns.swift, ListItem.swift, OrderedList.swift, UnorderedList.swift, Paragraph.swift, CodeBlock.swift, HTMLBlock.swift, Heading.swift, ThematicBreak.swift, Table.swift, TableBody.swift, TableCell.swift, TableCellContainer.swift, TableHead.swift, TableRow.swift, Replacement.swift, SourceLocation.swift, Emphasis.swift, Image.swift, InlineAttributes.swift, Link.swift, Strikethrough.swift, Strong.swift, CustomInline.swift, InlineCode.swift, InlineHTML.swift, LineBreak.swift, SoftBreak.swift, SymbolLink.swift, Text.swift, Aside.swift, BlockDirectiveParser.swift, CommonMarkConverter.swift, LazySplitLines.swift, ParseOptions.swift, RangeAdjuster.swift, RangerTracker.swift, MarkupRewriter.swift, BasicBlockContainer.swift, BasicInlineContainer.swift, BlockContainer.swift, BlockMarkup.swift, InlineContainer.swift, InlineMarkup.swift, ListItemContainer.swift, AtomicCounter.swift, CharacterExtensions.swift, CollectionExtensions.swift, StringExtensions.swift, MarkupVisitor.swift, MarkupWalker.swift, HTMLFormatter.swift, MarkupFormatter.swift, MarkupTreeDumper.swift (in target 'Markdown' from project 'swift-markdown')\n\nSwiftDriver\\ Compilation\\ Requirements Markdown normal arm64 com.apple.xcode.tools.swift.compiler (in target 'Markdown' from project 'swift-markdown')\n    cd /Users/builder/clone/IceCubesApp.xcodeproj\n    builtin-Swift-Compilation-Requirements -- /Applications/Xcode-26.4.app/Contents/Developer/Toolchains/XcodeDefault.xctoolchain/usr/bin/swiftc -module-name Markdown -O -whole-module-optimization @/Users/builder/clone/build/Build/Intermediates.noindex/swift-markdown.build/Release-iphoneos/Markdown.build/Objects-normal/arm64/Markdown.SwiftFileList -DSWIFT_PACKAGE -DSWIFT_MODULE_RESOURCE_BUNDLE_UNAVAILABLE -DXcode -plugin-path /Applications/Xcode-26.4.app/Contents/Developer/Toolchains/XcodeDefault.xctoolchain/usr/lib/swift/host/plugins/testing -enable-experimental-feature DebugDescriptionMacro -sdk /Applications/Xcode-26.4.app/Contents/Developer/Platforms/iPhoneOS.platform/Developer/SDKs/iPhoneOS26.4.sdk -target arm64-apple-ios12.0 -g -module-cache-path /Users/builder/clone/build/ModuleCache.noindex -Xfrontend -serialize-debugging-options -suppress-warnings -swift-version 5 -I /Users/builder/clone/build/Build/Products/Release-iphoneos -Isystem /Applications/Xcode-26.4.app/Contents/Developer/Platforms/iPhoneOS.platform/Developer/usr/lib -F /Users/builder/clone/build/Build/Products/Release-iphoneos/PackageFrameworks -F /Users/builder/clone/build/Build/Products/Release-iphoneos/PackageFrameworks -F /Users/builder/clone/build/Build/Products/Release-iphoneos/PackageFrameworks -F /Users/builder/clone/build/Build/Products/Release-iphoneos -F /Applications/Xcode-26.4.app/Contents/Developer/Platforms/iPhoneOS.platform/Developer/Library/Frameworks -F /Applications/Xcode-26.4.app/Contents/Developer/Platforms/iPhoneOS.platform/Developer/SDKs/iPhoneOS26.4.sdk/Developer/Library/Frameworks -c -num-threads 3 -Xcc -ivfsstatcache -Xcc /Users/builder/clone/build/SDKStatCaches.noindex/iphoneos26.4-23E252-dc38477e7e47e42951976ad86cc01fb3.sdkstatcache -output-file-map /Users/builder/clone/build/Build/Intermediates.noindex/swift-markdown.build/Release-iphoneos/Markdown.build/Objects-normal/arm64/Markdown-OutputFileMap.json -use-frontend-parseable-output -save-temps -no-color-diagnostics -explicit-module-build -module-cache-path /Users/builder/clone/build/Build/Intermediates.noindex/SwiftExplicitPrecompiledModules -clang-scanner-module-cache-path /Users/builder/clone/build/ModuleCache.noindex -sdk-module-cache-path /Users/builder/clone/build/ModuleCache.noindex -serialize-diagnostics -emit-dependencies -emit-module -emit-module-path /Users/builder/clone/build/Build/Intermediates.noindex/swift-markdown.build/Release-iphoneos/Markdown.build/Objects-normal/arm64/Markdown.swiftmodule -user-module-version 0.8.0 -validate-clang-modules-once -clang-build-session-file /Users/builder/clone/build/ModuleCache.noindex/Session.modulevalidation -package-name swift_markdown -Xcc -I/Users/builder/clone/build/Build/Intermediates.noindex/swift-markdown.build/Release-iphoneos/Markdown.build/swift-overrides.hmap -emit-const-values -Xfrontend -const-gather-protocols-file -Xfrontend /Users/builder/clone/build/Build/Intermediates.noindex/swift-markdown.build/Release-iphoneos/Markdown.build/Objects-normal/arm64/Markdown_const_extract_protocols.json -Xcc -I/Users/builder/clone/build/SourcePackages/checkouts/swift-cmark/src/include -Xcc -I/Users/builder/clone/build/SourcePackages/checkouts/swift-cmark/extensions/include -Xcc -I/Users/builder/clone/build/SourcePackages/checkouts/swift-markdown/Sources/CAtomic/include -Xcc -I/Users/builder/clone/build/Build/Products/Release-iphoneos/include -Xcc -I/Users/builder/clone/build/Build/Intermediates.noindex/swift-markdown.build/Release-iphoneos/Markdown.build/DerivedSources-normal/arm64 -Xcc -I/Users/builder/clone/build/Build/Intermediates.noindex/swift-markdown.build/Release-iphoneos/Markdown.build/DerivedSources/arm64 -Xcc -I/Users/builder/clone/build/Build/Intermediates.noindex/swift-markdown.build/Release-iphoneos/Markdown.build/DerivedSources -Xcc -DSWIFT_PACKAGE -emit-objc-header -emit-objc-header-path /Users/builder/clone/build/Build/Intermediates.noindex/swift-markdown.build/Release-iphoneos/Markdown.build/Objects-normal/arm64/Markdown-Swift.h -working-directory /Users/builder/clone/IceCubesApp.xcodeproj -no-emit-module-separately-wmo\n\nSwiftExplicitDependencyGeneratePcm arm64 /Users/builder/clone/build/ModuleCache.noindex/RelevanceKit-86RB7Z2SJK683QSQ2G8OGKHMF.pcm\n\nSwiftMergeGeneratedHeaders /Users/builder/clone/build/Build/Intermediates.noindex/GeneratedModuleMaps-iphoneos/Markdown-Swift.h /Users/builder/clone/build/Build/Intermediates.noindex/swift-markdown.build/Release-iphoneos/Markdown.build/Objects-normal/arm64/Markdown-Swift.h (in target 'Markdown' from project 'swift-markdown')\n    cd /Users/builder/clone/build/SourcePackages/checkouts/swift-markdown\n    builtin-swiftHeaderTool -arch arm64 /Users/builder/clone/build/Build/Intermediates.noindex/swift-markdown.build/Release-iphoneos/Markdown.build/Objects-normal/arm64/Markdown-Swift.h -o /Users/builder/clone/build/Build/Intermediates.noindex/GeneratedModuleMaps-iphoneos/Markdown-Swift.h\n\nCopy /Users/builder/clone/build/Build/Products/Release-iphoneos/Markdown.swiftmodule/arm64-apple-ios.swiftmodule /Users/builder/clone/build/Build/Intermediates.noindex/swift-markdown.build/Release-iphoneos/Markdown.build/Objects-normal/arm64/Markdown.swiftmodule (in target 'Markdown' from project 'swift-markdown')\n    cd /Users/builder/clone/build/SourcePackages/checkouts/swift-markdown\n    builtin-copy -exclude .DS_Store -exclude CVS -exclude .svn -exclude .git -exclude .hg -strip-unsigned-binaries -strip-deterministic -strip-tool /Applications/Xcode-26.4.app/Contents/Developer/Toolchains/XcodeDefault.xctoolchain/usr/bin/strip -resolve-src-symlinks -rename /Users/builder/clone/build/Build/Intermediates.noindex/swift-markdown.build/Release-iphoneos/Markdown.build/Objects-normal/arm64/Markdown.swiftmodule /Users/builder/clone/build/Build/Products/Release-iphoneos/Markdown.swiftmodule/arm64-apple-ios.swiftmodule\n\nCopy /Users/builder/clone/build/Build/Products/Release-iphoneos/Markdown.swiftmodule/arm64-apple-ios.swiftdoc /Users/builder/clone/build/Build/Intermediates.noindex/swift-markdown.build/Release-iphoneos/Markdown.build/Objects-normal/arm64/Markdown.swiftdoc (in target 'Markdown' from project 'swift-markdown')\n    cd /Users/builder/clone/build/SourcePackages/checkouts/swift-markdown\n    builtin-copy -exclude .DS_Store -exclude CVS -exclude .svn -exclude .git -exclude .hg -strip-unsigned-binaries -strip-deterministic -strip-tool /Applications/Xcode-26.4.app/Contents/Developer/Toolchains/XcodeDefault.xctoolchain/usr/bin/strip -resolve-src-symlinks -rename /Users/builder/clone/build/Build/Intermediates.noindex/swift-markdown.build/Release-iphoneos/Markdown.build/Objects-normal/arm64/Markdown.swiftdoc /Users/builder/clone/build/Build/Products/Release-iphoneos/Markdown.swiftmodule/arm64-apple-ios.swiftdoc\n\nCopy /Users/builder/clone/build/Build/Products/Release-iphoneos/Markdown.swiftmodule/arm64-apple-ios.abi.json /Users/builder/clone/build/Build/Intermediates.noindex/swift-markdown.build/Release-iphoneos/Markdown.build/Objects-normal/arm64/Markdown.abi.json (in target 'Markdown' from project 'swift-markdown')\n    cd /Users/builder/clone/build/SourcePackages/checkouts/swift-markdown\n    builtin-copy -exclude .DS_Store -exclude CVS -exclude .svn -exclude .git -exclude .hg -strip-unsigned-binaries -strip-deterministic -strip-tool /Applications/Xcode-26.4.app/Contents/Developer/Toolchains/XcodeDefault.xctoolchain/usr/bin/strip -resolve-src-symlinks -rename /Users/builder/clone/build/Build/Intermediates.noindex/swift-markdown.build/Release-iphoneos/Markdown.build/Objects-normal/arm64/Markdown.abi.json /Users/builder/clone/build/Build/Products/Release-iphoneos/Markdown.swiftmodule/arm64-apple-ios.abi.json\n\nCopy /Users/builder/clone/build/Build/Products/Release-iphoneos/Markdown.swiftmodule/Project/arm64-apple-ios.swiftsourceinfo /Users/builder/clone/build/Build/Intermediates.noindex/swift-markdown.build/Release-iphoneos/Markdown.build/Objects-normal/arm64/Markdown.swiftsourceinfo (in target 'Markdown' from project 'swift-markdown')\n    cd /Users/builder/clone/build/SourcePackages/checkouts/swift-markdown\n    builtin-copy -exclude .DS_Store -exclude CVS -exclude .svn -exclude .git -exclude .hg -strip-unsigned-binaries -strip-deterministic -strip-tool /Applications/Xcode-26.4.app/Contents/Developer/Toolchains/XcodeDefault.xctoolchain/usr/bin/strip -resolve-src-symlinks -rename /Users/builder/clone/build/Build/Intermediates.noindex/swift-markdown.build/Release-iphoneos/Markdown.build/Objects-normal/arm64/Markdown.swiftsourceinfo /Users/builder/clone/build/Build/Products/Release-iphoneos/Markdown.swiftmodule/Project/arm64-apple-ios.swiftsourceinfo\n\nSwiftExplicitDependencyGeneratePcm arm64 /Users/builder/clone/build/ModuleCache.noindex/Accessibility-6CGAD9HFYBPRH52XHIXU25W3B.pcm\n\nSwiftExplicitDependencyGeneratePcm arm64 /Users/builder/clone/build/ModuleCache.noindex/CoreTransferable-B5CV2GWW0SLB0OWR5YV68MGYP.pcm\n\nSwiftExplicitDependencyGeneratePcm arm64 /Users/builder/clone/build/ModuleCache.noindex/FileProvider-ES1PGXV7F10JITUURTEVQ4MOF.pcm\n\nSwiftExplicitDependencyGeneratePcm arm64 /Users/builder/clone/build/ModuleCache.noindex/DataDetection-767JSQ2PVF65S0V6ACG5TQ3Z2.pcm\n\nSwiftExplicitDependencyGeneratePcm arm64 /Users/builder/clone/build/ModuleCache.noindex/AppIntents-7KANHUMNLBCDV3QG1QVSPJFD5.pcm\n\nSwiftExplicitDependencyGeneratePcm arm64 /Users/builder/clone/build/ModuleCache.noindex/_LocationEssentials-51RDQ334Q9E3IL6TUQH508O85.pcm\n\nSwiftExplicitDependencyGeneratePcm arm64 /Users/builder/clone/build/ModuleCache.noindex/OSLog-8KMWTEYMTYT110P4R2DM2CEA7.pcm\n\nSwiftExplicitDependencyGeneratePcm arm64 /Users/builder/clone/build/ModuleCache.noindex/Metal-7YSUO0KEBD5EH9Z41AFAPQFR.pcm\n\nSwiftExplicitDependencyGeneratePcm arm64 /Users/builder/clone/build/ModuleCache.noindex/CoreMIDI-ADG2I8M69LFBT9KFXB19H6E99.pcm\n\nSwiftExplicitDependencyGeneratePcm arm64 /Users/builder/clone/build/ModuleCache.noindex/UserNotifications-7Q0Y5OT179CFY0A1S1OWG7EVS.pcm\n\nSwiftExplicitDependencyGeneratePcm arm64 /Users/builder/clone/build/ModuleCache.noindex/Network-DZJN7VSIUT7X2FNDHRJ2UH9FT.pcm\n\nSwiftExplicitDependencyGeneratePcm arm64 /Users/builder/clone/build/ModuleCache.noindex/BackgroundAssets-CTY5ZI7GV5SZSM96DLGPYFXTP.pcm\n\nSwiftExplicitDependencyGeneratePcm arm64 /Users/builder/clone/build/ModuleCache.noindex/CoreLocation-6UAVSEKX651Q4NXR35TJW5K5Z.pcm\n\nSwiftExplicitDependencyGeneratePcm arm64 /Users/builder/clone/build/ModuleCache.noindex/CoreData-3K2WTJJ916UCZ2MKP89W9O59Y.pcm\n\nSwiftExplicitDependencyGeneratePcm arm64 /Users/builder/clone/build/ModuleCache.noindex/UniformTypeIdentifiers-6P20BIO8DDZL5ROCP8D8WGPE0.pcm\n\nSwiftExplicitDependencyGeneratePcm arm64 /Users/builder/clone/build/ModuleCache.noindex/AppIntents-ZW2X38RIGART9RJH6V7OCRPW.pcm\n\nSwiftExplicitDependencyGeneratePcm arm64 /Users/builder/clone/build/ModuleCache.noindex/Symbols-4IY2GWUB7DFGPSE124NUDODPN.pcm\n\nSwiftExplicitDependencyGeneratePcm arm64 /Users/builder/clone/build/ModuleCache.noindex/CoreSpotlight-9PT7C5WJB51AW274IXZEXWWEI.pcm\n\nSwiftExplicitDependencyGeneratePcm arm64 /Users/builder/clone/build/ModuleCache.noindex/RelevanceKit-5FU0PHRANKM79WXH0PVUG9GJQ.pcm\n\nSwiftExplicitDependencyGeneratePcm arm64 /Users/builder/clone/build/ModuleCache.noindex/LocalAuthentication-8N83SDLXVLQDDJ6Z9OXW2CJI8.pcm\n\nSwiftExplicitDependencyGeneratePcm arm64 /Users/builder/clone/build/ModuleCache.noindex/CoreData-DNZRGA7JMAH6GG8WDWQ4NGNR2.pcm\n\nSwiftExplicitDependencyGeneratePcm arm64 /Users/builder/clone/build/ModuleCache.noindex/IOSurface-ESNQSTFGAKOFKL0AHHMLA2M7K.pcm\n\nSwiftExplicitDependencyGeneratePcm arm64 /Users/builder/clone/build/ModuleCache.noindex/os-VN4E92RQR7U9PJADXD7BSCO5.pcm\n\nSwiftExplicitDependencyGeneratePcm arm64 /Users/builder/clone/build/ModuleCache.noindex/CoreSpotlight-8U6YPRMACEXKJFSRVADR54CIR.pcm\n\nSwiftExplicitDependencyGeneratePcm arm64 /Users/builder/clone/build/ModuleCache.noindex/MediaAccessibility-9O905G1XAO6NY6E1S8YLPOBLD.pcm\n\nSwiftExplicitDependencyGeneratePcm arm64 /Users/builder/clone/build/ModuleCache.noindex/Metal-API99ACLGVJ0LCOD8H2BFQXJW.pcm\n\nSwiftExplicitDependencyGeneratePcm arm64 /Users/builder/clone/build/ModuleCache.noindex/OSLog-4D6PR7NKYEG76TEDB6O79JTT5.pcm\n\nSwiftExplicitDependencyGeneratePcm arm64 /Users/builder/clone/build/ModuleCache.noindex/OpenGLES-4WHAPQZ50BKGVGRE57NIPC1Q3.pcm\n\nSwiftExplicitDependencyGeneratePcm arm64 /Users/builder/clone/build/ModuleCache.noindex/Symbols-6YCZR2ARZG9NZRZ7VDZA78Y8Z.pcm\n\nSwiftExplicitDependencyGeneratePcm arm64 /Users/builder/clone/build/ModuleCache.noindex/OpenGLES-DKNU5AR9XXJ9R6V4TBYPRRYZA.pcm\n\nSwiftExplicitDependencyGeneratePcm arm64 /Users/builder/clone/build/ModuleCache.noindex/CoreVideo-CAF6XWOYMNTN9TK6VWLNIH3C5.pcm\n\nSwiftExplicitDependencyGeneratePcm arm64 /Users/builder/clone/build/ModuleCache.noindex/FileProvider-2ZC8JGMP6Y5LLS2X265VONA02.pcm\n\nSwiftExplicitDependencyGeneratePcm arm64 /Users/builder/clone/build/ModuleCache.noindex/CoreVideo-4XQ1TYTLBBE58YDEML7VD2Z9P.pcm\n\nSwiftExplicitDependencyGeneratePcm arm64 /Users/builder/clone/build/ModuleCache.noindex/Accelerate-BXICWY5ZH75NI4STWSHJH8B4J.pcm\n\nSwiftExplicitDependencyGeneratePcm arm64 /Users/builder/clone/build/ModuleCache.noindex/QuartzCore-82L8I9S4QDPKIBSA5DE1CX6QA.pcm\n\nSwiftExplicitDependencyGeneratePcm arm64 /Users/builder/clone/build/ModuleCache.noindex/QuartzCore-4HXPT2CNSS93YXXQSLKIKY7RA.pcm\n\nSwiftExplicitDependencyGeneratePcm arm64 /Users/builder/clone/build/ModuleCache.noindex/CoreImage-DD8SUJZ64K9CVFIOVE5KJKHFG.pcm\n\nSwiftExplicitDependencyGeneratePcm arm64 /Users/builder/clone/build/ModuleCache.noindex/SwiftUICore-CUKWBNX4LN287VPZN9XM5S1MP.pcm\n\nSwiftExplicitDependencyGeneratePcm arm64 /Users/builder/clone/build/ModuleCache.noindex/ImageIO-B333V7XDYJWJU9NTF8Y2MV80I.pcm\n\nSwiftExplicitDependencyGeneratePcm arm64 /Users/builder/clone/build/ModuleCache.noindex/Accessibility-3RX97MFHHJGQXOG4G0VI5N8UT.pcm\n\nSwiftExplicitDependencyGeneratePcm arm64 /Users/builder/clone/build/ModuleCache.noindex/CoreImage-197CZCAPBVBNVFAAM6QMD3OAM.pcm\n\nSwiftExplicitDependencyGeneratePcm arm64 /Users/builder/clone/build/ModuleCache.noindex/SwiftUICore-K6N5BX0PK7EO76ERJVXDY9W5.pcm\n\nSwiftExplicitDependencyGeneratePcm arm64 /Users/builder/clone/build/ModuleCache.noindex/AdServices-8RK8HMWLF0OZLHDID7PXF0NR1.pcm\n\nSwiftExplicitDependencyGeneratePcm arm64 /Users/builder/clone/build/ModuleCache.noindex/Network-4IMRDGVC8RKD422IRJOYW22FL.pcm\n\nSwiftExplicitDependencyGeneratePcm arm64 /Users/builder/clone/build/ModuleCache.noindex/CoreLocation-NZYA394MIT49FQP24H9ORV0S.pcm\n\nSwiftExplicitDependencyGeneratePcm arm64 /Users/builder/clone/build/ModuleCache.noindex/UIKit-EONTKDDW1VYYMIHYDJLTUSBW2.pcm\n\nSwiftExplicitDependencyGeneratePcm arm64 /Users/builder/clone/build/ModuleCache.noindex/UIUtilities-D9XJ7VDIG1IHLIHWVH8X8G5XO.pcm\n\nSwiftExplicitDependencyGeneratePcm arm64 /Users/builder/clone/build/ModuleCache.noindex/AVRouting-72KFL8EP9SH78APBSZXW4CXTO.pcm\n\nSwiftExplicitDependencyGeneratePcm arm64 /Users/builder/clone/build/ModuleCache.noindex/UIKit-6C7F0NTESSX0F1EL9XK96F41K.pcm\n\nSwiftExplicitDependencyGeneratePcm arm64 /Users/builder/clone/build/ModuleCache.noindex/CoreTransferable-8FDXEPCRNEAQTE76JJB0LPFUU.pcm\n\nSwiftCompile normal arm64 Compiling\\ AnimatedFrame.swift,\\ Animator.swift,\\ FrameStore.swift,\\ GIFAnimatable.swift,\\ GIFImageView.swift,\\ Array.swift,\\ CGSize.swift,\\ UIImage.swift,\\ UIImageView.swift,\\ ImageSourceHelpers.swift /Users/builder/clone/build/SourcePackages/checkouts/Gifu/Sources/Gifu/Classes/AnimatedFrame.swift /Users/builder/clone/build/SourcePackages/checkouts/Gifu/Sources/Gifu/Classes/Animator.swift /Users/builder/clone/build/SourcePackages/checkouts/Gifu/Sources/Gifu/Classes/FrameStore.swift /Users/builder/clone/build/SourcePackages/checkouts/Gifu/Sources/Gifu/Classes/GIFAnimatable.swift /Users/builder/clone/build/SourcePackages/checkouts/Gifu/Sources/Gifu/Classes/GIFImageView.swift /Users/builder/clone/build/SourcePackages/checkouts/Gifu/Sources/Gifu/Extensions/Array.swift /Users/builder/clone/build/SourcePackages/checkouts/Gifu/Sources/Gifu/Extensions/CGSize.swift /Users/builder/clone/build/SourcePackages/checkouts/Gifu/Sources/Gifu/Extensions/UIImage.swift /Users/builder/clone/build/SourcePackages/checkouts/Gifu/Sources/Gifu/Extensions/UIImageView.swift /Users/builder/clone/build/SourcePackages/checkouts/Gifu/Sources/Gifu/Helpers/ImageSourceHelpers.swift /Applications/Xcode-26.4.app/Contents/Developer/Toolchains/XcodeDefault.xctoolchain/usr/lib/swift/iphoneos/prebuilt-modules/26.4/CoreFoundation.swiftmodule/arm64e-apple-ios.swiftmodule /Applications/Xcode-26.4.app/Contents/Developer/Toolchains/XcodeDefault.xctoolchain/usr/lib/swift/iphoneos/prebuilt-modules/26.4/FileProvider.swiftmodule/arm64e-apple-ios.swiftmodule /Applications/Xcode-26.4.app/Contents/Developer/Toolchains/XcodeDefault.xctoolchain/usr/lib/swift/iphoneos/prebuilt-modules/26.4/DeveloperToolsSupport.swiftmodule/arm64e-apple-ios.swiftmodule /Applications/Xcode-26.4.app/Contents/Developer/Toolchains/XcodeDefault.xctoolchain/usr/lib/swift/iphoneos/prebuilt-modules/26.4/Spatial.swiftmodule/arm64e-apple-ios.swiftmodule /Applications/Xcode-26.4.app/Contents/Developer/Toolchains/XcodeDefault.xctoolchain/usr/lib/swift/iphoneos/prebuilt-modules/26.4/Foundation.swiftmodule/arm64e-apple-ios.swiftmodule /Applications/Xcode-26.4.app/Contents/Developer/Toolchains/XcodeDefault.xctoolchain/usr/lib/swift/iphoneos/prebuilt-modules/26.4/CoreText.swiftmodule/arm64e-apple-ios.swiftmodule /Applications/Xcode-26.4.app/Contents/Developer/Toolchains/XcodeDefault.xctoolchain/usr/lib/swift/iphoneos/prebuilt-modules/26.4/System.swiftmodule/arm64e-apple-ios.swiftmodule /Applications/Xcode-26.4.app/Contents/Developer/Toolchains/XcodeDefault.xctoolchain/usr/lib/swift/iphoneos/prebuilt-modules/26.4/QuartzCore.swiftmodule/arm64e-apple-ios.swiftmodule /Applications/Xcode-26.4.app/Contents/Developer/Toolchains/XcodeDefault.xctoolchain/usr/lib/swift/iphoneos/prebuilt-modules/26.4/Symbols.swiftmodule/arm64e-apple-ios.swiftmodule /Applications/Xcode-26.4.app/Contents/Developer/Toolchains/XcodeDefault.xctoolchain/usr/lib/swift/iphoneos/prebuilt-modules/26.4/_DarwinFoundation3.swiftmodule/arm64e-apple-ios.swiftmodule /Applications/Xcode-26.4.app/Contents/Developer/Toolchains/XcodeDefault.xctoolchain/usr/lib/swift/iphoneos/prebuilt-modules/26.4/CoreImage.swiftmodule/arm64e-apple-ios.swiftmodule /Applications/Xcode-26.4.app/Contents/Developer/Toolchains/XcodeDefault.xctoolchain/usr/lib/swift/iphoneos/prebuilt-modules/26.4/OSLog.swiftmodule/arm64e-apple-ios.swiftmodule /Applications/Xcode-26.4.app/Contents/Developer/Toolchains/XcodeDefault.xctoolchain/usr/lib/swift/iphoneos/prebuilt-modules/26.4/os.swiftmodule/arm64e-apple-ios.swiftmodule /Applications/Xcode-26.4.app/Contents/Developer/Toolchains/XcodeDefault.xctoolchain/usr/lib/swift/iphoneos/prebuilt-modules/26.4/DataDetection.swiftmodule/arm64e-apple-ios.swiftmodule /Applications/Xcode-26.4.app/Contents/Developer/Toolchains/XcodeDefault.xctoolchain/usr/lib/swift/iphoneos/prebuilt-modules/26.4/_Builtin_float.swiftmodule/arm64e-apple-ios.swiftmodule /Applications/Xcode-26.4.app/Contents/Developer/Toolchains/XcodeDefault.xctoolchain/usr/lib/swift/iphoneos/prebuilt-modules/26.4/_Concurrency.swiftmodule/arm64e-apple-ios.swiftmodule /Applications/Xcode-26.4.app/Contents/Developer/Toolchains/XcodeDefault.xctoolchain/usr/lib/swift/iphoneos/prebuilt-modules/26.4/Darwin.swiftmodule/arm64e-apple-ios.swiftmodule /Applications/Xcode-26.4.app/Contents/Developer/Toolchains/XcodeDefault.xctoolchain/usr/lib/swift/iphoneos/prebuilt-modules/26.4/Swift.swiftmodule/arm64e-apple-ios.swiftmodule /Applications/Xcode-26.4.app/Contents/Developer/Toolchains/XcodeDefault.xctoolchain/usr/lib/swift/iphoneos/prebuilt-modules/26.4/_StringProcessing.swiftmodule/arm64e-apple-ios.swiftmodule /Applications/Xcode-26.4.app/Contents/Developer/Toolchains/XcodeDefault.xctoolchain/usr/lib/swift/iphoneos/prebuilt-modules/26.4/XPC.swiftmodule/arm64e-apple-ios.swiftmodule /Applications/Xcode-26.4.app/Contents/Developer/Toolchains/XcodeDefault.xctoolchain/usr/lib/swift/iphoneos/prebuilt-modules/26.4/CoreTransferable.swiftmodule/arm64e-apple-ios.swiftmodule /Applications/Xcode-26.4.app/Contents/Developer/Toolchains/XcodeDefault.xctoolchain/usr/lib/swift/iphoneos/prebuilt-modules/26.4/_DarwinFoundation1.swiftmodule/arm64e-apple-ios.swiftmodule /Applications/Xcode-26.4.app/Contents/Developer/Toolchains/XcodeDefault.xctoolchain/usr/lib/swift/iphoneos/prebuilt-modules/26.4/Observation.swiftmodule/arm64e-apple-ios.swiftmodule /Applications/Xcode-26.4.app/Contents/Developer/Toolchains/XcodeDefault.xctoolchain/usr/lib/swift/iphoneos/prebuilt-modules/26.4/simd.swiftmodule/arm64e-apple-ios.swiftmodule /Applications/Xcode-26.4.app/Contents/Developer/Toolchains/XcodeDefault.xctoolchain/usr/lib/swift/iphoneos/prebuilt-modules/26.4/SwiftUICore.swiftmodule/arm64e-apple-ios.swiftmodule /Applications/Xcode-26.4.app/Contents/Developer/Toolchains/XcodeDefault.xctoolchain/usr/lib/swift/iphoneos/prebuilt-modules/26.4/_DarwinFoundation2.swiftmodule/arm64e-apple-ios.swiftmodule /Applications/Xcode-26.4.app/Contents/Developer/Toolchains/XcodeDefault.xctoolchain/usr/lib/swift/iphoneos/prebuilt-modules/26.4/Metal.swiftmodule/arm64e-apple-ios.swiftmodule /Applications/Xcode-26.4.app/Contents/Developer/Toolchains/XcodeDefault.xctoolchain/usr/lib/swift/iphoneos/prebuilt-modules/26.4/Dispatch.swiftmodule/arm64e-apple-ios.swiftmodule /Applications/Xcode-26.4.app/Contents/Developer/Toolchains/XcodeDefault.xctoolchain/usr/lib/swift/iphoneos/prebuilt-modules/26.4/CoreGraphics.swiftmodule/arm64e-apple-ios.swiftmodule /Applications/Xcode-26.4.app/Contents/Developer/Toolchains/XcodeDefault.xctoolchain/usr/lib/swift/iphoneos/prebuilt-modules/26.4/UniformTypeIdentifiers.swiftmodule/arm64e-apple-ios.swiftmodule /Applications/Xcode-26.4.app/Contents/Developer/Toolchains/XcodeDefault.xctoolchain/usr/lib/swift/iphoneos/prebuilt-modules/26.4/ObjectiveC.swiftmodule/arm64e-apple-ios.swiftmodule /Applications/Xcode-26.4.app/Contents/Developer/Toolchains/XcodeDefault.xctoolchain/usr/lib/swift/iphoneos/prebuilt-modules/26.4/Combine.swiftmodule/arm64e-apple-ios.swiftmodule /Applications/Xcode-26.4.app/Contents/Developer/Toolchains/XcodeDefault.xctoolchain/usr/lib/swift/iphoneos/prebuilt-modules/26.4/UIKit.swiftmodule/arm64e-apple-ios.swiftmodule /Applications/Xcode-26.4.app/Contents/Developer/Toolchains/XcodeDefault.xctoolchain/usr/lib/swift/iphoneos/prebuilt-modules/26.4/CoreVideo.swiftmodule/arm64e-apple-ios.swiftmodule /Applications/Xcode-26.4.app/Contents/Developer/Toolchains/XcodeDefault.xctoolchain/usr/lib/swift/iphoneos/prebuilt-modules/26.4/Accessibility.swiftmodule/arm64e-apple-ios.swiftmodule /Users/builder/clone/build/ModuleCache.noindex/Metal-API99ACLGVJ0LCOD8H2BFQXJW.pcm /Users/builder/clone/build/ModuleCache.noindex/_DarwinFoundation1-BY8IH101M5CDB167KVTIL0C1Z.pcm /Users/builder/clone/build/ModuleCache.noindex/QuartzCore-82L8I9S4QDPKIBSA5DE1CX6QA.pcm /Users/builder/clone/build/ModuleCache.noindex/simd-BSWSXRLML747D1I3MKXIS72QO.pcm /Users/builder/clone/build/ModuleCache.noindex/_Builtin_limits-XHLD784D8WPPZQEXHGFC55BF.pcm /Users/builder/clone/build/ModuleCache.noindex/Symbols-4IY2GWUB7DFGPSE124NUDODPN.pcm /Users/builder/clone/build/ModuleCache.noindex/CoreServices-ER8FU223TPE46UYFNEUZANNZ0.pcm /Users/builder/clone/build/ModuleCache.noindex/_Builtin_float-85JALJ7TDDJVRCDY2BGUERQAS.pcm /Users/builder/clone/build/ModuleCache.noindex/ptrauth-6LUUL5WAG7REBSNPZZB05FMLV.pcm /Users/builder/clone/build/ModuleCache.noindex/os_object-5DJUYTWMFLH6P3NXZJKLUNUPU.pcm /Users/builder/clone/build/ModuleCache.noindex/_Builtin_intrinsics-6PL1ODUCDDBVU2XKNN1VZ5ND7.pcm /Users/builder/clone/build/ModuleCache.noindex/FileProvider-ES1PGXV7F10JITUURTEVQ4MOF.pcm /Users/builder/clone/build/ModuleCache.noindex/_Builtin_stdarg-5R2Y5DQ9CCCL9AXNPNWQHLN9D.pcm /Users/builder/clone/build/ModuleCache.noindex/_AvailabilityInternal-DFS0JW4PZLXT848C3VTWTDSUS.pcm /Users/builder/clone/build/ModuleCache.noindex/CoreImage-197CZCAPBVBNVFAAM6QMD3OAM.pcm /Users/builder/clone/build/ModuleCache.noindex/CoreVideo-CAF6XWOYMNTN9TK6VWLNIH3C5.pcm /Users/builder/clone/build/ModuleCache.noindex/UniformTypeIdentifiers-NWOMNHVYXZ1L8FHFL7TN9RLG.pcm /Users/builder/clone/build/ModuleCache.noindex/CoreFoundation-2INE8R3HT0NQOAMD08EAY60NQ.pcm /Users/builder/clone/build/ModuleCache.noindex/Foundation-8QW824YXXHXXCI7ILXW8ILV1G.pcm /Users/builder/clone/build/ModuleCache.noindex/SwiftShims-8FO93YKE1WBUL8ZVXE6V0W7TF.pcm /Users/builder/clone/build/ModuleCache.noindex/os-VN4E92RQR7U9PJADXD7BSCO5.pcm /Users/builder/clone/build/ModuleCache.noindex/_Builtin_stdbool-2ILQPNNY1Q1DQQK2TZ9WXC57G.pcm /Users/builder/clone/build/ModuleCache.noindex/ImageIO-B333V7XDYJWJU9NTF8Y2MV80I.pcm /Users/builder/clone/build/ModuleCache.noindex/Darwin-6RKUUF4EH2R721CA2RMUMBGM.pcm /Users/builder/clone/build/ModuleCache.noindex/_Builtin_stdatomic-4C4KLUK64YOJ8Y6GZ37Y6UN7C.pcm /Users/builder/clone/build/ModuleCache.noindex/UIUtilities-6JOADBKTSE4NPC88FM5OYVU8P.pcm /Users/builder/clone/build/ModuleCache.noindex/DataDetection-QZCUY58ELATMPGLV3YTCHC3Q.pcm /Users/builder/clone/build/ModuleCache.noindex/CoreText-31JI8H8TNAKKRE4OOY1XBI0EE.pcm /Users/builder/clone/build/ModuleCache.noindex/OpenGLES-4WHAPQZ50BKGVGRE57NIPC1Q3.pcm /Users/builder/clone/build/ModuleCache.noindex/_Builtin_inttypes-BDDTEDMVWUP4QDWT2P9QEWF54.pcm /Users/builder/clone/build/ModuleCache.noindex/ObjectiveC-5B0MBDYIVRE8T5RMG8FSUAJAC.pcm /Users/builder/clone/build/ModuleCache.noindex/_Builtin_tgmath-5IEHEMEP25RCBXTADL8PLI512.pcm /Users/builder/clone/build/ModuleCache.noindex/UserNotifications-7Q0Y5OT179CFY0A1S1OWG7EVS.pcm /Users/builder/clone/build/ModuleCache.noindex/Security-5WQIKACZXTIZWZ5UPCCB04Z6K.pcm /Users/builder/clone/build/ModuleCache.noindex/MachO-DZMS1HU305V4D7CIKLN8WSEFR.pcm /Users/builder/clone/build/ModuleCache.noindex/_DarwinFoundation2-5VUBEIZBEOC3ULBJKT8JJE3XM.pcm /Users/builder/clone/build/ModuleCache.noindex/_Builtin_stddef-8IK85O58DGRDUMM87197TSPI.pcm /Users/builder/clone/build/ModuleCache.noindex/CoreGraphics-BYW19FT7DN8S5UQ65XLAXKIRB.pcm /Users/builder/clone/build/ModuleCache.noindex/MobileCoreServices-3B3VHY6TRY4ZRYEA2N0BT0H7Y.pcm /Users/builder/clone/build/ModuleCache.noindex/OSLog-4D6PR7NKYEG76TEDB6O79JTT5.pcm /Users/builder/clone/build/ModuleCache.noindex/_SwiftConcurrencyShims-CHQ5P6QLKPZP1WOW5JG11BOT6.pcm /Users/builder/clone/build/ModuleCache.noindex/CoreTransferable-B5CV2GWW0SLB0OWR5YV68MGYP.pcm /Users/builder/clone/build/ModuleCache.noindex/Spatial-7321YNVRFT2NYPGYRS6LO6OB8.pcm /Users/builder/clone/build/ModuleCache.noindex/XPC-83H6M22GN0LJJMP6IVF07J1T3.pcm /Users/builder/clone/build/ModuleCache.noindex/IOSurface-ESNQSTFGAKOFKL0AHHMLA2M7K.pcm /Users/builder/clone/build/ModuleCache.noindex/Dispatch-EKXSOI9AGDVEYYTP3JDSKW2W.pcm /Users/builder/clone/build/ModuleCache.noindex/_Builtin_stdint-BY1E7A3YMCKR9BQHIRHXF627F.pcm /Users/builder/clone/build/ModuleCache.noindex/sys_types-4YSRAH9YYNB3I66HHQWOQEM6L.pcm /Users/builder/clone/build/ModuleCache.noindex/CFNetwork-BV2YOXQR3QGCZZC1FYZ35ME6C.pcm /Users/builder/clone/build/ModuleCache.noindex/_DarwinFoundation3-DQKFTYUE0CHO3ZH6HIURZWJNS.pcm /Users/builder/clone/build/ModuleCache.noindex/UIKit-EONTKDDW1VYYMIHYDJLTUSBW2.pcm /Users/builder/clone/build/ModuleCache.noindex/Accessibility-3RX97MFHHJGQXOG4G0VI5N8UT.pcm /Users/builder/clone/build/ModuleCache.noindex/DeveloperToolsSupport-6TKJ89Z9VNTO3LJSI4PGGBY39.pcm /Users/builder/clone/build/ModuleCache.noindex/os_workgroup-B4SMTMQEDV9ZG1HPU7XWJA5NQ.pcm /Users/builder/clone/build/ModuleCache.noindex/ptrcheck-EOTZRFSYY3Z8DNJPOZG8CPHUK.pcm /Users/builder/clone/build/ModuleCache.noindex/SwiftUICore-K6N5BX0PK7EO76ERJVXDY9W5.pcm /Users/builder/clone/build/Build/Intermediates.noindex/Gifu.build/Release-iphoneos/Gifu.build/Objects-normal/arm64/Gifu-dependencies-1.json (in target 'Gifu' from project 'Gifu')\n\nCompileSwift normal arm64 (in target 'Gifu' from project 'Gifu')\n    cd /Users/builder/clone/IceCubesApp.xcodeproj\n    \n\nSwiftExplicitDependencyGeneratePcm arm64 /Users/builder/clone/build/ModuleCache.noindex/WebKit-B9YR4PQGKSVZ1GHUB2GSAGGJE.pcm\n\nSwiftCompile normal arm64 Compiling\\ LRUCache.swift /Users/builder/clone/build/SourcePackages/checkouts/LRUCache/Sources/LRUCache.swift /Applications/Xcode-26.4.app/Contents/Developer/Toolchains/XcodeDefault.xctoolchain/usr/lib/swift/iphoneos/prebuilt-modules/26.4/_DarwinFoundation3.swiftmodule/arm64e-apple-ios.swiftmodule /Applications/Xcode-26.4.app/Contents/Developer/Toolchains/XcodeDefault.xctoolchain/usr/lib/swift/iphoneos/prebuilt-modules/26.4/os.swiftmodule/arm64e-apple-ios.swiftmodule /Applications/Xcode-26.4.app/Contents/Developer/Toolchains/XcodeDefault.xctoolchain/usr/lib/swift/iphoneos/prebuilt-modules/26.4/_StringProcessing.swiftmodule/arm64e-apple-ios.swiftmodule /Applications/Xcode-26.4.app/Contents/Developer/Toolchains/XcodeDefault.xctoolchain/usr/lib/swift/iphoneos/prebuilt-modules/26.4/QuartzCore.swiftmodule/arm64e-apple-ios.swiftmodule /Applications/Xcode-26.4.app/Contents/Developer/Toolchains/XcodeDefault.xctoolchain/usr/lib/swift/iphoneos/prebuilt-modules/26.4/Symbols.swiftmodule/arm64e-apple-ios.swiftmodule /Applications/Xcode-26.4.app/Contents/Developer/Toolchains/XcodeDefault.xctoolchain/usr/lib/swift/iphoneos/prebuilt-modules/26.4/XPC.swiftmodule/arm64e-apple-ios.swiftmodule /Applications/Xcode-26.4.app/Contents/Developer/Toolchains/XcodeDefault.xctoolchain/usr/lib/swift/iphoneos/prebuilt-modules/26.4/Darwin.swiftmodule/arm64e-apple-ios.swiftmodule /Applications/Xcode-26.4.app/Contents/Developer/Toolchains/XcodeDefault.xctoolchain/usr/lib/swift/iphoneos/prebuilt-modules/26.4/Spatial.swiftmodule/arm64e-apple-ios.swiftmodule /Applications/Xcode-26.4.app/Contents/Developer/Toolchains/XcodeDefault.xctoolchain/usr/lib/swift/iphoneos/prebuilt-modules/26.4/CoreGraphics.swiftmodule/arm64e-apple-ios.swiftmodule /Applications/Xcode-26.4.app/Contents/Developer/Toolchains/XcodeDefault.xctoolchain/usr/lib/swift/iphoneos/prebuilt-modules/26.4/UniformTypeIdentifiers.swiftmodule/arm64e-apple-ios.swiftmodule /Applications/Xcode-26.4.app/Contents/Developer/Toolchains/XcodeDefault.xctoolchain/usr/lib/swift/iphoneos/prebuilt-modules/26.4/_DarwinFoundation2.swiftmodule/arm64e-apple-ios.swiftmodule /Applications/Xcode-26.4.app/Contents/Developer/Toolchains/XcodeDefault.xctoolchain/usr/lib/swift/iphoneos/prebuilt-modules/26.4/UIKit.swiftmodule/arm64e-apple-ios.swiftmodule /Applications/Xcode-26.4.app/Contents/Developer/Toolchains/XcodeDefault.xctoolchain/usr/lib/swift/iphoneos/prebuilt-modules/26.4/DeveloperToolsSupport.swiftmodule/arm64e-apple-ios.swiftmodule /Applications/Xcode-26.4.app/Contents/Developer/Toolchains/XcodeDefault.xctoolchain/usr/lib/swift/iphoneos/prebuilt-modules/26.4/Metal.swiftmodule/arm64e-apple-ios.swiftmodule /Applications/Xcode-26.4.app/Contents/Developer/Toolchains/XcodeDefault.xctoolchain/usr/lib/swift/iphoneos/prebuilt-modules/26.4/System.swiftmodule/arm64e-apple-ios.swiftmodule /Applications/Xcode-26.4.app/Contents/Developer/Toolchains/XcodeDefault.xctoolchain/usr/lib/swift/iphoneos/prebuilt-modules/26.4/CoreVideo.swiftmodule/arm64e-apple-ios.swiftmodule /Applications/Xcode-26.4.app/Contents/Developer/Toolchains/XcodeDefault.xctoolchain/usr/lib/swift/iphoneos/prebuilt-modules/26.4/SwiftUICore.swiftmodule/arm64e-apple-ios.swiftmodule /Applications/Xcode-26.4.app/Contents/Developer/Toolchains/XcodeDefault.xctoolchain/usr/lib/swift/iphoneos/prebuilt-modules/26.4/_DarwinFoundation1.swiftmodule/arm64e-apple-ios.swiftmodule /Applications/Xcode-26.4.app/Contents/Developer/Toolchains/XcodeDefault.xctoolchain/usr/lib/swift/iphoneos/prebuilt-modules/26.4/simd.swiftmodule/arm64e-apple-ios.swiftmodule /Applications/Xcode-26.4.app/Contents/Developer/Toolchains/XcodeDefault.xctoolchain/usr/lib/swift/iphoneos/prebuilt-modules/26.4/CoreText.swiftmodule/arm64e-apple-ios.swiftmodule /Applications/Xcode-26.4.app/Contents/Developer/Toolchains/XcodeDefault.xctoolchain/usr/lib/swift/iphoneos/prebuilt-modules/26.4/_Builtin_float.swiftmodule/arm64e-apple-ios.swiftmodule /Applications/Xcode-26.4.app/Contents/Developer/Toolchains/XcodeDefault.xctoolchain/usr/lib/swift/iphoneos/prebuilt-modules/26.4/CoreTransferable.swiftmodule/arm64e-apple-ios.swiftmodule /Applications/Xcode-26.4.app/Contents/Developer/Toolchains/XcodeDefault.xctoolchain/usr/lib/swift/iphoneos/prebuilt-modules/26.4/Foundation.swiftmodule/arm64e-apple-ios.swiftmodule /Applications/Xcode-26.4.app/Contents/Developer/Toolchains/XcodeDefault.xctoolchain/usr/lib/swift/iphoneos/prebuilt-modules/26.4/ObjectiveC.swiftmodule/arm64e-apple-ios.swiftmodule /Applications/Xcode-26.4.app/Contents/Developer/Toolchains/XcodeDefault.xctoolchain/usr/lib/swift/iphoneos/prebuilt-modules/26.4/_Concurrency.swiftmodule/arm64e-apple-ios.swiftmodule /Applications/Xcode-26.4.app/Contents/Developer/Toolchains/XcodeDefault.xctoolchain/usr/lib/swift/iphoneos/prebuilt-modules/26.4/FileProvider.swiftmodule/arm64e-apple-ios.swiftmodule /Applications/Xcode-26.4.app/Contents/Developer/Toolchains/XcodeDefault.xctoolchain/usr/lib/swift/iphoneos/prebuilt-modules/26.4/Combine.swiftmodule/arm64e-apple-ios.swiftmodule /Applications/Xcode-26.4.app/Contents/Developer/Toolchains/XcodeDefault.xctoolchain/usr/lib/swift/iphoneos/prebuilt-modules/26.4/OSLog.swiftmodule/arm64e-apple-ios.swiftmodule /Applications/Xcode-26.4.app/Contents/Developer/Toolchains/XcodeDefault.xctoolchain/usr/lib/swift/iphoneos/prebuilt-modules/26.4/Observation.swiftmodule/arm64e-apple-ios.swiftmodule /Applications/Xcode-26.4.app/Contents/Developer/Toolchains/XcodeDefault.xctoolchain/usr/lib/swift/iphoneos/prebuilt-modules/26.4/DataDetection.swiftmodule/arm64e-apple-ios.swiftmodule /Applications/Xcode-26.4.app/Contents/Developer/Toolchains/XcodeDefault.xctoolchain/usr/lib/swift/iphoneos/prebuilt-modules/26.4/Dispatch.swiftmodule/arm64e-apple-ios.swiftmodule /Applications/Xcode-26.4.app/Contents/Developer/Toolchains/XcodeDefault.xctoolchain/usr/lib/swift/iphoneos/prebuilt-modules/26.4/Accessibility.swiftmodule/arm64e-apple-ios.swiftmodule /Applications/Xcode-26.4.app/Contents/Developer/Toolchains/XcodeDefault.xctoolchain/usr/lib/swift/iphoneos/prebuilt-modules/26.4/Swift.swiftmodule/arm64e-apple-ios.swiftmodule /Applications/Xcode-26.4.app/Contents/Developer/Toolchains/XcodeDefault.xctoolchain/usr/lib/swift/iphoneos/prebuilt-modules/26.4/CoreImage.swiftmodule/arm64e-apple-ios.swiftmodule /Applications/Xcode-26.4.app/Contents/Developer/Toolchains/XcodeDefault.xctoolchain/usr/lib/swift/iphoneos/prebuilt-modules/26.4/CoreFoundation.swiftmodule/arm64e-apple-ios.swiftmodule /Users/builder/clone/build/ModuleCache.noindex/_Builtin_stddef-BB4QVRWLQPKQFP8JNJD0W8GAN.pcm /Users/builder/clone/build/ModuleCache.noindex/_Builtin_float-2SCQEMQEBIDUKNY6JWCDOO11G.pcm /Users/builder/clone/build/ModuleCache.noindex/Metal-7YSUO0KEBD5EH9Z41AFAPQFR.pcm /Users/builder/clone/build/ModuleCache.noindex/_DarwinFoundation3-DY8NKKEJ8L2MTRNBGEHAPT5DM.pcm /Users/builder/clone/build/ModuleCache.noindex/CoreText-3X44K35Q1VPDBV00UMFIRMIKV.pcm /Users/builder/clone/build/ModuleCache.noindex/UniformTypeIdentifiers-6P20BIO8DDZL5ROCP8D8WGPE0.pcm /Users/builder/clone/build/ModuleCache.noindex/CFNetwork-WBAWX6LIWV7GVTAGNWN3QVNX.pcm /Users/builder/clone/build/ModuleCache.noindex/UIKit-6C7F0NTESSX0F1EL9XK96F41K.pcm /Users/builder/clone/build/ModuleCache.noindex/CoreVideo-4XQ1TYTLBBE58YDEML7VD2Z9P.pcm /Users/builder/clone/build/ModuleCache.noindex/_AvailabilityInternal-HZ0RQBGAAN0QZ99B6J54UUYW.pcm /Users/builder/clone/build/ModuleCache.noindex/os_object-5OSU1U0DEBH4XAUVWITEJ4MPR.pcm /Users/builder/clone/build/ModuleCache.noindex/Dispatch-8GYF4EP8REEU3QEW8Z933NFUQ.pcm /Users/builder/clone/build/ModuleCache.noindex/QuartzCore-4HXPT2CNSS93YXXQSLKIKY7RA.pcm /Users/builder/clone/build/ModuleCache.noindex/SwiftUICore-CUKWBNX4LN287VPZN9XM5S1MP.pcm /Users/builder/clone/build/ModuleCache.noindex/_Builtin_inttypes-84PMF3J701KL39W8XHWT9YV4L.pcm /Users/builder/clone/build/ModuleCache.noindex/Accessibility-6CGAD9HFYBPRH52XHIXU25W3B.pcm /Users/builder/clone/build/ModuleCache.noindex/_Builtin_limits-2GLYII2961SBP7KNDWBXKCYIU.pcm /Users/builder/clone/build/ModuleCache.noindex/_Builtin_stdatomic-76KDFMAXDXS2299VGGNKRYVFV.pcm /Users/builder/clone/build/ModuleCache.noindex/DataDetection-767JSQ2PVF65S0V6ACG5TQ3Z2.pcm /Users/builder/clone/build/ModuleCache.noindex/CoreTransferable-8FDXEPCRNEAQTE76JJB0LPFUU.pcm /Users/builder/clone/build/ModuleCache.noindex/simd-21NO8HAWUIWMXH9APP0YRDFQO.pcm /Users/builder/clone/build/ModuleCache.noindex/Foundation-8ESBZZ9N1J4PLT4Z9IWTLGEHX.pcm /Users/builder/clone/build/ModuleCache.noindex/OpenGLES-DKNU5AR9XXJ9R6V4TBYPRRYZA.pcm /Users/builder/clone/build/ModuleCache.noindex/DeveloperToolsSupport-ARDR2BFT1ESNNFCUSG58K5VDU.pcm /Users/builder/clone/build/ModuleCache.noindex/_DarwinFoundation1-ABIHU72TA312QF6KDYFEZMWY0.pcm /Users/builder/clone/build/ModuleCache.noindex/UIUtilities-D9XJ7VDIG1IHLIHWVH8X8G5XO.pcm /Users/builder/clone/build/ModuleCache.noindex/os-F5KWFQN3957WM4HIB2FUBIGYE.pcm /Users/builder/clone/build/ModuleCache.noindex/Security-3F4HC5OTFYZ17SDJMC1AFIDUH.pcm /Users/builder/clone/build/ModuleCache.noindex/ObjectiveC-C5YN1C0BZ7ESBGBP0B5XKM9R7.pcm /Users/builder/clone/build/ModuleCache.noindex/_Builtin_stdint-8O3R5RESI6Q2C48CPPQ9C67AM.pcm /Users/builder/clone/build/ModuleCache.noindex/sys_types-B33PJM372D4Z1NVRZM5YRD1RP.pcm /Users/builder/clone/build/ModuleCache.noindex/UserNotifications-93CPPOUFW0O3AYEX1I7X0DI72.pcm /Users/builder/clone/build/ModuleCache.noindex/SwiftShims-E9TKEMZXJ2MR8M3OWQ4MIGGM6.pcm /Users/builder/clone/build/ModuleCache.noindex/FileProvider-2ZC8JGMP6Y5LLS2X265VONA02.pcm /Users/builder/clone/build/ModuleCache.noindex/CoreGraphics-DHIHCZLPL10G7BENB0X8378AJ.pcm /Users/builder/clone/build/ModuleCache.noindex/ImageIO-6YGWHRL8SUR3EUL251BW6ZONE.pcm /Users/builder/clone/build/ModuleCache.noindex/os_workgroup-DC39T5CMKIEJIDYOY5PWYDB15.pcm /Users/builder/clone/build/ModuleCache.noindex/CoreImage-DD8SUJZ64K9CVFIOVE5KJKHFG.pcm /Users/builder/clone/build/ModuleCache.noindex/MachO-41JF1MHKCOEGDAH4NBS40EAV5.pcm /Users/builder/clone/build/ModuleCache.noindex/ptrauth-C60CAIU36OYOR69O7ASMTTFU8.pcm /Users/builder/clone/build/ModuleCache.noindex/_SwiftConcurrencyShims-2BNDF9OPLGTNP0XB8L7VZ4LAU.pcm /Users/builder/clone/build/ModuleCache.noindex/_Builtin_stdarg-ENGARVB1RCA82QNVX3AKNIA7I.pcm /Users/builder/clone/build/ModuleCache.noindex/IOSurface-4H7NGKW4G1MF61ZG9NU7XEMDR.pcm /Users/builder/clone/build/ModuleCache.noindex/XPC-7DBBZ0RY9AXLIFQ1ZQNCEOL7M.pcm /Users/builder/clone/build/ModuleCache.noindex/Darwin-9JK4K57VV391ZCRL6PJKDW6QC.pcm /Users/builder/clone/build/ModuleCache.noindex/OSLog-8KMWTEYMTYT110P4R2DM2CEA7.pcm /Users/builder/clone/build/ModuleCache.noindex/Spatial-570Y3ACNSWLPH9JH9J72TBKJD.pcm /Users/builder/clone/build/ModuleCache.noindex/Symbols-6YCZR2ARZG9NZRZ7VDZA78Y8Z.pcm /Users/builder/clone/build/ModuleCache.noindex/_Builtin_stdbool-4CMY3LS3VS80AUOFD187RSTV6.pcm /Users/builder/clone/build/ModuleCache.noindex/_DarwinFoundation2-IH2TNLDCFEU7XZQT9CTVUQ1P.pcm /Users/builder/clone/build/ModuleCache.noindex/ptrcheck-3O5DVQU3FOAHU85DJI4YDN56T.pcm /Users/builder/clone/build/ModuleCache.noindex/_Builtin_intrinsics-68YOBLARAI3EV9PG7YHQ1CZG8.pcm /Users/builder/clone/build/ModuleCache.noindex/CoreFoundation-A6CZS58YETCJR8NW8HTBMP5MT.pcm /Users/builder/clone/build/ModuleCache.noindex/_Builtin_tgmath-4TGPTBNB67ZX9LJ219K0ULBGG.pcm /Users/builder/clone/build/Build/Intermediates.noindex/LRUCache.build/Release-iphoneos/LRUCache.build/Objects-normal/arm64/LRUCache-dependencies-1.json (in target 'LRUCache' from project 'LRUCache')\n\nSwiftCompile normal arm64 /Users/builder/clone/build/SourcePackages/checkouts/LRUCache/Sources/LRUCache.swift (in target 'LRUCache' from project 'LRUCache')\n    cd /Users/builder/clone/IceCubesApp.xcodeproj\n    \n\nSwiftExplicitDependencyGeneratePcm arm64 /Users/builder/clone/build/ModuleCache.noindex/StoreKit-WCZBT051B4UBVF4QZ993ZNDF.pcm\n\nSwiftDriverJobDiscovery normal arm64 Compiling LRUCache.swift (in target 'LRUCache' from project 'LRUCache')\n\nSwiftDriver\\ Compilation\\ Requirements LRUCache normal arm64 com.apple.xcode.tools.swift.compiler (in target 'LRUCache' from project 'LRUCache')\n    cd /Users/builder/clone/IceCubesApp.xcodeproj\n    builtin-Swift-Compilation-Requirements -- /Applications/Xcode-26.4.app/Contents/Developer/Toolchains/XcodeDefault.xctoolchain/usr/bin/swiftc -module-name LRUCache -O -whole-module-optimization @/Users/builder/clone/build/Build/Intermediates.noindex/LRUCache.build/Release-iphoneos/LRUCache.build/Objects-normal/arm64/LRUCache.SwiftFileList -DSWIFT_PACKAGE -DSWIFT_MODULE_RESOURCE_BUNDLE_UNAVAILABLE -DXcode -plugin-path /Applications/Xcode-26.4.app/Contents/Developer/Toolchains/XcodeDefault.xctoolchain/usr/lib/swift/host/plugins/testing -enable-experimental-feature DebugDescriptionMacro -sdk /Applications/Xcode-26.4.app/Contents/Developer/Platforms/iPhoneOS.platform/Developer/SDKs/iPhoneOS26.4.sdk -target arm64-apple-ios13.0 -g -module-cache-path /Users/builder/clone/build/ModuleCache.noindex -Xfrontend -serialize-debugging-options -suppress-warnings -swift-version 5 -I /Users/builder/clone/build/Build/Products/Release-iphoneos -Isystem /Applications/Xcode-26.4.app/Contents/Developer/Platforms/iPhoneOS.platform/Developer/usr/lib -F /Users/builder/clone/build/Build/Products/Release-iphoneos -F /Applications/Xcode-26.4.app/Contents/Developer/Platforms/iPhoneOS.platform/Developer/Library/Frameworks -F /Applications/Xcode-26.4.app/Contents/Developer/Platforms/iPhoneOS.platform/Developer/SDKs/iPhoneOS26.4.sdk/Developer/Library/Frameworks -parse-as-library -c -num-threads 3 -Xcc -ivfsstatcache -Xcc /Users/builder/clone/build/SDKStatCaches.noindex/iphoneos26.4-23E252-dc38477e7e47e42951976ad86cc01fb3.sdkstatcache -output-file-map /Users/builder/clone/build/Build/Intermediates.noindex/LRUCache.build/Release-iphoneos/LRUCache.build/Objects-normal/arm64/LRUCache-OutputFileMap.json -use-frontend-parseable-output -save-temps -no-color-diagnostics -explicit-module-build -module-cache-path /Users/builder/clone/build/Build/Intermediates.noindex/SwiftExplicitPrecompiledModules -clang-scanner-module-cache-path /Users/builder/clone/build/ModuleCache.noindex -sdk-module-cache-path /Users/builder/clone/build/ModuleCache.noindex -serialize-diagnostics -emit-dependencies -emit-module -emit-module-path /Users/builder/clone/build/Build/Intermediates.noindex/LRUCache.build/Release-iphoneos/LRUCache.build/Objects-normal/arm64/LRUCache.swiftmodule -validate-clang-modules-once -clang-build-session-file /Users/builder/clone/build/ModuleCache.noindex/Session.modulevalidation -Xcc -I/Users/builder/clone/build/Build/Intermediates.noindex/LRUCache.build/Release-iphoneos/LRUCache.build/swift-overrides.hmap -emit-const-values -Xfrontend -const-gather-protocols-file -Xfrontend /Users/builder/clone/build/Build/Intermediates.noindex/LRUCache.build/Release-iphoneos/LRUCache.build/Objects-normal/arm64/LRUCache_const_extract_protocols.json -Xcc -I/Users/builder/clone/build/Build/Products/Release-iphoneos/include -Xcc -I/Users/builder/clone/build/Build/Intermediates.noindex/LRUCache.build/Release-iphoneos/LRUCache.build/DerivedSources-normal/arm64 -Xcc -I/Users/builder/clone/build/Build/Intermediates.noindex/LRUCache.build/Release-iphoneos/LRUCache.build/DerivedSources/arm64 -Xcc -I/Users/builder/clone/build/Build/Intermediates.noindex/LRUCache.build/Release-iphoneos/LRUCache.build/DerivedSources -Xcc -DSWIFT_PACKAGE -emit-objc-header -emit-objc-header-path /Users/builder/clone/build/Build/Intermediates.noindex/LRUCache.build/Release-iphoneos/LRUCache.build/Objects-normal/arm64/LRUCache-Swift.h -working-directory /Users/builder/clone/IceCubesApp.xcodeproj -no-emit-module-separately-wmo\n\nSwiftExplicitDependencyGeneratePcm arm64 /Users/builder/clone/build/ModuleCache.noindex/MapKit-2TP1SS2O78T920R2QRIGAXCJ9.pcm\n\nSwiftMergeGeneratedHeaders /Users/builder/clone/build/Build/Intermediates.noindex/GeneratedModuleMaps-iphoneos/LRUCache-Swift.h /Users/builder/clone/build/Build/Intermediates.noindex/LRUCache.build/Release-iphoneos/LRUCache.build/Objects-normal/arm64/LRUCache-Swift.h (in target 'LRUCache' from project 'LRUCache')\n    cd /Users/builder/clone/build/SourcePackages/checkouts/LRUCache\n    builtin-swiftHeaderTool -arch arm64 /Users/builder/clone/build/Build/Intermediates.noindex/LRUCache.build/Release-iphoneos/LRUCache.build/Objects-normal/arm64/LRUCache-Swift.h -o /Users/builder/clone/build/Build/Intermediates.noindex/GeneratedModuleMaps-iphoneos/LRUCache-Swift.h\n\nCopy /Users/builder/clone/build/Build/Products/Release-iphoneos/LRUCache.swiftmodule/arm64-apple-ios.swiftmodule /Users/builder/clone/build/Build/Intermediates.noindex/LRUCache.build/Release-iphoneos/LRUCache.build/Objects-normal/arm64/LRUCache.swiftmodule (in target 'LRUCache' from project 'LRUCache')\n    cd /Users/builder/clone/build/SourcePackages/checkouts/LRUCache\n    builtin-copy -exclude .DS_Store -exclude CVS -exclude .svn -exclude .git -exclude .hg -strip-unsigned-binaries -strip-deterministic -strip-tool /Applications/Xcode-26.4.app/Contents/Developer/Toolchains/XcodeDefault.xctoolchain/usr/bin/strip -resolve-src-symlinks -rename /Users/builder/clone/build/Build/Intermediates.noindex/LRUCache.build/Release-iphoneos/LRUCache.build/Objects-normal/arm64/LRUCache.swiftmodule /Users/builder/clone/build/Build/Products/Release-iphoneos/LRUCache.swiftmodule/arm64-apple-ios.swiftmodule\n\nCopy /Users/builder/clone/build/Build/Products/Release-iphoneos/LRUCache.swiftmodule/arm64-apple-ios.swiftdoc /Users/builder/clone/build/Build/Intermediates.noindex/LRUCache.build/Release-iphoneos/LRUCache.build/Objects-normal/arm64/LRUCache.swiftdoc (in target 'LRUCache' from project 'LRUCache')\n    cd /Users/builder/clone/build/SourcePackages/checkouts/LRUCache\n    builtin-copy -exclude .DS_Store -exclude CVS -exclude .svn -exclude .git -exclude .hg -strip-unsigned-binaries -strip-deterministic -strip-tool /Applications/Xcode-26.4.app/Contents/Developer/Toolchains/XcodeDefault.xctoolchain/usr/bin/strip -resolve-src-symlinks -rename /Users/builder/clone/build/Build/Intermediates.noindex/LRUCache.build/Release-iphoneos/LRUCache.build/Objects-normal/arm64/LRUCache.swiftdoc /Users/builder/clone/build/Build/Products/Release-iphoneos/LRUCache.swiftmodule/arm64-apple-ios.swiftdoc\n\nCopy /Users/builder/clone/build/Build/Products/Release-iphoneos/LRUCache.swiftmodule/arm64-apple-ios.abi.json /Users/builder/clone/build/Build/Intermediates.noindex/LRUCache.build/Release-iphoneos/LRUCache.build/Objects-normal/arm64/LRUCache.abi.json (in target 'LRUCache' from project 'LRUCache')\n    cd /Users/builder/clone/build/SourcePackages/checkouts/LRUCache\n    builtin-copy -exclude .DS_Store -exclude CVS -exclude .svn -exclude .git -exclude .hg -strip-unsigned-binaries -strip-deterministic -strip-tool /Applications/Xcode-26.4.app/Contents/Developer/Toolchains/XcodeDefault.xctoolchain/usr/bin/strip -resolve-src-symlinks -rename /Users/builder/clone/build/Build/Intermediates.noindex/LRUCache.build/Release-iphoneos/LRUCache.build/Objects-normal/arm64/LRUCache.abi.json /Users/builder/clone/build/Build/Products/Release-iphoneos/LRUCache.swiftmodule/arm64-apple-ios.abi.json\n\nCopy /Users/builder/clone/build/Build/Products/Release-iphoneos/LRUCache.swiftmodule/Project/arm64-apple-ios.swiftsourceinfo /Users/builder/clone/build/Build/Intermediates.noindex/LRUCache.build/Release-iphoneos/LRUCache.build/Objects-normal/arm64/LRUCache.swiftsourceinfo (in target 'LRUCache' from project 'LRUCache')\n    cd /Users/builder/clone/build/SourcePackages/checkouts/LRUCache\n    builtin-copy -exclude .DS_Store -exclude CVS -exclude .svn -exclude .git -exclude .hg -strip-unsigned-binaries -strip-deterministic -strip-tool /Applications/Xcode-26.4.app/Contents/Developer/Toolchains/XcodeDefault.xctoolchain/usr/bin/strip -resolve-src-symlinks -rename /Users/builder/clone/build/Build/Intermediates.noindex/LRUCache.build/Release-iphoneos/LRUCache.build/Objects-normal/arm64/LRUCache.swiftsourceinfo /Users/builder/clone/build/Build/Products/Release-iphoneos/LRUCache.swiftmodule/Project/arm64-apple-ios.swiftsourceinfo\n\nSwiftExplicitDependencyGeneratePcm arm64 /Users/builder/clone/build/ModuleCache.noindex/SwiftUI-86PP5IKYH13L9AXG1NY6HYW49.pcm\n\nSwiftExplicitDependencyGeneratePcm arm64 /Users/builder/clone/build/ModuleCache.noindex/SwiftUI-AK1XGHATEPFTJ70AWO7W6AWK9.pcm\n\nSwiftCompile normal arm64 Compiling\\ ContentManager.swift,\\ InternalWrappingHStack.swift,\\ NewLine.swift,\\ ViewType.swift,\\ WrappingHStack.swift /Users/builder/clone/build/SourcePackages/checkouts/WrappingHStack/Sources/WrappingHStack/ContentManager.swift /Users/builder/clone/build/SourcePackages/checkouts/WrappingHStack/Sources/WrappingHStack/InternalWrappingHStack.swift /Users/builder/clone/build/SourcePackages/checkouts/WrappingHStack/Sources/WrappingHStack/NewLine.swift /Users/builder/clone/build/SourcePackages/checkouts/WrappingHStack/Sources/WrappingHStack/ViewType.swift /Users/builder/clone/build/SourcePackages/checkouts/WrappingHStack/Sources/WrappingHStack/WrappingHStack.swift /Applications/Xcode-26.4.app/Contents/Developer/Toolchains/XcodeDefault.xctoolchain/usr/lib/swift/iphoneos/prebuilt-modules/26.4/Spatial.swiftmodule/arm64e-apple-ios.swiftmodule /Applications/Xcode-26.4.app/Contents/Developer/Toolchains/XcodeDefault.xctoolchain/usr/lib/swift/iphoneos/prebuilt-modules/26.4/DeveloperToolsSupport.swiftmodule/arm64e-apple-ios.swiftmodule /Applications/Xcode-26.4.app/Contents/Developer/Toolchains/XcodeDefault.xctoolchain/usr/lib/swift/iphoneos/prebuilt-modules/26.4/CoreFoundation.swiftmodule/arm64e-apple-ios.swiftmodule /Applications/Xcode-26.4.app/Contents/Developer/Toolchains/XcodeDefault.xctoolchain/usr/lib/swift/iphoneos/prebuilt-modules/26.4/CoreText.swiftmodule/arm64e-apple-ios.swiftmodule /Applications/Xcode-26.4.app/Contents/Developer/Toolchains/XcodeDefault.xctoolchain/usr/lib/swift/iphoneos/prebuilt-modules/26.4/Foundation.swiftmodule/arm64e-apple-ios.swiftmodule /Applications/Xcode-26.4.app/Contents/Developer/Toolchains/XcodeDefault.xctoolchain/usr/lib/swift/iphoneos/prebuilt-modules/26.4/FileProvider.swiftmodule/arm64e-apple-ios.swiftmodule /Applications/Xcode-26.4.app/Contents/Developer/Toolchains/XcodeDefault.xctoolchain/usr/lib/swift/iphoneos/prebuilt-modules/26.4/System.swiftmodule/arm64e-apple-ios.swiftmodule /Applications/Xcode-26.4.app/Contents/Developer/Toolchains/XcodeDefault.xctoolchain/usr/lib/swift/iphoneos/prebuilt-modules/26.4/QuartzCore.swiftmodule/arm64e-apple-ios.swiftmodule /Applications/Xcode-26.4.app/Contents/Developer/Toolchains/XcodeDefault.xctoolchain/usr/lib/swift/iphoneos/prebuilt-modules/26.4/Symbols.swiftmodule/arm64e-apple-ios.swiftmodule /Applications/Xcode-26.4.app/Contents/Developer/Toolchains/XcodeDefault.xctoolchain/usr/lib/swift/iphoneos/prebuilt-modules/26.4/_DarwinFoundation3.swiftmodule/arm64e-apple-ios.swiftmodule /Applications/Xcode-26.4.app/Contents/Developer/Toolchains/XcodeDefault.xctoolchain/usr/lib/swift/iphoneos/prebuilt-modules/26.4/CoreImage.swiftmodule/arm64e-apple-ios.swiftmodule /Applications/Xcode-26.4.app/Contents/Developer/Toolchains/XcodeDefault.xctoolchain/usr/lib/swift/iphoneos/prebuilt-modules/26.4/OSLog.swiftmodule/arm64e-apple-ios.swiftmodule /Applications/Xcode-26.4.app/Contents/Developer/Toolchains/XcodeDefault.xctoolchain/usr/lib/swift/iphoneos/prebuilt-modules/26.4/os.swiftmodule/arm64e-apple-ios.swiftmodule /Applications/Xcode-26.4.app/Contents/Developer/Toolchains/XcodeDefault.xctoolchain/usr/lib/swift/iphoneos/prebuilt-modules/26.4/DataDetection.swiftmodule/arm64e-apple-ios.swiftmodule /Applications/Xcode-26.4.app/Contents/Developer/Toolchains/XcodeDefault.xctoolchain/usr/lib/swift/iphoneos/prebuilt-modules/26.4/_Builtin_float.swiftmodule/arm64e-apple-ios.swiftmodule /Applications/Xcode-26.4.app/Contents/Developer/Toolchains/XcodeDefault.xctoolchain/usr/lib/swift/iphoneos/prebuilt-modules/26.4/_Concurrency.swiftmodule/arm64e-apple-ios.swiftmodule /Applications/Xcode-26.4.app/Contents/Developer/Toolchains/XcodeDefault.xctoolchain/usr/lib/swift/iphoneos/prebuilt-modules/26.4/Darwin.swiftmodule/arm64e-apple-ios.swiftmodule /Applications/Xcode-26.4.app/Contents/Developer/Toolchains/XcodeDefault.xctoolchain/usr/lib/swift/iphoneos/prebuilt-modules/26.4/Swift.swiftmodule/arm64e-apple-ios.swiftmodule /Applications/Xcode-26.4.app/Contents/Developer/Toolchains/XcodeDefault.xctoolchain/usr/lib/swift/iphoneos/prebuilt-modules/26.4/_StringProcessing.swiftmodule/arm64e-apple-ios.swiftmodule /Applications/Xcode-26.4.app/Contents/Developer/Toolchains/XcodeDefault.xctoolchain/usr/lib/swift/iphoneos/prebuilt-modules/26.4/XPC.swiftmodule/arm64e-apple-ios.swiftmodule /Applications/Xcode-26.4.app/Contents/Developer/Toolchains/XcodeDefault.xctoolchain/usr/lib/swift/iphoneos/prebuilt-modules/26.4/SwiftUI.swiftmodule/arm64e-apple-ios.swiftmodule /Applications/Xcode-26.4.app/Contents/Developer/Toolchains/XcodeDefault.xctoolchain/usr/lib/swift/iphoneos/prebuilt-modules/26.4/CoreTransferable.swiftmodule/arm64e-apple-ios.swiftmodule /Applications/Xcode-26.4.app/Contents/Developer/Toolchains/XcodeDefault.xctoolchain/usr/lib/swift/iphoneos/prebuilt-modules/26.4/CoreData.swiftmodule/arm64e-apple-ios.swiftmodule /Applications/Xcode-26.4.app/Contents/Developer/Toolchains/XcodeDefault.xctoolchain/usr/lib/swift/iphoneos/prebuilt-modules/26.4/Observation.swiftmodule/arm64e-apple-ios.swiftmodule /Applications/Xcode-26.4.app/Contents/Developer/Toolchains/XcodeDefault.xctoolchain/usr/lib/swift/iphoneos/prebuilt-modules/26.4/simd.swiftmodule/arm64e-apple-ios.swiftmodule /Applications/Xcode-26.4.app/Contents/Developer/Toolchains/XcodeDefault.xctoolchain/usr/lib/swift/iphoneos/prebuilt-modules/26.4/_DarwinFoundation1.swiftmodule/arm64e-apple-ios.swiftmodule /Applications/Xcode-26.4.app/Contents/Developer/Toolchains/XcodeDefault.xctoolchain/usr/lib/swift/iphoneos/prebuilt-modules/26.4/SwiftUICore.swiftmodule/arm64e-apple-ios.swiftmodule /Applications/Xcode-26.4.app/Contents/Developer/Toolchains/XcodeDefault.xctoolchain/usr/lib/swift/iphoneos/prebuilt-modules/26.4/_DarwinFoundation2.swiftmodule/arm64e-apple-ios.swiftmodule /Applications/Xcode-26.4.app/Contents/Developer/Toolchains/XcodeDefault.xctoolchain/usr/lib/swift/iphoneos/prebuilt-modules/26.4/Metal.swiftmodule/arm64e-apple-ios.swiftmodule /Applications/Xcode-26.4.app/Contents/Developer/Toolchains/XcodeDefault.xctoolchain/usr/lib/swift/iphoneos/prebuilt-modules/26.4/Dispatch.swiftmodule/arm64e-apple-ios.swiftmodule /Applications/Xcode-26.4.app/Contents/Developer/Toolchains/XcodeDefault.xctoolchain/usr/lib/swift/iphoneos/prebuilt-modules/26.4/CoreGraphics.swiftmodule/arm64e-apple-ios.swiftmodule /Applications/Xcode-26.4.app/Contents/Developer/Toolchains/XcodeDefault.xctoolchain/usr/lib/swift/iphoneos/prebuilt-modules/26.4/UniformTypeIdentifiers.swiftmodule/arm64e-apple-ios.swiftmodule /Applications/Xcode-26.4.app/Contents/Developer/Toolchains/XcodeDefault.xctoolchain/usr/lib/swift/iphoneos/prebuilt-modules/26.4/ObjectiveC.swiftmodule/arm64e-apple-ios.swiftmodule /Applications/Xcode-26.4.app/Contents/Developer/Toolchains/XcodeDefault.xctoolchain/usr/lib/swift/iphoneos/prebuilt-modules/26.4/Combine.swiftmodule/arm64e-apple-ios.swiftmodule /Applications/Xcode-26.4.app/Contents/Developer/Toolchains/XcodeDefault.xctoolchain/usr/lib/swift/iphoneos/prebuilt-modules/26.4/UIKit.swiftmodule/arm64e-apple-ios.swiftmodule /Applications/Xcode-26.4.app/Contents/Developer/Toolchains/XcodeDefault.xctoolchain/usr/lib/swift/iphoneos/prebuilt-modules/26.4/CoreVideo.swiftmodule/arm64e-apple-ios.swiftmodule /Applications/Xcode-26.4.app/Contents/Developer/Toolchains/XcodeDefault.xctoolchain/usr/lib/swift/iphoneos/prebuilt-modules/26.4/Accessibility.swiftmodule/arm64e-apple-ios.swiftmodule /Users/builder/clone/build/ModuleCache.noindex/_DarwinFoundation3-DY8NKKEJ8L2MTRNBGEHAPT5DM.pcm /Users/builder/clone/build/ModuleCache.noindex/os-F5KWFQN3957WM4HIB2FUBIGYE.pcm /Users/builder/clone/build/ModuleCache.noindex/Darwin-9JK4K57VV391ZCRL6PJKDW6QC.pcm /Users/builder/clone/build/ModuleCache.noindex/os_object-5OSU1U0DEBH4XAUVWITEJ4MPR.pcm /Users/builder/clone/build/ModuleCache.noindex/CoreText-3X44K35Q1VPDBV00UMFIRMIKV.pcm /Users/builder/clone/build/ModuleCache.noindex/SwiftUI-86PP5IKYH13L9AXG1NY6HYW49.pcm /Users/builder/clone/build/ModuleCache.noindex/_DarwinFoundation2-IH2TNLDCFEU7XZQT9CTVUQ1P.pcm /Users/builder/clone/build/ModuleCache.noindex/Spatial-570Y3ACNSWLPH9JH9J72TBKJD.pcm /Users/builder/clone/build/ModuleCache.noindex/_Builtin_float-2SCQEMQEBIDUKNY6JWCDOO11G.pcm /Users/builder/clone/build/ModuleCache.noindex/CoreFoundation-A6CZS58YETCJR8NW8HTBMP5MT.pcm /Users/builder/clone/build/ModuleCache.noindex/_Builtin_stdint-8O3R5RESI6Q2C48CPPQ9C67AM.pcm /Users/builder/clone/build/ModuleCache.noindex/_Builtin_inttypes-84PMF3J701KL39W8XHWT9YV4L.pcm /Users/builder/clone/build/ModuleCache.noindex/_Builtin_tgmath-4TGPTBNB67ZX9LJ219K0ULBGG.pcm /Users/builder/clone/build/ModuleCache.noindex/DataDetection-767JSQ2PVF65S0V6ACG5TQ3Z2.pcm /Users/builder/clone/build/ModuleCache.noindex/UniformTypeIdentifiers-6P20BIO8DDZL5ROCP8D8WGPE0.pcm /Users/builder/clone/build/ModuleCache.noindex/_Builtin_stdarg-ENGARVB1RCA82QNVX3AKNIA7I.pcm /Users/builder/clone/build/ModuleCache.noindex/ptrcheck-3O5DVQU3FOAHU85DJI4YDN56T.pcm /Users/builder/clone/build/ModuleCache.noindex/SwiftShims-E9TKEMZXJ2MR8M3OWQ4MIGGM6.pcm /Users/builder/clone/build/ModuleCache.noindex/CoreImage-DD8SUJZ64K9CVFIOVE5KJKHFG.pcm /Users/builder/clone/build/ModuleCache.noindex/CFNetwork-WBAWX6LIWV7GVTAGNWN3QVNX.pcm /Users/builder/clone/build/ModuleCache.noindex/XPC-7DBBZ0RY9AXLIFQ1ZQNCEOL7M.pcm /Users/builder/clone/build/ModuleCache.noindex/FileProvider-2ZC8JGMP6Y5LLS2X265VONA02.pcm /Users/builder/clone/build/ModuleCache.noindex/IOSurface-4H7NGKW4G1MF61ZG9NU7XEMDR.pcm /Users/builder/clone/build/ModuleCache.noindex/Security-3F4HC5OTFYZ17SDJMC1AFIDUH.pcm /Users/builder/clone/build/ModuleCache.noindex/ObjectiveC-C5YN1C0BZ7ESBGBP0B5XKM9R7.pcm /Users/builder/clone/build/ModuleCache.noindex/_Builtin_limits-2GLYII2961SBP7KNDWBXKCYIU.pcm /Users/builder/clone/build/ModuleCache.noindex/OSLog-8KMWTEYMTYT110P4R2DM2CEA7.pcm /Users/builder/clone/build/ModuleCache.noindex/Symbols-6YCZR2ARZG9NZRZ7VDZA78Y8Z.pcm /Users/builder/clone/build/ModuleCache.noindex/ImageIO-6YGWHRL8SUR3EUL251BW6ZONE.pcm /Users/builder/clone/build/ModuleCache.noindex/Metal-7YSUO0KEBD5EH9Z41AFAPQFR.pcm /Users/builder/clone/build/ModuleCache.noindex/_Builtin_stdatomic-76KDFMAXDXS2299VGGNKRYVFV.pcm /Users/builder/clone/build/ModuleCache.noindex/CoreData-3K2WTJJ916UCZ2MKP89W9O59Y.pcm /Users/builder/clone/build/ModuleCache.noindex/os_workgroup-DC39T5CMKIEJIDYOY5PWYDB15.pcm /Users/builder/clone/build/ModuleCache.noindex/CoreVideo-4XQ1TYTLBBE58YDEML7VD2Z9P.pcm /Users/builder/clone/build/ModuleCache.noindex/UserNotifications-93CPPOUFW0O3AYEX1I7X0DI72.pcm /Users/builder/clone/build/ModuleCache.noindex/_Builtin_stddef-BB4QVRWLQPKQFP8JNJD0W8GAN.pcm /Users/builder/clone/build/ModuleCache.noindex/_Builtin_stdbool-4CMY3LS3VS80AUOFD187RSTV6.pcm /Users/builder/clone/build/ModuleCache.noindex/Dispatch-8GYF4EP8REEU3QEW8Z933NFUQ.pcm /Users/builder/clone/build/ModuleCache.noindex/QuartzCore-4HXPT2CNSS93YXXQSLKIKY7RA.pcm /Users/builder/clone/build/ModuleCache.noindex/simd-21NO8HAWUIWMXH9APP0YRDFQO.pcm /Users/builder/clone/build/ModuleCache.noindex/Accessibility-6CGAD9HFYBPRH52XHIXU25W3B.pcm /Users/builder/clone/build/ModuleCache.noindex/Foundation-8ESBZZ9N1J4PLT4Z9IWTLGEHX.pcm /Users/builder/clone/build/ModuleCache.noindex/CoreTransferable-8FDXEPCRNEAQTE76JJB0LPFUU.pcm /Users/builder/clone/build/ModuleCache.noindex/MachO-41JF1MHKCOEGDAH4NBS40EAV5.pcm /Users/builder/clone/build/ModuleCache.noindex/_SwiftConcurrencyShims-2BNDF9OPLGTNP0XB8L7VZ4LAU.pcm /Users/builder/clone/build/ModuleCache.noindex/UIKit-6C7F0NTESSX0F1EL9XK96F41K.pcm /Users/builder/clone/build/ModuleCache.noindex/ptrauth-C60CAIU36OYOR69O7ASMTTFU8.pcm /Users/builder/clone/build/ModuleCache.noindex/_AvailabilityInternal-HZ0RQBGAAN0QZ99B6J54UUYW.pcm /Users/builder/clone/build/ModuleCache.noindex/OpenGLES-DKNU5AR9XXJ9R6V4TBYPRRYZA.pcm /Users/builder/clone/build/ModuleCache.noindex/_DarwinFoundation1-ABIHU72TA312QF6KDYFEZMWY0.pcm /Users/builder/clone/build/ModuleCache.noindex/_Builtin_intrinsics-68YOBLARAI3EV9PG7YHQ1CZG8.pcm /Users/builder/clone/build/ModuleCache.noindex/UIUtilities-D9XJ7VDIG1IHLIHWVH8X8G5XO.pcm /Users/builder/clone/build/ModuleCache.noindex/sys_types-B33PJM372D4Z1NVRZM5YRD1RP.pcm /Users/builder/clone/build/ModuleCache.noindex/DeveloperToolsSupport-ARDR2BFT1ESNNFCUSG58K5VDU.pcm /Users/builder/clone/build/ModuleCache.noindex/SwiftUICore-CUKWBNX4LN287VPZN9XM5S1MP.pcm /Users/builder/clone/build/ModuleCache.noindex/CoreGraphics-DHIHCZLPL10G7BENB0X8378AJ.pcm /Users/builder/clone/build/Build/Intermediates.noindex/WrappingHStack.build/Release-iphoneos/WrappingHStack.build/Objects-normal/arm64/WrappingHStack-dependencies-1.json (in target 'WrappingHStack' from project 'WrappingHStack')\n\nCompileSwift normal arm64 (in target 'WrappingHStack' from project 'WrappingHStack')\n    cd /Users/builder/clone/IceCubesApp.xcodeproj\n    \n\nSwiftCompile normal arm64 Compiling\\ resource_bundle_accessor.swift,\\ CryptoHashing.swift,\\ DictionaryExt.swift,\\ DurationSignalTracker.swift,\\ JSONFormatting.swift,\\ LogHandler.swift,\\ SessionManager.swift,\\ TelemetryEnvironment.swift,\\ TrackNavigationModifier.swift,\\ TelemetryDeck+Acquisition.swift,\\ TelemetryDeck+Activation.swift,\\ TelemetryDeck+Referral.swift,\\ TelemetryDeck+Revenue.swift,\\ AnyIdentifiableError.swift,\\ ErrorCategory.swift,\\ IdentifiableError.swift,\\ NavigationStatus.swift,\\ TelemetryDeck+Errors.swift,\\ TelemetryDeck+Navigation.swift,\\ TelemetryDeck+Purchases.swift,\\ TrialConversionTracker.swift,\\ Signal+Helpers.swift,\\ Signal.swift,\\ SignalCache.swift,\\ SignalEnricher.swift,\\ SignalManager.swift,\\ TelemetryClient.swift,\\ TelemetryDeck.swift /Users/builder/clone/build/Build/Intermediates.noindex/TelemetryDeck.build/Release-iphoneos/TelemetryDeck.build/DerivedSources/resource_bundle_accessor.swift /Users/builder/clone/build/SourcePackages/checkouts/SwiftSDK/Sources/TelemetryDeck/Helpers/CryptoHashing.swift /Users/builder/clone/build/SourcePackages/checkouts/SwiftSDK/Sources/TelemetryDeck/Helpers/DictionaryExt.swift /Users/builder/clone/build/SourcePackages/checkouts/SwiftSDK/Sources/TelemetryDeck/Helpers/DurationSignalTracker.swift /Users/builder/clone/build/SourcePackages/checkouts/SwiftSDK/Sources/TelemetryDeck/Helpers/JSONFormatting.swift /Users/builder/clone/build/SourcePackages/checkouts/SwiftSDK/Sources/TelemetryDeck/Helpers/LogHandler.swift /Users/builder/clone/build/SourcePackages/checkouts/SwiftSDK/Sources/TelemetryDeck/Helpers/SessionManager.swift /Users/builder/clone/build/SourcePackages/checkouts/SwiftSDK/Sources/TelemetryDeck/Helpers/TelemetryEnvironment.swift /Users/builder/clone/build/SourcePackages/checkouts/SwiftSDK/Sources/TelemetryDeck/Modifiers/TrackNavigationModifier.swift /Users/builder/clone/build/SourcePackages/checkouts/SwiftSDK/Sources/TelemetryDeck/PirateMetrics/TelemetryDeck+Acquisition.swift /Users/builder/clone/build/SourcePackages/checkouts/SwiftSDK/Sources/TelemetryDeck/PirateMetrics/TelemetryDeck+Activation.swift /Users/builder/clone/build/SourcePackages/checkouts/SwiftSDK/Sources/TelemetryDeck/PirateMetrics/TelemetryDeck+Referral.swift /Users/builder/clone/build/SourcePackages/checkouts/SwiftSDK/Sources/TelemetryDeck/PirateMetrics/TelemetryDeck+Revenue.swift /Users/builder/clone/build/SourcePackages/checkouts/SwiftSDK/Sources/TelemetryDeck/Presets/AnyIdentifiableError.swift /Users/builder/clone/build/SourcePackages/checkouts/SwiftSDK/Sources/TelemetryDeck/Presets/ErrorCategory.swift /Users/builder/clone/build/SourcePackages/checkouts/SwiftSDK/Sources/TelemetryDeck/Presets/IdentifiableError.swift /Users/builder/clone/build/SourcePackages/checkouts/SwiftSDK/Sources/TelemetryDeck/Presets/NavigationStatus.swift /Users/builder/clone/build/SourcePackages/checkouts/SwiftSDK/Sources/TelemetryDeck/Presets/TelemetryDeck+Errors.swift /Users/builder/clone/build/SourcePackages/checkouts/SwiftSDK/Sources/TelemetryDeck/Presets/TelemetryDeck+Navigation.swift /Users/builder/clone/build/SourcePackages/checkouts/SwiftSDK/Sources/TelemetryDeck/Presets/TelemetryDeck+Purchases.swift /Users/builder/clone/build/SourcePackages/checkouts/SwiftSDK/Sources/TelemetryDeck/Presets/TrialConversionTracker.swift /Users/builder/clone/build/SourcePackages/checkouts/SwiftSDK/Sources/TelemetryDeck/Signals/Signal+Helpers.swift /Users/builder/clone/build/SourcePackages/checkouts/SwiftSDK/Sources/TelemetryDeck/Signals/Signal.swift /Users/builder/clone/build/SourcePackages/checkouts/SwiftSDK/Sources/TelemetryDeck/Signals/SignalCache.swift /Users/builder/clone/build/SourcePackages/checkouts/SwiftSDK/Sources/TelemetryDeck/Signals/SignalEnricher.swift /Users/builder/clone/build/SourcePackages/checkouts/SwiftSDK/Sources/TelemetryDeck/Signals/SignalManager.swift /Users/builder/clone/build/SourcePackages/checkouts/SwiftSDK/Sources/TelemetryDeck/TelemetryClient.swift /Users/builder/clone/build/SourcePackages/checkouts/SwiftSDK/Sources/TelemetryDeck/TelemetryDeck.swift /Applications/Xcode-26.4.app/Contents/Developer/Toolchains/XcodeDefault.xctoolchain/usr/lib/swift/iphoneos/prebuilt-modules/26.4/UniformTypeIdentifiers.swiftmodule/arm64e-apple-ios.swiftmodule /Applications/Xcode-26.4.app/Contents/Developer/Toolchains/XcodeDefault.xctoolchain/usr/lib/swift/iphoneos/prebuilt-modules/26.4/DeveloperToolsSupport.swiftmodule/arm64e-apple-ios.swiftmodule /Applications/Xcode-26.4.app/Contents/Developer/Toolchains/XcodeDefault.xctoolchain/usr/lib/swift/iphoneos/prebuilt-modules/26.4/_DarwinFoundation1.swiftmodule/arm64e-apple-ios.swiftmodule /Applications/Xcode-26.4.app/Contents/Developer/Toolchains/XcodeDefault.xctoolchain/usr/lib/swift/iphoneos/prebuilt-modules/26.4/_Builtin_float.swiftmodule/arm64e-apple-ios.swiftmodule /Applications/Xcode-26.4.app/Contents/Developer/Toolchains/XcodeDefault.xctoolchain/usr/lib/swift/iphoneos/prebuilt-modules/26.4/_Concurrency.swiftmodule/arm64e-apple-ios.swiftmodule /Applications/Xcode-26.4.app/Contents/Developer/Toolchains/XcodeDefault.xctoolchain/usr/lib/swift/iphoneos/prebuilt-modules/26.4/FileProvider.swiftmodule/arm64e-apple-ios.swiftmodule /Applications/Xcode-26.4.app/Contents/Developer/Toolchains/XcodeDefault.xctoolchain/usr/lib/swift/iphoneos/prebuilt-modules/26.4/System.swiftmodule/arm64e-apple-ios.swiftmodule /Applications/Xcode-26.4.app/Contents/Developer/Toolchains/XcodeDefault.xctoolchain/usr/lib/swift/iphoneos/prebuilt-modules/26.4/_DarwinFoundation2.swiftmodule/arm64e-apple-ios.swiftmodule /Applications/Xcode-26.4.app/Contents/Developer/Toolchains/XcodeDefault.xctoolchain/usr/lib/swift/iphoneos/prebuilt-modules/26.4/Network.swiftmodule/arm64e-apple-ios.swiftmodule /Applications/Xcode-26.4.app/Contents/Developer/Toolchains/XcodeDefault.xctoolchain/usr/lib/swift/iphoneos/prebuilt-modules/26.4/OSLog.swiftmodule/arm64e-apple-ios.swiftmodule /Applications/Xcode-26.4.app/Contents/Developer/Toolchains/XcodeDefault.xctoolchain/usr/lib/swift/iphoneos/prebuilt-modules/26.4/LocalAuthentication.swiftmodule/arm64e-apple-ios.swiftmodule /Applications/Xcode-26.4.app/Contents/Developer/Toolchains/XcodeDefault.xctoolchain/usr/lib/swift/iphoneos/prebuilt-modules/26.4/DataDetection.swiftmodule/arm64e-apple-ios.swiftmodule /Applications/Xcode-26.4.app/Contents/Developer/Toolchains/XcodeDefault.xctoolchain/usr/lib/swift/iphoneos/prebuilt-modules/26.4/_StringProcessing.swiftmodule/arm64e-apple-ios.swiftmodule /Applications/Xcode-26.4.app/Contents/Developer/Toolchains/XcodeDefault.xctoolchain/usr/lib/swift/iphoneos/prebuilt-modules/26.4/CoreTransferable.swiftmodule/arm64e-apple-ios.swiftmodule /Applications/Xcode-26.4.app/Contents/Developer/Toolchains/XcodeDefault.xctoolchain/usr/lib/swift/iphoneos/prebuilt-modules/26.4/LightweightCodeRequirements.swiftmodule/arm64e-apple-ios.swiftmodule /Applications/Xcode-26.4.app/Contents/Developer/Toolchains/XcodeDefault.xctoolchain/usr/lib/swift/iphoneos/prebuilt-modules/26.4/CryptoKit.swiftmodule/arm64e-apple-ios.swiftmodule /Applications/Xcode-26.4.app/Contents/Developer/Toolchains/XcodeDefault.xctoolchain/usr/lib/swift/iphoneos/prebuilt-modules/26.4/Combine.swiftmodule/arm64e-apple-ios.swiftmodule /Applications/Xcode-26.4.app/Contents/Developer/Toolchains/XcodeDefault.xctoolchain/usr/lib/swift/iphoneos/prebuilt-modules/26.4/Swift.swiftmodule/arm64e-apple-ios.swiftmodule /Applications/Xcode-26.4.app/Contents/Developer/Toolchains/XcodeDefault.xctoolchain/usr/lib/swift/iphoneos/prebuilt-modules/26.4/Accessibility.swiftmodule/arm64e-apple-ios.swiftmodule /Applications/Xcode-26.4.app/Contents/Developer/Toolchains/XcodeDefault.xctoolchain/usr/lib/swift/iphoneos/prebuilt-modules/26.4/SwiftUICore.swiftmodule/arm64e-apple-ios.swiftmodule /Applications/Xcode-26.4.app/Contents/Developer/Toolchains/XcodeDefault.xctoolchain/usr/lib/swift/iphoneos/prebuilt-modules/26.4/UIKit.swiftmodule/arm64e-apple-ios.swiftmodule /Applications/Xcode-26.4.app/Contents/Developer/Toolchains/XcodeDefault.xctoolchain/usr/lib/swift/iphoneos/prebuilt-modules/26.4/ObjectiveC.swiftmodule/arm64e-apple-ios.swiftmodule /Applications/Xcode-26.4.app/Contents/Developer/Toolchains/XcodeDefault.xctoolchain/usr/lib/swift/iphoneos/prebuilt-modules/26.4/CoreGraphics.swiftmodule/arm64e-apple-ios.swiftmodule /Applications/Xcode-26.4.app/Contents/Developer/Toolchains/XcodeDefault.xctoolchain/usr/lib/swift/iphoneos/prebuilt-modules/26.4/XPC.swiftmodule/arm64e-apple-ios.swiftmodule /Applications/Xcode-26.4.app/Contents/Developer/Toolchains/XcodeDefault.xctoolchain/usr/lib/swift/iphoneos/prebuilt-modules/26.4/CoreImage.swiftmodule/arm64e-apple-ios.swiftmodule /Applications/Xcode-26.4.app/Contents/Developer/Toolchains/XcodeDefault.xctoolchain/usr/lib/swift/iphoneos/prebuilt-modules/26.4/CoreData.swiftmodule/arm64e-apple-ios.swiftmodule /Applications/Xcode-26.4.app/Contents/Developer/Toolchains/XcodeDefault.xctoolchain/usr/lib/swift/iphoneos/prebuilt-modules/26.4/os.swiftmodule/arm64e-apple-ios.swiftmodule /Applications/Xcode-26.4.app/Contents/Developer/Toolchains/XcodeDefault.xctoolchain/usr/lib/swift/iphoneos/prebuilt-modules/26.4/CoreFoundation.swiftmodule/arm64e-apple-ios.swiftmodule /Applications/Xcode-26.4.app/Contents/Developer/Toolchains/XcodeDefault.xctoolchain/usr/lib/swift/iphoneos/prebuilt-modules/26.4/CoreText.swiftmodule/arm64e-apple-ios.swiftmodule /Applications/Xcode-26.4.app/Contents/Developer/Toolchains/XcodeDefault.xctoolchain/usr/lib/swift/iphoneos/prebuilt-modules/26.4/Observation.swiftmodule/arm64e-apple-ios.swiftmodule /Applications/Xcode-26.4.app/Contents/Developer/Toolchains/XcodeDefault.xctoolchain/usr/lib/swift/iphoneos/prebuilt-modules/26.4/Distributed.swiftmodule/arm64e-apple-ios.swiftmodule /Applications/Xcode-26.4.app/Contents/Developer/Toolchains/XcodeDefault.xctoolchain/usr/lib/swift/iphoneos/prebuilt-modules/26.4/CoreVideo.swiftmodule/arm64e-apple-ios.swiftmodule /Applications/Xcode-26.4.app/Contents/Developer/Toolchains/XcodeDefault.xctoolchain/usr/lib/swift/iphoneos/prebuilt-modules/26.4/Symbols.swiftmodule/arm64e-apple-ios.swiftmodule /Applications/Xcode-26.4.app/Contents/Developer/Toolchains/XcodeDefault.xctoolchain/usr/lib/swift/iphoneos/prebuilt-modules/26.4/StoreKit.swiftmodule/arm64e-apple-ios.swiftmodule /Applications/Xcode-26.4.app/Contents/Developer/Toolchains/XcodeDefault.xctoolchain/usr/lib/swift/iphoneos/prebuilt-modules/26.4/ExtensionFoundation.swiftmodule/arm64e-apple-ios.swiftmodule /Applications/Xcode-26.4.app/Contents/Developer/Toolchains/XcodeDefault.xctoolchain/usr/lib/swift/iphoneos/prebuilt-modules/26.4/Metal.swiftmodule/arm64e-apple-ios.swiftmodule /Applications/Xcode-26.4.app/Contents/Developer/Toolchains/XcodeDefault.xctoolchain/usr/lib/swift/iphoneos/prebuilt-modules/26.4/QuartzCore.swiftmodule/arm64e-apple-ios.swiftmodule /Applications/Xcode-26.4.app/Contents/Developer/Toolchains/XcodeDefault.xctoolchain/usr/lib/swift/iphoneos/prebuilt-modules/26.4/Darwin.swiftmodule/arm64e-apple-ios.swiftmodule /Applications/Xcode-26.4.app/Contents/Developer/Toolchains/XcodeDefault.xctoolchain/usr/lib/swift/iphoneos/prebuilt-modules/26.4/BackgroundAssets.swiftmodule/arm64e-apple-ios.swiftmodule /Applications/Xcode-26.4.app/Contents/Developer/Toolchains/XcodeDefault.xctoolchain/usr/lib/swift/iphoneos/prebuilt-modules/26.4/Dispatch.swiftmodule/arm64e-apple-ios.swiftmodule /Applications/Xcode-26.4.app/Contents/Developer/Toolchains/XcodeDefault.xctoolchain/usr/lib/swift/iphoneos/prebuilt-modules/26.4/_DarwinFoundation3.swiftmodule/arm64e-apple-ios.swiftmodule /Applications/Xcode-26.4.app/Contents/Developer/Toolchains/XcodeDefault.xctoolchain/usr/lib/swift/iphoneos/prebuilt-modules/26.4/simd.swiftmodule/arm64e-apple-ios.swiftmodule /Applications/Xcode-26.4.app/Contents/Developer/Toolchains/XcodeDefault.xctoolchain/usr/lib/swift/iphoneos/prebuilt-modules/26.4/Spatial.swiftmodule/arm64e-apple-ios.swiftmodule /Applications/Xcode-26.4.app/Contents/Developer/Toolchains/XcodeDefault.xctoolchain/usr/lib/swift/iphoneos/prebuilt-modules/26.4/SwiftUI.swiftmodule/arm64e-apple-ios.swiftmodule /Applications/Xcode-26.4.app/Contents/Developer/Toolchains/XcodeDefault.xctoolchain/usr/lib/swift/iphoneos/prebuilt-modules/26.4/Foundation.swiftmodule/arm64e-apple-ios.swiftmodule /Users/builder/clone/build/ModuleCache.noindex/CoreImage-DD8SUJZ64K9CVFIOVE5KJKHFG.pcm /Users/builder/clone/build/ModuleCache.noindex/Dispatch-8GYF4EP8REEU3QEW8Z933NFUQ.pcm /Users/builder/clone/build/ModuleCache.noindex/SwiftShims-E9TKEMZXJ2MR8M3OWQ4MIGGM6.pcm /Users/builder/clone/build/ModuleCache.noindex/CoreVideo-4XQ1TYTLBBE58YDEML7VD2Z9P.pcm /Users/builder/clone/build/ModuleCache.noindex/ExtensionFoundation-7H5R7NWWDI405QCMCNSYCVD6U.pcm /Users/builder/clone/build/ModuleCache.noindex/sys_types-B33PJM372D4Z1NVRZM5YRD1RP.pcm /Users/builder/clone/build/ModuleCache.noindex/CoreTransferable-8FDXEPCRNEAQTE76JJB0LPFUU.pcm /Users/builder/clone/build/ModuleCache.noindex/_Builtin_inttypes-84PMF3J701KL39W8XHWT9YV4L.pcm /Users/builder/clone/build/ModuleCache.noindex/_Builtin_float-2SCQEMQEBIDUKNY6JWCDOO11G.pcm /Users/builder/clone/build/ModuleCache.noindex/_DarwinFoundation1-ABIHU72TA312QF6KDYFEZMWY0.pcm /Users/builder/clone/build/ModuleCache.noindex/LocalAuthentication-8N83SDLXVLQDDJ6Z9OXW2CJI8.pcm /Users/builder/clone/build/ModuleCache.noindex/Security-3F4HC5OTFYZ17SDJMC1AFIDUH.pcm /Users/builder/clone/build/ModuleCache.noindex/ImageIO-6YGWHRL8SUR3EUL251BW6ZONE.pcm /Users/builder/clone/build/ModuleCache.noindex/Darwin-9JK4K57VV391ZCRL6PJKDW6QC.pcm /Users/builder/clone/build/ModuleCache.noindex/_Builtin_tgmath-4TGPTBNB67ZX9LJ219K0ULBGG.pcm /Users/builder/clone/build/ModuleCache.noindex/_AvailabilityInternal-HZ0RQBGAAN0QZ99B6J54UUYW.pcm /Users/builder/clone/build/ModuleCache.noindex/_Builtin_stdint-8O3R5RESI6Q2C48CPPQ9C67AM.pcm /Users/builder/clone/build/ModuleCache.noindex/_Builtin_stddef-BB4QVRWLQPKQFP8JNJD0W8GAN.pcm /Users/builder/clone/build/ModuleCache.noindex/BackgroundAssets-CTY5ZI7GV5SZSM96DLGPYFXTP.pcm /Users/builder/clone/build/ModuleCache.noindex/_DarwinFoundation3-DY8NKKEJ8L2MTRNBGEHAPT5DM.pcm /Users/builder/clone/build/ModuleCache.noindex/Accessibility-6CGAD9HFYBPRH52XHIXU25W3B.pcm /Users/builder/clone/build/ModuleCache.noindex/dnssd-AD306HWO0GTLRRUX17YMCHR3.pcm /Users/builder/clone/build/ModuleCache.noindex/_SwiftConcurrencyShims-2BNDF9OPLGTNP0XB8L7VZ4LAU.pcm /Users/builder/clone/build/ModuleCache.noindex/Foundation-8ESBZZ9N1J4PLT4Z9IWTLGEHX.pcm /Users/builder/clone/build/ModuleCache.noindex/CoreGraphics-DHIHCZLPL10G7BENB0X8378AJ.pcm /Users/builder/clone/build/ModuleCache.noindex/CoreData-3K2WTJJ916UCZ2MKP89W9O59Y.pcm /Users/builder/clone/build/ModuleCache.noindex/CFNetwork-WBAWX6LIWV7GVTAGNWN3QVNX.pcm /Users/builder/clone/build/ModuleCache.noindex/ptrcheck-3O5DVQU3FOAHU85DJI4YDN56T.pcm /Users/builder/clone/build/ModuleCache.noindex/Metal-7YSUO0KEBD5EH9Z41AFAPQFR.pcm /Users/builder/clone/build/ModuleCache.noindex/OSLog-8KMWTEYMTYT110P4R2DM2CEA7.pcm /Users/builder/clone/build/ModuleCache.noindex/os_object-5OSU1U0DEBH4XAUVWITEJ4MPR.pcm /Users/builder/clone/build/ModuleCache.noindex/StoreKit-WCZBT051B4UBVF4QZ993ZNDF.pcm /Users/builder/clone/build/ModuleCache.noindex/OpenGLES-DKNU5AR9XXJ9R6V4TBYPRRYZA.pcm /Users/builder/clone/build/ModuleCache.noindex/_Builtin_intrinsics-68YOBLARAI3EV9PG7YHQ1CZG8.pcm /Users/builder/clone/build/ModuleCache.noindex/QuartzCore-4HXPT2CNSS93YXXQSLKIKY7RA.pcm /Users/builder/clone/build/ModuleCache.noindex/Spatial-570Y3ACNSWLPH9JH9J72TBKJD.pcm /Users/builder/clone/build/ModuleCache.noindex/_Builtin_stdatomic-76KDFMAXDXS2299VGGNKRYVFV.pcm /Users/builder/clone/build/ModuleCache.noindex/_Builtin_stdarg-ENGARVB1RCA82QNVX3AKNIA7I.pcm /Users/builder/clone/build/ModuleCache.noindex/ptrauth-C60CAIU36OYOR69O7ASMTTFU8.pcm /Users/builder/clone/build/ModuleCache.noindex/os-F5KWFQN3957WM4HIB2FUBIGYE.pcm /Users/builder/clone/build/ModuleCache.noindex/Network-DZJN7VSIUT7X2FNDHRJ2UH9FT.pcm /Users/builder/clone/build/ModuleCache.noindex/ObjectiveC-C5YN1C0BZ7ESBGBP0B5XKM9R7.pcm /Users/builder/clone/build/ModuleCache.noindex/FileProvider-2ZC8JGMP6Y5LLS2X265VONA02.pcm /Users/builder/clone/build/ModuleCache.noindex/UserNotifications-93CPPOUFW0O3AYEX1I7X0DI72.pcm /Users/builder/clone/build/ModuleCache.noindex/UniformTypeIdentifiers-6P20BIO8DDZL5ROCP8D8WGPE0.pcm /Users/builder/clone/build/ModuleCache.noindex/CommonCrypto-D4V3MA8OZB4DPQ4C2XSSBYMJG.pcm /Users/builder/clone/build/ModuleCache.noindex/_Builtin_stdbool-4CMY3LS3VS80AUOFD187RSTV6.pcm /Users/builder/clone/build/ModuleCache.noindex/CoreText-3X44K35Q1VPDBV00UMFIRMIKV.pcm /Users/builder/clone/build/ModuleCache.noindex/XPC-7DBBZ0RY9AXLIFQ1ZQNCEOL7M.pcm /Users/builder/clone/build/ModuleCache.noindex/SwiftUI-86PP5IKYH13L9AXG1NY6HYW49.pcm /Users/builder/clone/build/ModuleCache.noindex/Symbols-6YCZR2ARZG9NZRZ7VDZA78Y8Z.pcm /Users/builder/clone/build/ModuleCache.noindex/DataDetection-767JSQ2PVF65S0V6ACG5TQ3Z2.pcm /Users/builder/clone/build/ModuleCache.noindex/UIKit-6C7F0NTESSX0F1EL9XK96F41K.pcm /Users/builder/clone/build/ModuleCache.noindex/IOSurface-4H7NGKW4G1MF61ZG9NU7XEMDR.pcm /Users/builder/clone/build/ModuleCache.noindex/os_workgroup-DC39T5CMKIEJIDYOY5PWYDB15.pcm /Users/builder/clone/build/ModuleCache.noindex/SwiftUICore-CUKWBNX4LN287VPZN9XM5S1MP.pcm /Users/builder/clone/build/ModuleCache.noindex/UIUtilities-D9XJ7VDIG1IHLIHWVH8X8G5XO.pcm /Users/builder/clone/build/ModuleCache.noindex/MachO-41JF1MHKCOEGDAH4NBS40EAV5.pcm /Users/builder/clone/build/ModuleCache.noindex/CoreFoundation-A6CZS58YETCJR8NW8HTBMP5MT.pcm /Users/builder/clone/build/ModuleCache.noindex/_DarwinFoundation2-IH2TNLDCFEU7XZQT9CTVUQ1P.pcm /Users/builder/clone/build/ModuleCache.noindex/simd-21NO8HAWUIWMXH9APP0YRDFQO.pcm /Users/builder/clone/build/ModuleCache.noindex/_Builtin_limits-2GLYII2961SBP7KNDWBXKCYIU.pcm /Users/builder/clone/build/ModuleCache.noindex/DeveloperToolsSupport-ARDR2BFT1ESNNFCUSG58K5VDU.pcm /Users/builder/clone/build/Build/Intermediates.noindex/TelemetryDeck.build/Release-iphoneos/TelemetryDeck.build/Objects-normal/arm64/TelemetryDeck-dependencies-1.json (in target 'TelemetryDeck' from project 'TelemetryDeck')\n\nCompileSwift normal arm64 (in target 'TelemetryDeck' from project 'TelemetryDeck')\n    cd /Users/builder/clone/IceCubesApp.xcodeproj\n    \n\nSwiftDriverJobDiscovery normal arm64 Compiling AnimatedFrame.swift, Animator.swift, FrameStore.swift, GIFAnimatable.swift, GIFImageView.swift, Array.swift, CGSize.swift, UIImage.swift, UIImageView.swift, ImageSourceHelpers.swift (in target 'Gifu' from project 'Gifu')\n\nSwiftCompile normal arm64 Compiling\\ DisplayRepresentationImage+SFSymbol.swift,\\ NSImage+SFSymbol.swift,\\ Button+SFSymbol.swift,\\ ContentUnavailableView+SFSymbol.swift,\\ Image+SFSymbol.swift,\\ Label+SFSymbol.swift,\\ MenuBarExtra+SFSymbol.swift,\\ Tab+SFSymbol.swift,\\ UIApplicationShortcutIcon+SFSymbol.swift,\\ UIImage+SFSymbol.swift,\\ SFSymbol+1.0.swift,\\ SFSymbol+1.1.swift,\\ SFSymbol+2.0.swift,\\ SFSymbol+2.1.swift,\\ SFSymbol+2.2.swift,\\ SFSymbol+3.0.swift,\\ SFSymbol+3.1.swift,\\ SFSymbol+3.2.swift,\\ SFSymbol+3.3.swift,\\ SFSymbol+4.0.swift,\\ SFSymbol+4.1.swift,\\ SFSymbol+4.2.swift,\\ SFSymbol+5.0.swift,\\ SFSymbol+5.1.swift,\\ SFSymbol+5.2.swift,\\ SFSymbol+5.3.swift,\\ SFSymbol+5.4.swift,\\ SFSymbol+6.0.swift,\\ SFSymbol+6.1.swift,\\ SFSymbol+6.2.swift,\\ SFSymbol+6.3.swift,\\ SFSymbol+6.4.swift,\\ SFSymbol+7.0.swift,\\ SFSymbol+AllSymbols+1.0.swift,\\ SFSymbol+AllSymbols+1.1.swift,\\ SFSymbol+AllSymbols+2.0.swift,\\ SFSymbol+AllSymbols+2.1.swift,\\ SFSymbol+AllSymbols+2.2.swift,\\ SFSymbol+AllSymbols+3.0.swift,\\ SFSymbol+AllSymbols+3.1.swift,\\ SFSymbol+AllSymbols+3.2.swift,\\ SFSymbol+AllSymbols+3.3.swift,\\ SFSymbol+AllSymbols+4.0.swift,\\ SFSymbol+AllSymbols+4.1.swift,\\ SFSymbol+AllSymbols+4.2.swift,\\ SFSymbol+AllSymbols+5.0.swift,\\ SFSymbol+AllSymbols+5.1.swift,\\ SFSymbol+AllSymbols+5.2.swift,\\ SFSymbol+AllSymbols+5.3.swift,\\ SFSymbol+AllSymbols+5.4.swift,\\ SFSymbol+AllSymbols+6.0.swift,\\ SFSymbol+AllSymbols+6.1.swift,\\ SFSymbol+AllSymbols+6.2.swift,\\ SFSymbol+AllSymbols+6.3.swift,\\ SFSymbol+AllSymbols+6.4.swift,\\ SFSymbol+AllSymbols+7.0.swift,\\ SFSymbol+AllSymbols.swift,\\ SFSymbol.swift,\\ SymbolLocalizations.swift,\\ SymbolWithLocalizations.swift /Users/builder/clone/build/SourcePackages/checkouts/SFSafeSymbols/Sources/SFSafeSymbols/Initializers/AppIntents/DisplayRepresentationImage+SFSymbol.swift /Users/builder/clone/build/SourcePackages/checkouts/SFSafeSymbols/Sources/SFSafeSymbols/Initializers/AppKit/NSImage+SFSymbol.swift /Users/builder/clone/build/SourcePackages/checkouts/SFSafeSymbols/Sources/SFSafeSymbols/Initializers/SwiftUI/Button+SFSymbol.swift /Users/builder/clone/build/SourcePackages/checkouts/SFSafeSymbols/Sources/SFSafeSymbols/Initializers/SwiftUI/ContentUnavailableView+SFSymbol.swift /Users/builder/clone/build/SourcePackages/checkouts/SFSafeSymbols/Sources/SFSafeSymbols/Initializers/SwiftUI/Image+SFSymbol.swift /Users/builder/clone/build/SourcePackages/checkouts/SFSafeSymbols/Sources/SFSafeSymbols/Initializers/SwiftUI/Label+SFSymbol.swift /Users/builder/clone/build/SourcePackages/checkouts/SFSafeSymbols/Sources/SFSafeSymbols/Initializers/SwiftUI/MenuBarExtra+SFSymbol.swift /Users/builder/clone/build/SourcePackages/checkouts/SFSafeSymbols/Sources/SFSafeSymbols/Initializers/SwiftUI/Tab+SFSymbol.swift /Users/builder/clone/build/SourcePackages/checkouts/SFSafeSymbols/Sources/SFSafeSymbols/Initializers/UIKit/UIApplicationShortcutIcon+SFSymbol.swift /Users/builder/clone/build/SourcePackages/checkouts/SFSafeSymbols/Sources/SFSafeSymbols/Initializers/UIKit/UIImage+SFSymbol.swift /Users/builder/clone/build/SourcePackages/checkouts/SFSafeSymbols/Sources/SFSafeSymbols/Symbols/SFSymbol+1.0.swift /Users/builder/clone/build/SourcePackages/checkouts/SFSafeSymbols/Sources/SFSafeSymbols/Symbols/SFSymbol+1.1.swift /Users/builder/clone/build/SourcePackages/checkouts/SFSafeSymbols/Sources/SFSafeSymbols/Symbols/SFSymbol+2.0.swift /Users/builder/clone/build/SourcePackages/checkouts/SFSafeSymbols/Sources/SFSafeSymbols/Symbols/SFSymbol+2.1.swift /Users/builder/clone/build/SourcePackages/checkouts/SFSafeSymbols/Sources/SFSafeSymbols/Symbols/SFSymbol+2.2.swift /Users/builder/clone/build/SourcePackages/checkouts/SFSafeSymbols/Sources/SFSafeSymbols/Symbols/SFSymbol+3.0.swift /Users/builder/clone/build/SourcePackages/checkouts/SFSafeSymbols/Sources/SFSafeSymbols/Symbols/SFSymbol+3.1.swift /Users/builder/clone/build/SourcePackages/checkouts/SFSafeSymbols/Sources/SFSafeSymbols/Symbols/SFSymbol+3.2.swift /Users/builder/clone/build/SourcePackages/checkouts/SFSafeSymbols/Sources/SFSafeSymbols/Symbols/SFSymbol+3.3.swift /Users/builder/clone/build/SourcePackages/checkouts/SFSafeSymbols/Sources/SFSafeSymbols/Symbols/SFSymbol+4.0.swift /Users/builder/clone/build/SourcePackages/checkouts/SFSafeSymbols/Sources/SFSafeSymbols/Symbols/SFSymbol+4.1.swift /Users/builder/clone/build/SourcePackages/checkouts/SFSafeSymbols/Sources/SFSafeSymbols/Symbols/SFSymbol+4.2.swift /Users/builder/clone/build/SourcePackages/checkouts/SFSafeSymbols/Sources/SFSafeSymbols/Symbols/SFSymbol+5.0.swift /Users/builder/clone/build/SourcePackages/checkouts/SFSafeSymbols/Sources/SFSafeSymbols/Symbols/SFSymbol+5.1.swift /Users/builder/clone/build/SourcePackages/checkouts/SFSafeSymbols/Sources/SFSafeSymbols/Symbols/SFSymbol+5.2.swift /Users/builder/clone/build/SourcePackages/checkouts/SFSafeSymbols/Sources/SFSafeSymbols/Symbols/SFSymbol+5.3.swift /Users/builder/clone/build/SourcePackages/checkouts/SFSafeSymbols/Sources/SFSafeSymbols/Symbols/SFSymbol+5.4.swift /Users/builder/clone/build/SourcePackages/checkouts/SFSafeSymbols/Sources/SFSafeSymbols/Symbols/SFSymbol+6.0.swift /Users/builder/clone/build/SourcePackages/checkouts/SFSafeSymbols/Sources/SFSafeSymbols/Symbols/SFSymbol+6.1.swift /Users/builder/clone/build/SourcePackages/checkouts/SFSafeSymbols/Sources/SFSafeSymbols/Symbols/SFSymbol+6.2.swift /Users/builder/clone/build/SourcePackages/checkouts/SFSafeSymbols/Sources/SFSafeSymbols/Symbols/SFSymbol+6.3.swift /Users/builder/clone/build/SourcePackages/checkouts/SFSafeSymbols/Sources/SFSafeSymbols/Symbols/SFSymbol+6.4.swift /Users/builder/clone/build/SourcePackages/checkouts/SFSafeSymbols/Sources/SFSafeSymbols/Symbols/SFSymbol+7.0.swift /Users/builder/clone/build/SourcePackages/checkouts/SFSafeSymbols/Sources/SFSafeSymbols/Symbols/SFSymbol+AllSymbols+1.0.swift /Users/builder/clone/build/SourcePackages/checkouts/SFSafeSymbols/Sources/SFSafeSymbols/Symbols/SFSymbol+AllSymbols+1.1.swift /Users/builder/clone/build/SourcePackages/checkouts/SFSafeSymbols/Sources/SFSafeSymbols/Symbols/SFSymbol+AllSymbols+2.0.swift /Users/builder/clone/build/SourcePackages/checkouts/SFSafeSymbols/Sources/SFSafeSymbols/Symbols/SFSymbol+AllSymbols+2.1.swift /Users/builder/clone/build/SourcePackages/checkouts/SFSafeSymbols/Sources/SFSafeSymbols/Symbols/SFSymbol+AllSymbols+2.2.swift /Users/builder/clone/build/SourcePackages/checkouts/SFSafeSymbols/Sources/SFSafeSymbols/Symbols/SFSymbol+AllSymbols+3.0.swift /Users/builder/clone/build/SourcePackages/checkouts/SFSafeSymbols/Sources/SFSafeSymbols/Symbols/SFSymbol+AllSymbols+3.1.swift /Users/builder/clone/build/SourcePackages/checkouts/SFSafeSymbols/Sources/SFSafeSymbols/Symbols/SFSymbol+AllSymbols+3.2.swift /Users/builder/clone/build/SourcePackages/checkouts/SFSafeSymbols/Sources/SFSafeSymbols/Symbols/SFSymbol+AllSymbols+3.3.swift /Users/builder/clone/build/SourcePackages/checkouts/SFSafeSymbols/Sources/SFSafeSymbols/Symbols/SFSymbol+AllSymbols+4.0.swift /Users/builder/clone/build/SourcePackages/checkouts/SFSafeSymbols/Sources/SFSafeSymbols/Symbols/SFSymbol+AllSymbols+4.1.swift /Users/builder/clone/build/SourcePackages/checkouts/SFSafeSymbols/Sources/SFSafeSymbols/Symbols/SFSymbol+AllSymbols+4.2.swift /Users/builder/clone/build/SourcePackages/checkouts/SFSafeSymbols/Sources/SFSafeSymbols/Symbols/SFSymbol+AllSymbols+5.0.swift /Users/builder/clone/build/SourcePackages/checkouts/SFSafeSymbols/Sources/SFSafeSymbols/Symbols/SFSymbol+AllSymbols+5.1.swift /Users/builder/clone/build/SourcePackages/checkouts/SFSafeSymbols/Sources/SFSafeSymbols/Symbols/SFSymbol+AllSymbols+5.2.swift /Users/builder/clone/build/SourcePackages/checkouts/SFSafeSymbols/Sources/SFSafeSymbols/Symbols/SFSymbol+AllSymbols+5.3.swift /Users/builder/clone/build/SourcePackages/checkouts/SFSafeSymbols/Sources/SFSafeSymbols/Symbols/SFSymbol+AllSymbols+5.4.swift /Users/builder/clone/build/SourcePackages/checkouts/SFSafeSymbols/Sources/SFSafeSymbols/Symbols/SFSymbol+AllSymbols+6.0.swift /Users/builder/clone/build/SourcePackages/checkouts/SFSafeSymbols/Sources/SFSafeSymbols/Symbols/SFSymbol+AllSymbols+6.1.swift /Users/builder/clone/build/SourcePackages/checkouts/SFSafeSymbols/Sources/SFSafeSymbols/Symbols/SFSymbol+AllSymbols+6.2.swift /Users/builder/clone/build/SourcePackages/checkouts/SFSafeSymbols/Sources/SFSafeSymbols/Symbols/SFSymbol+AllSymbols+6.3.swift /Users/builder/clone/build/SourcePackages/checkouts/SFSafeSymbols/Sources/SFSafeSymbols/Symbols/SFSymbol+AllSymbols+6.4.swift /Users/builder/clone/build/SourcePackages/checkouts/SFSafeSymbols/Sources/SFSafeSymbols/Symbols/SFSymbol+AllSymbols+7.0.swift /Users/builder/clone/build/SourcePackages/checkouts/SFSafeSymbols/Sources/SFSafeSymbols/Symbols/SFSymbol+AllSymbols.swift /Users/builder/clone/build/SourcePackages/checkouts/SFSafeSymbols/Sources/SFSafeSymbols/Symbols/SFSymbol.swift /Users/builder/clone/build/SourcePackages/checkouts/SFSafeSymbols/Sources/SFSafeSymbols/Symbols/SymbolLocalizations.swift /Users/builder/clone/build/SourcePackages/checkouts/SFSafeSymbols/Sources/SFSafeSymbols/Symbols/SymbolWithLocalizations.swift /Applications/Xcode-26.4.app/Contents/Developer/Toolchains/XcodeDefault.xctoolchain/usr/lib/swift/iphoneos/prebuilt-modules/26.4/_DarwinFoundation3.swiftmodule/arm64e-apple-ios.swiftmodule /Applications/Xcode-26.4.app/Contents/Developer/Toolchains/XcodeDefault.xctoolchain/usr/lib/swift/iphoneos/prebuilt-modules/26.4/simd.swiftmodule/arm64e-apple-ios.swiftmodule /Applications/Xcode-26.4.app/Contents/Developer/Toolchains/XcodeDefault.xctoolchain/usr/lib/swift/iphoneos/prebuilt-modules/26.4/_Builtin_float.swiftmodule/arm64e-apple-ios.swiftmodule /Applications/Xcode-26.4.app/Contents/Developer/Toolchains/XcodeDefault.xctoolchain/usr/lib/swift/iphoneos/prebuilt-modules/26.4/_Concurrency.swiftmodule/arm64e-apple-ios.swiftmodule /Applications/Xcode-26.4.app/Contents/Developer/Toolchains/XcodeDefault.xctoolchain/usr/lib/swift/iphoneos/prebuilt-modules/26.4/FileProvider.swiftmodule/arm64e-apple-ios.swiftmodule /Applications/Xcode-26.4.app/Contents/Developer/Toolchains/XcodeDefault.xctoolchain/usr/lib/swift/iphoneos/prebuilt-modules/26.4/System.swiftmodule/arm64e-apple-ios.swiftmodule /Applications/Xcode-26.4.app/Contents/Developer/Toolchains/XcodeDefault.xctoolchain/usr/lib/swift/iphoneos/prebuilt-modules/26.4/CoreSpotlight.swiftmodule/arm64e-apple-ios.swiftmodule /Applications/Xcode-26.4.app/Contents/Developer/Toolchains/XcodeDefault.xctoolchain/usr/lib/swift/iphoneos/prebuilt-modules/26.4/_DarwinFoundation2.swiftmodule/arm64e-apple-ios.swiftmodule /Applications/Xcode-26.4.app/Contents/Developer/Toolchains/XcodeDefault.xctoolchain/usr/lib/swift/iphoneos/prebuilt-modules/26.4/Network.swiftmodule/arm64e-apple-ios.swiftmodule /Applications/Xcode-26.4.app/Contents/Developer/Toolchains/XcodeDefault.xctoolchain/usr/lib/swift/iphoneos/prebuilt-modules/26.4/OSLog.swiftmodule/arm64e-apple-ios.swiftmodule /Applications/Xcode-26.4.app/Contents/Developer/Toolchains/XcodeDefault.xctoolchain/usr/lib/swift/iphoneos/prebuilt-modules/26.4/DataDetection.swiftmodule/arm64e-apple-ios.swiftmodule /Applications/Xcode-26.4.app/Contents/Developer/Toolchains/XcodeDefault.xctoolchain/usr/lib/swift/iphoneos/prebuilt-modules/26.4/_AppIntents_SwiftUI.swiftmodule/arm64e-apple-ios.swiftmodule /Applications/Xcode-26.4.app/Contents/Developer/Toolchains/XcodeDefault.xctoolchain/usr/lib/swift/iphoneos/prebuilt-modules/26.4/_StringProcessing.swiftmodule/arm64e-apple-ios.swiftmodule /Applications/Xcode-26.4.app/Contents/Developer/Toolchains/XcodeDefault.xctoolchain/usr/lib/swift/iphoneos/prebuilt-modules/26.4/CoreTransferable.swiftmodule/arm64e-apple-ios.swiftmodule /Applications/Xcode-26.4.app/Contents/Developer/Toolchains/XcodeDefault.xctoolchain/usr/lib/swift/iphoneos/prebuilt-modules/26.4/Swift.swiftmodule/arm64e-apple-ios.swiftmodule /Applications/Xcode-26.4.app/Contents/Developer/Toolchains/XcodeDefault.xctoolchain/usr/lib/swift/iphoneos/prebuilt-modules/26.4/_AppIntents_UIKit.swiftmodule/arm64e-apple-ios.swiftmodule /Applications/Xcode-26.4.app/Contents/Developer/Toolchains/XcodeDefault.xctoolchain/usr/lib/swift/iphoneos/prebuilt-modules/26.4/Combine.swiftmodule/arm64e-apple-ios.swiftmodule /Applications/Xcode-26.4.app/Contents/Developer/Toolchains/XcodeDefault.xctoolchain/usr/lib/swift/iphoneos/prebuilt-modules/26.4/LightweightCodeRequirements.swiftmodule/arm64e-apple-ios.swiftmodule /Applications/Xcode-26.4.app/Contents/Developer/Toolchains/XcodeDefault.xctoolchain/usr/lib/swift/iphoneos/prebuilt-modules/26.4/SwiftUICore.swiftmodule/arm64e-apple-ios.swiftmodule /Applications/Xcode-26.4.app/Contents/Developer/Toolchains/XcodeDefault.xctoolchain/usr/lib/swift/iphoneos/prebuilt-modules/26.4/Accessibility.swiftmodule/arm64e-apple-ios.swiftmodule /Applications/Xcode-26.4.app/Contents/Developer/Toolchains/XcodeDefault.xctoolchain/usr/lib/swift/iphoneos/prebuilt-modules/26.4/UIKit.swiftmodule/arm64e-apple-ios.swiftmodule /Applications/Xcode-26.4.app/Contents/Developer/Toolchains/XcodeDefault.xctoolchain/usr/lib/swift/iphoneos/prebuilt-modules/26.4/XPC.swiftmodule/arm64e-apple-ios.swiftmodule /Applications/Xcode-26.4.app/Contents/Developer/Toolchains/XcodeDefault.xctoolchain/usr/lib/swift/iphoneos/prebuilt-modules/26.4/AppIntents.swiftmodule/arm64e-apple-ios.swiftmodule /Applications/Xcode-26.4.app/Contents/Developer/Toolchains/XcodeDefault.xctoolchain/usr/lib/swift/iphoneos/prebuilt-modules/26.4/CoreData.swiftmodule/arm64e-apple-ios.swiftmodule /Applications/Xcode-26.4.app/Contents/Developer/Toolchains/XcodeDefault.xctoolchain/usr/lib/swift/iphoneos/prebuilt-modules/26.4/CoreGraphics.swiftmodule/arm64e-apple-ios.swiftmodule /Applications/Xcode-26.4.app/Contents/Developer/Toolchains/XcodeDefault.xctoolchain/usr/lib/swift/iphoneos/prebuilt-modules/26.4/CoreFoundation.swiftmodule/arm64e-apple-ios.swiftmodule /Applications/Xcode-26.4.app/Contents/Developer/Toolchains/XcodeDefault.xctoolchain/usr/lib/swift/iphoneos/prebuilt-modules/26.4/os.swiftmodule/arm64e-apple-ios.swiftmodule /Applications/Xcode-26.4.app/Contents/Developer/Toolchains/XcodeDefault.xctoolchain/usr/lib/swift/iphoneos/prebuilt-modules/26.4/ObjectiveC.swiftmodule/arm64e-apple-ios.swiftmodule /Applications/Xcode-26.4.app/Contents/Developer/Toolchains/XcodeDefault.xctoolchain/usr/lib/swift/iphoneos/prebuilt-modules/26.4/CoreImage.swiftmodule/arm64e-apple-ios.swiftmodule /Applications/Xcode-26.4.app/Contents/Developer/Toolchains/XcodeDefault.xctoolchain/usr/lib/swift/iphoneos/prebuilt-modules/26.4/CoreText.swiftmodule/arm64e-apple-ios.swiftmodule /Applications/Xcode-26.4.app/Contents/Developer/Toolchains/XcodeDefault.xctoolchain/usr/lib/swift/iphoneos/prebuilt-modules/26.4/RelevanceKit.swiftmodule/arm64e-apple-ios.swiftmodule /Applications/Xcode-26.4.app/Contents/Developer/Toolchains/XcodeDefault.xctoolchain/usr/lib/swift/iphoneos/prebuilt-modules/26.4/CoreLocation.swiftmodule/arm64e-apple-ios.swiftmodule /Applications/Xcode-26.4.app/Contents/Developer/Toolchains/XcodeDefault.xctoolchain/usr/lib/swift/iphoneos/prebuilt-modules/26.4/Observation.swiftmodule/arm64e-apple-ios.swiftmodule /Applications/Xcode-26.4.app/Contents/Developer/Toolchains/XcodeDefault.xctoolchain/usr/lib/swift/iphoneos/prebuilt-modules/26.4/Distributed.swiftmodule/arm64e-apple-ios.swiftmodule /Applications/Xcode-26.4.app/Contents/Developer/Toolchains/XcodeDefault.xctoolchain/usr/lib/swift/iphoneos/prebuilt-modules/26.4/CoreVideo.swiftmodule/arm64e-apple-ios.swiftmodule /Applications/Xcode-26.4.app/Contents/Developer/Toolchains/XcodeDefault.xctoolchain/usr/lib/swift/iphoneos/prebuilt-modules/26.4/Symbols.swiftmodule/arm64e-apple-ios.swiftmodule /Applications/Xcode-26.4.app/Contents/Developer/Toolchains/XcodeDefault.xctoolchain/usr/lib/swift/iphoneos/prebuilt-modules/26.4/ExtensionFoundation.swiftmodule/arm64e-apple-ios.swiftmodule /Applications/Xcode-26.4.app/Contents/Developer/Toolchains/XcodeDefault.xctoolchain/usr/lib/swift/iphoneos/prebuilt-modules/26.4/Metal.swiftmodule/arm64e-apple-ios.swiftmodule /Applications/Xcode-26.4.app/Contents/Developer/Toolchains/XcodeDefault.xctoolchain/usr/lib/swift/iphoneos/prebuilt-modules/26.4/QuartzCore.swiftmodule/arm64e-apple-ios.swiftmodule /Applications/Xcode-26.4.app/Contents/Developer/Toolchains/XcodeDefault.xctoolchain/usr/lib/swift/iphoneos/prebuilt-modules/26.4/Darwin.swiftmodule/arm64e-apple-ios.swiftmodule /Applications/Xcode-26.4.app/Contents/Developer/Toolchains/XcodeDefault.xctoolchain/usr/lib/swift/iphoneos/prebuilt-modules/26.4/Dispatch.swiftmodule/arm64e-apple-ios.swiftmodule /Applications/Xcode-26.4.app/Contents/Developer/Toolchains/XcodeDefault.xctoolchain/usr/lib/swift/iphoneos/prebuilt-modules/26.4/DeveloperToolsSupport.swiftmodule/arm64e-apple-ios.swiftmodule /Applications/Xcode-26.4.app/Contents/Developer/Toolchains/XcodeDefault.xctoolchain/usr/lib/swift/iphoneos/prebuilt-modules/26.4/Spatial.swiftmodule/arm64e-apple-ios.swiftmodule /Applications/Xcode-26.4.app/Contents/Developer/Toolchains/XcodeDefault.xctoolchain/usr/lib/swift/iphoneos/prebuilt-modules/26.4/SwiftUI.swiftmodule/arm64e-apple-ios.swiftmodule /Applications/Xcode-26.4.app/Contents/Developer/Toolchains/XcodeDefault.xctoolchain/usr/lib/swift/iphoneos/prebuilt-modules/26.4/_DarwinFoundation1.swiftmodule/arm64e-apple-ios.swiftmodule /Applications/Xcode-26.4.app/Contents/Developer/Toolchains/XcodeDefault.xctoolchain/usr/lib/swift/iphoneos/prebuilt-modules/26.4/Foundation.swiftmodule/arm64e-apple-ios.swiftmodule /Applications/Xcode-26.4.app/Contents/Developer/Toolchains/XcodeDefault.xctoolchain/usr/lib/swift/iphoneos/prebuilt-modules/26.4/UniformTypeIdentifiers.swiftmodule/arm64e-apple-ios.swiftmodule /Users/builder/clone/build/ModuleCache.noindex/dnssd-AD306HWO0GTLRRUX17YMCHR3.pcm /Users/builder/clone/build/ModuleCache.noindex/Darwin-9JK4K57VV391ZCRL6PJKDW6QC.pcm /Users/builder/clone/build/ModuleCache.noindex/MachO-41JF1MHKCOEGDAH4NBS40EAV5.pcm /Users/builder/clone/build/ModuleCache.noindex/os_workgroup-DC39T5CMKIEJIDYOY5PWYDB15.pcm /Users/builder/clone/build/ModuleCache.noindex/QuartzCore-4HXPT2CNSS93YXXQSLKIKY7RA.pcm /Users/builder/clone/build/ModuleCache.noindex/simd-21NO8HAWUIWMXH9APP0YRDFQO.pcm /Users/builder/clone/build/ModuleCache.noindex/Spatial-570Y3ACNSWLPH9JH9J72TBKJD.pcm /Users/builder/clone/build/ModuleCache.noindex/ObjectiveC-C5YN1C0BZ7ESBGBP0B5XKM9R7.pcm /Users/builder/clone/build/ModuleCache.noindex/_Builtin_stdatomic-76KDFMAXDXS2299VGGNKRYVFV.pcm /Users/builder/clone/build/ModuleCache.noindex/CoreTransferable-8FDXEPCRNEAQTE76JJB0LPFUU.pcm /Users/builder/clone/build/ModuleCache.noindex/_Builtin_stdarg-ENGARVB1RCA82QNVX3AKNIA7I.pcm /Users/builder/clone/build/ModuleCache.noindex/OpenGLES-DKNU5AR9XXJ9R6V4TBYPRRYZA.pcm /Users/builder/clone/build/ModuleCache.noindex/_Builtin_limits-2GLYII2961SBP7KNDWBXKCYIU.pcm /Users/builder/clone/build/ModuleCache.noindex/ExtensionFoundation-7H5R7NWWDI405QCMCNSYCVD6U.pcm /Users/builder/clone/build/ModuleCache.noindex/Network-DZJN7VSIUT7X2FNDHRJ2UH9FT.pcm /Users/builder/clone/build/ModuleCache.noindex/_Builtin_tgmath-4TGPTBNB67ZX9LJ219K0ULBGG.pcm /Users/builder/clone/build/ModuleCache.noindex/_LocationEssentials-51RDQ334Q9E3IL6TUQH508O85.pcm /Users/builder/clone/build/ModuleCache.noindex/CoreImage-DD8SUJZ64K9CVFIOVE5KJKHFG.pcm /Users/builder/clone/build/ModuleCache.noindex/_Builtin_stddef-BB4QVRWLQPKQFP8JNJD0W8GAN.pcm /Users/builder/clone/build/ModuleCache.noindex/Dispatch-8GYF4EP8REEU3QEW8Z933NFUQ.pcm /Users/builder/clone/build/ModuleCache.noindex/_Builtin_stdint-8O3R5RESI6Q2C48CPPQ9C67AM.pcm /Users/builder/clone/build/ModuleCache.noindex/_SwiftConcurrencyShims-2BNDF9OPLGTNP0XB8L7VZ4LAU.pcm /Users/builder/clone/build/ModuleCache.noindex/CoreText-3X44K35Q1VPDBV00UMFIRMIKV.pcm /Users/builder/clone/build/ModuleCache.noindex/UIKit-6C7F0NTESSX0F1EL9XK96F41K.pcm /Users/builder/clone/build/ModuleCache.noindex/ptrcheck-3O5DVQU3FOAHU85DJI4YDN56T.pcm /Users/builder/clone/build/ModuleCache.noindex/SwiftShims-E9TKEMZXJ2MR8M3OWQ4MIGGM6.pcm /Users/builder/clone/build/ModuleCache.noindex/Security-3F4HC5OTFYZ17SDJMC1AFIDUH.pcm /Users/builder/clone/build/ModuleCache.noindex/CoreData-3K2WTJJ916UCZ2MKP89W9O59Y.pcm /Users/builder/clone/build/ModuleCache.noindex/sys_types-B33PJM372D4Z1NVRZM5YRD1RP.pcm /Users/builder/clone/build/ModuleCache.noindex/_DarwinFoundation3-DY8NKKEJ8L2MTRNBGEHAPT5DM.pcm /Users/builder/clone/build/ModuleCache.noindex/Foundation-8ESBZZ9N1J4PLT4Z9IWTLGEHX.pcm /Users/builder/clone/build/ModuleCache.noindex/ptrauth-C60CAIU36OYOR69O7ASMTTFU8.pcm /Users/builder/clone/build/ModuleCache.noindex/CoreGraphics-DHIHCZLPL10G7BENB0X8378AJ.pcm /Users/builder/clone/build/ModuleCache.noindex/CoreFoundation-A6CZS58YETCJR8NW8HTBMP5MT.pcm /Users/builder/clone/build/ModuleCache.noindex/Accessibility-6CGAD9HFYBPRH52XHIXU25W3B.pcm /Users/builder/clone/build/ModuleCache.noindex/DataDetection-767JSQ2PVF65S0V6ACG5TQ3Z2.pcm /Users/builder/clone/build/ModuleCache.noindex/UniformTypeIdentifiers-6P20BIO8DDZL5ROCP8D8WGPE0.pcm /Users/builder/clone/build/ModuleCache.noindex/Symbols-6YCZR2ARZG9NZRZ7VDZA78Y8Z.pcm /Users/builder/clone/build/ModuleCache.noindex/_AvailabilityInternal-HZ0RQBGAAN0QZ99B6J54UUYW.pcm /Users/builder/clone/build/ModuleCache.noindex/os-F5KWFQN3957WM4HIB2FUBIGYE.pcm /Users/builder/clone/build/ModuleCache.noindex/SwiftUI-86PP5IKYH13L9AXG1NY6HYW49.pcm /Users/builder/clone/build/ModuleCache.noindex/_Builtin_stdbool-4CMY3LS3VS80AUOFD187RSTV6.pcm /Users/builder/clone/build/ModuleCache.noindex/_Builtin_float-2SCQEMQEBIDUKNY6JWCDOO11G.pcm /Users/builder/clone/build/ModuleCache.noindex/_Builtin_inttypes-84PMF3J701KL39W8XHWT9YV4L.pcm /Users/builder/clone/build/ModuleCache.noindex/UIUtilities-D9XJ7VDIG1IHLIHWVH8X8G5XO.pcm /Users/builder/clone/build/ModuleCache.noindex/CoreSpotlight-9PT7C5WJB51AW274IXZEXWWEI.pcm /Users/builder/clone/build/ModuleCache.noindex/ImageIO-6YGWHRL8SUR3EUL251BW6ZONE.pcm /Users/builder/clone/build/ModuleCache.noindex/_Builtin_intrinsics-68YOBLARAI3EV9PG7YHQ1CZG8.pcm /Users/builder/clone/build/ModuleCache.noindex/CFNetwork-WBAWX6LIWV7GVTAGNWN3QVNX.pcm /Users/builder/clone/build/ModuleCache.noindex/IOSurface-4H7NGKW4G1MF61ZG9NU7XEMDR.pcm /Users/builder/clone/build/ModuleCache.noindex/SwiftUICore-CUKWBNX4LN287VPZN9XM5S1MP.pcm /Users/builder/clone/build/ModuleCache.noindex/AppIntents-ZW2X38RIGART9RJH6V7OCRPW.pcm /Users/builder/clone/build/ModuleCache.noindex/_DarwinFoundation1-ABIHU72TA312QF6KDYFEZMWY0.pcm /Users/builder/clone/build/ModuleCache.noindex/OSLog-8KMWTEYMTYT110P4R2DM2CEA7.pcm /Users/builder/clone/build/ModuleCache.noindex/os_object-5OSU1U0DEBH4XAUVWITEJ4MPR.pcm /Users/builder/clone/build/ModuleCache.noindex/RelevanceKit-86RB7Z2SJK683QSQ2G8OGKHMF.pcm /Users/builder/clone/build/ModuleCache.noindex/FileProvider-2ZC8JGMP6Y5LLS2X265VONA02.pcm /Users/builder/clone/build/ModuleCache.noindex/DeveloperToolsSupport-ARDR2BFT1ESNNFCUSG58K5VDU.pcm /Users/builder/clone/build/ModuleCache.noindex/UserNotifications-93CPPOUFW0O3AYEX1I7X0DI72.pcm /Users/builder/clone/build/ModuleCache.noindex/CoreVideo-4XQ1TYTLBBE58YDEML7VD2Z9P.pcm /Users/builder/clone/build/ModuleCache.noindex/Metal-7YSUO0KEBD5EH9Z41AFAPQFR.pcm /Users/builder/clone/build/ModuleCache.noindex/_DarwinFoundation2-IH2TNLDCFEU7XZQT9CTVUQ1P.pcm /Users/builder/clone/build/ModuleCache.noindex/XPC-7DBBZ0RY9AXLIFQ1ZQNCEOL7M.pcm /Users/builder/clone/build/ModuleCache.noindex/CoreLocation-NZYA394MIT49FQP24H9ORV0S.pcm /Users/builder/clone/build/Build/Intermediates.noindex/SFSafeSymbols.build/Release-iphoneos/SFSafeSymbols.build/Objects-normal/arm64/SFSafeSymbols-dependencies-1.json (in target 'SFSafeSymbols' from project 'SFSafeSymbols')\n\nCompileSwift normal arm64 (in target 'SFSafeSymbols' from project 'SFSafeSymbols')\n    cd /Users/builder/clone/IceCubesApp.xcodeproj\n    \n\nSwiftDriverJobDiscovery normal arm64 Compiling ContentManager.swift, InternalWrappingHStack.swift, NewLine.swift, ViewType.swift, WrappingHStack.swift (in target 'WrappingHStack' from project 'WrappingHStack')\n\nSwiftDriver\\ Compilation\\ Requirements WrappingHStack normal arm64 com.apple.xcode.tools.swift.compiler (in target 'WrappingHStack' from project 'WrappingHStack')\n    cd /Users/builder/clone/IceCubesApp.xcodeproj\n    builtin-Swift-Compilation-Requirements -- /Applications/Xcode-26.4.app/Contents/Developer/Toolchains/XcodeDefault.xctoolchain/usr/bin/swiftc -module-name WrappingHStack -O -whole-module-optimization @/Users/builder/clone/build/Build/Intermediates.noindex/WrappingHStack.build/Release-iphoneos/WrappingHStack.build/Objects-normal/arm64/WrappingHStack.SwiftFileList -DSWIFT_PACKAGE -DSWIFT_MODULE_RESOURCE_BUNDLE_UNAVAILABLE -DXcode -plugin-path /Applications/Xcode-26.4.app/Contents/Developer/Toolchains/XcodeDefault.xctoolchain/usr/lib/swift/host/plugins/testing -enable-experimental-feature DebugDescriptionMacro -sdk /Applications/Xcode-26.4.app/Contents/Developer/Platforms/iPhoneOS.platform/Developer/SDKs/iPhoneOS26.4.sdk -target arm64-apple-ios13.0 -g -module-cache-path /Users/builder/clone/build/ModuleCache.noindex -Xfrontend -serialize-debugging-options -suppress-warnings -swift-version 5 -I /Users/builder/clone/build/Build/Products/Release-iphoneos -Isystem /Applications/Xcode-26.4.app/Contents/Developer/Platforms/iPhoneOS.platform/Developer/usr/lib -F /Users/builder/clone/build/Build/Products/Release-iphoneos -F /Applications/Xcode-26.4.app/Contents/Developer/Platforms/iPhoneOS.platform/Developer/Library/Frameworks -F /Applications/Xcode-26.4.app/Contents/Developer/Platforms/iPhoneOS.platform/Developer/SDKs/iPhoneOS26.4.sdk/Developer/Library/Frameworks -c -num-threads 3 -Xcc -ivfsstatcache -Xcc /Users/builder/clone/build/SDKStatCaches.noindex/iphoneos26.4-23E252-dc38477e7e47e42951976ad86cc01fb3.sdkstatcache -output-file-map /Users/builder/clone/build/Build/Intermediates.noindex/WrappingHStack.build/Release-iphoneos/WrappingHStack.build/Objects-normal/arm64/WrappingHStack-OutputFileMap.json -use-frontend-parseable-output -save-temps -no-color-diagnostics -explicit-module-build -module-cache-path /Users/builder/clone/build/Build/Intermediates.noindex/SwiftExplicitPrecompiledModules -clang-scanner-module-cache-path /Users/builder/clone/build/ModuleCache.noindex -sdk-module-cache-path /Users/builder/clone/build/ModuleCache.noindex -serialize-diagnostics -emit-dependencies -emit-module -emit-module-path /Users/builder/clone/build/Build/Intermediates.noindex/WrappingHStack.build/Release-iphoneos/WrappingHStack.build/Objects-normal/arm64/WrappingHStack.swiftmodule -validate-clang-modules-once -clang-build-session-file /Users/builder/clone/build/ModuleCache.noindex/Session.modulevalidation -Xcc -I/Users/builder/clone/build/Build/Intermediates.noindex/WrappingHStack.build/Release-iphoneos/WrappingHStack.build/swift-overrides.hmap -emit-const-values -Xfrontend -const-gather-protocols-file -Xfrontend /Users/builder/clone/build/Build/Intermediates.noindex/WrappingHStack.build/Release-iphoneos/WrappingHStack.build/Objects-normal/arm64/WrappingHStack_const_extract_protocols.json -Xcc -I/Users/builder/clone/build/Build/Products/Release-iphoneos/include -Xcc -I/Users/builder/clone/build/Build/Intermediates.noindex/WrappingHStack.build/Release-iphoneos/WrappingHStack.build/DerivedSources-normal/arm64 -Xcc -I/Users/builder/clone/build/Build/Intermediates.noindex/WrappingHStack.build/Release-iphoneos/WrappingHStack.build/DerivedSources/arm64 -Xcc -I/Users/builder/clone/build/Build/Intermediates.noindex/WrappingHStack.build/Release-iphoneos/WrappingHStack.build/DerivedSources -Xcc -DSWIFT_PACKAGE -emit-objc-header -emit-objc-header-path /Users/builder/clone/build/Build/Intermediates.noindex/WrappingHStack.build/Release-iphoneos/WrappingHStack.build/Objects-normal/arm64/WrappingHStack-Swift.h -working-directory /Users/builder/clone/IceCubesApp.xcodeproj -no-emit-module-separately-wmo\n\nSwiftDriverJobDiscovery normal arm64 Compiling resource_bundle_accessor.swift, CryptoHashing.swift, DictionaryExt.swift, DurationSignalTracker.swift, JSONFormatting.swift, LogHandler.swift, SessionManager.swift, TelemetryEnvironment.swift, TrackNavigationModifier.swift, TelemetryDeck+Acquisition.swift, TelemetryDeck+Activation.swift, TelemetryDeck+Referral.swift, TelemetryDeck+Revenue.swift, AnyIdentifiableError.swift, ErrorCategory.swift, IdentifiableError.swift, NavigationStatus.swift, TelemetryDeck+Errors.swift, TelemetryDeck+Navigation.swift, TelemetryDeck+Purchases.swift, TrialConversionTracker.swift, Signal+Helpers.swift, Signal.swift, SignalCache.swift, SignalEnricher.swift, SignalManager.swift, TelemetryClient.swift, TelemetryDeck.swift (in target 'TelemetryDeck' from project 'TelemetryDeck')\n\nSwiftDriver\\ Compilation\\ Requirements TelemetryDeck normal arm64 com.apple.xcode.tools.swift.compiler (in target 'TelemetryDeck' from project 'TelemetryDeck')\n    cd /Users/builder/clone/IceCubesApp.xcodeproj\n    builtin-Swift-Compilation-Requirements -- /Applications/Xcode-26.4.app/Contents/Developer/Toolchains/XcodeDefault.xctoolchain/usr/bin/swiftc -module-name TelemetryDeck -O -whole-module-optimization @/Users/builder/clone/build/Build/Intermediates.noindex/TelemetryDeck.build/Release-iphoneos/TelemetryDeck.build/Objects-normal/arm64/TelemetryDeck.SwiftFileList -DSWIFT_PACKAGE -DSWIFT_MODULE_RESOURCE_BUNDLE_AVAILABLE -DXcode -enable-experimental-feature StrictConcurrency -plugin-path /Applications/Xcode-26.4.app/Contents/Developer/Toolchains/XcodeDefault.xctoolchain/usr/lib/swift/host/plugins/testing -enable-experimental-feature DebugDescriptionMacro -sdk /Applications/Xcode-26.4.app/Contents/Developer/Platforms/iPhoneOS.platform/Developer/SDKs/iPhoneOS26.4.sdk -target arm64-apple-ios12.0 -g -module-cache-path /Users/builder/clone/build/ModuleCache.noindex -Xfrontend -serialize-debugging-options -suppress-warnings -swift-version 5 -I /Users/builder/clone/build/Build/Products/Release-iphoneos -Isystem /Applications/Xcode-26.4.app/Contents/Developer/Platforms/iPhoneOS.platform/Developer/usr/lib -F /Users/builder/clone/build/Build/Products/Release-iphoneos -F /Applications/Xcode-26.4.app/Contents/Developer/Platforms/iPhoneOS.platform/Developer/Library/Frameworks -F /Applications/Xcode-26.4.app/Contents/Developer/Platforms/iPhoneOS.platform/Developer/SDKs/iPhoneOS26.4.sdk/Developer/Library/Frameworks -c -num-threads 3 -Xcc -ivfsstatcache -Xcc /Users/builder/clone/build/SDKStatCaches.noindex/iphoneos26.4-23E252-dc38477e7e47e42951976ad86cc01fb3.sdkstatcache -output-file-map /Users/builder/clone/build/Build/Intermediates.noindex/TelemetryDeck.build/Release-iphoneos/TelemetryDeck.build/Objects-normal/arm64/TelemetryDeck-OutputFileMap.json -use-frontend-parseable-output -save-temps -no-color-diagnostics -explicit-module-build -module-cache-path /Users/builder/clone/build/Build/Intermediates.noindex/SwiftExplicitPrecompiledModules -clang-scanner-module-cache-path /Users/builder/clone/build/ModuleCache.noindex -sdk-module-cache-path /Users/builder/clone/build/ModuleCache.noindex -serialize-diagnostics -emit-dependencies -emit-module -emit-module-path /Users/builder/clone/build/Build/Intermediates.noindex/TelemetryDeck.build/Release-iphoneos/TelemetryDeck.build/Objects-normal/arm64/TelemetryDeck.swiftmodule -validate-clang-modules-once -clang-build-session-file /Users/builder/clone/build/ModuleCache.noindex/Session.modulevalidation -package-name swiftsdk -Xcc -I/Users/builder/clone/build/Build/Intermediates.noindex/TelemetryDeck.build/Release-iphoneos/TelemetryDeck.build/swift-overrides.hmap -emit-const-values -Xfrontend -const-gather-protocols-file -Xfrontend /Users/builder/clone/build/Build/Intermediates.noindex/TelemetryDeck.build/Release-iphoneos/TelemetryDeck.build/Objects-normal/arm64/TelemetryDeck_const_extract_protocols.json -Xcc -I/Users/builder/clone/build/Build/Products/Release-iphoneos/include -Xcc -I/Users/builder/clone/build/Build/Intermediates.noindex/TelemetryDeck.build/Release-iphoneos/TelemetryDeck.build/DerivedSources-normal/arm64 -Xcc -I/Users/builder/clone/build/Build/Intermediates.noindex/TelemetryDeck.build/Release-iphoneos/TelemetryDeck.build/DerivedSources/arm64 -Xcc -I/Users/builder/clone/build/Build/Intermediates.noindex/TelemetryDeck.build/Release-iphoneos/TelemetryDeck.build/DerivedSources -Xcc -DSWIFT_PACKAGE -emit-objc-header -emit-objc-header-path /Users/builder/clone/build/Build/Intermediates.noindex/TelemetryDeck.build/Release-iphoneos/TelemetryDeck.build/Objects-normal/arm64/TelemetryDeck-Swift.h -working-directory /Users/builder/clone/IceCubesApp.xcodeproj -no-emit-module-separately-wmo\n\nSwiftMergeGeneratedHeaders /Users/builder/clone/build/Build/Intermediates.noindex/GeneratedModuleMaps-iphoneos/WrappingHStack-Swift.h /Users/builder/clone/build/Build/Intermediates.noindex/WrappingHStack.build/Release-iphoneos/WrappingHStack.build/Objects-normal/arm64/WrappingHStack-Swift.h (in target 'WrappingHStack' from project 'WrappingHStack')\n    cd /Users/builder/clone/build/SourcePackages/checkouts/WrappingHStack\n    builtin-swiftHeaderTool -arch arm64 /Users/builder/clone/build/Build/Intermediates.noindex/WrappingHStack.build/Release-iphoneos/WrappingHStack.build/Objects-normal/arm64/WrappingHStack-Swift.h -o /Users/builder/clone/build/Build/Intermediates.noindex/GeneratedModuleMaps-iphoneos/WrappingHStack-Swift.h\n\nCopy /Users/builder/clone/build/Build/Products/Release-iphoneos/WrappingHStack.swiftmodule/arm64-apple-ios.swiftmodule /Users/builder/clone/build/Build/Intermediates.noindex/WrappingHStack.build/Release-iphoneos/WrappingHStack.build/Objects-normal/arm64/WrappingHStack.swiftmodule (in target 'WrappingHStack' from project 'WrappingHStack')\n    cd /Users/builder/clone/build/SourcePackages/checkouts/WrappingHStack\n    builtin-copy -exclude .DS_Store -exclude CVS -exclude .svn -exclude .git -exclude .hg -strip-unsigned-binaries -strip-deterministic -strip-tool /Applications/Xcode-26.4.app/Contents/Developer/Toolchains/XcodeDefault.xctoolchain/usr/bin/strip -resolve-src-symlinks -rename /Users/builder/clone/build/Build/Intermediates.noindex/WrappingHStack.build/Release-iphoneos/WrappingHStack.build/Objects-normal/arm64/WrappingHStack.swiftmodule /Users/builder/clone/build/Build/Products/Release-iphoneos/WrappingHStack.swiftmodule/arm64-apple-ios.swiftmodule\n\nCopy /Users/builder/clone/build/Build/Products/Release-iphoneos/WrappingHStack.swiftmodule/arm64-apple-ios.swiftdoc /Users/builder/clone/build/Build/Intermediates.noindex/WrappingHStack.build/Release-iphoneos/WrappingHStack.build/Objects-normal/arm64/WrappingHStack.swiftdoc (in target 'WrappingHStack' from project 'WrappingHStack')\n    cd /Users/builder/clone/build/SourcePackages/checkouts/WrappingHStack\n    builtin-copy -exclude .DS_Store -exclude CVS -exclude .svn -exclude .git -exclude .hg -strip-unsigned-binaries -strip-deterministic -strip-tool /Applications/Xcode-26.4.app/Contents/Developer/Toolchains/XcodeDefault.xctoolchain/usr/bin/strip -resolve-src-symlinks -rename /Users/builder/clone/build/Build/Intermediates.noindex/WrappingHStack.build/Release-iphoneos/WrappingHStack.build/Objects-normal/arm64/WrappingHStack.swiftdoc /Users/builder/clone/build/Build/Products/Release-iphoneos/WrappingHStack.swiftmodule/arm64-apple-ios.swiftdoc\n\nCopy /Users/builder/clone/build/Build/Products/Release-iphoneos/WrappingHStack.swiftmodule/arm64-apple-ios.abi.json /Users/builder/clone/build/Build/Intermediates.noindex/WrappingHStack.build/Release-iphoneos/WrappingHStack.build/Objects-normal/arm64/WrappingHStack.abi.json (in target 'WrappingHStack' from project 'WrappingHStack')\n    cd /Users/builder/clone/build/SourcePackages/checkouts/WrappingHStack\n    builtin-copy -exclude .DS_Store -exclude CVS -exclude .svn -exclude .git -exclude .hg -strip-unsigned-binaries -strip-deterministic -strip-tool /Applications/Xcode-26.4.app/Contents/Developer/Toolchains/XcodeDefault.xctoolchain/usr/bin/strip -resolve-src-symlinks -rename /Users/builder/clone/build/Build/Intermediates.noindex/WrappingHStack.build/Release-iphoneos/WrappingHStack.build/Objects-normal/arm64/WrappingHStack.abi.json /Users/builder/clone/build/Build/Products/Release-iphoneos/WrappingHStack.swiftmodule/arm64-apple-ios.abi.json\n\nCopy /Users/builder/clone/build/Build/Products/Release-iphoneos/WrappingHStack.swiftmodule/Project/arm64-apple-ios.swiftsourceinfo /Users/builder/clone/build/Build/Intermediates.noindex/WrappingHStack.build/Release-iphoneos/WrappingHStack.build/Objects-normal/arm64/WrappingHStack.swiftsourceinfo (in target 'WrappingHStack' from project 'WrappingHStack')\n    cd /Users/builder/clone/build/SourcePackages/checkouts/WrappingHStack\n    builtin-copy -exclude .DS_Store -exclude CVS -exclude .svn -exclude .git -exclude .hg -strip-unsigned-binaries -strip-deterministic -strip-tool /Applications/Xcode-26.4.app/Contents/Developer/Toolchains/XcodeDefault.xctoolchain/usr/bin/strip -resolve-src-symlinks -rename /Users/builder/clone/build/Build/Intermediates.noindex/WrappingHStack.build/Release-iphoneos/WrappingHStack.build/Objects-normal/arm64/WrappingHStack.swiftsourceinfo /Users/builder/clone/build/Build/Products/Release-iphoneos/WrappingHStack.swiftmodule/Project/arm64-apple-ios.swiftsourceinfo\n\nSwiftMergeGeneratedHeaders /Users/builder/clone/build/Build/Intermediates.noindex/GeneratedModuleMaps-iphoneos/TelemetryDeck-Swift.h /Users/builder/clone/build/Build/Intermediates.noindex/TelemetryDeck.build/Release-iphoneos/TelemetryDeck.build/Objects-normal/arm64/TelemetryDeck-Swift.h (in target 'TelemetryDeck' from project 'TelemetryDeck')\n    cd /Users/builder/clone/build/SourcePackages/checkouts/SwiftSDK\n    builtin-swiftHeaderTool -arch arm64 /Users/builder/clone/build/Build/Intermediates.noindex/TelemetryDeck.build/Release-iphoneos/TelemetryDeck.build/Objects-normal/arm64/TelemetryDeck-Swift.h -o /Users/builder/clone/build/Build/Intermediates.noindex/GeneratedModuleMaps-iphoneos/TelemetryDeck-Swift.h\n\nCopy /Users/builder/clone/build/Build/Products/Release-iphoneos/TelemetryDeck.swiftmodule/arm64-apple-ios.swiftmodule /Users/builder/clone/build/Build/Intermediates.noindex/TelemetryDeck.build/Release-iphoneos/TelemetryDeck.build/Objects-normal/arm64/TelemetryDeck.swiftmodule (in target 'TelemetryDeck' from project 'TelemetryDeck')\n    cd /Users/builder/clone/build/SourcePackages/checkouts/SwiftSDK\n    builtin-copy -exclude .DS_Store -exclude CVS -exclude .svn -exclude .git -exclude .hg -strip-unsigned-binaries -strip-deterministic -strip-tool /Applications/Xcode-26.4.app/Contents/Developer/Toolchains/XcodeDefault.xctoolchain/usr/bin/strip -resolve-src-symlinks -rename /Users/builder/clone/build/Build/Intermediates.noindex/TelemetryDeck.build/Release-iphoneos/TelemetryDeck.build/Objects-normal/arm64/TelemetryDeck.swiftmodule /Users/builder/clone/build/Build/Products/Release-iphoneos/TelemetryDeck.swiftmodule/arm64-apple-ios.swiftmodule\n\nCopy /Users/builder/clone/build/Build/Products/Release-iphoneos/TelemetryDeck.swiftmodule/arm64-apple-ios.swiftdoc /Users/builder/clone/build/Build/Intermediates.noindex/TelemetryDeck.build/Release-iphoneos/TelemetryDeck.build/Objects-normal/arm64/TelemetryDeck.swiftdoc (in target 'TelemetryDeck' from project 'TelemetryDeck')\n    cd /Users/builder/clone/build/SourcePackages/checkouts/SwiftSDK\n    builtin-copy -exclude .DS_Store -exclude CVS -exclude .svn -exclude .git -exclude .hg -strip-unsigned-binaries -strip-deterministic -strip-tool /Applications/Xcode-26.4.app/Contents/Developer/Toolchains/XcodeDefault.xctoolchain/usr/bin/strip -resolve-src-symlinks -rename /Users/builder/clone/build/Build/Intermediates.noindex/TelemetryDeck.build/Release-iphoneos/TelemetryDeck.build/Objects-normal/arm64/TelemetryDeck.swiftdoc /Users/builder/clone/build/Build/Products/Release-iphoneos/TelemetryDeck.swiftmodule/arm64-apple-ios.swiftdoc\n\nCopy /Users/builder/clone/build/Build/Products/Release-iphoneos/TelemetryDeck.swiftmodule/arm64-apple-ios.abi.json /Users/builder/clone/build/Build/Intermediates.noindex/TelemetryDeck.build/Release-iphoneos/TelemetryDeck.build/Objects-normal/arm64/TelemetryDeck.abi.json (in target 'TelemetryDeck' from project 'TelemetryDeck')\n    cd /Users/builder/clone/build/SourcePackages/checkouts/SwiftSDK\n    builtin-copy -exclude .DS_Store -exclude CVS -exclude .svn -exclude .git -exclude .hg -strip-unsigned-binaries -strip-deterministic -strip-tool /Applications/Xcode-26.4.app/Contents/Developer/Toolchains/XcodeDefault.xctoolchain/usr/bin/strip -resolve-src-symlinks -rename /Users/builder/clone/build/Build/Intermediates.noindex/TelemetryDeck.build/Release-iphoneos/TelemetryDeck.build/Objects-normal/arm64/TelemetryDeck.abi.json /Users/builder/clone/build/Build/Products/Release-iphoneos/TelemetryDeck.swiftmodule/arm64-apple-ios.abi.json\n\nCopy /Users/builder/clone/build/Build/Products/Release-iphoneos/TelemetryDeck.swiftmodule/Project/arm64-apple-ios.swiftsourceinfo /Users/builder/clone/build/Build/Intermediates.noindex/TelemetryDeck.build/Release-iphoneos/TelemetryDeck.build/Objects-normal/arm64/TelemetryDeck.swiftsourceinfo (in target 'TelemetryDeck' from project 'TelemetryDeck')\n    cd /Users/builder/clone/build/SourcePackages/checkouts/SwiftSDK\n    builtin-copy -exclude .DS_Store -exclude CVS -exclude .svn -exclude .git -exclude .hg -strip-unsigned-binaries -strip-deterministic -strip-tool /Applications/Xcode-26.4.app/Contents/Developer/Toolchains/XcodeDefault.xctoolchain/usr/bin/strip -resolve-src-symlinks -rename /Users/builder/clone/build/Build/Intermediates.noindex/TelemetryDeck.build/Release-iphoneos/TelemetryDeck.build/Objects-normal/arm64/TelemetryDeck.swiftsourceinfo /Users/builder/clone/build/Build/Products/Release-iphoneos/TelemetryDeck.swiftmodule/Project/arm64-apple-ios.swiftsourceinfo\n\nSwiftCompile normal arm64 Compiling\\ resource_bundle_accessor.swift,\\ AdTracker.swift,\\ AdsAPI.swift,\\ AdEvent.swift,\\ AdEventStore.swift,\\ AdRewardEvents.swift,\\ AdEventsRequest.swift,\\ AdHTTPRequestPath.swift,\\ PostAdEventsOperation.swift,\\ StoredAdEvent.swift,\\ StoredAdEventSerializer.swift,\\ AdReward.swift,\\ EntitlementReward.swift,\\ GetRewardVerificationStatusOperation.swift,\\ RewardVerificationStatusCallback.swift,\\ RewardVerificationStatusResponse.swift,\\ Outcome.swift,\\ Poller.swift,\\ RewardVerification.swift,\\ RewardVerificationPollStatus.swift,\\ RewardVerificationResult.swift,\\ RewardVerificationToken.swift,\\ RewardedAdTrackingMetadata.swift,\\ VirtualCurrencyReward.swift,\\ ASIdManagerProxy.swift,\\ AttributionData.swift,\\ AttributionFetcher.swift,\\ AttributionNetwork.swift,\\ AttributionPoster.swift,\\ AttributionTypeFactory.swift,\\ TrackingManagerProxy.swift,\\ Authentication.swift,\\ CacheStatus.swift,\\ Checksum.swift,\\ DeviceCache.swift,\\ DirectoryHelper.swift,\\ FileRepository.swift,\\ InMemoryCachedObject.swift,\\ KeyedDeferredValueStore.swift,\\ LargeItemCacheType.swift,\\ URLWithValidation.swift,\\ CheckpointEvent.swift,\\ CheckpointWorkflowResolver.swift,\\ Checkpoints.swift,\\ PeriodType+Extensions.swift,\\ PurchaseOwnershipType+Extensions.swift,\\ Store+Extensions.swift,\\ CustomerCenterConfigData.swift,\\ CustomerCenterPresentationMode.swift,\\ CustomerCenterEvent.swift,\\ EventsRequest+CustomerCenter.swift,\\ DeepLinkParser.swift,\\ DiagnosticsEvent.swift,\\ DiagnosticsFileHandler.swift,\\ DiagnosticsTracker.swift,\\ FileHandler.swift,\\ DiagnosticsEventsRequest.swift,\\ DiagnosticsHTTPRequestPath.swift,\\ DiagnosticsPostOperation.swift,\\ DiagnosticsSynchronizer.swift,\\ EmptyFile.swift,\\ Assertions.swift,\\ BackendError.swift,\\ BackendErrorCode.swift,\\ DescribableError.swift,\\ ErrorCode+Conformances.swift,\\ ErrorDetails.swift,\\ ErrorUtils.swift,\\ PurchasesError.swift,\\ SKError+Extensions.swift,\\ StoreKitError+Extensions.swift,\\ StoreKitErrorHelper.swift,\\ EventsManager.swift,\\ FeatureEvent.swift,\\ FeatureEventStore.swift,\\ FeatureEventHTTPRequestPath.swift,\\ FeatureEventsRequest+CheckpointEvent.swift,\\ FeatureEventsRequest+WorkflowEvent.swift,\\ FeatureEventsRequest.swift,\\ PostFeatureEventsOperation.swift,\\ StoredFeatureEvent.swift,\\ StoredFeatureEventSerializer.swift,\\ EventsHTTPRequestPath.swift,\\ Array+Extensions.swift,\\ AsyncExtensions.swift,\\ Data+Extensions.swift,\\ Date+Extensions.swift,\\ Decoder+Extensions.swift,\\ Dictionary+Extensions.swift,\\ DispatchTimeInterval+Extensions.swift,\\ Error+Extensions.swift,\\ Integer+Extensions.swift,\\ Locale+Extensions.swift,\\ NSNumber+JSON.swift,\\ OperationQueue+Extensions.swift,\\ Operators+Extensions.swift,\\ Optional+Extensions.swift,\\ Result+Extensions.swift,\\ Set+Extensions.swift,\\ String+Extensions.swift,\\ TimeInterval+Extensions.swift,\\ UIApplication+RCExtensions.swift,\\ UserDefaults+Extensions.swift,\\ ErrorCode.swift,\\ CustomerInfo+ActiveDates.swift,\\ CustomerInfo+NonSubscriptions.swift,\\ CustomerInfo.swift,\\ CustomerInfoManager.swift,\\ Identity.swift,\\ IdentityManager.swift,\\ ProductPaidPrice.swift,\\ SubscriptionInfo.swift,\\ ASN1Container.swift,\\ ASN1ObjectIdentifier.swift,\\ AppleReceipt.swift,\\ InAppPurchase.swift,\\ ASN1ContainerBuilder.swift,\\ ASN1ObjectIdentifierBuilder.swift,\\ AppleReceiptBuilder.swift,\\ InAppPurchaseBuilder.swift,\\ ArraySlice_UInt8+Extensions.swift,\\ Codable+Extensions.swift,\\ DateFormatter+Extensions.swift,\\ UInt8+Extensions.swift,\\ FileReader.swift,\\ LoggerType.swift,\\ ProcessInfo+Extensions.swift,\\ ReceiptParserLogger.swift,\\ ReceiptStrings.swift,\\ LocalReceiptFetcher.swift,\\ PurchasesReceiptParser.swift,\\ ReceiptParsingError.swift,\\ DeviceDimensionProvider.swift,\\ DimensionProvider.swift,\\ DimensionResolver.swift,\\ LocalRulesEvaluator.swift,\\ RulesEngineLoggerBridge.swift,\\ StoreDimensionProvider.swift,\\ SubscriberAttributesDimensionProvider.swift,\\ LogIntent.swift,\\ Logger.swift,\\ AdsStrings.swift,\\ AnalyticsStrings.swift,\\ AttributionStrings.swift,\\ AuthenticationStrings.swift,\\ BackendErrorStrings.swift,\\ CacheStrings.swift,\\ CodableStrings.swift,\\ ConfigureStrings.swift,\\ CustomerInfoStrings.swift,\\ DiagnosticsStrings.swift,\\ ETagStrings.swift,\\ EligibilityStrings.swift,\\ EventsManagerStrings.swift,\\ FileRepositoryStrings.swift,\\ IdentityStrings.swift,\\ ManageSubscriptionsStrings.swift,\\ NetworkStrings.swift,\\ OfferingStrings.swift,\\ OfflineEntitlementsStrings.swift,\\ PaywallsStrings.swift,\\ PurchaseStrings.swift,\\ RemoteConfigStrings.swift,\\ SigningStrings.swift,\\ StoreKitStrings.swift,\\ Strings.swift,\\ TransactionMetadataStrings.swift,\\ VirtualCurrencyStrings.swift,\\ WebRedemptionStrings.swift,\\ Box.swift,\\ AnyCodingKey.swift,\\ AnyDecodable.swift,\\ AnyEncodable.swift,\\ DefaultDecodable.swift,\\ EnsureNonEmptyCollectionDecodable.swift,\\ IgnoreHashable.swift,\\ NonEmptyStringDecodable.swift,\\ RawDataContainer.swift,\\ Atomic.swift,\\ DeferredTask.swift,\\ Lock.swift,\\ OperationDispatcher.swift,\\ Purchases+async.swift,\\ Purchases+nonasync.swift,\\ SynchronizedLargeItemCache.swift,\\ SynchronizedUserDefaults.swift,\\ CustomVariableKeyValidator.swift,\\ DangerousSettings.swift,\\ Clock.swift,\\ DateExtensions.swift,\\ DateProvider.swift,\\ ISODurationFormatter.swift,\\ ISOPeriodFormatter.swift,\\ TimingUtil.swift,\\ Deprecations.swift,\\ Either.swift,\\ JWT.swift,\\ PreferredLocalesProvider.swift,\\ MacDevice.swift,\\ MapAppStoreDetector.swift,\\ Obsoletions.swift,\\ PlatformInfo.swift,\\ PriceFormatterProvider.swift,\\ RateLimiter.swift,\\ SandboxEnvironmentDetector.swift,\\ StoreKitVersion.swift,\\ SystemInfo.swift,\\ APISourceFailover.swift,\\ Audience.swift,\\ AudiencesConfigProvider.swift,\\ Backend.swift,\\ BackendConfiguration.swift,\\ CacheFetchPolicy.swift,\\ CallbackCache.swift,\\ CallbackCacheStatus.swift,\\ CustomerCenterConfigCallback.swift,\\ CustomerInfoCallback.swift,\\ IAMCallbacks.swift,\\ IsPurchaseAllowedByRestoreBehaviorCallback.swift,\\ LogInCallback.swift,\\ OfferingsCallback.swift,\\ ProductEntitlementMappingCallback.swift,\\ RemoteConfigCallback.swift,\\ VirtualCurrenciesCallback.swift,\\ WebBillingProductsCallback.swift,\\ WebOfferingProductsCallback.swift,\\ CheckpointRules.swift,\\ CheckpointsConfigProvider.swift,\\ ConnectionErrorReason.swift,\\ CustomerAPI.swift,\\ CustomerCenterConfigAPI.swift,\\ GenerationGuardedCache.swift,\\ DNSChecker.swift,\\ ETagManager.swift,\\ ErrorResponse.swift,\\ HTTPClient.swift,\\ HTTPRequest.swift,\\ HTTPRequestBody.swift,\\ HTTPRequestPath.swift,\\ HTTPRequestTimeoutManager.swift,\\ HTTPResponse.swift,\\ HTTPResponseBody.swift,\\ HTTPStatusCode.swift,\\ NetworkError.swift,\\ NetworkTimeout.swift,\\ RedirectLoggerTaskDelegate.swift,\\ SimpleNetworkServiceType.swift,\\ TokenManager.swift,\\ URLMessage+Description.swift,\\ IdentityAPI.swift,\\ InternalAPI.swift,\\ OfferingsAPI.swift,\\ OfflineEntitlementsAPI.swift,\\ GetCustomerCenterConfigOperation.swift,\\ GetCustomerInfoOperation.swift,\\ GetIntroEligibilityOperation.swift,\\ GetOfferingsOperation.swift,\\ GetProductEntitlementMappingOperation.swift,\\ GetRemoteConfigFallbackOperation.swift,\\ GetRemoteConfigOperation.swift,\\ GetVirtualCurrenciesOperation.swift,\\ GetWebBillingProductsOperation.swift,\\ GetWebOfferingProductsOperation.swift,\\ CustomerInfoResponseHandler.swift,\\ HealthOperation.swift,\\ HealthReportAvailabilityOperation.swift,\\ HealthReportOperation.swift,\\ LogInOperation.swift,\\ NetworkOperation.swift,\\ PostAdServicesTokenOperation.swift,\\ PostAttributionDataOperation.swift,\\ PostIsPurchaseAllowedByRestoreBehaviorOperation.swift,\\ PostOfferForSigningOperation.swift,\\ PostReceiptDataOperation.swift,\\ PostRedeemWebPurchaseOperation.swift,\\ PostSubscriberAttributesOperation.swift,\\ TokenOperations.swift,\\ RCContainer+Compression.swift,\\ RCContainer+Element.swift,\\ RCContainer+Parser.swift,\\ RCContainer.swift,\\ RedeemWebPurchaseAPI.swift,\\ RemoteConfigAPI.swift,\\ RemoteConfigBlobDownloader.swift,\\ RemoteConfigBlobFetcher.swift,\\ RemoteConfigBlobRefHelpers.swift,\\ RemoteConfigBlobStore.swift,\\ RemoteConfigDiskCache.swift,\\ RemoteConfigFetchContext.swift,\\ RemoteConfigManager.swift,\\ RemoteConfigSignatureContextProvider.swift,\\ RemoteConfigSourceProvider.swift,\\ RemoteConfigTopic.swift,\\ CustomerCenterConfigResponse.swift,\\ CustomerInfoResponse.swift,\\ GetIntroEligibilityResponse.swift,\\ HealthReportAvailabilityResponse.swift,\\ HealthReportResponse.swift,\\ IAMResponses.swift,\\ IsPurchaseAllowedByRestoreBehaviorResponse.swift,\\ OfferingsResponse.swift,\\ PostOfferResponse.swift,\\ ProductEntitlementMappingResponse.swift,\\ RemoteConfiguration.swift,\\ PaywallComponentsData.swift,\\ UIConfig.swift,\\ VirtualCurrenciesResponse.swift,\\ WebBillingProductsResponse.swift,\\ WebOfferingProductsResponse.swift,\\ WorkflowsResponse.swift,\\ SourceHealthChecker.swift,\\ TokenAPI.swift,\\ UiConfigProvider.swift,\\ VirtualCurrenciesAPI.swift,\\ WebBillingAPI.swift,\\ WebBillingHTTPRequestPath.swift,\\ WeightedSourceSelector.swift,\\ WorkflowsConfigProvider.swift,\\ CustomerInfo+OfflineEntitlements.swift,\\ OfflineCustomerInfoCreator.swift,\\ OfflineEntitlementsManager.swift,\\ ProductEntitlementMapping.swift,\\ ProductEntitlementMappingFetcher.swift,\\ PurchasedProductsFetcher.swift,\\ PurchasedSK2Product.swift,\\ Background.swift,\\ Border.swift,\\ ComponentOverrides.swift,\\ Dimension.swift,\\ PaywallComponentBase.swift,\\ PaywallComponentLocalization.swift,\\ PaywallComponentPropertyTypes.swift,\\ StateDeclaration.swift,\\ StateUpdate.swift,\\ PaywallButtonComponent.swift,\\ PaywallCarouselComponent.swift,\\ PaywallCountdownComponent.swift,\\ PaywallHeaderComponent.swift,\\ PaywallIconComponent.swift,\\ PaywallImageComponent.swift,\\ PaywallPackageComponent.swift,\\ PaywallPurchaseButtonComponent.swift,\\ PaywallStackComponent.swift,\\ PaywallStickyFooterComponent.swift,\\ PaywallTabsComponent.swift,\\ PaywallTextComponent.swift,\\ PaywallTimelineComponent.swift,\\ PaywallV2CacheWarming.swift,\\ PaywallVideoComponent.swift,\\ PaywallWebViewComponent.swift,\\ PaywallAnimation.swift,\\ PaywallTransition.swift,\\ CustomPaywallEvent.swift,\\ CustomPaywallImpressionParams.swift,\\ EventsRequest+CustomPaywallImpression.swift,\\ EventsRequest+Paywall.swift,\\ PaywallEvent.swift,\\ WorkflowEvent.swift,\\ ExitOffer.swift,\\ Locale+Comparison.swift,\\ PaywallCacheWarming.swift,\\ PaywallColor.swift,\\ PaywallData+Localization.swift,\\ PaywallData.swift,\\ PaywallFontManagerType.swift,\\ PaywallSource.swift,\\ PaywallViewMode.swift,\\ SubscriptionHistoryTracker.swift,\\ WebBundleEventBus.swift,\\ WebBundleURLBatcher.swift,\\ WebViewDataStoreIdentifierStore.swift,\\ CachingProductsManager.swift,\\ CachingTrialOrIntroPriceEligibilityChecker.swift,\\ Configuration.swift,\\ EntitlementInfo.swift,\\ EntitlementInfos.swift,\\ InstallmentsInfo.swift,\\ InstallmentsInfoFactory.swift,\\ IntroEligibility.swift,\\ IntroEligibilityCalculator.swift,\\ NonSubscriptionTransaction.swift,\\ Offering.swift,\\ Offerings.swift,\\ OfferingsFactory.swift,\\ OfferingsManager.swift,\\ Package.swift,\\ PackageType.swift,\\ ProductRequestData+Initialization.swift,\\ ProductRequestData.swift,\\ ProductsManager.swift,\\ ProductsManagerFactory.swift,\\ ProductsManagerType.swift,\\ ProductsRequestFactory.swift,\\ PurchaseOwnershipType.swift,\\ Attribution.swift,\\ LocalTransactionMetadata.swift,\\ LocalTransactionMetadataStore.swift,\\ PurchaseParams.swift,\\ Purchases.swift,\\ PurchasesAreCompletedBy.swift,\\ PurchasesConfiguredNotifier.swift,\\ PurchasesDelegate.swift,\\ PurchasesOrchestrator.swift,\\ PurchasesType.swift,\\ TransactionMetadataSyncHelper.swift,\\ TransactionNotifications.swift,\\ TransactionPoster.swift,\\ ReceiptFetcher.swift,\\ ReceiptRefreshPolicy.swift,\\ SimulatedStoreProduct.swift,\\ SimulatedStoreProductsManager.swift,\\ SimulatedStorePurchaseHandler.swift,\\ SimulatedStorePurchaseUI.swift,\\ SimulatedStoreTransaction.swift,\\ SimulatedStoreTransactionFetcher.swift,\\ WebBillingProduct+SimulatedStoreProduct.swift,\\ PaymentQueueWrapper.swift,\\ ProductsFetcherSK1.swift,\\ StoreKit1Wrapper.swift,\\ StoreKitRequestFetcher.swift,\\ StoreKit2ObserverModePurchaseDetector.swift,\\ CompoundProductIdentifier.swift,\\ CompoundProductIdentifierResolver.swift,\\ ProductsFetcherSK2.swift,\\ SK2AppTransaction.swift,\\ SK2BeginRefundRequestHelper.swift,\\ StoreKit2ConfirmInOptions.swift,\\ StoreKit2ProductPurchaser.swift,\\ StoreKit2PromotionalOfferPurchaseOptions.swift,\\ StoreKit2PurchaseIntentListener.swift,\\ StoreKit2Receipt.swift,\\ StoreKit2StorefrontListener.swift,\\ StoreKit2TransactionFetcher.swift,\\ StoreKit2TransactionListener.swift,\\ WinBackEligibilityAdapters.swift,\\ WinBackOfferEligibilityCalculator.swift,\\ WinBackOfferEligibilityCalculatorType.swift,\\ BillingPlanType.swift,\\ EncodedAppleReceipt.swift,\\ ProductType.swift,\\ PromotionalOffer.swift,\\ RevocationReason.swift,\\ SK1StoreProduct.swift,\\ SK1StoreProductDiscount.swift,\\ SK1StoreTransaction.swift,\\ SK1Storefront.swift,\\ SK2StoreProduct.swift,\\ SK2StoreProductDiscount.swift,\\ SK2StoreTransaction.swift,\\ SK2Storefront.swift,\\ StoreEnvironment.swift,\\ StoreKitWorkarounds.swift,\\ StoreProduct.swift,\\ StoreProductDiscount.swift,\\ StoreTransaction.swift,\\ Storefront.swift,\\ StorefrontProvider.swift,\\ SubscriptionPeriod.swift,\\ TestStoreProduct.swift,\\ TestStoreProductDiscount.swift,\\ TestStoreTransaction.swift,\\ TransactionReason.swift,\\ WinBackOffer.swift,\\ TransactionsFactory.swift,\\ TransactionsManager.swift,\\ TrialOrIntroPriceEligibilityChecker.swift,\\ WorkflowManager.swift,\\ CaseOperators.swift,\\ CustomOperators.swift,\\ EntriesOperators.swift,\\ LengthOperator.swift,\\ RootVarOperator.swift,\\ SplitOperator.swift,\\ EvaluationError.swift,\\ Evaluator.swift,\\ AccessorOperators.swift,\\ ArithmeticOperators.swift,\\ ComparisonOperators.swift,\\ EqualityOperators.swift,\\ IterationOperators.swift,\\ LogicOperators.swift,\\ MinMaxOperators.swift,\\ MiscOperators.swift,\\ Operators.swift,\\ StringArrayOperators.swift,\\ RulesEngine.swift,\\ RulesEngineEvaluate.swift,\\ RulesEngineLogger.swift,\\ Scope.swift,\\ Value+JSON.swift,\\ Value.swift,\\ FakeSigning.swift,\\ HTTPRequest+Signing.swift,\\ HTTPRequestBody+Signing.swift,\\ Keychain.swift,\\ Signing+ResponseVerification.swift,\\ Signing.swift,\\ VerificationResult.swift,\\ AttributionDataMigrator.swift,\\ AttributionKey.swift,\\ ReservedSubscriberAttributes.swift,\\ SubscriberAttribute.swift,\\ SubscriberAttributesManager+Appstack.swift,\\ SubscriberAttributesManager.swift,\\ BeginRefundRequestHelper.swift,\\ DebugContentViews.swift,\\ DebugView.swift,\\ DebugViewController.swift,\\ DebugViewModel.swift,\\ DebugViewSheetPresentation.swift,\\ ProductStatus+Icon.swift,\\ SDKHealthCheckStatus+Icon.swift,\\ SDKHealthStatus+Icon.swift,\\ FrameworkDisambiguation.swift,\\ HealthReport+Validate.swift,\\ ManageSubscriptionsHelper.swift,\\ PaymentAuthorizationProvider.swift,\\ PaywallExtensions.swift,\\ PurchasesDiagnostics.swift,\\ SDKHealthError+CustomNSError.swift,\\ SDKHealthManager.swift,\\ StoreMessageType.swift,\\ StoreMessagesHelper.swift,\\ SwiftVersionCheck.swift,\\ VirtualCurrencies.swift,\\ VirtualCurrency.swift,\\ VirtualCurrencyManager.swift,\\ URL+WebPurchaseRedemption.swift,\\ WebPurchaseRedemption.swift,\\ WebPurchaseRedemptionHelper.swift,\\ WebPurchaseRedemptionResult.swift /Users/builder/clone/build/Build/Intermediates.noindex/RevenueCat.build/Release-iphoneos/RevenueCat.build/DerivedSources/resource_bundle_accessor.swift /Users/builder/clone/build/SourcePackages/checkouts/purchases-ios-spm/Sources/Ads/AdTracker.swift /Users/builder/clone/build/SourcePackages/checkouts/purchases-ios-spm/Sources/Ads/AdsAPI.swift /Users/builder/clone/build/SourcePackages/checkouts/purchases-ios-spm/Sources/Ads/Events/AdEvent.swift /Users/builder/clone/build/SourcePackages/checkouts/purchases-ios-spm/Sources/Ads/Events/AdEventStore.swift /Users/builder/clone/build/SourcePackages/checkouts/purchases-ios-spm/Sources/Ads/Events/AdRewardEvents.swift /Users/builder/clone/build/SourcePackages/checkouts/purchases-ios-spm/Sources/Ads/Events/Networking/AdEventsRequest.swift /Users/builder/clone/build/SourcePackages/checkouts/purchases-ios-spm/Sources/Ads/Events/Networking/AdHTTPRequestPath.swift /Users/builder/clone/build/SourcePackages/checkouts/purchases-ios-spm/Sources/Ads/Events/Networking/PostAdEventsOperation.swift /Users/builder/clone/build/SourcePackages/checkouts/purchases-ios-spm/Sources/Ads/Events/StoredAdEvent.swift /Users/builder/clone/build/SourcePackages/checkouts/purchases-ios-spm/Sources/Ads/Events/StoredAdEventSerializer.swift /Users/builder/clone/build/SourcePackages/checkouts/purchases-ios-spm/Sources/Ads/RewardVerification/AdReward.swift /Users/builder/clone/build/SourcePackages/checkouts/purchases-ios-spm/Sources/Ads/RewardVerification/EntitlementReward.swift /Users/builder/clone/build/SourcePackages/checkouts/purchases-ios-spm/Sources/Ads/RewardVerification/Networking/GetRewardVerificationStatusOperation.swift /Users/builder/clone/build/SourcePackages/checkouts/purchases-ios-spm/Sources/Ads/RewardVerification/Networking/RewardVerificationStatusCallback.swift /Users/builder/clone/build/SourcePackages/checkouts/purchases-ios-spm/Sources/Ads/RewardVerification/Networking/RewardVerificationStatusResponse.swift /Users/builder/clone/build/SourcePackages/checkouts/purchases-ios-spm/Sources/Ads/RewardVerification/Outcome.swift /Users/builder/clone/build/SourcePackages/checkouts/purchases-ios-spm/Sources/Ads/RewardVerification/Poller.swift /Users/builder/clone/build/SourcePackages/checkouts/purchases-ios-spm/Sources/Ads/RewardVerification/RewardVerification.swift /Users/builder/clone/build/SourcePackages/checkouts/purchases-ios-spm/Sources/Ads/RewardVerification/RewardVerificationPollStatus.swift /Users/builder/clone/build/SourcePackages/checkouts/purchases-ios-spm/Sources/Ads/RewardVerification/RewardVerificationResult.swift /Users/builder/clone/build/SourcePackages/checkouts/purchases-ios-spm/Sources/Ads/RewardVerification/RewardVerificationToken.swift /Users/builder/clone/build/SourcePackages/checkouts/purchases-ios-spm/Sources/Ads/RewardVerification/RewardedAdTrackingMetadata.swift /Users/builder/clone/build/SourcePackages/checkouts/purchases-ios-spm/Sources/Ads/RewardVerification/VirtualCurrencyReward.swift /Users/builder/clone/build/SourcePackages/checkouts/purchases-ios-spm/Sources/Attribution/ASIdManagerProxy.swift /Users/builder/clone/build/SourcePackages/checkouts/purchases-ios-spm/Sources/Attribution/AttributionData.swift /Users/builder/clone/build/SourcePackages/checkouts/purchases-ios-spm/Sources/Attribution/AttributionFetcher.swift /Users/builder/clone/build/SourcePackages/checkouts/purchases-ios-spm/Sources/Attribution/AttributionNetwork.swift /Users/builder/clone/build/SourcePackages/checkouts/purchases-ios-spm/Sources/Attribution/AttributionPoster.swift /Users/builder/clone/build/SourcePackages/checkouts/purchases-ios-spm/Sources/Attribution/AttributionTypeFactory.swift /Users/builder/clone/build/SourcePackages/checkouts/purchases-ios-spm/Sources/Attribution/TrackingManagerProxy.swift /Users/builder/clone/build/SourcePackages/checkouts/purchases-ios-spm/Sources/Authentication/Authentication.swift /Users/builder/clone/build/SourcePackages/checkouts/purchases-ios-spm/Sources/Caching/CacheStatus.swift /Users/builder/clone/build/SourcePackages/checkouts/purchases-ios-spm/Sources/Caching/Checksum.swift /Users/builder/clone/build/SourcePackages/checkouts/purchases-ios-spm/Sources/Caching/DeviceCache.swift /Users/builder/clone/build/SourcePackages/checkouts/purchases-ios-spm/Sources/Caching/DirectoryHelper.swift /Users/builder/clone/build/SourcePackages/checkouts/purchases-ios-spm/Sources/Caching/FileRepository.swift /Users/builder/clone/build/SourcePackages/checkouts/purchases-ios-spm/Sources/Caching/InMemoryCachedObject.swift /Users/builder/clone/build/SourcePackages/checkouts/purchases-ios-spm/Sources/Caching/KeyedDeferredValueStore.swift /Users/builder/clone/build/SourcePackages/checkouts/purchases-ios-spm/Sources/Caching/LargeItemCacheType.swift /Users/builder/clone/build/SourcePackages/checkouts/purchases-ios-spm/Sources/Caching/URLWithValidation.swift /Users/builder/clone/build/SourcePackages/checkouts/purchases-ios-spm/Sources/Checkpoints/CheckpointEvent.swift /Users/builder/clone/build/SourcePackages/checkouts/purchases-ios-spm/Sources/Checkpoints/CheckpointWorkflowResolver.swift /Users/builder/clone/build/SourcePackages/checkouts/purchases-ios-spm/Sources/Checkpoints/Checkpoints.swift /Users/builder/clone/build/SourcePackages/checkouts/purchases-ios-spm/Sources/CodableExtensions/PeriodType+Extensions.swift /Users/builder/clone/build/SourcePackages/checkouts/purchases-ios-spm/Sources/CodableExtensions/PurchaseOwnershipType+Extensions.swift /Users/builder/clone/build/SourcePackages/checkouts/purchases-ios-spm/Sources/CodableExtensions/Store+Extensions.swift /Users/builder/clone/build/SourcePackages/checkouts/purchases-ios-spm/Sources/CustomerCenter/CustomerCenterConfigData.swift /Users/builder/clone/build/SourcePackages/checkouts/purchases-ios-spm/Sources/CustomerCenter/CustomerCenterPresentationMode.swift /Users/builder/clone/build/SourcePackages/checkouts/purchases-ios-spm/Sources/CustomerCenter/Events/CustomerCenterEvent.swift /Users/builder/clone/build/SourcePackages/checkouts/purchases-ios-spm/Sources/CustomerCenter/Events/Networking/EventsRequest+CustomerCenter.swift /Users/builder/clone/build/SourcePackages/checkouts/purchases-ios-spm/Sources/DeepLink/DeepLinkParser.swift /Users/builder/clone/build/SourcePackages/checkouts/purchases-ios-spm/Sources/Diagnostics/DiagnosticsEvent.swift /Users/builder/clone/build/SourcePackages/checkouts/purchases-ios-spm/Sources/Diagnostics/DiagnosticsFileHandler.swift /Users/builder/clone/build/SourcePackages/checkouts/purchases-ios-spm/Sources/Diagnostics/DiagnosticsTracker.swift /Users/builder/clone/build/SourcePackages/checkouts/purchases-ios-spm/Sources/Diagnostics/FileHandler.swift /Users/builder/clone/build/SourcePackages/checkouts/purchases-ios-spm/Sources/Diagnostics/Networking/DiagnosticsEventsRequest.swift /Users/builder/clone/build/SourcePackages/checkouts/purchases-ios-spm/Sources/Diagnostics/Networking/DiagnosticsHTTPRequestPath.swift /Users/builder/clone/build/SourcePackages/checkouts/purchases-ios-spm/Sources/Diagnostics/Networking/DiagnosticsPostOperation.swift /Users/builder/clone/build/SourcePackages/checkouts/purchases-ios-spm/Sources/Diagnostics/Networking/DiagnosticsSynchronizer.swift /Users/builder/clone/build/SourcePackages/checkouts/purchases-ios-spm/Sources/DocCDocumentation/EmptyFile.swift /Users/builder/clone/build/SourcePackages/checkouts/purchases-ios-spm/Sources/Error\\ Handling/Assertions.swift /Users/builder/clone/build/SourcePackages/checkouts/purchases-ios-spm/Sources/Error\\ Handling/BackendError.swift /Users/builder/clone/build/SourcePackages/checkouts/purchases-ios-spm/Sources/Error\\ Handling/BackendErrorCode.swift /Users/builder/clone/build/SourcePackages/checkouts/purchases-ios-spm/Sources/Error\\ Handling/DescribableError.swift /Users/builder/clone/build/SourcePackages/checkouts/purchases-ios-spm/Sources/Error\\ Handling/ErrorCode+Conformances.swift /Users/builder/clone/build/SourcePackages/checkouts/purchases-ios-spm/Sources/Error\\ Handling/ErrorDetails.swift /Users/builder/clone/build/SourcePackages/checkouts/purchases-ios-spm/Sources/Error\\ Handling/ErrorUtils.swift /Users/builder/clone/build/SourcePackages/checkouts/purchases-ios-spm/Sources/Error\\ Handling/PurchasesError.swift /Users/builder/clone/build/SourcePackages/checkouts/purchases-ios-spm/Sources/Error\\ Handling/SKError+Extensions.swift /Users/builder/clone/build/SourcePackages/checkouts/purchases-ios-spm/Sources/Error\\ Handling/StoreKitError+Extensions.swift /Users/builder/clone/build/SourcePackages/checkouts/purchases-ios-spm/Sources/Error\\ Handling/StoreKitErrorHelper.swift /Users/builder/clone/build/SourcePackages/checkouts/purchases-ios-spm/Sources/Events/EventsManager.swift /Users/builder/clone/build/SourcePackages/checkouts/purchases-ios-spm/Sources/Events/FeatureEvents/FeatureEvent.swift /Users/builder/clone/build/SourcePackages/checkouts/purchases-ios-spm/Sources/Events/FeatureEvents/FeatureEventStore.swift /Users/builder/clone/build/SourcePackages/checkouts/purchases-ios-spm/Sources/Events/FeatureEvents/Networking/FeatureEventHTTPRequestPath.swift /Users/builder/clone/build/SourcePackages/checkouts/purchases-ios-spm/Sources/Events/FeatureEvents/Networking/FeatureEventsRequest+CheckpointEvent.swift /Users/builder/clone/build/SourcePackages/checkouts/purchases-ios-spm/Sources/Events/FeatureEvents/Networking/FeatureEventsRequest+WorkflowEvent.swift /Users/builder/clone/build/SourcePackages/checkouts/purchases-ios-spm/Sources/Events/FeatureEvents/Networking/FeatureEventsRequest.swift /Users/builder/clone/build/SourcePackages/checkouts/purchases-ios-spm/Sources/Events/FeatureEvents/Networking/PostFeatureEventsOperation.swift /Users/builder/clone/build/SourcePackages/checkouts/purchases-ios-spm/Sources/Events/FeatureEvents/StoredFeatureEvent.swift /Users/builder/clone/build/SourcePackages/checkouts/purchases-ios-spm/Sources/Events/FeatureEvents/StoredFeatureEventSerializer.swift /Users/builder/clone/build/SourcePackages/checkouts/purchases-ios-spm/Sources/Events/Networking/EventsHTTPRequestPath.swift /Users/builder/clone/build/SourcePackages/checkouts/purchases-ios-spm/Sources/FoundationExtensions/Array+Extensions.swift /Users/builder/clone/build/SourcePackages/checkouts/purchases-ios-spm/Sources/FoundationExtensions/AsyncExtensions.swift /Users/builder/clone/build/SourcePackages/checkouts/purchases-ios-spm/Sources/FoundationExtensions/Data+Extensions.swift /Users/builder/clone/build/SourcePackages/checkouts/purchases-ios-spm/Sources/FoundationExtensions/Date+Extensions.swift /Users/builder/clone/build/SourcePackages/checkouts/purchases-ios-spm/Sources/FoundationExtensions/Decoder+Extensions.swift /Users/builder/clone/build/SourcePackages/checkouts/purchases-ios-spm/Sources/FoundationExtensions/Dictionary+Extensions.swift /Users/builder/clone/build/SourcePackages/checkouts/purchases-ios-spm/Sources/FoundationExtensions/DispatchTimeInterval+Extensions.swift /Users/builder/clone/build/SourcePackages/checkouts/purchases-ios-spm/Sources/FoundationExtensions/Error+Extensions.swift /Users/builder/clone/build/SourcePackages/checkouts/purchases-ios-spm/Sources/FoundationExtensions/Integer+Extensions.swift /Users/builder/clone/build/SourcePackages/checkouts/purchases-ios-spm/Sources/FoundationExtensions/Locale+Extensions.swift /Users/builder/clone/build/SourcePackages/checkouts/purchases-ios-spm/Sources/FoundationExtensions/NSNumber+JSON.swift /Users/builder/clone/build/SourcePackages/checkouts/purchases-ios-spm/Sources/FoundationExtensions/OperationQueue+Extensions.swift /Users/builder/clone/build/SourcePackages/checkouts/purchases-ios-spm/Sources/FoundationExtensions/Operators+Extensions.swift /Users/builder/clone/build/SourcePackages/checkouts/purchases-ios-spm/Sources/FoundationExtensions/Optional+Extensions.swift /Users/builder/clone/build/SourcePackages/checkouts/purchases-ios-spm/Sources/FoundationExtensions/Result+Extensions.swift /Users/builder/clone/build/SourcePackages/checkouts/purchases-ios-spm/Sources/FoundationExtensions/Set+Extensions.swift /Users/builder/clone/build/SourcePackages/checkouts/purchases-ios-spm/Sources/FoundationExtensions/String+Extensions.swift /Users/builder/clone/build/SourcePackages/checkouts/purchases-ios-spm/Sources/FoundationExtensions/TimeInterval+Extensions.swift /Users/builder/clone/build/SourcePackages/checkouts/purchases-ios-spm/Sources/FoundationExtensions/UIApplication+RCExtensions.swift /Users/builder/clone/build/SourcePackages/checkouts/purchases-ios-spm/Sources/FoundationExtensions/UserDefaults+Extensions.swift /Users/builder/clone/build/SourcePackages/checkouts/purchases-ios-spm/Sources/Generated/ErrorCode.swift /Users/builder/clone/build/SourcePackages/checkouts/purchases-ios-spm/Sources/Identity/CustomerInfo+ActiveDates.swift /Users/builder/clone/build/SourcePackages/checkouts/purchases-ios-spm/Sources/Identity/CustomerInfo+NonSubscriptions.swift /Users/builder/clone/build/SourcePackages/checkouts/purchases-ios-spm/Sources/Identity/CustomerInfo.swift /Users/builder/clone/build/SourcePackages/checkouts/purchases-ios-spm/Sources/Identity/CustomerInfoManager.swift /Users/builder/clone/build/SourcePackages/checkouts/purchases-ios-spm/Sources/Identity/Identity.swift /Users/builder/clone/build/SourcePackages/checkouts/purchases-ios-spm/Sources/Identity/IdentityManager.swift /Users/builder/clone/build/SourcePackages/checkouts/purchases-ios-spm/Sources/Identity/ProductPaidPrice.swift /Users/builder/clone/build/SourcePackages/checkouts/purchases-ios-spm/Sources/Identity/SubscriptionInfo.swift /Users/builder/clone/build/SourcePackages/checkouts/purchases-ios-spm/Sources/LocalReceiptParsing/BasicTypes/ASN1Container.swift /Users/builder/clone/build/SourcePackages/checkouts/purchases-ios-spm/Sources/LocalReceiptParsing/BasicTypes/ASN1ObjectIdentifier.swift /Users/builder/clone/build/SourcePackages/checkouts/purchases-ios-spm/Sources/LocalReceiptParsing/BasicTypes/AppleReceipt.swift /Users/builder/clone/build/SourcePackages/checkouts/purchases-ios-spm/Sources/LocalReceiptParsing/BasicTypes/InAppPurchase.swift /Users/builder/clone/build/SourcePackages/checkouts/purchases-ios-spm/Sources/LocalReceiptParsing/Builders/ASN1ContainerBuilder.swift /Users/builder/clone/build/SourcePackages/checkouts/purchases-ios-spm/Sources/LocalReceiptParsing/Builders/ASN1ObjectIdentifierBuilder.swift /Users/builder/clone/build/SourcePackages/checkouts/purchases-ios-spm/Sources/LocalReceiptParsing/Builders/AppleReceiptBuilder.swift /Users/builder/clone/build/SourcePackages/checkouts/purchases-ios-spm/Sources/LocalReceiptParsing/Builders/InAppPurchaseBuilder.swift /Users/builder/clone/build/SourcePackages/checkouts/purchases-ios-spm/Sources/LocalReceiptParsing/DataConverters/ArraySlice_UInt8+Extensions.swift /Users/builder/clone/build/SourcePackages/checkouts/purchases-ios-spm/Sources/LocalReceiptParsing/DataConverters/Codable+Extensions.swift /Users/builder/clone/build/SourcePackages/checkouts/purchases-ios-spm/Sources/LocalReceiptParsing/DataConverters/DateFormatter+Extensions.swift /Users/builder/clone/build/SourcePackages/checkouts/purchases-ios-spm/Sources/LocalReceiptParsing/DataConverters/UInt8+Extensions.swift /Users/builder/clone/build/SourcePackages/checkouts/purchases-ios-spm/Sources/LocalReceiptParsing/Helpers/FileReader.swift /Users/builder/clone/build/SourcePackages/checkouts/purchases-ios-spm/Sources/LocalReceiptParsing/Helpers/LoggerType.swift /Users/builder/clone/build/SourcePackages/checkouts/purchases-ios-spm/Sources/LocalReceiptParsing/Helpers/ProcessInfo+Extensions.swift /Users/builder/clone/build/SourcePackages/checkouts/purchases-ios-spm/Sources/LocalReceiptParsing/Helpers/ReceiptParserLogger.swift /Users/builder/clone/build/SourcePackages/checkouts/purchases-ios-spm/Sources/LocalReceiptParsing/Helpers/ReceiptStrings.swift /Users/builder/clone/build/SourcePackages/checkouts/purchases-ios-spm/Sources/LocalReceiptParsing/LocalReceiptFetcher.swift /Users/builder/clone/build/SourcePackages/checkouts/purchases-ios-spm/Sources/LocalReceiptParsing/PurchasesReceiptParser.swift /Users/builder/clone/build/SourcePackages/checkouts/purchases-ios-spm/Sources/LocalReceiptParsing/ReceiptParsingError.swift /Users/builder/clone/build/SourcePackages/checkouts/purchases-ios-spm/Sources/LocalRules/DeviceDimensionProvider.swift /Users/builder/clone/build/SourcePackages/checkouts/purchases-ios-spm/Sources/LocalRules/DimensionProvider.swift /Users/builder/clone/build/SourcePackages/checkouts/purchases-ios-spm/Sources/LocalRules/DimensionResolver.swift /Users/builder/clone/build/SourcePackages/checkouts/purchases-ios-spm/Sources/LocalRules/LocalRulesEvaluator.swift /Users/builder/clone/build/SourcePackages/checkouts/purchases-ios-spm/Sources/LocalRules/RulesEngineLoggerBridge.swift /Users/builder/clone/build/SourcePackages/checkouts/purchases-ios-spm/Sources/LocalRules/StoreDimensionProvider.swift /Users/builder/clone/build/SourcePackages/checkouts/purchases-ios-spm/Sources/LocalRules/SubscriberAttributesDimensionProvider.swift /Users/builder/clone/build/SourcePackages/checkouts/purchases-ios-spm/Sources/Logging/LogIntent.swift /Users/builder/clone/build/SourcePackages/checkouts/purchases-ios-spm/Sources/Logging/Logger.swift /Users/builder/clone/build/SourcePackages/checkouts/purchases-ios-spm/Sources/Logging/Strings/AdsStrings.swift /Users/builder/clone/build/SourcePackages/checkouts/purchases-ios-spm/Sources/Logging/Strings/AnalyticsStrings.swift /Users/builder/clone/build/SourcePackages/checkouts/purchases-ios-spm/Sources/Logging/Strings/AttributionStrings.swift /Users/builder/clone/build/SourcePackages/checkouts/purchases-ios-spm/Sources/Logging/Strings/AuthenticationStrings.swift /Users/builder/clone/build/SourcePackages/checkouts/purchases-ios-spm/Sources/Logging/Strings/BackendErrorStrings.swift /Users/builder/clone/build/SourcePackages/checkouts/purchases-ios-spm/Sources/Logging/Strings/CacheStrings.swift /Users/builder/clone/build/SourcePackages/checkouts/purchases-ios-spm/Sources/Logging/Strings/CodableStrings.swift /Users/builder/clone/build/SourcePackages/checkouts/purchases-ios-spm/Sources/Logging/Strings/ConfigureStrings.swift /Users/builder/clone/build/SourcePackages/checkouts/purchases-ios-spm/Sources/Logging/Strings/CustomerInfoStrings.swift /Users/builder/clone/build/SourcePackages/checkouts/purchases-ios-spm/Sources/Logging/Strings/DiagnosticsStrings.swift /Users/builder/clone/build/SourcePackages/checkouts/purchases-ios-spm/Sources/Logging/Strings/ETagStrings.swift /Users/builder/clone/build/SourcePackages/checkouts/purchases-ios-spm/Sources/Logging/Strings/EligibilityStrings.swift /Users/builder/clone/build/SourcePackages/checkouts/purchases-ios-spm/Sources/Logging/Strings/EventsManagerStrings.swift /Users/builder/clone/build/SourcePackages/checkouts/purchases-ios-spm/Sources/Logging/Strings/FileRepositoryStrings.swift /Users/builder/clone/build/SourcePackages/checkouts/purchases-ios-spm/Sources/Logging/Strings/IdentityStrings.swift /Users/builder/clone/build/SourcePackages/checkouts/purchases-ios-spm/Sources/Logging/Strings/ManageSubscriptionsStrings.swift /Users/builder/clone/build/SourcePackages/checkouts/purchases-ios-spm/Sources/Logging/Strings/NetworkStrings.swift /Users/builder/clone/build/SourcePackages/checkouts/purchases-ios-spm/Sources/Logging/Strings/OfferingStrings.swift /Users/builder/clone/build/SourcePackages/checkouts/purchases-ios-spm/Sources/Logging/Strings/OfflineEntitlementsStrings.swift /Users/builder/clone/build/SourcePackages/checkouts/purchases-ios-spm/Sources/Logging/Strings/PaywallsStrings.swift /Users/builder/clone/build/SourcePackages/checkouts/purchases-ios-spm/Sources/Logging/Strings/PurchaseStrings.swift /Users/builder/clone/build/SourcePackages/checkouts/purchases-ios-spm/Sources/Logging/Strings/RemoteConfigStrings.swift /Users/builder/clone/build/SourcePackages/checkouts/purchases-ios-spm/Sources/Logging/Strings/SigningStrings.swift /Users/builder/clone/build/SourcePackages/checkouts/purchases-ios-spm/Sources/Logging/Strings/StoreKitStrings.swift /Users/builder/clone/build/SourcePackages/checkouts/purchases-ios-spm/Sources/Logging/Strings/Strings.swift /Users/builder/clone/build/SourcePackages/checkouts/purchases-ios-spm/Sources/Logging/Strings/TransactionMetadataStrings.swift /Users/builder/clone/build/SourcePackages/checkouts/purchases-ios-spm/Sources/Logging/Strings/VirtualCurrencyStrings.swift /Users/builder/clone/build/SourcePackages/checkouts/purchases-ios-spm/Sources/Logging/Strings/WebRedemptionStrings.swift /Users/builder/clone/build/SourcePackages/checkouts/purchases-ios-spm/Sources/Misc/Box.swift /Users/builder/clone/build/SourcePackages/checkouts/purchases-ios-spm/Sources/Misc/Codable/AnyCodingKey.swift /Users/builder/clone/build/SourcePackages/checkouts/purchases-ios-spm/Sources/Misc/Codable/AnyDecodable.swift /Users/builder/clone/build/SourcePackages/checkouts/purchases-ios-spm/Sources/Misc/Codable/AnyEncodable.swift /Users/builder/clone/build/SourcePackages/checkouts/purchases-ios-spm/Sources/Misc/Codable/DefaultDecodable.swift /Users/builder/clone/build/SourcePackages/checkouts/purchases-ios-spm/Sources/Misc/Codable/EnsureNonEmptyCollectionDecodable.swift /Users/builder/clone/build/SourcePackages/checkouts/purchases-ios-spm/Sources/Misc/Codable/IgnoreHashable.swift /Users/builder/clone/build/SourcePackages/checkouts/purchases-ios-spm/Sources/Misc/Codable/NonEmptyStringDecodable.swift /Users/builder/clone/build/SourcePackages/checkouts/purchases-ios-spm/Sources/Misc/Codable/RawDataContainer.swift /Users/builder/clone/build/SourcePackages/checkouts/purchases-ios-spm/Sources/Misc/Concurrency/Atomic.swift /Users/builder/clone/build/SourcePackages/checkouts/purchases-ios-spm/Sources/Misc/Concurrency/DeferredTask.swift /Users/builder/clone/build/SourcePackages/checkouts/purchases-ios-spm/Sources/Misc/Concurrency/Lock.swift /Users/builder/clone/build/SourcePackages/checkouts/purchases-ios-spm/Sources/Misc/Concurrency/OperationDispatcher.swift /Users/builder/clone/build/SourcePackages/checkouts/purchases-ios-spm/Sources/Misc/Concurrency/Purchases+async.swift /Users/builder/clone/build/SourcePackages/checkouts/purchases-ios-spm/Sources/Misc/Concurrency/Purchases+nonasync.swift /Users/builder/clone/build/SourcePackages/checkouts/purchases-ios-spm/Sources/Misc/Concurrency/SynchronizedLargeItemCache.swift /Users/builder/clone/build/SourcePackages/checkouts/purchases-ios-spm/Sources/Misc/Concurrency/SynchronizedUserDefaults.swift /Users/builder/clone/build/SourcePackages/checkouts/purchases-ios-spm/Sources/Misc/CustomVariableKeyValidator.swift /Users/builder/clone/build/SourcePackages/checkouts/purchases-ios-spm/Sources/Misc/DangerousSettings.swift /Users/builder/clone/build/SourcePackages/checkouts/purchases-ios-spm/Sources/Misc/DateAndTime/Clock.swift /Users/builder/clone/build/SourcePackages/checkouts/purchases-ios-spm/Sources/Misc/DateAndTime/DateExtensions.swift /Users/builder/clone/build/SourcePackages/checkouts/purchases-ios-spm/Sources/Misc/DateAndTime/DateProvider.swift /Users/builder/clone/build/SourcePackages/checkouts/purchases-ios-spm/Sources/Misc/DateAndTime/ISODurationFormatter.swift /Users/builder/clone/build/SourcePackages/checkouts/purchases-ios-spm/Sources/Misc/DateAndTime/ISOPeriodFormatter.swift /Users/builder/clone/build/SourcePackages/checkouts/purchases-ios-spm/Sources/Misc/DateAndTime/TimingUtil.swift /Users/builder/clone/build/SourcePackages/checkouts/purchases-ios-spm/Sources/Misc/Deprecations.swift /Users/builder/clone/build/SourcePackages/checkouts/purchases-ios-spm/Sources/Misc/Either.swift /Users/builder/clone/build/SourcePackages/checkouts/purchases-ios-spm/Sources/Misc/JWT.swift /Users/builder/clone/build/SourcePackages/checkouts/purchases-ios-spm/Sources/Misc/Locale/PreferredLocalesProvider.swift /Users/builder/clone/build/SourcePackages/checkouts/purchases-ios-spm/Sources/Misc/MacDevice.swift /Users/builder/clone/build/SourcePackages/checkouts/purchases-ios-spm/Sources/Misc/MapAppStoreDetector.swift /Users/builder/clone/build/SourcePackages/checkouts/purchases-ios-spm/Sources/Misc/Obsoletions.swift /Users/builder/clone/build/SourcePackages/checkouts/purchases-ios-spm/Sources/Misc/PlatformInfo.swift /Users/builder/clone/build/SourcePackages/checkouts/purchases-ios-spm/Sources/Misc/PriceFormatterProvider.swift /Users/builder/clone/build/SourcePackages/checkouts/purchases-ios-spm/Sources/Misc/RateLimiter.swift /Users/builder/clone/build/SourcePackages/checkouts/purchases-ios-spm/Sources/Misc/SandboxEnvironmentDetector.swift /Users/builder/clone/build/SourcePackages/checkouts/purchases-ios-spm/Sources/Misc/StoreKitVersion.swift /Users/builder/clone/build/SourcePackages/checkouts/purchases-ios-spm/Sources/Misc/SystemInfo.swift /Users/builder/clone/build/SourcePackages/checkouts/purchases-ios-spm/Sources/Networking/APISourceFailover.swift /Users/builder/clone/build/SourcePackages/checkouts/purchases-ios-spm/Sources/Networking/Audience.swift /Users/builder/clone/build/SourcePackages/checkouts/purchases-ios-spm/Sources/Networking/AudiencesConfigProvider.swift /Users/builder/clone/build/SourcePackages/checkouts/purchases-ios-spm/Sources/Networking/Backend.swift /Users/builder/clone/build/SourcePackages/checkouts/purchases-ios-spm/Sources/Networking/BackendConfiguration.swift /Users/builder/clone/build/SourcePackages/checkouts/purchases-ios-spm/Sources/Networking/Caching/CacheFetchPolicy.swift /Users/builder/clone/build/SourcePackages/checkouts/purchases-ios-spm/Sources/Networking/Caching/CallbackCache.swift /Users/builder/clone/build/SourcePackages/checkouts/purchases-ios-spm/Sources/Networking/Caching/CallbackCacheStatus.swift /Users/builder/clone/build/SourcePackages/checkouts/purchases-ios-spm/Sources/Networking/Caching/CustomerCenterConfigCallback.swift /Users/builder/clone/build/SourcePackages/checkouts/purchases-ios-spm/Sources/Networking/Caching/CustomerInfoCallback.swift /Users/builder/clone/build/SourcePackages/checkouts/purchases-ios-spm/Sources/Networking/Caching/IAMCallbacks.swift /Users/builder/clone/build/SourcePackages/checkouts/purchases-ios-spm/Sources/Networking/Caching/IsPurchaseAllowedByRestoreBehaviorCallback.swift /Users/builder/clone/build/SourcePackages/checkouts/purchases-ios-spm/Sources/Networking/Caching/LogInCallback.swift /Users/builder/clone/build/SourcePackages/checkouts/purchases-ios-spm/Sources/Networking/Caching/OfferingsCallback.swift /Users/builder/clone/build/SourcePackages/checkouts/purchases-ios-spm/Sources/Networking/Caching/ProductEntitlementMappingCallback.swift /Users/builder/clone/build/SourcePackages/checkouts/purchases-ios-spm/Sources/Networking/Caching/RemoteConfigCallback.swift /Users/builder/clone/build/SourcePackages/checkouts/purchases-ios-spm/Sources/Networking/Caching/VirtualCurrenciesCallback.swift /Users/builder/clone/build/SourcePackages/checkouts/purchases-ios-spm/Sources/Networking/Caching/WebBillingProductsCallback.swift /Users/builder/clone/build/SourcePackages/checkouts/purchases-ios-spm/Sources/Networking/Caching/WebOfferingProductsCallback.swift /Users/builder/clone/build/SourcePackages/checkouts/purchases-ios-spm/Sources/Networking/CheckpointRules.swift /Users/builder/clone/build/SourcePackages/checkouts/purchases-ios-spm/Sources/Networking/CheckpointsConfigProvider.swift /Users/builder/clone/build/SourcePackages/checkouts/purchases-ios-spm/Sources/Networking/ConnectionErrorReason.swift /Users/builder/clone/build/SourcePackages/checkouts/purchases-ios-spm/Sources/Networking/CustomerAPI.swift /Users/builder/clone/build/SourcePackages/checkouts/purchases-ios-spm/Sources/Networking/CustomerCenterConfigAPI.swift /Users/builder/clone/build/SourcePackages/checkouts/purchases-ios-spm/Sources/Networking/GenerationGuardedCache.swift /Users/builder/clone/build/SourcePackages/checkouts/purchases-ios-spm/Sources/Networking/HTTPClient/DNSChecker.swift /Users/builder/clone/build/SourcePackages/checkouts/purchases-ios-spm/Sources/Networking/HTTPClient/ETagManager.swift /Users/builder/clone/build/SourcePackages/checkouts/purchases-ios-spm/Sources/Networking/HTTPClient/ErrorResponse.swift /Users/builder/clone/build/SourcePackages/checkouts/purchases-ios-spm/Sources/Networking/HTTPClient/HTTPClient.swift /Users/builder/clone/build/SourcePackages/checkouts/purchases-ios-spm/Sources/Networking/HTTPClient/HTTPRequest.swift /Users/builder/clone/build/SourcePackages/checkouts/purchases-ios-spm/Sources/Networking/HTTPClient/HTTPRequestBody.swift /Users/builder/clone/build/SourcePackages/checkouts/purchases-ios-spm/Sources/Networking/HTTPClient/HTTPRequestPath.swift /Users/builder/clone/build/SourcePackages/checkouts/purchases-ios-spm/Sources/Networking/HTTPClient/HTTPRequestTimeoutManager.swift /Users/builder/clone/build/SourcePackages/checkouts/purchases-ios-spm/Sources/Networking/HTTPClient/HTTPResponse.swift /Users/builder/clone/build/SourcePackages/checkouts/purchases-ios-spm/Sources/Networking/HTTPClient/HTTPResponseBody.swift /Users/builder/clone/build/SourcePackages/checkouts/purchases-ios-spm/Sources/Networking/HTTPClient/HTTPStatusCode.swift /Users/builder/clone/build/SourcePackages/checkouts/purchases-ios-spm/Sources/Networking/HTTPClient/NetworkError.swift /Users/builder/clone/build/SourcePackages/checkouts/purchases-ios-spm/Sources/Networking/HTTPClient/NetworkTimeout.swift /Users/builder/clone/build/SourcePackages/checkouts/purchases-ios-spm/Sources/Networking/HTTPClient/RedirectLoggerTaskDelegate.swift /Users/builder/clone/build/SourcePackages/checkouts/purchases-ios-spm/Sources/Networking/HTTPClient/SimpleNetworkServiceType.swift /Users/builder/clone/build/SourcePackages/checkouts/purchases-ios-spm/Sources/Networking/HTTPClient/TokenManager.swift /Users/builder/clone/build/SourcePackages/checkouts/purchases-ios-spm/Sources/Networking/HTTPClient/URLMessage+Description.swift /Users/builder/clone/build/SourcePackages/checkouts/purchases-ios-spm/Sources/Networking/IdentityAPI.swift /Users/builder/clone/build/SourcePackages/checkouts/purchases-ios-spm/Sources/Networking/InternalAPI.swift /Users/builder/clone/build/SourcePackages/checkouts/purchases-ios-spm/Sources/Networking/OfferingsAPI.swift /Users/builder/clone/build/SourcePackages/checkouts/purchases-ios-spm/Sources/Networking/OfflineEntitlementsAPI.swift /Users/builder/clone/build/SourcePackages/checkouts/purchases-ios-spm/Sources/Networking/Operations/GetCustomerCenterConfigOperation.swift /Users/builder/clone/build/SourcePackages/checkouts/purchases-ios-spm/Sources/Networking/Operations/GetCustomerInfoOperation.swift /Users/builder/clone/build/SourcePackages/checkouts/purchases-ios-spm/Sources/Networking/Operations/GetIntroEligibilityOperation.swift /Users/builder/clone/build/SourcePackages/checkouts/purchases-ios-spm/Sources/Networking/Operations/GetOfferingsOperation.swift /Users/builder/clone/build/SourcePackages/checkouts/purchases-ios-spm/Sources/Networking/Operations/GetProductEntitlementMappingOperation.swift /Users/builder/clone/build/SourcePackages/checkouts/purchases-ios-spm/Sources/Networking/Operations/GetRemoteConfigFallbackOperation.swift /Users/builder/clone/build/SourcePackages/checkouts/purchases-ios-spm/Sources/Networking/Operations/GetRemoteConfigOperation.swift /Users/builder/clone/build/SourcePackages/checkouts/purchases-ios-spm/Sources/Networking/Operations/GetVirtualCurrenciesOperation.swift /Users/builder/clone/build/SourcePackages/checkouts/purchases-ios-spm/Sources/Networking/Operations/GetWebBillingProductsOperation.swift /Users/builder/clone/build/SourcePackages/checkouts/purchases-ios-spm/Sources/Networking/Operations/GetWebOfferingProductsOperation.swift /Users/builder/clone/build/SourcePackages/checkouts/purchases-ios-spm/Sources/Networking/Operations/Handling/CustomerInfoResponseHandler.swift /Users/builder/clone/build/SourcePackages/checkouts/purchases-ios-spm/Sources/Networking/Operations/HealthOperation.swift /Users/builder/clone/build/SourcePackages/checkouts/purchases-ios-spm/Sources/Networking/Operations/HealthReportAvailabilityOperation.swift /Users/builder/clone/build/SourcePackages/checkouts/purchases-ios-spm/Sources/Networking/Operations/HealthReportOperation.swift /Users/builder/clone/build/SourcePackages/checkouts/purchases-ios-spm/Sources/Networking/Operations/LogInOperation.swift /Users/builder/clone/build/SourcePackages/checkouts/purchases-ios-spm/Sources/Networking/Operations/NetworkOperation.swift /Users/builder/clone/build/SourcePackages/checkouts/purchases-ios-spm/Sources/Networking/Operations/PostAdServicesTokenOperation.swift /Users/builder/clone/build/SourcePackages/checkouts/purchases-ios-spm/Sources/Networking/Operations/PostAttributionDataOperation.swift /Users/builder/clone/build/SourcePackages/checkouts/purchases-ios-spm/Sources/Networking/Operations/PostIsPurchaseAllowedByRestoreBehaviorOperation.swift /Users/builder/clone/build/SourcePackages/checkouts/purchases-ios-spm/Sources/Networking/Operations/PostOfferForSigningOperation.swift /Users/builder/clone/build/SourcePackages/checkouts/purchases-ios-spm/Sources/Networking/Operations/PostReceiptDataOperation.swift /Users/builder/clone/build/SourcePackages/checkouts/purchases-ios-spm/Sources/Networking/Operations/PostRedeemWebPurchaseOperation.swift /Users/builder/clone/build/SourcePackages/checkouts/purchases-ios-spm/Sources/Networking/Operations/PostSubscriberAttributesOperation.swift /Users/builder/clone/build/SourcePackages/checkouts/purchases-ios-spm/Sources/Networking/Operations/TokenOperations.swift /Users/builder/clone/build/SourcePackages/checkouts/purchases-ios-spm/Sources/Networking/RCContainer+Compression.swift /Users/builder/clone/build/SourcePackages/checkouts/purchases-ios-spm/Sources/Networking/RCContainer+Element.swift /Users/builder/clone/build/SourcePackages/checkouts/purchases-ios-spm/Sources/Networking/RCContainer+Parser.swift /Users/builder/clone/build/SourcePackages/checkouts/purchases-ios-spm/Sources/Networking/RCContainer.swift /Users/builder/clone/build/SourcePackages/checkouts/purchases-ios-spm/Sources/Networking/RedeemWebPurchaseAPI.swift /Users/builder/clone/build/SourcePackages/checkouts/purchases-ios-spm/Sources/Networking/RemoteConfigAPI.swift /Users/builder/clone/build/SourcePackages/checkouts/purchases-ios-spm/Sources/Networking/RemoteConfigBlobDownloader.swift /Users/builder/clone/build/SourcePackages/checkouts/purchases-ios-spm/Sources/Networking/RemoteConfigBlobFetcher.swift /Users/builder/clone/build/SourcePackages/checkouts/purchases-ios-spm/Sources/Networking/RemoteConfigBlobRefHelpers.swift /Users/builder/clone/build/SourcePackages/checkouts/purchases-ios-spm/Sources/Networking/RemoteConfigBlobStore.swift /Users/builder/clone/build/SourcePackages/checkouts/purchases-ios-spm/Sources/Networking/RemoteConfigDiskCache.swift /Users/builder/clone/build/SourcePackages/checkouts/purchases-ios-spm/Sources/Networking/RemoteConfigFetchContext.swift /Users/builder/clone/build/SourcePackages/checkouts/purchases-ios-spm/Sources/Networking/RemoteConfigManager.swift /Users/builder/clone/build/SourcePackages/checkouts/purchases-ios-spm/Sources/Networking/RemoteConfigSignatureContextProvider.swift /Users/builder/clone/build/SourcePackages/checkouts/purchases-ios-spm/Sources/Networking/RemoteConfigSourceProvider.swift /Users/builder/clone/build/SourcePackages/checkouts/purchases-ios-spm/Sources/Networking/RemoteConfigTopic.swift /Users/builder/clone/build/SourcePackages/checkouts/purchases-ios-spm/Sources/Networking/Responses/CustomerCenterConfigResponse.swift /Users/builder/clone/build/SourcePackages/checkouts/purchases-ios-spm/Sources/Networking/Responses/CustomerInfoResponse.swift /Users/builder/clone/build/SourcePackages/checkouts/purchases-ios-spm/Sources/Networking/Responses/GetIntroEligibilityResponse.swift /Users/builder/clone/build/SourcePackages/checkouts/purchases-ios-spm/Sources/Networking/Responses/HealthReportAvailabilityResponse.swift /Users/builder/clone/build/SourcePackages/checkouts/purchases-ios-spm/Sources/Networking/Responses/HealthReportResponse.swift /Users/builder/clone/build/SourcePackages/checkouts/purchases-ios-spm/Sources/Networking/Responses/IAMResponses.swift /Users/builder/clone/build/SourcePackages/checkouts/purchases-ios-spm/Sources/Networking/Responses/IsPurchaseAllowedByRestoreBehaviorResponse.swift /Users/builder/clone/build/SourcePackages/checkouts/purchases-ios-spm/Sources/Networking/Responses/OfferingsResponse.swift /Users/builder/clone/build/SourcePackages/checkouts/purchases-ios-spm/Sources/Networking/Responses/PostOfferResponse.swift /Users/builder/clone/build/SourcePackages/checkouts/purchases-ios-spm/Sources/Networking/Responses/ProductEntitlementMappingResponse.swift /Users/builder/clone/build/SourcePackages/checkouts/purchases-ios-spm/Sources/Networking/Responses/RemoteConfiguration.swift /Users/builder/clone/build/SourcePackages/checkouts/purchases-ios-spm/Sources/Networking/Responses/RevenueCatUI/PaywallComponentsData.swift /Users/builder/clone/build/SourcePackages/checkouts/purchases-ios-spm/Sources/Networking/Responses/RevenueCatUI/UIConfig.swift /Users/builder/clone/build/SourcePackages/checkouts/purchases-ios-spm/Sources/Networking/Responses/VirtualCurrenciesResponse.swift /Users/builder/clone/build/SourcePackages/checkouts/purchases-ios-spm/Sources/Networking/Responses/WebBillingProductsResponse.swift /Users/builder/clone/build/SourcePackages/checkouts/purchases-ios-spm/Sources/Networking/Responses/WebOfferingProductsResponse.swift /Users/builder/clone/build/SourcePackages/checkouts/purchases-ios-spm/Sources/Networking/Responses/WorkflowsResponse.swift /Users/builder/clone/build/SourcePackages/checkouts/purchases-ios-spm/Sources/Networking/SourceHealthChecker.swift /Users/builder/clone/build/SourcePackages/checkouts/purchases-ios-spm/Sources/Networking/TokenAPI.swift /Users/builder/clone/build/SourcePackages/checkouts/purchases-ios-spm/Sources/Networking/UiConfigProvider.swift /Users/builder/clone/build/SourcePackages/checkouts/purchases-ios-spm/Sources/Networking/VirtualCurrenciesAPI.swift /Users/builder/clone/build/SourcePackages/checkouts/purchases-ios-spm/Sources/Networking/WebBillingAPI.swift /Users/builder/clone/build/SourcePackages/checkouts/purchases-ios-spm/Sources/Networking/WebBillingHTTPRequestPath.swift /Users/builder/clone/build/SourcePackages/checkouts/purchases-ios-spm/Sources/Networking/WeightedSourceSelector.swift /Users/builder/clone/build/SourcePackages/checkouts/purchases-ios-spm/Sources/Networking/WorkflowsConfigProvider.swift /Users/builder/clone/build/SourcePackages/checkouts/purchases-ios-spm/Sources/OfflineEntitlements/CustomerInfo+OfflineEntitlements.swift /Users/builder/clone/build/SourcePackages/checkouts/purchases-ios-spm/Sources/OfflineEntitlements/OfflineCustomerInfoCreator.swift /Users/builder/clone/build/SourcePackages/checkouts/purchases-ios-spm/Sources/OfflineEntitlements/OfflineEntitlementsManager.swift /Users/builder/clone/build/SourcePackages/checkouts/purchases-ios-spm/Sources/OfflineEntitlements/ProductEntitlementMapping.swift /Users/builder/clone/build/SourcePackages/checkouts/purchases-ios-spm/Sources/OfflineEntitlements/ProductEntitlementMappingFetcher.swift /Users/builder/clone/build/SourcePackages/checkouts/purchases-ios-spm/Sources/OfflineEntitlements/PurchasedProductsFetcher.swift /Users/builder/clone/build/SourcePackages/checkouts/purchases-ios-spm/Sources/OfflineEntitlements/PurchasedSK2Product.swift /Users/builder/clone/build/SourcePackages/checkouts/purchases-ios-spm/Sources/Paywalls/Components/Common/Background.swift /Users/builder/clone/build/SourcePackages/checkouts/purchases-ios-spm/Sources/Paywalls/Components/Common/Border.swift /Users/builder/clone/build/SourcePackages/checkouts/purchases-ios-spm/Sources/Paywalls/Components/Common/ComponentOverrides.swift /Users/builder/clone/build/SourcePackages/checkouts/purchases-ios-spm/Sources/Paywalls/Components/Common/Dimension.swift /Users/builder/clone/build/SourcePackages/checkouts/purchases-ios-spm/Sources/Paywalls/Components/Common/PaywallComponentBase.swift /Users/builder/clone/build/SourcePackages/checkouts/purchases-ios-spm/Sources/Paywalls/Components/Common/PaywallComponentLocalization.swift /Users/builder/clone/build/SourcePackages/checkouts/purchases-ios-spm/Sources/Paywalls/Components/Common/PaywallComponentPropertyTypes.swift /Users/builder/clone/build/SourcePackages/checkouts/purchases-ios-spm/Sources/Paywalls/Components/Common/StateDeclaration.swift /Users/builder/clone/build/SourcePackages/checkouts/purchases-ios-spm/Sources/Paywalls/Components/Common/StateUpdate.swift /Users/builder/clone/build/SourcePackages/checkouts/purchases-ios-spm/Sources/Paywalls/Components/PaywallButtonComponent.swift /Users/builder/clone/build/SourcePackages/checkouts/purchases-ios-spm/Sources/Paywalls/Components/PaywallCarouselComponent.swift /Users/builder/clone/build/SourcePackages/checkouts/purchases-ios-spm/Sources/Paywalls/Components/PaywallCountdownComponent.swift /Users/builder/clone/build/SourcePackages/checkouts/purchases-ios-spm/Sources/Paywalls/Components/PaywallHeaderComponent.swift /Users/builder/clone/build/SourcePackages/checkouts/purchases-ios-spm/Sources/Paywalls/Components/PaywallIconComponent.swift /Users/builder/clone/build/SourcePackages/checkouts/purchases-ios-spm/Sources/Paywalls/Components/PaywallImageComponent.swift /Users/builder/clone/build/SourcePackages/checkouts/purchases-ios-spm/Sources/Paywalls/Components/PaywallPackageComponent.swift /Users/builder/clone/build/SourcePackages/checkouts/purchases-ios-spm/Sources/Paywalls/Components/PaywallPurchaseButtonComponent.swift /Users/builder/clone/build/SourcePackages/checkouts/purchases-ios-spm/Sources/Paywalls/Components/PaywallStackComponent.swift /Users/builder/clone/build/SourcePackages/checkouts/purchases-ios-spm/Sources/Paywalls/Components/PaywallStickyFooterComponent.swift /Users/builder/clone/build/SourcePackages/checkouts/purchases-ios-spm/Sources/Paywalls/Components/PaywallTabsComponent.swift /Users/builder/clone/build/SourcePackages/checkouts/purchases-ios-spm/Sources/Paywalls/Components/PaywallTextComponent.swift /Users/builder/clone/build/SourcePackages/checkouts/purchases-ios-spm/Sources/Paywalls/Components/PaywallTimelineComponent.swift /Users/builder/clone/build/SourcePackages/checkouts/purchases-ios-spm/Sources/Paywalls/Components/PaywallV2CacheWarming.swift /Users/builder/clone/build/SourcePackages/checkouts/purchases-ios-spm/Sources/Paywalls/Components/PaywallVideoComponent.swift /Users/builder/clone/build/SourcePackages/checkouts/purchases-ios-spm/Sources/Paywalls/Components/PaywallWebViewComponent.swift /Users/builder/clone/build/SourcePackages/checkouts/purchases-ios-spm/Sources/Paywalls/Components/Transitions/PaywallAnimation.swift /Users/builder/clone/build/SourcePackages/checkouts/purchases-ios-spm/Sources/Paywalls/Components/Transitions/PaywallTransition.swift /Users/builder/clone/build/SourcePackages/checkouts/purchases-ios-spm/Sources/Paywalls/Events/CustomPaywallEvent.swift /Users/builder/clone/build/SourcePackages/checkouts/purchases-ios-spm/Sources/Paywalls/Events/CustomPaywallImpressionParams.swift /Users/builder/clone/build/SourcePackages/checkouts/purchases-ios-spm/Sources/Paywalls/Events/Networking/EventsRequest+CustomPaywallImpression.swift /Users/builder/clone/build/SourcePackages/checkouts/purchases-ios-spm/Sources/Paywalls/Events/Networking/EventsRequest+Paywall.swift /Users/builder/clone/build/SourcePackages/checkouts/purchases-ios-spm/Sources/Paywalls/Events/PaywallEvent.swift /Users/builder/clone/build/SourcePackages/checkouts/purchases-ios-spm/Sources/Paywalls/Events/WorkflowEvent.swift /Users/builder/clone/build/SourcePackages/checkouts/purchases-ios-spm/Sources/Paywalls/ExitOffer.swift /Users/builder/clone/build/SourcePackages/checkouts/purchases-ios-spm/Sources/Paywalls/Locale+Comparison.swift /Users/builder/clone/build/SourcePackages/checkouts/purchases-ios-spm/Sources/Paywalls/PaywallCacheWarming.swift /Users/builder/clone/build/SourcePackages/checkouts/purchases-ios-spm/Sources/Paywalls/PaywallColor.swift /Users/builder/clone/build/SourcePackages/checkouts/purchases-ios-spm/Sources/Paywalls/PaywallData+Localization.swift /Users/builder/clone/build/SourcePackages/checkouts/purchases-ios-spm/Sources/Paywalls/PaywallData.swift /Users/builder/clone/build/SourcePackages/checkouts/purchases-ios-spm/Sources/Paywalls/PaywallFontManagerType.swift /Users/builder/clone/build/SourcePackages/checkouts/purchases-ios-spm/Sources/Paywalls/PaywallSource.swift /Users/builder/clone/build/SourcePackages/checkouts/purchases-ios-spm/Sources/Paywalls/PaywallViewMode.swift /Users/builder/clone/build/SourcePackages/checkouts/purchases-ios-spm/Sources/Paywalls/SubscriptionHistoryTracker.swift /Users/builder/clone/build/SourcePackages/checkouts/purchases-ios-spm/Sources/Paywalls/WebBundleEventBus.swift /Users/builder/clone/build/SourcePackages/checkouts/purchases-ios-spm/Sources/Paywalls/WebBundleURLBatcher.swift /Users/builder/clone/build/SourcePackages/checkouts/purchases-ios-spm/Sources/Paywalls/WebViewDataStoreIdentifierStore.swift /Users/builder/clone/build/SourcePackages/checkouts/purchases-ios-spm/Sources/Purchasing/CachingProductsManager.swift /Users/builder/clone/build/SourcePackages/checkouts/purchases-ios-spm/Sources/Purchasing/CachingTrialOrIntroPriceEligibilityChecker.swift /Users/builder/clone/build/SourcePackages/checkouts/purchases-ios-spm/Sources/Purchasing/Configuration.swift /Users/builder/clone/build/SourcePackages/checkouts/purchases-ios-spm/Sources/Purchasing/EntitlementInfo.swift /Users/builder/clone/build/SourcePackages/checkouts/purchases-ios-spm/Sources/Purchasing/EntitlementInfos.swift /Users/builder/clone/build/SourcePackages/checkouts/purchases-ios-spm/Sources/Purchasing/InstallmentsInfo.swift /Users/builder/clone/build/SourcePackages/checkouts/purchases-ios-spm/Sources/Purchasing/InstallmentsInfoFactory.swift /Users/builder/clone/build/SourcePackages/checkouts/purchases-ios-spm/Sources/Purchasing/IntroEligibility.swift /Users/builder/clone/build/SourcePackages/checkouts/purchases-ios-spm/Sources/Purchasing/IntroEligibilityCalculator.swift /Users/builder/clone/build/SourcePackages/checkouts/purchases-ios-spm/Sources/Purchasing/NonSubscriptionTransaction.swift /Users/builder/clone/build/SourcePackages/checkouts/purchases-ios-spm/Sources/Purchasing/Offering.swift /Users/builder/clone/build/SourcePackages/checkouts/purchases-ios-spm/Sources/Purchasing/Offerings.swift /Users/builder/clone/build/SourcePackages/checkouts/purchases-ios-spm/Sources/Purchasing/OfferingsFactory.swift /Users/builder/clone/build/SourcePackages/checkouts/purchases-ios-spm/Sources/Purchasing/OfferingsManager.swift /Users/builder/clone/build/SourcePackages/checkouts/purchases-ios-spm/Sources/Purchasing/Package.swift /Users/builder/clone/build/SourcePackages/checkouts/purchases-ios-spm/Sources/Purchasing/PackageType.swift /Users/builder/clone/build/SourcePackages/checkouts/purchases-ios-spm/Sources/Purchasing/ProductRequestData+Initialization.swift /Users/builder/clone/build/SourcePackages/checkouts/purchases-ios-spm/Sources/Purchasing/ProductRequestData.swift /Users/builder/clone/build/SourcePackages/checkouts/purchases-ios-spm/Sources/Purchasing/ProductsManager.swift /Users/builder/clone/build/SourcePackages/checkouts/purchases-ios-spm/Sources/Purchasing/ProductsManagerFactory.swift /Users/builder/clone/build/SourcePackages/checkouts/purchases-ios-spm/Sources/Purchasing/ProductsManagerType.swift /Users/builder/clone/build/SourcePackages/checkouts/purchases-ios-spm/Sources/Purchasing/ProductsRequestFactory.swift /Users/builder/clone/build/SourcePackages/checkouts/purchases-ios-spm/Sources/Purchasing/PurchaseOwnershipType.swift /Users/builder/clone/build/SourcePackages/checkouts/purchases-ios-spm/Sources/Purchasing/Purchases/Attribution.swift /Users/builder/clone/build/SourcePackages/checkouts/purchases-ios-spm/Sources/Purchasing/Purchases/LocalTransactionMetadata.swift /Users/builder/clone/build/SourcePackages/checkouts/purchases-ios-spm/Sources/Purchasing/Purchases/LocalTransactionMetadataStore.swift /Users/builder/clone/build/SourcePackages/checkouts/purchases-ios-spm/Sources/Purchasing/Purchases/PurchaseParams.swift /Users/builder/clone/build/SourcePackages/checkouts/purchases-ios-spm/Sources/Purchasing/Purchases/Purchases.swift /Users/builder/clone/build/SourcePackages/checkouts/purchases-ios-spm/Sources/Purchasing/Purchases/PurchasesAreCompletedBy.swift /Users/builder/clone/build/SourcePackages/checkouts/purchases-ios-spm/Sources/Purchasing/Purchases/PurchasesConfiguredNotifier.swift /Users/builder/clone/build/SourcePackages/checkouts/purchases-ios-spm/Sources/Purchasing/Purchases/PurchasesDelegate.swift /Users/builder/clone/build/SourcePackages/checkouts/purchases-ios-spm/Sources/Purchasing/Purchases/PurchasesOrchestrator.swift /Users/builder/clone/build/SourcePackages/checkouts/purchases-ios-spm/Sources/Purchasing/Purchases/PurchasesType.swift /Users/builder/clone/build/SourcePackages/checkouts/purchases-ios-spm/Sources/Purchasing/Purchases/TransactionMetadataSyncHelper.swift /Users/builder/clone/build/SourcePackages/checkouts/purchases-ios-spm/Sources/Purchasing/Purchases/TransactionNotifications.swift /Users/builder/clone/build/SourcePackages/checkouts/purchases-ios-spm/Sources/Purchasing/Purchases/TransactionPoster.swift /Users/builder/clone/build/SourcePackages/checkouts/purchases-ios-spm/Sources/Purchasing/ReceiptFetcher.swift /Users/builder/clone/build/SourcePackages/checkouts/purchases-ios-spm/Sources/Purchasing/ReceiptRefreshPolicy.swift /Users/builder/clone/build/SourcePackages/checkouts/purchases-ios-spm/Sources/Purchasing/SimulatedStore/SimulatedStoreProduct.swift /Users/builder/clone/build/SourcePackages/checkouts/purchases-ios-spm/Sources/Purchasing/SimulatedStore/SimulatedStoreProductsManager.swift /Users/builder/clone/build/SourcePackages/checkouts/purchases-ios-spm/Sources/Purchasing/SimulatedStore/SimulatedStorePurchaseHandler.swift /Users/builder/clone/build/SourcePackages/checkouts/purchases-ios-spm/Sources/Purchasing/SimulatedStore/SimulatedStorePurchaseUI.swift /Users/builder/clone/build/SourcePackages/checkouts/purchases-ios-spm/Sources/Purchasing/SimulatedStore/SimulatedStoreTransaction.swift /Users/builder/clone/build/SourcePackages/checkouts/purchases-ios-spm/Sources/Purchasing/SimulatedStore/SimulatedStoreTransactionFetcher.swift /Users/builder/clone/build/SourcePackages/checkouts/purchases-ios-spm/Sources/Purchasing/SimulatedStore/WebBillingProduct+SimulatedStoreProduct.swift /Users/builder/clone/build/SourcePackages/checkouts/purchases-ios-spm/Sources/Purchasing/StoreKit1/PaymentQueueWrapper.swift /Users/builder/clone/build/SourcePackages/checkouts/purchases-ios-spm/Sources/Purchasing/StoreKit1/ProductsFetcherSK1.swift /Users/builder/clone/build/SourcePackages/checkouts/purchases-ios-spm/Sources/Purchasing/StoreKit1/StoreKit1Wrapper.swift /Users/builder/clone/build/SourcePackages/checkouts/purchases-ios-spm/Sources/Purchasing/StoreKit1/StoreKitRequestFetcher.swift /Users/builder/clone/build/SourcePackages/checkouts/purchases-ios-spm/Sources/Purchasing/StoreKit2/Observer\\ Mode/StoreKit2ObserverModePurchaseDetector.swift /Users/builder/clone/build/SourcePackages/checkouts/purchases-ios-spm/Sources/Purchasing/StoreKit2/Products\\ with\\ Billing\\ Plans/CompoundProductIdentifier.swift /Users/builder/clone/build/SourcePackages/checkouts/purchases-ios-spm/Sources/Purchasing/StoreKit2/Products\\ with\\ Billing\\ Plans/CompoundProductIdentifierResolver.swift /Users/builder/clone/build/SourcePackages/checkouts/purchases-ios-spm/Sources/Purchasing/StoreKit2/ProductsFetcherSK2.swift /Users/builder/clone/build/SourcePackages/checkouts/purchases-ios-spm/Sources/Purchasing/StoreKit2/SK2AppTransaction.swift /Users/builder/clone/build/SourcePackages/checkouts/purchases-ios-spm/Sources/Purchasing/StoreKit2/SK2BeginRefundRequestHelper.swift /Users/builder/clone/build/SourcePackages/checkouts/purchases-ios-spm/Sources/Purchasing/StoreKit2/StoreKit2ConfirmInOptions.swift /Users/builder/clone/build/SourcePackages/checkouts/purchases-ios-spm/Sources/Purchasing/StoreKit2/StoreKit2ProductPurchaser.swift /Users/builder/clone/build/SourcePackages/checkouts/purchases-ios-spm/Sources/Purchasing/StoreKit2/StoreKit2PromotionalOfferPurchaseOptions.swift /Users/builder/clone/build/SourcePackages/checkouts/purchases-ios-spm/Sources/Purchasing/StoreKit2/StoreKit2PurchaseIntentListener.swift /Users/builder/clone/build/SourcePackages/checkouts/purchases-ios-spm/Sources/Purchasing/StoreKit2/StoreKit2Receipt.swift /Users/builder/clone/build/SourcePackages/checkouts/purchases-ios-spm/Sources/Purchasing/StoreKit2/StoreKit2StorefrontListener.swift /Users/builder/clone/build/SourcePackages/checkouts/purchases-ios-spm/Sources/Purchasing/StoreKit2/StoreKit2TransactionFetcher.swift /Users/builder/clone/build/SourcePackages/checkouts/purchases-ios-spm/Sources/Purchasing/StoreKit2/StoreKit2TransactionListener.swift /Users/builder/clone/build/SourcePackages/checkouts/purchases-ios-spm/Sources/Purchasing/StoreKit2/Win-Back\\ Offers/WinBackEligibilityAdapters.swift /Users/builder/clone/build/SourcePackages/checkouts/purchases-ios-spm/Sources/Purchasing/StoreKit2/Win-Back\\ Offers/WinBackOfferEligibilityCalculator.swift /Users/builder/clone/build/SourcePackages/checkouts/purchases-ios-spm/Sources/Purchasing/StoreKit2/Win-Back\\ Offers/WinBackOfferEligibilityCalculatorType.swift /Users/builder/clone/build/SourcePackages/checkouts/purchases-ios-spm/Sources/Purchasing/StoreKitAbstractions/BillingPlanType.swift /Users/builder/clone/build/SourcePackages/checkouts/purchases-ios-spm/Sources/Purchasing/StoreKitAbstractions/EncodedAppleReceipt.swift /Users/builder/clone/build/SourcePackages/checkouts/purchases-ios-spm/Sources/Purchasing/StoreKitAbstractions/ProductType.swift /Users/builder/clone/build/SourcePackages/checkouts/purchases-ios-spm/Sources/Purchasing/StoreKitAbstractions/PromotionalOffer.swift /Users/builder/clone/build/SourcePackages/checkouts/purchases-ios-spm/Sources/Purchasing/StoreKitAbstractions/RevocationReason.swift /Users/builder/clone/build/SourcePackages/checkouts/purchases-ios-spm/Sources/Purchasing/StoreKitAbstractions/SK1StoreProduct.swift /Users/builder/clone/build/SourcePackages/checkouts/purchases-ios-spm/Sources/Purchasing/StoreKitAbstractions/SK1StoreProductDiscount.swift /Users/builder/clone/build/SourcePackages/checkouts/purchases-ios-spm/Sources/Purchasing/StoreKitAbstractions/SK1StoreTransaction.swift /Users/builder/clone/build/SourcePackages/checkouts/purchases-ios-spm/Sources/Purchasing/StoreKitAbstractions/SK1Storefront.swift /Users/builder/clone/build/SourcePackages/checkouts/purchases-ios-spm/Sources/Purchasing/StoreKitAbstractions/SK2StoreProduct.swift /Users/builder/clone/build/SourcePackages/checkouts/purchases-ios-spm/Sources/Purchasing/StoreKitAbstractions/SK2StoreProductDiscount.swift /Users/builder/clone/build/SourcePackages/checkouts/purchases-ios-spm/Sources/Purchasing/StoreKitAbstractions/SK2StoreTransaction.swift /Users/builder/clone/build/SourcePackages/checkouts/purchases-ios-spm/Sources/Purchasing/StoreKitAbstractions/SK2Storefront.swift /Users/builder/clone/build/SourcePackages/checkouts/purchases-ios-spm/Sources/Purchasing/StoreKitAbstractions/StoreEnvironment.swift /Users/builder/clone/build/SourcePackages/checkouts/purchases-ios-spm/Sources/Purchasing/StoreKitAbstractions/StoreKitWorkarounds.swift /Users/builder/clone/build/SourcePackages/checkouts/purchases-ios-spm/Sources/Purchasing/StoreKitAbstractions/StoreProduct.swift /Users/builder/clone/build/SourcePackages/checkouts/purchases-ios-spm/Sources/Purchasing/StoreKitAbstractions/StoreProductDiscount.swift /Users/builder/clone/build/SourcePackages/checkouts/purchases-ios-spm/Sources/Purchasing/StoreKitAbstractions/StoreTransaction.swift /Users/builder/clone/build/SourcePackages/checkouts/purchases-ios-spm/Sources/Purchasing/StoreKitAbstractions/Storefront.swift /Users/builder/clone/build/SourcePackages/checkouts/purchases-ios-spm/Sources/Purchasing/StoreKitAbstractions/StorefrontProvider.swift /Users/builder/clone/build/SourcePackages/checkouts/purchases-ios-spm/Sources/Purchasing/StoreKitAbstractions/SubscriptionPeriod.swift /Users/builder/clone/build/SourcePackages/checkouts/purchases-ios-spm/Sources/Purchasing/StoreKitAbstractions/Test\\ Data/TestStoreProduct.swift /Users/builder/clone/build/SourcePackages/checkouts/purchases-ios-spm/Sources/Purchasing/StoreKitAbstractions/Test\\ Data/TestStoreProductDiscount.swift /Users/builder/clone/build/SourcePackages/checkouts/purchases-ios-spm/Sources/Purchasing/StoreKitAbstractions/TestStoreTransaction.swift /Users/builder/clone/build/SourcePackages/checkouts/purchases-ios-spm/Sources/Purchasing/StoreKitAbstractions/TransactionReason.swift /Users/builder/clone/build/SourcePackages/checkouts/purchases-ios-spm/Sources/Purchasing/StoreKitAbstractions/WinBackOffer.swift /Users/builder/clone/build/SourcePackages/checkouts/purchases-ios-spm/Sources/Purchasing/TransactionsFactory.swift /Users/builder/clone/build/SourcePackages/checkouts/purchases-ios-spm/Sources/Purchasing/TransactionsManager.swift /Users/builder/clone/build/SourcePackages/checkouts/purchases-ios-spm/Sources/Purchasing/TrialOrIntroPriceEligibilityChecker.swift /Users/builder/clone/build/SourcePackages/checkouts/purchases-ios-spm/Sources/Purchasing/WorkflowManager.swift /Users/builder/clone/build/SourcePackages/checkouts/purchases-ios-spm/Sources/RulesEngine/CustomOperators/CaseOperators.swift /Users/builder/clone/build/SourcePackages/checkouts/purchases-ios-spm/Sources/RulesEngine/CustomOperators/CustomOperators.swift /Users/builder/clone/build/SourcePackages/checkouts/purchases-ios-spm/Sources/RulesEngine/CustomOperators/EntriesOperators.swift /Users/builder/clone/build/SourcePackages/checkouts/purchases-ios-spm/Sources/RulesEngine/CustomOperators/LengthOperator.swift /Users/builder/clone/build/SourcePackages/checkouts/purchases-ios-spm/Sources/RulesEngine/CustomOperators/RootVarOperator.swift /Users/builder/clone/build/SourcePackages/checkouts/purchases-ios-spm/Sources/RulesEngine/CustomOperators/SplitOperator.swift /Users/builder/clone/build/SourcePackages/checkouts/purchases-ios-spm/Sources/RulesEngine/EvaluationError.swift /Users/builder/clone/build/SourcePackages/checkouts/purchases-ios-spm/Sources/RulesEngine/Evaluator.swift /Users/builder/clone/build/SourcePackages/checkouts/purchases-ios-spm/Sources/RulesEngine/Operators/AccessorOperators.swift /Users/builder/clone/build/SourcePackages/checkouts/purchases-ios-spm/Sources/RulesEngine/Operators/ArithmeticOperators.swift /Users/builder/clone/build/SourcePackages/checkouts/purchases-ios-spm/Sources/RulesEngine/Operators/ComparisonOperators.swift /Users/builder/clone/build/SourcePackages/checkouts/purchases-ios-spm/Sources/RulesEngine/Operators/EqualityOperators.swift /Users/builder/clone/build/SourcePackages/checkouts/purchases-ios-spm/Sources/RulesEngine/Operators/IterationOperators.swift /Users/builder/clone/build/SourcePackages/checkouts/purchases-ios-spm/Sources/RulesEngine/Operators/LogicOperators.swift /Users/builder/clone/build/SourcePackages/checkouts/purchases-ios-spm/Sources/RulesEngine/Operators/MinMaxOperators.swift /Users/builder/clone/build/SourcePackages/checkouts/purchases-ios-spm/Sources/RulesEngine/Operators/MiscOperators.swift /Users/builder/clone/build/SourcePackages/checkouts/purchases-ios-spm/Sources/RulesEngine/Operators/Operators.swift /Users/builder/clone/build/SourcePackages/checkouts/purchases-ios-spm/Sources/RulesEngine/Operators/StringArrayOperators.swift /Users/builder/clone/build/SourcePackages/checkouts/purchases-ios-spm/Sources/RulesEngine/RulesEngine.swift /Users/builder/clone/build/SourcePackages/checkouts/purchases-ios-spm/Sources/RulesEngine/RulesEngineEvaluate.swift /Users/builder/clone/build/SourcePackages/checkouts/purchases-ios-spm/Sources/RulesEngine/RulesEngineLogger.swift /Users/builder/clone/build/SourcePackages/checkouts/purchases-ios-spm/Sources/RulesEngine/Scope.swift /Users/builder/clone/build/SourcePackages/checkouts/purchases-ios-spm/Sources/RulesEngine/Value+JSON.swift /Users/builder/clone/build/SourcePackages/checkouts/purchases-ios-spm/Sources/RulesEngine/Value.swift /Users/builder/clone/build/SourcePackages/checkouts/purchases-ios-spm/Sources/Security/FakeSigning.swift /Users/builder/clone/build/SourcePackages/checkouts/purchases-ios-spm/Sources/Security/HTTPRequest+Signing.swift /Users/builder/clone/build/SourcePackages/checkouts/purchases-ios-spm/Sources/Security/HTTPRequestBody+Signing.swift /Users/builder/clone/build/SourcePackages/checkouts/purchases-ios-spm/Sources/Security/Keychain.swift /Users/builder/clone/build/SourcePackages/checkouts/purchases-ios-spm/Sources/Security/Signing+ResponseVerification.swift /Users/builder/clone/build/SourcePackages/checkouts/purchases-ios-spm/Sources/Security/Signing.swift /Users/builder/clone/build/SourcePackages/checkouts/purchases-ios-spm/Sources/Security/VerificationResult.swift /Users/builder/clone/build/SourcePackages/checkouts/purchases-ios-spm/Sources/SubscriberAttributes/AttributionDataMigrator.swift /Users/builder/clone/build/SourcePackages/checkouts/purchases-ios-spm/Sources/SubscriberAttributes/AttributionKey.swift /Users/builder/clone/build/SourcePackages/checkouts/purchases-ios-spm/Sources/SubscriberAttributes/ReservedSubscriberAttributes.swift /Users/builder/clone/build/SourcePackages/checkouts/purchases-ios-spm/Sources/SubscriberAttributes/SubscriberAttribute.swift /Users/builder/clone/build/SourcePackages/checkouts/purchases-ios-spm/Sources/SubscriberAttributes/SubscriberAttributesManager+Appstack.swift /Users/builder/clone/build/SourcePackages/checkouts/purchases-ios-spm/Sources/SubscriberAttributes/SubscriberAttributesManager.swift /Users/builder/clone/build/SourcePackages/checkouts/purchases-ios-spm/Sources/Support/BeginRefundRequestHelper.swift /Users/builder/clone/build/SourcePackages/checkouts/purchases-ios-spm/Sources/Support/DebugUI/DebugContentViews.swift /Users/builder/clone/build/SourcePackages/checkouts/purchases-ios-spm/Sources/Support/DebugUI/DebugView.swift /Users/builder/clone/build/SourcePackages/checkouts/purchases-ios-spm/Sources/Support/DebugUI/DebugViewController.swift /Users/builder/clone/build/SourcePackages/checkouts/purchases-ios-spm/Sources/Support/DebugUI/DebugViewModel.swift /Users/builder/clone/build/SourcePackages/checkouts/purchases-ios-spm/Sources/Support/DebugUI/DebugViewSheetPresentation.swift /Users/builder/clone/build/SourcePackages/checkouts/purchases-ios-spm/Sources/Support/DebugUI/ProductStatus+Icon.swift /Users/builder/clone/build/SourcePackages/checkouts/purchases-ios-spm/Sources/Support/DebugUI/SDKHealthCheckStatus+Icon.swift /Users/builder/clone/build/SourcePackages/checkouts/purchases-ios-spm/Sources/Support/DebugUI/SDKHealthStatus+Icon.swift /Users/builder/clone/build/SourcePackages/checkouts/purchases-ios-spm/Sources/Support/FrameworkDisambiguation.swift /Users/builder/clone/build/SourcePackages/checkouts/purchases-ios-spm/Sources/Support/HealthReport+Validate.swift /Users/builder/clone/build/SourcePackages/checkouts/purchases-ios-spm/Sources/Support/ManageSubscriptionsHelper.swift /Users/builder/clone/build/SourcePackages/checkouts/purchases-ios-spm/Sources/Support/PaymentAuthorizationProvider.swift /Users/builder/clone/build/SourcePackages/checkouts/purchases-ios-spm/Sources/Support/PaywallExtensions.swift /Users/builder/clone/build/SourcePackages/checkouts/purchases-ios-spm/Sources/Support/PurchasesDiagnostics.swift /Users/builder/clone/build/SourcePackages/checkouts/purchases-ios-spm/Sources/Support/SDKHealthError+CustomNSError.swift /Users/builder/clone/build/SourcePackages/checkouts/purchases-ios-spm/Sources/Support/SDKHealthManager.swift /Users/builder/clone/build/SourcePackages/checkouts/purchases-ios-spm/Sources/Support/StoreMessageType.swift /Users/builder/clone/build/SourcePackages/checkouts/purchases-ios-spm/Sources/Support/StoreMessagesHelper.swift /Users/builder/clone/build/SourcePackages/checkouts/purchases-ios-spm/Sources/Support/SwiftVersionCheck.swift /Users/builder/clone/build/SourcePackages/checkouts/purchases-ios-spm/Sources/Virtual\\ Currencies/VirtualCurrencies.swift /Users/builder/clone/build/SourcePackages/checkouts/purchases-ios-spm/Sources/Virtual\\ Currencies/VirtualCurrency.swift /Users/builder/clone/build/SourcePackages/checkouts/purchases-ios-spm/Sources/Virtual\\ Currencies/VirtualCurrencyManager.swift /Users/builder/clone/build/SourcePackages/checkouts/purchases-ios-spm/Sources/WebPurchaseRedemption/URL+WebPurchaseRedemption.swift /Users/builder/clone/build/SourcePackages/checkouts/purchases-ios-spm/Sources/WebPurchaseRedemption/WebPurchaseRedemption.swift /Users/builder/clone/build/SourcePackages/checkouts/purchases-ios-spm/Sources/WebPurchaseRedemption/WebPurchaseRedemptionHelper.swift /Users/builder/clone/build/SourcePackages/checkouts/purchases-ios-spm/Sources/WebPurchaseRedemption/WebPurchaseRedemptionResult.swift /Applications/Xcode-26.4.app/Contents/Developer/Toolchains/XcodeDefault.xctoolchain/usr/lib/swift/iphoneos/prebuilt-modules/26.4/CoreFoundation.swiftmodule/arm64e-apple-ios.swiftmodule /Applications/Xcode-26.4.app/Contents/Developer/Toolchains/XcodeDefault.xctoolchain/usr/lib/swift/iphoneos/prebuilt-modules/26.4/FileProvider.swiftmodule/arm64e-apple-ios.swiftmodule /Applications/Xcode-26.4.app/Contents/Developer/Toolchains/XcodeDefault.xctoolchain/usr/lib/swift/iphoneos/prebuilt-modules/26.4/CoreText.swiftmodule/arm64e-apple-ios.swiftmodule /Applications/Xcode-26.4.app/Contents/Developer/Toolchains/XcodeDefault.xctoolchain/usr/lib/swift/iphoneos/prebuilt-modules/26.4/DeveloperToolsSupport.swiftmodule/arm64e-apple-ios.swiftmodule /Applications/Xcode-26.4.app/Contents/Developer/Toolchains/XcodeDefault.xctoolchain/usr/lib/swift/iphoneos/prebuilt-modules/26.4/Spatial.swiftmodule/arm64e-apple-ios.swiftmodule /Applications/Xcode-26.4.app/Contents/Developer/Toolchains/XcodeDefault.xctoolchain/usr/lib/swift/iphoneos/prebuilt-modules/26.4/BackgroundAssets.swiftmodule/arm64e-apple-ios.swiftmodule /Applications/Xcode-26.4.app/Contents/Developer/Toolchains/XcodeDefault.xctoolchain/usr/lib/swift/iphoneos/prebuilt-modules/26.4/Foundation.swiftmodule/arm64e-apple-ios.swiftmodule /Applications/Xcode-26.4.app/Contents/Developer/Toolchains/XcodeDefault.xctoolchain/usr/lib/swift/iphoneos/prebuilt-modules/26.4/System.swiftmodule/arm64e-apple-ios.swiftmodule /Applications/Xcode-26.4.app/Contents/Developer/Toolchains/XcodeDefault.xctoolchain/usr/lib/swift/iphoneos/prebuilt-modules/26.4/QuartzCore.swiftmodule/arm64e-apple-ios.swiftmodule /Applications/Xcode-26.4.app/Contents/Developer/Toolchains/XcodeDefault.xctoolchain/usr/lib/swift/iphoneos/prebuilt-modules/26.4/Symbols.swiftmodule/arm64e-apple-ios.swiftmodule /Applications/Xcode-26.4.app/Contents/Developer/Toolchains/XcodeDefault.xctoolchain/usr/lib/swift/iphoneos/prebuilt-modules/26.4/_DarwinFoundation3.swiftmodule/arm64e-apple-ios.swiftmodule /Applications/Xcode-26.4.app/Contents/Developer/Toolchains/XcodeDefault.xctoolchain/usr/lib/swift/iphoneos/prebuilt-modules/26.4/Distributed.swiftmodule/arm64e-apple-ios.swiftmodule /Applications/Xcode-26.4.app/Contents/Developer/Toolchains/XcodeDefault.xctoolchain/usr/lib/swift/iphoneos/prebuilt-modules/26.4/OSLog.swiftmodule/arm64e-apple-ios.swiftmodule /Applications/Xcode-26.4.app/Contents/Developer/Toolchains/XcodeDefault.xctoolchain/usr/lib/swift/iphoneos/prebuilt-modules/26.4/CoreImage.swiftmodule/arm64e-apple-ios.swiftmodule /Applications/Xcode-26.4.app/Contents/Developer/Toolchains/XcodeDefault.xctoolchain/usr/lib/swift/iphoneos/prebuilt-modules/26.4/DataDetection.swiftmodule/arm64e-apple-ios.swiftmodule /Applications/Xcode-26.4.app/Contents/Developer/Toolchains/XcodeDefault.xctoolchain/usr/lib/swift/iphoneos/prebuilt-modules/26.4/_Builtin_float.swiftmodule/arm64e-apple-ios.swiftmodule /Applications/Xcode-26.4.app/Contents/Developer/Toolchains/XcodeDefault.xctoolchain/usr/lib/swift/iphoneos/prebuilt-modules/26.4/ExtensionFoundation.swiftmodule/arm64e-apple-ios.swiftmodule /Applications/Xcode-26.4.app/Contents/Developer/Toolchains/XcodeDefault.xctoolchain/usr/lib/swift/iphoneos/prebuilt-modules/26.4/os.swiftmodule/arm64e-apple-ios.swiftmodule /Applications/Xcode-26.4.app/Contents/Developer/Toolchains/XcodeDefault.xctoolchain/usr/lib/swift/iphoneos/prebuilt-modules/26.4/_Concurrency.swiftmodule/arm64e-apple-ios.swiftmodule /Applications/Xcode-26.4.app/Contents/Developer/Toolchains/XcodeDefault.xctoolchain/usr/lib/swift/iphoneos/prebuilt-modules/26.4/Darwin.swiftmodule/arm64e-apple-ios.swiftmodule /Applications/Xcode-26.4.app/Contents/Developer/Toolchains/XcodeDefault.xctoolchain/usr/lib/swift/iphoneos/prebuilt-modules/26.4/Swift.swiftmodule/arm64e-apple-ios.swiftmodule /Applications/Xcode-26.4.app/Contents/Developer/Toolchains/XcodeDefault.xctoolchain/usr/lib/swift/iphoneos/prebuilt-modules/26.4/_StringProcessing.swiftmodule/arm64e-apple-ios.swiftmodule /Applications/Xcode-26.4.app/Contents/Developer/Toolchains/XcodeDefault.xctoolchain/usr/lib/swift/iphoneos/prebuilt-modules/26.4/XPC.swiftmodule/arm64e-apple-ios.swiftmodule /Applications/Xcode-26.4.app/Contents/Developer/Toolchains/XcodeDefault.xctoolchain/usr/lib/swift/iphoneos/prebuilt-modules/26.4/SwiftUI.swiftmodule/arm64e-apple-ios.swiftmodule /Applications/Xcode-26.4.app/Contents/Developer/Toolchains/XcodeDefault.xctoolchain/usr/lib/swift/iphoneos/prebuilt-modules/26.4/CoreData.swiftmodule/arm64e-apple-ios.swiftmodule /Applications/Xcode-26.4.app/Contents/Developer/Toolchains/XcodeDefault.xctoolchain/usr/lib/swift/iphoneos/prebuilt-modules/26.4/CoreTransferable.swiftmodule/arm64e-apple-ios.swiftmodule /Applications/Xcode-26.4.app/Contents/Developer/Toolchains/XcodeDefault.xctoolchain/usr/lib/swift/iphoneos/prebuilt-modules/26.4/Observation.swiftmodule/arm64e-apple-ios.swiftmodule /Applications/Xcode-26.4.app/Contents/Developer/Toolchains/XcodeDefault.xctoolchain/usr/lib/swift/iphoneos/prebuilt-modules/26.4/_DarwinFoundation1.swiftmodule/arm64e-apple-ios.swiftmodule /Applications/Xcode-26.4.app/Contents/Developer/Toolchains/XcodeDefault.xctoolchain/usr/lib/swift/iphoneos/prebuilt-modules/26.4/StoreKit.swiftmodule/arm64e-apple-ios.swiftmodule /Applications/Xcode-26.4.app/Contents/Developer/Toolchains/XcodeDefault.xctoolchain/usr/lib/swift/iphoneos/prebuilt-modules/26.4/CryptoKit.swiftmodule/arm64e-apple-ios.swiftmodule /Applications/Xcode-26.4.app/Contents/Developer/Toolchains/XcodeDefault.xctoolchain/usr/lib/swift/iphoneos/prebuilt-modules/26.4/_StoreKit_SwiftUI.swiftmodule/arm64e-apple-ios.swiftmodule /Applications/Xcode-26.4.app/Contents/Developer/Toolchains/XcodeDefault.xctoolchain/usr/lib/swift/iphoneos/prebuilt-modules/26.4/Compression.swiftmodule/arm64e-apple-ios.swiftmodule /Applications/Xcode-26.4.app/Contents/Developer/Toolchains/XcodeDefault.xctoolchain/usr/lib/swift/iphoneos/prebuilt-modules/26.4/LightweightCodeRequirements.swiftmodule/arm64e-apple-ios.swiftmodule /Applications/Xcode-26.4.app/Contents/Developer/Toolchains/XcodeDefault.xctoolchain/usr/lib/swift/iphoneos/prebuilt-modules/26.4/SwiftUICore.swiftmodule/arm64e-apple-ios.swiftmodule /Applications/Xcode-26.4.app/Contents/Developer/Toolchains/XcodeDefault.xctoolchain/usr/lib/swift/iphoneos/prebuilt-modules/26.4/simd.swiftmodule/arm64e-apple-ios.swiftmodule /Applications/Xcode-26.4.app/Contents/Developer/Toolchains/XcodeDefault.xctoolchain/usr/lib/swift/iphoneos/prebuilt-modules/26.4/_DarwinFoundation2.swiftmodule/arm64e-apple-ios.swiftmodule /Applications/Xcode-26.4.app/Contents/Developer/Toolchains/XcodeDefault.xctoolchain/usr/lib/swift/iphoneos/prebuilt-modules/26.4/Metal.swiftmodule/arm64e-apple-ios.swiftmodule /Applications/Xcode-26.4.app/Contents/Developer/Toolchains/XcodeDefault.xctoolchain/usr/lib/swift/iphoneos/prebuilt-modules/26.4/Dispatch.swiftmodule/arm64e-apple-ios.swiftmodule /Applications/Xcode-26.4.app/Contents/Developer/Toolchains/XcodeDefault.xctoolchain/usr/lib/swift/iphoneos/prebuilt-modules/26.4/CoreGraphics.swiftmodule/arm64e-apple-ios.swiftmodule /Applications/Xcode-26.4.app/Contents/Developer/Toolchains/XcodeDefault.xctoolchain/usr/lib/swift/iphoneos/prebuilt-modules/26.4/UniformTypeIdentifiers.swiftmodule/arm64e-apple-ios.swiftmodule /Applications/Xcode-26.4.app/Contents/Developer/Toolchains/XcodeDefault.xctoolchain/usr/lib/swift/iphoneos/prebuilt-modules/26.4/ObjectiveC.swiftmodule/arm64e-apple-ios.swiftmodule /Applications/Xcode-26.4.app/Contents/Developer/Toolchains/XcodeDefault.xctoolchain/usr/lib/swift/iphoneos/prebuilt-modules/26.4/Combine.swiftmodule/arm64e-apple-ios.swiftmodule /Applications/Xcode-26.4.app/Contents/Developer/Toolchains/XcodeDefault.xctoolchain/usr/lib/swift/iphoneos/prebuilt-modules/26.4/Network.swiftmodule/arm64e-apple-ios.swiftmodule /Applications/Xcode-26.4.app/Contents/Developer/Toolchains/XcodeDefault.xctoolchain/usr/lib/swift/iphoneos/prebuilt-modules/26.4/LocalAuthentication.swiftmodule/arm64e-apple-ios.swiftmodule /Applications/Xcode-26.4.app/Contents/Developer/Toolchains/XcodeDefault.xctoolchain/usr/lib/swift/iphoneos/prebuilt-modules/26.4/CoreVideo.swiftmodule/arm64e-apple-ios.swiftmodule /Applications/Xcode-26.4.app/Contents/Developer/Toolchains/XcodeDefault.xctoolchain/usr/lib/swift/iphoneos/prebuilt-modules/26.4/UIKit.swiftmodule/arm64e-apple-ios.swiftmodule /Applications/Xcode-26.4.app/Contents/Developer/Toolchains/XcodeDefault.xctoolchain/usr/lib/swift/iphoneos/prebuilt-modules/26.4/Accessibility.swiftmodule/arm64e-apple-ios.swiftmodule /Users/builder/clone/build/ModuleCache.noindex/Compression-ANO4RR42V56WYDAVEYHOLON1V.pcm /Users/builder/clone/build/ModuleCache.noindex/UserNotifications-93CPPOUFW0O3AYEX1I7X0DI72.pcm /Users/builder/clone/build/ModuleCache.noindex/Dispatch-8GYF4EP8REEU3QEW8Z933NFUQ.pcm /Users/builder/clone/build/ModuleCache.noindex/CoreText-3X44K35Q1VPDBV00UMFIRMIKV.pcm /Users/builder/clone/build/ModuleCache.noindex/CoreTransferable-8FDXEPCRNEAQTE76JJB0LPFUU.pcm /Users/builder/clone/build/ModuleCache.noindex/sys_types-B33PJM372D4Z1NVRZM5YRD1RP.pcm /Users/builder/clone/build/ModuleCache.noindex/os-F5KWFQN3957WM4HIB2FUBIGYE.pcm /Users/builder/clone/build/ModuleCache.noindex/_AvailabilityInternal-HZ0RQBGAAN0QZ99B6J54UUYW.pcm /Users/builder/clone/build/ModuleCache.noindex/OSLog-8KMWTEYMTYT110P4R2DM2CEA7.pcm /Users/builder/clone/build/ModuleCache.noindex/Foundation-8ESBZZ9N1J4PLT4Z9IWTLGEHX.pcm /Users/builder/clone/build/ModuleCache.noindex/_Builtin_inttypes-84PMF3J701KL39W8XHWT9YV4L.pcm /Users/builder/clone/build/ModuleCache.noindex/FileProvider-2ZC8JGMP6Y5LLS2X265VONA02.pcm /Users/builder/clone/build/ModuleCache.noindex/BackgroundAssets-CTY5ZI7GV5SZSM96DLGPYFXTP.pcm /Users/builder/clone/build/ModuleCache.noindex/CoreImage-DD8SUJZ64K9CVFIOVE5KJKHFG.pcm /Users/builder/clone/build/ModuleCache.noindex/DataDetection-767JSQ2PVF65S0V6ACG5TQ3Z2.pcm /Users/builder/clone/build/ModuleCache.noindex/_Builtin_float-2SCQEMQEBIDUKNY6JWCDOO11G.pcm /Users/builder/clone/build/ModuleCache.noindex/UniformTypeIdentifiers-6P20BIO8DDZL5ROCP8D8WGPE0.pcm /Users/builder/clone/build/ModuleCache.noindex/_SwiftConcurrencyShims-2BNDF9OPLGTNP0XB8L7VZ4LAU.pcm /Users/builder/clone/build/ModuleCache.noindex/OpenGLES-DKNU5AR9XXJ9R6V4TBYPRRYZA.pcm /Users/builder/clone/build/ModuleCache.noindex/UIKit-6C7F0NTESSX0F1EL9XK96F41K.pcm /Users/builder/clone/build/ModuleCache.noindex/StoreKit-WCZBT051B4UBVF4QZ993ZNDF.pcm /Users/builder/clone/build/ModuleCache.noindex/SwiftUICore-CUKWBNX4LN287VPZN9XM5S1MP.pcm /Users/builder/clone/build/ModuleCache.noindex/_Builtin_stddef-BB4QVRWLQPKQFP8JNJD0W8GAN.pcm /Users/builder/clone/build/ModuleCache.noindex/CoreFoundation-A6CZS58YETCJR8NW8HTBMP5MT.pcm /Users/builder/clone/build/ModuleCache.noindex/_Builtin_stdarg-ENGARVB1RCA82QNVX3AKNIA7I.pcm /Users/builder/clone/build/ModuleCache.noindex/_Builtin_tgmath-4TGPTBNB67ZX9LJ219K0ULBGG.pcm /Users/builder/clone/build/ModuleCache.noindex/UIUtilities-D9XJ7VDIG1IHLIHWVH8X8G5XO.pcm /Users/builder/clone/build/ModuleCache.noindex/LocalAuthentication-8N83SDLXVLQDDJ6Z9OXW2CJI8.pcm /Users/builder/clone/build/ModuleCache.noindex/_Builtin_stdint-8O3R5RESI6Q2C48CPPQ9C67AM.pcm /Users/builder/clone/build/ModuleCache.noindex/QuartzCore-4HXPT2CNSS93YXXQSLKIKY7RA.pcm /Users/builder/clone/build/ModuleCache.noindex/_StoreKit_SwiftUI-2DY4JIMC5OK5AY3W9HUZT3ENM.pcm /Users/builder/clone/build/ModuleCache.noindex/Accessibility-6CGAD9HFYBPRH52XHIXU25W3B.pcm /Users/builder/clone/build/ModuleCache.noindex/_Builtin_stdbool-4CMY3LS3VS80AUOFD187RSTV6.pcm /Users/builder/clone/build/ModuleCache.noindex/_DarwinFoundation2-IH2TNLDCFEU7XZQT9CTVUQ1P.pcm /Users/builder/clone/build/ModuleCache.noindex/SwiftUI-86PP5IKYH13L9AXG1NY6HYW49.pcm /Users/builder/clone/build/ModuleCache.noindex/ptrcheck-3O5DVQU3FOAHU85DJI4YDN56T.pcm /Users/builder/clone/build/ModuleCache.noindex/ptrauth-C60CAIU36OYOR69O7ASMTTFU8.pcm /Users/builder/clone/build/ModuleCache.noindex/Spatial-570Y3ACNSWLPH9JH9J72TBKJD.pcm /Users/builder/clone/build/ModuleCache.noindex/zlib-1LYC6Q4TDM4X2T1IV3MYBR7O5.pcm /Users/builder/clone/build/ModuleCache.noindex/SwiftShims-E9TKEMZXJ2MR8M3OWQ4MIGGM6.pcm /Users/builder/clone/build/ModuleCache.noindex/Darwin-9JK4K57VV391ZCRL6PJKDW6QC.pcm /Users/builder/clone/build/ModuleCache.noindex/IOSurface-4H7NGKW4G1MF61ZG9NU7XEMDR.pcm /Users/builder/clone/build/ModuleCache.noindex/CFNetwork-WBAWX6LIWV7GVTAGNWN3QVNX.pcm /Users/builder/clone/build/ModuleCache.noindex/CommonCrypto-D4V3MA8OZB4DPQ4C2XSSBYMJG.pcm /Users/builder/clone/build/ModuleCache.noindex/os_workgroup-DC39T5CMKIEJIDYOY5PWYDB15.pcm /Users/builder/clone/build/ModuleCache.noindex/ImageIO-6YGWHRL8SUR3EUL251BW6ZONE.pcm /Users/builder/clone/build/ModuleCache.noindex/dnssd-AD306HWO0GTLRRUX17YMCHR3.pcm /Users/builder/clone/build/ModuleCache.noindex/_Builtin_limits-2GLYII2961SBP7KNDWBXKCYIU.pcm /Users/builder/clone/build/ModuleCache.noindex/simd-21NO8HAWUIWMXH9APP0YRDFQO.pcm /Users/builder/clone/build/ModuleCache.noindex/Symbols-6YCZR2ARZG9NZRZ7VDZA78Y8Z.pcm /Users/builder/clone/build/ModuleCache.noindex/Security-3F4HC5OTFYZ17SDJMC1AFIDUH.pcm /Users/builder/clone/build/ModuleCache.noindex/_DarwinFoundation1-ABIHU72TA312QF6KDYFEZMWY0.pcm /Users/builder/clone/build/ModuleCache.noindex/os_object-5OSU1U0DEBH4XAUVWITEJ4MPR.pcm /Users/builder/clone/build/ModuleCache.noindex/XPC-7DBBZ0RY9AXLIFQ1ZQNCEOL7M.pcm /Users/builder/clone/build/ModuleCache.noindex/Network-DZJN7VSIUT7X2FNDHRJ2UH9FT.pcm /Users/builder/clone/build/ModuleCache.noindex/DeveloperToolsSupport-ARDR2BFT1ESNNFCUSG58K5VDU.pcm /Users/builder/clone/build/ModuleCache.noindex/Metal-7YSUO0KEBD5EH9Z41AFAPQFR.pcm /Users/builder/clone/build/ModuleCache.noindex/MachO-41JF1MHKCOEGDAH4NBS40EAV5.pcm /Users/builder/clone/build/ModuleCache.noindex/_Builtin_intrinsics-68YOBLARAI3EV9PG7YHQ1CZG8.pcm /Users/builder/clone/build/ModuleCache.noindex/CoreGraphics-DHIHCZLPL10G7BENB0X8378AJ.pcm /Users/builder/clone/build/ModuleCache.noindex/CoreVideo-4XQ1TYTLBBE58YDEML7VD2Z9P.pcm /Users/builder/clone/build/ModuleCache.noindex/CoreData-3K2WTJJ916UCZ2MKP89W9O59Y.pcm /Users/builder/clone/build/ModuleCache.noindex/ExtensionFoundation-7H5R7NWWDI405QCMCNSYCVD6U.pcm /Users/builder/clone/build/ModuleCache.noindex/ObjectiveC-C5YN1C0BZ7ESBGBP0B5XKM9R7.pcm /Users/builder/clone/build/ModuleCache.noindex/AdServices-8RK8HMWLF0OZLHDID7PXF0NR1.pcm /Users/builder/clone/build/ModuleCache.noindex/_DarwinFoundation3-DY8NKKEJ8L2MTRNBGEHAPT5DM.pcm /Users/builder/clone/build/ModuleCache.noindex/_Builtin_stdatomic-76KDFMAXDXS2299VGGNKRYVFV.pcm /Users/builder/clone/build/Build/Intermediates.noindex/RevenueCat.build/Release-iphoneos/RevenueCat.build/Objects-normal/arm64/RevenueCat-dependencies-1.json (in target 'RevenueCat' from project 'RevenueCat')\n\nCompileSwift normal arm64 (in target 'RevenueCat' from project 'RevenueCat')\n    cd /Users/builder/clone/IceCubesApp.xcodeproj\n    \n\nSwiftDriver\\ Compilation\\ Requirements Gifu normal arm64 com.apple.xcode.tools.swift.compiler (in target 'Gifu' from project 'Gifu')\n    cd /Users/builder/clone/IceCubesApp.xcodeproj\n    builtin-Swift-Compilation-Requirements -- /Applications/Xcode-26.4.app/Contents/Developer/Toolchains/XcodeDefault.xctoolchain/usr/bin/swiftc -module-name Gifu -O -whole-module-optimization @/Users/builder/clone/build/Build/Intermediates.noindex/Gifu.build/Release-iphoneos/Gifu.build/Objects-normal/arm64/Gifu.SwiftFileList -DSWIFT_PACKAGE -DSWIFT_MODULE_RESOURCE_BUNDLE_UNAVAILABLE -DXcode -enable-upcoming-feature ExistentialAny -plugin-path /Applications/Xcode-26.4.app/Contents/Developer/Toolchains/XcodeDefault.xctoolchain/usr/lib/swift/host/plugins/testing -enable-experimental-feature DebugDescriptionMacro -sdk /Applications/Xcode-26.4.app/Contents/Developer/Platforms/iPhoneOS.platform/Developer/SDKs/iPhoneOS26.4.sdk -target arm64-apple-ios16.0 -g -module-cache-path /Users/builder/clone/build/ModuleCache.noindex -Xfrontend -serialize-debugging-options -suppress-warnings -swift-version 6 -I /Users/builder/clone/build/Build/Products/Release-iphoneos -Isystem /Applications/Xcode-26.4.app/Contents/Developer/Platforms/iPhoneOS.platform/Developer/usr/lib -F /Users/builder/clone/build/Build/Products/Release-iphoneos -F /Applications/Xcode-26.4.app/Contents/Developer/Platforms/iPhoneOS.platform/Developer/Library/Frameworks -F /Applications/Xcode-26.4.app/Contents/Developer/Platforms/iPhoneOS.platform/Developer/SDKs/iPhoneOS26.4.sdk/Developer/Library/Frameworks -c -num-threads 3 -Xcc -ivfsstatcache -Xcc /Users/builder/clone/build/SDKStatCaches.noindex/iphoneos26.4-23E252-dc38477e7e47e42951976ad86cc01fb3.sdkstatcache -output-file-map /Users/builder/clone/build/Build/Intermediates.noindex/Gifu.build/Release-iphoneos/Gifu.build/Objects-normal/arm64/Gifu-OutputFileMap.json -use-frontend-parseable-output -save-temps -no-color-diagnostics -explicit-module-build -module-cache-path /Users/builder/clone/build/Build/Intermediates.noindex/SwiftExplicitPrecompiledModules -clang-scanner-module-cache-path /Users/builder/clone/build/ModuleCache.noindex -sdk-module-cache-path /Users/builder/clone/build/ModuleCache.noindex -serialize-diagnostics -emit-dependencies -emit-module -emit-module-path /Users/builder/clone/build/Build/Intermediates.noindex/Gifu.build/Release-iphoneos/Gifu.build/Objects-normal/arm64/Gifu.swiftmodule -user-module-version 4.0.1 -validate-clang-modules-once -clang-build-session-file /Users/builder/clone/build/ModuleCache.noindex/Session.modulevalidation -package-name gifu -Xcc -I/Users/builder/clone/build/Build/Intermediates.noindex/Gifu.build/Release-iphoneos/Gifu.build/swift-overrides.hmap -emit-const-values -Xfrontend -const-gather-protocols-file -Xfrontend /Users/builder/clone/build/Build/Intermediates.noindex/Gifu.build/Release-iphoneos/Gifu.build/Objects-normal/arm64/Gifu_const_extract_protocols.json -Xcc -I/Users/builder/clone/build/Build/Products/Release-iphoneos/include -Xcc -I/Users/builder/clone/build/Build/Intermediates.noindex/Gifu.build/Release-iphoneos/Gifu.build/DerivedSources-normal/arm64 -Xcc -I/Users/builder/clone/build/Build/Intermediates.noindex/Gifu.build/Release-iphoneos/Gifu.build/DerivedSources/arm64 -Xcc -I/Users/builder/clone/build/Build/Intermediates.noindex/Gifu.build/Release-iphoneos/Gifu.build/DerivedSources -Xcc -DSWIFT_PACKAGE -emit-objc-header -emit-objc-header-path /Users/builder/clone/build/Build/Intermediates.noindex/Gifu.build/Release-iphoneos/Gifu.build/Objects-normal/arm64/Gifu-Swift.h -working-directory /Users/builder/clone/IceCubesApp.xcodeproj -no-emit-module-separately-wmo\n\nSwiftDriverJobDiscovery normal arm64 Compiling DisplayRepresentationImage+SFSymbol.swift, NSImage+SFSymbol.swift, Button+SFSymbol.swift, ContentUnavailableView+SFSymbol.swift, Image+SFSymbol.swift, Label+SFSymbol.swift, MenuBarExtra+SFSymbol.swift, Tab+SFSymbol.swift, UIApplicationShortcutIcon+SFSymbol.swift, UIImage+SFSymbol.swift, SFSymbol+1.0.swift, SFSymbol+1.1.swift, SFSymbol+2.0.swift, SFSymbol+2.1.swift, SFSymbol+2.2.swift, SFSymbol+3.0.swift, SFSymbol+3.1.swift, SFSymbol+3.2.swift, SFSymbol+3.3.swift, SFSymbol+4.0.swift, SFSymbol+4.1.swift, SFSymbol+4.2.swift, SFSymbol+5.0.swift, SFSymbol+5.1.swift, SFSymbol+5.2.swift, SFSymbol+5.3.swift, SFSymbol+5.4.swift, SFSymbol+6.0.swift, SFSymbol+6.1.swift, SFSymbol+6.2.swift, SFSymbol+6.3.swift, SFSymbol+6.4.swift, SFSymbol+7.0.swift, SFSymbol+AllSymbols+1.0.swift, SFSymbol+AllSymbols+1.1.swift, SFSymbol+AllSymbols+2.0.swift, SFSymbol+AllSymbols+2.1.swift, SFSymbol+AllSymbols+2.2.swift, SFSymbol+AllSymbols+3.0.swift, SFSymbol+AllSymbols+3.1.swift, SFSymbol+AllSymbols+3.2.swift, SFSymbol+AllSymbols+3.3.swift, SFSymbol+AllSymbols+4.0.swift, SFSymbol+AllSymbols+4.1.swift, SFSymbol+AllSymbols+4.2.swift, SFSymbol+AllSymbols+5.0.swift, SFSymbol+AllSymbols+5.1.swift, SFSymbol+AllSymbols+5.2.swift, SFSymbol+AllSymbols+5.3.swift, SFSymbol+AllSymbols+5.4.swift, SFSymbol+AllSymbols+6.0.swift, SFSymbol+AllSymbols+6.1.swift, SFSymbol+AllSymbols+6.2.swift, SFSymbol+AllSymbols+6.3.swift, SFSymbol+AllSymbols+6.4.swift, SFSymbol+AllSymbols+7.0.swift, SFSymbol+AllSymbols.swift, SFSymbol.swift, SymbolLocalizations.swift, SymbolWithLocalizations.swift (in target 'SFSafeSymbols' from project 'SFSafeSymbols')\n\nSwiftDriver\\ Compilation\\ Requirements SFSafeSymbols normal arm64 com.apple.xcode.tools.swift.compiler (in target 'SFSafeSymbols' from project 'SFSafeSymbols')\n    cd /Users/builder/clone/IceCubesApp.xcodeproj\n    builtin-Swift-Compilation-Requirements -- /Applications/Xcode-26.4.app/Contents/Developer/Toolchains/XcodeDefault.xctoolchain/usr/bin/swiftc -module-name SFSafeSymbols -O -whole-module-optimization @/Users/builder/clone/build/Build/Intermediates.noindex/SFSafeSymbols.build/Release-iphoneos/SFSafeSymbols.build/Objects-normal/arm64/SFSafeSymbols.SwiftFileList -DSWIFT_PACKAGE -DSWIFT_MODULE_RESOURCE_BUNDLE_UNAVAILABLE -DXcode -plugin-path /Applications/Xcode-26.4.app/Contents/Developer/Toolchains/XcodeDefault.xctoolchain/usr/lib/swift/host/plugins/testing -enable-experimental-feature DebugDescriptionMacro -sdk /Applications/Xcode-26.4.app/Contents/Developer/Platforms/iPhoneOS.platform/Developer/SDKs/iPhoneOS26.4.sdk -target arm64-apple-ios12.0 -g -module-cache-path /Users/builder/clone/build/ModuleCache.noindex -Xfrontend -serialize-debugging-options -suppress-warnings -swift-version 5 -I /Users/builder/clone/build/Build/Products/Release-iphoneos -Isystem /Applications/Xcode-26.4.app/Contents/Developer/Platforms/iPhoneOS.platform/Developer/usr/lib -F /Users/builder/clone/build/Build/Products/Release-iphoneos -F /Applications/Xcode-26.4.app/Contents/Developer/Platforms/iPhoneOS.platform/Developer/Library/Frameworks -F /Applications/Xcode-26.4.app/Contents/Developer/Platforms/iPhoneOS.platform/Developer/SDKs/iPhoneOS26.4.sdk/Developer/Library/Frameworks -c -num-threads 3 -Xcc -ivfsstatcache -Xcc /Users/builder/clone/build/SDKStatCaches.noindex/iphoneos26.4-23E252-dc38477e7e47e42951976ad86cc01fb3.sdkstatcache -output-file-map /Users/builder/clone/build/Build/Intermediates.noindex/SFSafeSymbols.build/Release-iphoneos/SFSafeSymbols.build/Objects-normal/arm64/SFSafeSymbols-OutputFileMap.json -use-frontend-parseable-output -save-temps -no-color-diagnostics -explicit-module-build -module-cache-path /Users/builder/clone/build/Build/Intermediates.noindex/SwiftExplicitPrecompiledModules -clang-scanner-module-cache-path /Users/builder/clone/build/ModuleCache.noindex -sdk-module-cache-path /Users/builder/clone/build/ModuleCache.noindex -serialize-diagnostics -emit-dependencies -emit-module -emit-module-path /Users/builder/clone/build/Build/Intermediates.noindex/SFSafeSymbols.build/Release-iphoneos/SFSafeSymbols.build/Objects-normal/arm64/SFSafeSymbols.swiftmodule -validate-clang-modules-once -clang-build-session-file /Users/builder/clone/build/ModuleCache.noindex/Session.modulevalidation -package-name sfsafesymbols -Xcc -I/Users/builder/clone/build/Build/Intermediates.noindex/SFSafeSymbols.build/Release-iphoneos/SFSafeSymbols.build/swift-overrides.hmap -emit-const-values -Xfrontend -const-gather-protocols-file -Xfrontend /Users/builder/clone/build/Build/Intermediates.noindex/SFSafeSymbols.build/Release-iphoneos/SFSafeSymbols.build/Objects-normal/arm64/SFSafeSymbols_const_extract_protocols.json -Xcc -I/Users/builder/clone/build/Build/Products/Release-iphoneos/include -Xcc -I/Users/builder/clone/build/Build/Intermediates.noindex/SFSafeSymbols.build/Release-iphoneos/SFSafeSymbols.build/DerivedSources-normal/arm64 -Xcc -I/Users/builder/clone/build/Build/Intermediates.noindex/SFSafeSymbols.build/Release-iphoneos/SFSafeSymbols.build/DerivedSources/arm64 -Xcc -I/Users/builder/clone/build/Build/Intermediates.noindex/SFSafeSymbols.build/Release-iphoneos/SFSafeSymbols.build/DerivedSources -Xcc -DSWIFT_PACKAGE -emit-objc-header -emit-objc-header-path /Users/builder/clone/build/Build/Intermediates.noindex/SFSafeSymbols.build/Release-iphoneos/SFSafeSymbols.build/Objects-normal/arm64/SFSafeSymbols-Swift.h -working-directory /Users/builder/clone/IceCubesApp.xcodeproj -no-emit-module-separately-wmo\n\nSwiftMergeGeneratedHeaders /Users/builder/clone/build/Build/Intermediates.noindex/GeneratedModuleMaps-iphoneos/Gifu-Swift.h /Users/builder/clone/build/Build/Intermediates.noindex/Gifu.build/Release-iphoneos/Gifu.build/Objects-normal/arm64/Gifu-Swift.h (in target 'Gifu' from project 'Gifu')\n    cd /Users/builder/clone/build/SourcePackages/checkouts/Gifu\n    builtin-swiftHeaderTool -arch arm64 /Users/builder/clone/build/Build/Intermediates.noindex/Gifu.build/Release-iphoneos/Gifu.build/Objects-normal/arm64/Gifu-Swift.h -o /Users/builder/clone/build/Build/Intermediates.noindex/GeneratedModuleMaps-iphoneos/Gifu-Swift.h\n\nCopy /Users/builder/clone/build/Build/Products/Release-iphoneos/Gifu.swiftmodule/arm64-apple-ios.swiftmodule /Users/builder/clone/build/Build/Intermediates.noindex/Gifu.build/Release-iphoneos/Gifu.build/Objects-normal/arm64/Gifu.swiftmodule (in target 'Gifu' from project 'Gifu')\n    cd /Users/builder/clone/build/SourcePackages/checkouts/Gifu\n    builtin-copy -exclude .DS_Store -exclude CVS -exclude .svn -exclude .git -exclude .hg -strip-unsigned-binaries -strip-deterministic -strip-tool /Applications/Xcode-26.4.app/Contents/Developer/Toolchains/XcodeDefault.xctoolchain/usr/bin/strip -resolve-src-symlinks -rename /Users/builder/clone/build/Build/Intermediates.noindex/Gifu.build/Release-iphoneos/Gifu.build/Objects-normal/arm64/Gifu.swiftmodule /Users/builder/clone/build/Build/Products/Release-iphoneos/Gifu.swiftmodule/arm64-apple-ios.swiftmodule\n\nSwiftMergeGeneratedHeaders /Users/builder/clone/build/Build/Intermediates.noindex/GeneratedModuleMaps-iphoneos/SFSafeSymbols-Swift.h /Users/builder/clone/build/Build/Intermediates.noindex/SFSafeSymbols.build/Release-iphoneos/SFSafeSymbols.build/Objects-normal/arm64/SFSafeSymbols-Swift.h (in target 'SFSafeSymbols' from project 'SFSafeSymbols')\n    cd /Users/builder/clone/build/SourcePackages/checkouts/SFSafeSymbols\n    builtin-swiftHeaderTool -arch arm64 /Users/builder/clone/build/Build/Intermediates.noindex/SFSafeSymbols.build/Release-iphoneos/SFSafeSymbols.build/Objects-normal/arm64/SFSafeSymbols-Swift.h -o /Users/builder/clone/build/Build/Intermediates.noindex/GeneratedModuleMaps-iphoneos/SFSafeSymbols-Swift.h\n\nCopy /Users/builder/clone/build/Build/Products/Release-iphoneos/SFSafeSymbols.swiftmodule/arm64-apple-ios.swiftmodule /Users/builder/clone/build/Build/Intermediates.noindex/SFSafeSymbols.build/Release-iphoneos/SFSafeSymbols.build/Objects-normal/arm64/SFSafeSymbols.swiftmodule (in target 'SFSafeSymbols' from project 'SFSafeSymbols')\n    cd /Users/builder/clone/build/SourcePackages/checkouts/SFSafeSymbols\n    builtin-copy -exclude .DS_Store -exclude CVS -exclude .svn -exclude .git -exclude .hg -strip-unsigned-binaries -strip-deterministic -strip-tool /Applications/Xcode-26.4.app/Contents/Developer/Toolchains/XcodeDefault.xctoolchain/usr/bin/strip -resolve-src-symlinks -rename /Users/builder/clone/build/Build/Intermediates.noindex/SFSafeSymbols.build/Release-iphoneos/SFSafeSymbols.build/Objects-normal/arm64/SFSafeSymbols.swiftmodule /Users/builder/clone/build/Build/Products/Release-iphoneos/SFSafeSymbols.swiftmodule/arm64-apple-ios.swiftmodule\n\nCopy /Users/builder/clone/build/Build/Products/Release-iphoneos/SFSafeSymbols.swiftmodule/arm64-apple-ios.swiftdoc /Users/builder/clone/build/Build/Intermediates.noindex/SFSafeSymbols.build/Release-iphoneos/SFSafeSymbols.build/Objects-normal/arm64/SFSafeSymbols.swiftdoc (in target 'SFSafeSymbols' from project 'SFSafeSymbols')\n    cd /Users/builder/clone/build/SourcePackages/checkouts/SFSafeSymbols\n    builtin-copy -exclude .DS_Store -exclude CVS -exclude .svn -exclude .git -exclude .hg -strip-unsigned-binaries -strip-deterministic -strip-tool /Applications/Xcode-26.4.app/Contents/Developer/Toolchains/XcodeDefault.xctoolchain/usr/bin/strip -resolve-src-symlinks -rename /Users/builder/clone/build/Build/Intermediates.noindex/SFSafeSymbols.build/Release-iphoneos/SFSafeSymbols.build/Objects-normal/arm64/SFSafeSymbols.swiftdoc /Users/builder/clone/build/Build/Products/Release-iphoneos/SFSafeSymbols.swiftmodule/arm64-apple-ios.swiftdoc\n\nCopy /Users/builder/clone/build/Build/Products/Release-iphoneos/SFSafeSymbols.swiftmodule/arm64-apple-ios.abi.json /Users/builder/clone/build/Build/Intermediates.noindex/SFSafeSymbols.build/Release-iphoneos/SFSafeSymbols.build/Objects-normal/arm64/SFSafeSymbols.abi.json (in target 'SFSafeSymbols' from project 'SFSafeSymbols')\n    cd /Users/builder/clone/build/SourcePackages/checkouts/SFSafeSymbols\n    builtin-copy -exclude .DS_Store -exclude CVS -exclude .svn -exclude .git -exclude .hg -strip-unsigned-binaries -strip-deterministic -strip-tool /Applications/Xcode-26.4.app/Contents/Developer/Toolchains/XcodeDefault.xctoolchain/usr/bin/strip -resolve-src-symlinks -rename /Users/builder/clone/build/Build/Intermediates.noindex/SFSafeSymbols.build/Release-iphoneos/SFSafeSymbols.build/Objects-normal/arm64/SFSafeSymbols.abi.json /Users/builder/clone/build/Build/Products/Release-iphoneos/SFSafeSymbols.swiftmodule/arm64-apple-ios.abi.json\n\nCopy /Users/builder/clone/build/Build/Products/Release-iphoneos/SFSafeSymbols.swiftmodule/Project/arm64-apple-ios.swiftsourceinfo /Users/builder/clone/build/Build/Intermediates.noindex/SFSafeSymbols.build/Release-iphoneos/SFSafeSymbols.build/Objects-normal/arm64/SFSafeSymbols.swiftsourceinfo (in target 'SFSafeSymbols' from project 'SFSafeSymbols')\n    cd /Users/builder/clone/build/SourcePackages/checkouts/SFSafeSymbols\n    builtin-copy -exclude .DS_Store -exclude CVS -exclude .svn -exclude .git -exclude .hg -strip-unsigned-binaries -strip-deterministic -strip-tool /Applications/Xcode-26.4.app/Contents/Developer/Toolchains/XcodeDefault.xctoolchain/usr/bin/strip -resolve-src-symlinks -rename /Users/builder/clone/build/Build/Intermediates.noindex/SFSafeSymbols.build/Release-iphoneos/SFSafeSymbols.build/Objects-normal/arm64/SFSafeSymbols.swiftsourceinfo /Users/builder/clone/build/Build/Products/Release-iphoneos/SFSafeSymbols.swiftmodule/Project/arm64-apple-ios.swiftsourceinfo\n\nCopy /Users/builder/clone/build/Build/Products/Release-iphoneos/Gifu.swiftmodule/arm64-apple-ios.swiftdoc /Users/builder/clone/build/Build/Intermediates.noindex/Gifu.build/Release-iphoneos/Gifu.build/Objects-normal/arm64/Gifu.swiftdoc (in target 'Gifu' from project 'Gifu')\n    cd /Users/builder/clone/build/SourcePackages/checkouts/Gifu\n    builtin-copy -exclude .DS_Store -exclude CVS -exclude .svn -exclude .git -exclude .hg -strip-unsigned-binaries -strip-deterministic -strip-tool /Applications/Xcode-26.4.app/Contents/Developer/Toolchains/XcodeDefault.xctoolchain/usr/bin/strip -resolve-src-symlinks -rename /Users/builder/clone/build/Build/Intermediates.noindex/Gifu.build/Release-iphoneos/Gifu.build/Objects-normal/arm64/Gifu.swiftdoc /Users/builder/clone/build/Build/Products/Release-iphoneos/Gifu.swiftmodule/arm64-apple-ios.swiftdoc\n\nCopy /Users/builder/clone/build/Build/Products/Release-iphoneos/Gifu.swiftmodule/arm64-apple-ios.abi.json /Users/builder/clone/build/Build/Intermediates.noindex/Gifu.build/Release-iphoneos/Gifu.build/Objects-normal/arm64/Gifu.abi.json (in target 'Gifu' from project 'Gifu')\n    cd /Users/builder/clone/build/SourcePackages/checkouts/Gifu\n    builtin-copy -exclude .DS_Store -exclude CVS -exclude .svn -exclude .git -exclude .hg -strip-unsigned-binaries -strip-deterministic -strip-tool /Applications/Xcode-26.4.app/Contents/Developer/Toolchains/XcodeDefault.xctoolchain/usr/bin/strip -resolve-src-symlinks -rename /Users/builder/clone/build/Build/Intermediates.noindex/Gifu.build/Release-iphoneos/Gifu.build/Objects-normal/arm64/Gifu.abi.json /Users/builder/clone/build/Build/Products/Release-iphoneos/Gifu.swiftmodule/arm64-apple-ios.abi.json\n\nCopy /Users/builder/clone/build/Build/Products/Release-iphoneos/Gifu.swiftmodule/Project/arm64-apple-ios.swiftsourceinfo /Users/builder/clone/build/Build/Intermediates.noindex/Gifu.build/Release-iphoneos/Gifu.build/Objects-normal/arm64/Gifu.swiftsourceinfo (in target 'Gifu' from project 'Gifu')\n    cd /Users/builder/clone/build/SourcePackages/checkouts/Gifu\n    builtin-copy -exclude .DS_Store -exclude CVS -exclude .svn -exclude .git -exclude .hg -strip-unsigned-binaries -strip-deterministic -strip-tool /Applications/Xcode-26.4.app/Contents/Developer/Toolchains/XcodeDefault.xctoolchain/usr/bin/strip -resolve-src-symlinks -rename /Users/builder/clone/build/Build/Intermediates.noindex/Gifu.build/Release-iphoneos/Gifu.build/Objects-normal/arm64/Gifu.swiftsourceinfo /Users/builder/clone/build/Build/Products/Release-iphoneos/Gifu.swiftmodule/Project/arm64-apple-ios.swiftsourceinfo\n\nSwiftCompile normal arm64 Compiling\\ Button+AppIntent.swift,\\ Button+Reader.swift,\\ Button.swift,\\ AsyncButtonModel.swift,\\ BarProgressView.swift,\\ CircularProgressView.swift,\\ IndeterminateProgressView.swift,\\ Button+AsyncDisabled.swift,\\ Button+Events.swift,\\ Progress+Discrete.swift,\\ Progress+Estimated.swift,\\ Progress+Indeterminate.swift,\\ Progress+NSProgress.swift,\\ Progress.swift,\\ AsyncStyle+Leading.swift,\\ AsyncStyle+None.swift,\\ AsyncStyle+Overlay.swift,\\ AsyncStyle+Pulse.swift,\\ AsyncStyle+SymbolEffect.swift,\\ AsyncStyle+Trailing.swift,\\ Button+AsyncStyle.swift,\\ Button+ThrowableStyle.swift,\\ ThrowableStyle+None.swift,\\ ThrowableStyle+Shake.swift,\\ ThrowableStyle+SymbolEffect.swift,\\ Trigger+Environment.swift /Users/builder/clone/build/SourcePackages/checkouts/ButtonKit/Sources/ButtonKit/Button+AppIntent.swift /Users/builder/clone/build/SourcePackages/checkouts/ButtonKit/Sources/ButtonKit/Button+Reader.swift /Users/builder/clone/build/SourcePackages/checkouts/ButtonKit/Sources/ButtonKit/Button.swift /Users/builder/clone/build/SourcePackages/checkouts/ButtonKit/Sources/ButtonKit/Internal/AsyncButtonModel.swift /Users/builder/clone/build/SourcePackages/checkouts/ButtonKit/Sources/ButtonKit/Internal/BarProgressView.swift /Users/builder/clone/build/SourcePackages/checkouts/ButtonKit/Sources/ButtonKit/Internal/CircularProgressView.swift /Users/builder/clone/build/SourcePackages/checkouts/ButtonKit/Sources/ButtonKit/Internal/IndeterminateProgressView.swift /Users/builder/clone/build/SourcePackages/checkouts/ButtonKit/Sources/ButtonKit/Modifiers/Button+AsyncDisabled.swift /Users/builder/clone/build/SourcePackages/checkouts/ButtonKit/Sources/ButtonKit/Modifiers/Button+Events.swift /Users/builder/clone/build/SourcePackages/checkouts/ButtonKit/Sources/ButtonKit/Progress/Progress+Discrete.swift /Users/builder/clone/build/SourcePackages/checkouts/ButtonKit/Sources/ButtonKit/Progress/Progress+Estimated.swift /Users/builder/clone/build/SourcePackages/checkouts/ButtonKit/Sources/ButtonKit/Progress/Progress+Indeterminate.swift /Users/builder/clone/build/SourcePackages/checkouts/ButtonKit/Sources/ButtonKit/Progress/Progress+NSProgress.swift /Users/builder/clone/build/SourcePackages/checkouts/ButtonKit/Sources/ButtonKit/Progress/Progress.swift /Users/builder/clone/build/SourcePackages/checkouts/ButtonKit/Sources/ButtonKit/Style/Async/AsyncStyle+Leading.swift /Users/builder/clone/build/SourcePackages/checkouts/ButtonKit/Sources/ButtonKit/Style/Async/AsyncStyle+None.swift /Users/builder/clone/build/SourcePackages/checkouts/ButtonKit/Sources/ButtonKit/Style/Async/AsyncStyle+Overlay.swift /Users/builder/clone/build/SourcePackages/checkouts/ButtonKit/Sources/ButtonKit/Style/Async/AsyncStyle+Pulse.swift /Users/builder/clone/build/SourcePackages/checkouts/ButtonKit/Sources/ButtonKit/Style/Async/AsyncStyle+SymbolEffect.swift /Users/builder/clone/build/SourcePackages/checkouts/ButtonKit/Sources/ButtonKit/Style/Async/AsyncStyle+Trailing.swift /Users/builder/clone/build/SourcePackages/checkouts/ButtonKit/Sources/ButtonKit/Style/Button+AsyncStyle.swift /Users/builder/clone/build/SourcePackages/checkouts/ButtonKit/Sources/ButtonKit/Style/Button+ThrowableStyle.swift /Users/builder/clone/build/SourcePackages/checkouts/ButtonKit/Sources/ButtonKit/Style/Throwable/ThrowableStyle+None.swift /Users/builder/clone/build/SourcePackages/checkouts/ButtonKit/Sources/ButtonKit/Style/Throwable/ThrowableStyle+Shake.swift /Users/builder/clone/build/SourcePackages/checkouts/ButtonKit/Sources/ButtonKit/Style/Throwable/ThrowableStyle+SymbolEffect.swift /Users/builder/clone/build/SourcePackages/checkouts/ButtonKit/Sources/ButtonKit/Trigger/Trigger+Environment.swift /Applications/Xcode-26.4.app/Contents/Developer/Toolchains/XcodeDefault.xctoolchain/usr/lib/swift/iphoneos/prebuilt-modules/26.4/CoreLocation.swiftmodule/arm64e-apple-ios.swiftmodule /Applications/Xcode-26.4.app/Contents/Developer/Toolchains/XcodeDefault.xctoolchain/usr/lib/swift/iphoneos/prebuilt-modules/26.4/_DarwinFoundation3.swiftmodule/arm64e-apple-ios.swiftmodule /Applications/Xcode-26.4.app/Contents/Developer/Toolchains/XcodeDefault.xctoolchain/usr/lib/swift/iphoneos/prebuilt-modules/26.4/_AppIntents_SwiftUI.swiftmodule/arm64e-apple-ios.swiftmodule /Applications/Xcode-26.4.app/Contents/Developer/Toolchains/XcodeDefault.xctoolchain/usr/lib/swift/iphoneos/prebuilt-modules/26.4/_StringProcessing.swiftmodule/arm64e-apple-ios.swiftmodule /Applications/Xcode-26.4.app/Contents/Developer/Toolchains/XcodeDefault.xctoolchain/usr/lib/swift/iphoneos/prebuilt-modules/26.4/os.swiftmodule/arm64e-apple-ios.swiftmodule /Applications/Xcode-26.4.app/Contents/Developer/Toolchains/XcodeDefault.xctoolchain/usr/lib/swift/iphoneos/prebuilt-modules/26.4/QuartzCore.swiftmodule/arm64e-apple-ios.swiftmodule /Applications/Xcode-26.4.app/Contents/Developer/Toolchains/XcodeDefault.xctoolchain/usr/lib/swift/iphoneos/prebuilt-modules/26.4/Symbols.swiftmodule/arm64e-apple-ios.swiftmodule /Applications/Xcode-26.4.app/Contents/Developer/Toolchains/XcodeDefault.xctoolchain/usr/lib/swift/iphoneos/prebuilt-modules/26.4/CoreData.swiftmodule/arm64e-apple-ios.swiftmodule /Applications/Xcode-26.4.app/Contents/Developer/Toolchains/XcodeDefault.xctoolchain/usr/lib/swift/iphoneos/prebuilt-modules/26.4/Network.swiftmodule/arm64e-apple-ios.swiftmodule /Applications/Xcode-26.4.app/Contents/Developer/Toolchains/XcodeDefault.xctoolchain/usr/lib/swift/iphoneos/prebuilt-modules/26.4/XPC.swiftmodule/arm64e-apple-ios.swiftmodule /Applications/Xcode-26.4.app/Contents/Developer/Toolchains/XcodeDefault.xctoolchain/usr/lib/swift/iphoneos/prebuilt-modules/26.4/Darwin.swiftmodule/arm64e-apple-ios.swiftmodule /Applications/Xcode-26.4.app/Contents/Developer/Toolchains/XcodeDefault.xctoolchain/usr/lib/swift/iphoneos/prebuilt-modules/26.4/Spatial.swiftmodule/arm64e-apple-ios.swiftmodule /Applications/Xcode-26.4.app/Contents/Developer/Toolchains/XcodeDefault.xctoolchain/usr/lib/swift/iphoneos/prebuilt-modules/26.4/SwiftUI.swiftmodule/arm64e-apple-ios.swiftmodule /Applications/Xcode-26.4.app/Contents/Developer/Toolchains/XcodeDefault.xctoolchain/usr/lib/swift/iphoneos/prebuilt-modules/26.4/UniformTypeIdentifiers.swiftmodule/arm64e-apple-ios.swiftmodule /Applications/Xcode-26.4.app/Contents/Developer/Toolchains/XcodeDefault.xctoolchain/usr/lib/swift/iphoneos/prebuilt-modules/26.4/_DarwinFoundation2.swiftmodule/arm64e-apple-ios.swiftmodule /Applications/Xcode-26.4.app/Contents/Developer/Toolchains/XcodeDefault.xctoolchain/usr/lib/swift/iphoneos/prebuilt-modules/26.4/UIKit.swiftmodule/arm64e-apple-ios.swiftmodule /Applications/Xcode-26.4.app/Contents/Developer/Toolchains/XcodeDefault.xctoolchain/usr/lib/swift/iphoneos/prebuilt-modules/26.4/CoreSpotlight.swiftmodule/arm64e-apple-ios.swiftmodule /Applications/Xcode-26.4.app/Contents/Developer/Toolchains/XcodeDefault.xctoolchain/usr/lib/swift/iphoneos/prebuilt-modules/26.4/Metal.swiftmodule/arm64e-apple-ios.swiftmodule /Applications/Xcode-26.4.app/Contents/Developer/Toolchains/XcodeDefault.xctoolchain/usr/lib/swift/iphoneos/prebuilt-modules/26.4/DeveloperToolsSupport.swiftmodule/arm64e-apple-ios.swiftmodule /Applications/Xcode-26.4.app/Contents/Developer/Toolchains/XcodeDefault.xctoolchain/usr/lib/swift/iphoneos/prebuilt-modules/26.4/CoreGraphics.swiftmodule/arm64e-apple-ios.swiftmodule /Applications/Xcode-26.4.app/Contents/Developer/Toolchains/XcodeDefault.xctoolchain/usr/lib/swift/iphoneos/prebuilt-modules/26.4/System.swiftmodule/arm64e-apple-ios.swiftmodule /Applications/Xcode-26.4.app/Contents/Developer/Toolchains/XcodeDefault.xctoolchain/usr/lib/swift/iphoneos/prebuilt-modules/26.4/CoreVideo.swiftmodule/arm64e-apple-ios.swiftmodule /Applications/Xcode-26.4.app/Contents/Developer/Toolchains/XcodeDefault.xctoolchain/usr/lib/swift/iphoneos/prebuilt-modules/26.4/SwiftUICore.swiftmodule/arm64e-apple-ios.swiftmodule /Applications/Xcode-26.4.app/Contents/Developer/Toolchains/XcodeDefault.xctoolchain/usr/lib/swift/iphoneos/prebuilt-modules/26.4/_DarwinFoundation1.swiftmodule/arm64e-apple-ios.swiftmodule /Applications/Xcode-26.4.app/Contents/Developer/Toolchains/XcodeDefault.xctoolchain/usr/lib/swift/iphoneos/prebuilt-modules/26.4/_Concurrency.swiftmodule/arm64e-apple-ios.swiftmodule /Applications/Xcode-26.4.app/Contents/Developer/Toolchains/XcodeDefault.xctoolchain/usr/lib/swift/iphoneos/prebuilt-modules/26.4/CoreText.swiftmodule/arm64e-apple-ios.swiftmodule /Applications/Xcode-26.4.app/Contents/Developer/Toolchains/XcodeDefault.xctoolchain/usr/lib/swift/iphoneos/prebuilt-modules/26.4/_Builtin_float.swiftmodule/arm64e-apple-ios.swiftmodule /Applications/Xcode-26.4.app/Contents/Developer/Toolchains/XcodeDefault.xctoolchain/usr/lib/swift/iphoneos/prebuilt-modules/26.4/Distributed.swiftmodule/arm64e-apple-ios.swiftmodule /Applications/Xcode-26.4.app/Contents/Developer/Toolchains/XcodeDefault.xctoolchain/usr/lib/swift/iphoneos/prebuilt-modules/26.4/Foundation.swiftmodule/arm64e-apple-ios.swiftmodule /Applications/Xcode-26.4.app/Contents/Developer/Toolchains/XcodeDefault.xctoolchain/usr/lib/swift/iphoneos/prebuilt-modules/26.4/Observation.swiftmodule/arm64e-apple-ios.swiftmodule /Applications/Xcode-26.4.app/Contents/Developer/Toolchains/XcodeDefault.xctoolchain/usr/lib/swift/iphoneos/prebuilt-modules/26.4/AppIntents.swiftmodule/arm64e-apple-ios.swiftmodule /Applications/Xcode-26.4.app/Contents/Developer/Toolchains/XcodeDefault.xctoolchain/usr/lib/swift/iphoneos/prebuilt-modules/26.4/FileProvider.swiftmodule/arm64e-apple-ios.swiftmodule /Applications/Xcode-26.4.app/Contents/Developer/Toolchains/XcodeDefault.xctoolchain/usr/lib/swift/iphoneos/prebuilt-modules/26.4/Combine.swiftmodule/arm64e-apple-ios.swiftmodule /Applications/Xcode-26.4.app/Contents/Developer/Toolchains/XcodeDefault.xctoolchain/usr/lib/swift/iphoneos/prebuilt-modules/26.4/RelevanceKit.swiftmodule/arm64e-apple-ios.swiftmodule /Applications/Xcode-26.4.app/Contents/Developer/Toolchains/XcodeDefault.xctoolchain/usr/lib/swift/iphoneos/prebuilt-modules/26.4/OSLog.swiftmodule/arm64e-apple-ios.swiftmodule /Applications/Xcode-26.4.app/Contents/Developer/Toolchains/XcodeDefault.xctoolchain/usr/lib/swift/iphoneos/prebuilt-modules/26.4/Dispatch.swiftmodule/arm64e-apple-ios.swiftmodule /Applications/Xcode-26.4.app/Contents/Developer/Toolchains/XcodeDefault.xctoolchain/usr/lib/swift/iphoneos/prebuilt-modules/26.4/DataDetection.swiftmodule/arm64e-apple-ios.swiftmodule /Applications/Xcode-26.4.app/Contents/Developer/Toolchains/XcodeDefault.xctoolchain/usr/lib/swift/iphoneos/prebuilt-modules/26.4/CoreTransferable.swiftmodule/arm64e-apple-ios.swiftmodule /Applications/Xcode-26.4.app/Contents/Developer/Toolchains/XcodeDefault.xctoolchain/usr/lib/swift/iphoneos/prebuilt-modules/26.4/ExtensionFoundation.swiftmodule/arm64e-apple-ios.swiftmodule /Applications/Xcode-26.4.app/Contents/Developer/Toolchains/XcodeDefault.xctoolchain/usr/lib/swift/iphoneos/prebuilt-modules/26.4/LightweightCodeRequirements.swiftmodule/arm64e-apple-ios.swiftmodule /Applications/Xcode-26.4.app/Contents/Developer/Toolchains/XcodeDefault.xctoolchain/usr/lib/swift/iphoneos/prebuilt-modules/26.4/Accessibility.swiftmodule/arm64e-apple-ios.swiftmodule /Applications/Xcode-26.4.app/Contents/Developer/Toolchains/XcodeDefault.xctoolchain/usr/lib/swift/iphoneos/prebuilt-modules/26.4/CoreFoundation.swiftmodule/arm64e-apple-ios.swiftmodule /Applications/Xcode-26.4.app/Contents/Developer/Toolchains/XcodeDefault.xctoolchain/usr/lib/swift/iphoneos/prebuilt-modules/26.4/CoreImage.swiftmodule/arm64e-apple-ios.swiftmodule /Applications/Xcode-26.4.app/Contents/Developer/Toolchains/XcodeDefault.xctoolchain/usr/lib/swift/iphoneos/prebuilt-modules/26.4/Swift.swiftmodule/arm64e-apple-ios.swiftmodule /Applications/Xcode-26.4.app/Contents/Developer/Toolchains/XcodeDefault.xctoolchain/usr/lib/swift/iphoneos/prebuilt-modules/26.4/ObjectiveC.swiftmodule/arm64e-apple-ios.swiftmodule /Applications/Xcode-26.4.app/Contents/Developer/Toolchains/XcodeDefault.xctoolchain/usr/lib/swift/iphoneos/prebuilt-modules/26.4/simd.swiftmodule/arm64e-apple-ios.swiftmodule /Users/builder/clone/build/ModuleCache.noindex/CoreVideo-CAF6XWOYMNTN9TK6VWLNIH3C5.pcm /Users/builder/clone/build/ModuleCache.noindex/DeveloperToolsSupport-6TKJ89Z9VNTO3LJSI4PGGBY39.pcm /Users/builder/clone/build/ModuleCache.noindex/CoreText-31JI8H8TNAKKRE4OOY1XBI0EE.pcm /Users/builder/clone/build/ModuleCache.noindex/Security-5WQIKACZXTIZWZ5UPCCB04Z6K.pcm /Users/builder/clone/build/ModuleCache.noindex/_AvailabilityInternal-DFS0JW4PZLXT848C3VTWTDSUS.pcm /Users/builder/clone/build/ModuleCache.noindex/Metal-API99ACLGVJ0LCOD8H2BFQXJW.pcm /Users/builder/clone/build/ModuleCache.noindex/_Builtin_inttypes-BDDTEDMVWUP4QDWT2P9QEWF54.pcm /Users/builder/clone/build/ModuleCache.noindex/Accessibility-3RX97MFHHJGQXOG4G0VI5N8UT.pcm /Users/builder/clone/build/ModuleCache.noindex/CFNetwork-BV2YOXQR3QGCZZC1FYZ35ME6C.pcm /Users/builder/clone/build/ModuleCache.noindex/_Builtin_stdint-BY1E7A3YMCKR9BQHIRHXF627F.pcm /Users/builder/clone/build/ModuleCache.noindex/OpenGLES-4WHAPQZ50BKGVGRE57NIPC1Q3.pcm /Users/builder/clone/build/ModuleCache.noindex/_Builtin_limits-XHLD784D8WPPZQEXHGFC55BF.pcm /Users/builder/clone/build/ModuleCache.noindex/FileProvider-ES1PGXV7F10JITUURTEVQ4MOF.pcm /Users/builder/clone/build/ModuleCache.noindex/SwiftShims-8FO93YKE1WBUL8ZVXE6V0W7TF.pcm /Users/builder/clone/build/ModuleCache.noindex/AppIntents-7KANHUMNLBCDV3QG1QVSPJFD5.pcm /Users/builder/clone/build/ModuleCache.noindex/RelevanceKit-5FU0PHRANKM79WXH0PVUG9GJQ.pcm /Users/builder/clone/build/ModuleCache.noindex/ptrauth-6LUUL5WAG7REBSNPZZB05FMLV.pcm /Users/builder/clone/build/ModuleCache.noindex/_Builtin_float-85JALJ7TDDJVRCDY2BGUERQAS.pcm /Users/builder/clone/build/ModuleCache.noindex/ptrcheck-EOTZRFSYY3Z8DNJPOZG8CPHUK.pcm /Users/builder/clone/build/ModuleCache.noindex/Spatial-7321YNVRFT2NYPGYRS6LO6OB8.pcm /Users/builder/clone/build/ModuleCache.noindex/_Builtin_stdatomic-4C4KLUK64YOJ8Y6GZ37Y6UN7C.pcm /Users/builder/clone/build/ModuleCache.noindex/_Builtin_intrinsics-6PL1ODUCDDBVU2XKNN1VZ5ND7.pcm /Users/builder/clone/build/ModuleCache.noindex/UIUtilities-6JOADBKTSE4NPC88FM5OYVU8P.pcm /Users/builder/clone/build/ModuleCache.noindex/UniformTypeIdentifiers-NWOMNHVYXZ1L8FHFL7TN9RLG.pcm /Users/builder/clone/build/ModuleCache.noindex/CoreImage-197CZCAPBVBNVFAAM6QMD3OAM.pcm /Users/builder/clone/build/ModuleCache.noindex/_Builtin_stdarg-5R2Y5DQ9CCCL9AXNPNWQHLN9D.pcm /Users/builder/clone/build/ModuleCache.noindex/os-VN4E92RQR7U9PJADXD7BSCO5.pcm /Users/builder/clone/build/ModuleCache.noindex/CoreSpotlight-8U6YPRMACEXKJFSRVADR54CIR.pcm /Users/builder/clone/build/ModuleCache.noindex/Dispatch-EKXSOI9AGDVEYYTP3JDSKW2W.pcm /Users/builder/clone/build/ModuleCache.noindex/ImageIO-B333V7XDYJWJU9NTF8Y2MV80I.pcm /Users/builder/clone/build/ModuleCache.noindex/Network-4IMRDGVC8RKD422IRJOYW22FL.pcm /Users/builder/clone/build/ModuleCache.noindex/XPC-83H6M22GN0LJJMP6IVF07J1T3.pcm /Users/builder/clone/build/ModuleCache.noindex/IOSurface-ESNQSTFGAKOFKL0AHHMLA2M7K.pcm /Users/builder/clone/build/ModuleCache.noindex/_Builtin_tgmath-5IEHEMEP25RCBXTADL8PLI512.pcm /Users/builder/clone/build/ModuleCache.noindex/ObjectiveC-5B0MBDYIVRE8T5RMG8FSUAJAC.pcm /Users/builder/clone/build/ModuleCache.noindex/sys_types-4YSRAH9YYNB3I66HHQWOQEM6L.pcm /Users/builder/clone/build/ModuleCache.noindex/dnssd-A20YF3E8OGAPSTCJV52QV3FTD.pcm /Users/builder/clone/build/ModuleCache.noindex/Symbols-4IY2GWUB7DFGPSE124NUDODPN.pcm /Users/builder/clone/build/ModuleCache.noindex/_Builtin_stdbool-2ILQPNNY1Q1DQQK2TZ9WXC57G.pcm /Users/builder/clone/build/ModuleCache.noindex/os_workgroup-B4SMTMQEDV9ZG1HPU7XWJA5NQ.pcm /Users/builder/clone/build/ModuleCache.noindex/UIKit-EONTKDDW1VYYMIHYDJLTUSBW2.pcm /Users/builder/clone/build/ModuleCache.noindex/DataDetection-QZCUY58ELATMPGLV3YTCHC3Q.pcm /Users/builder/clone/build/ModuleCache.noindex/CoreLocation-6UAVSEKX651Q4NXR35TJW5K5Z.pcm /Users/builder/clone/build/ModuleCache.noindex/ExtensionFoundation-AZLN79YMMB34CT31CBR4JDML5.pcm /Users/builder/clone/build/ModuleCache.noindex/UserNotifications-7Q0Y5OT179CFY0A1S1OWG7EVS.pcm /Users/builder/clone/build/ModuleCache.noindex/_DarwinFoundation1-BY8IH101M5CDB167KVTIL0C1Z.pcm /Users/builder/clone/build/ModuleCache.noindex/_DarwinFoundation3-DQKFTYUE0CHO3ZH6HIURZWJNS.pcm /Users/builder/clone/build/ModuleCache.noindex/_Builtin_stddef-8IK85O58DGRDUMM87197TSPI.pcm /Users/builder/clone/build/ModuleCache.noindex/CoreTransferable-B5CV2GWW0SLB0OWR5YV68MGYP.pcm /Users/builder/clone/build/ModuleCache.noindex/MachO-DZMS1HU305V4D7CIKLN8WSEFR.pcm /Users/builder/clone/build/ModuleCache.noindex/CoreFoundation-2INE8R3HT0NQOAMD08EAY60NQ.pcm /Users/builder/clone/build/ModuleCache.noindex/SwiftUI-AK1XGHATEPFTJ70AWO7W6AWK9.pcm /Users/builder/clone/build/ModuleCache.noindex/Darwin-6RKUUF4EH2R721CA2RMUMBGM.pcm /Users/builder/clone/build/ModuleCache.noindex/SwiftUICore-K6N5BX0PK7EO76ERJVXDY9W5.pcm /Users/builder/clone/build/ModuleCache.noindex/Foundation-8QW824YXXHXXCI7ILXW8ILV1G.pcm /Users/builder/clone/build/ModuleCache.noindex/_SwiftConcurrencyShims-CHQ5P6QLKPZP1WOW5JG11BOT6.pcm /Users/builder/clone/build/ModuleCache.noindex/QuartzCore-82L8I9S4QDPKIBSA5DE1CX6QA.pcm /Users/builder/clone/build/ModuleCache.noindex/CoreData-DNZRGA7JMAH6GG8WDWQ4NGNR2.pcm /Users/builder/clone/build/ModuleCache.noindex/OSLog-4D6PR7NKYEG76TEDB6O79JTT5.pcm /Users/builder/clone/build/ModuleCache.noindex/_DarwinFoundation2-5VUBEIZBEOC3ULBJKT8JJE3XM.pcm /Users/builder/clone/build/ModuleCache.noindex/CoreGraphics-BYW19FT7DN8S5UQ65XLAXKIRB.pcm /Users/builder/clone/build/ModuleCache.noindex/simd-BSWSXRLML747D1I3MKXIS72QO.pcm /Users/builder/clone/build/ModuleCache.noindex/os_object-5DJUYTWMFLH6P3NXZJKLUNUPU.pcm /Users/builder/clone/build/ModuleCache.noindex/_LocationEssentials-E7HAXS6ZQ24L8B8ZBZ4B182FR.pcm /Users/builder/clone/build/Build/Intermediates.noindex/ButtonKit.build/Release-iphoneos/ButtonKit.build/Objects-normal/arm64/ButtonKit-dependencies-1.json (in target 'ButtonKit' from project 'ButtonKit')\n\nCompileSwift normal arm64 (in target 'ButtonKit' from project 'ButtonKit')\n    cd /Users/builder/clone/IceCubesApp.xcodeproj\n    \n\nSwiftExplicitDependencyGeneratePcm arm64 /Users/builder/clone/build/ModuleCache.noindex/CoreAudioTypes-4X3LTNJW00ZV5RR46YCJMTV8K.pcm\n\nSwiftDriverJobDiscovery normal arm64 Compiling Button+AppIntent.swift, Button+Reader.swift, Button.swift, AsyncButtonModel.swift, BarProgressView.swift, CircularProgressView.swift, IndeterminateProgressView.swift, Button+AsyncDisabled.swift, Button+Events.swift, Progress+Discrete.swift, Progress+Estimated.swift, Progress+Indeterminate.swift, Progress+NSProgress.swift, Progress.swift, AsyncStyle+Leading.swift, AsyncStyle+None.swift, AsyncStyle+Overlay.swift, AsyncStyle+Pulse.swift, AsyncStyle+SymbolEffect.swift, AsyncStyle+Trailing.swift, Button+AsyncStyle.swift, Button+ThrowableStyle.swift, ThrowableStyle+None.swift, ThrowableStyle+Shake.swift, ThrowableStyle+SymbolEffect.swift, Trigger+Environment.swift (in target 'ButtonKit' from project 'ButtonKit')\n\nSwiftDriver\\ Compilation\\ Requirements ButtonKit normal arm64 com.apple.xcode.tools.swift.compiler (in target 'ButtonKit' from project 'ButtonKit')\n    cd /Users/builder/clone/IceCubesApp.xcodeproj\n    builtin-Swift-Compilation-Requirements -- /Applications/Xcode-26.4.app/Contents/Developer/Toolchains/XcodeDefault.xctoolchain/usr/bin/swiftc -module-name ButtonKit -O -whole-module-optimization @/Users/builder/clone/build/Build/Intermediates.noindex/ButtonKit.build/Release-iphoneos/ButtonKit.build/Objects-normal/arm64/ButtonKit.SwiftFileList -DSWIFT_PACKAGE -DSWIFT_MODULE_RESOURCE_BUNDLE_UNAVAILABLE -DXcode -plugin-path /Applications/Xcode-26.4.app/Contents/Developer/Toolchains/XcodeDefault.xctoolchain/usr/lib/swift/host/plugins/testing -enable-experimental-feature DebugDescriptionMacro -sdk /Applications/Xcode-26.4.app/Contents/Developer/Platforms/iPhoneOS.platform/Developer/SDKs/iPhoneOS26.4.sdk -target arm64-apple-ios15.0 -g -module-cache-path /Users/builder/clone/build/ModuleCache.noindex -Xfrontend -serialize-debugging-options -suppress-warnings -swift-version 6 -I /Users/builder/clone/build/Build/Products/Release-iphoneos -Isystem /Applications/Xcode-26.4.app/Contents/Developer/Platforms/iPhoneOS.platform/Developer/usr/lib -F /Users/builder/clone/build/Build/Products/Release-iphoneos -F /Applications/Xcode-26.4.app/Contents/Developer/Platforms/iPhoneOS.platform/Developer/Library/Frameworks -F /Applications/Xcode-26.4.app/Contents/Developer/Platforms/iPhoneOS.platform/Developer/SDKs/iPhoneOS26.4.sdk/Developer/Library/Frameworks -c -num-threads 3 -Xcc -ivfsstatcache -Xcc /Users/builder/clone/build/SDKStatCaches.noindex/iphoneos26.4-23E252-dc38477e7e47e42951976ad86cc01fb3.sdkstatcache -output-file-map /Users/builder/clone/build/Build/Intermediates.noindex/ButtonKit.build/Release-iphoneos/ButtonKit.build/Objects-normal/arm64/ButtonKit-OutputFileMap.json -use-frontend-parseable-output -save-temps -no-color-diagnostics -explicit-module-build -module-cache-path /Users/builder/clone/build/Build/Intermediates.noindex/SwiftExplicitPrecompiledModules -clang-scanner-module-cache-path /Users/builder/clone/build/ModuleCache.noindex -sdk-module-cache-path /Users/builder/clone/build/ModuleCache.noindex -serialize-diagnostics -emit-dependencies -emit-module -emit-module-path /Users/builder/clone/build/Build/Intermediates.noindex/ButtonKit.build/Release-iphoneos/ButtonKit.build/Objects-normal/arm64/ButtonKit.swiftmodule -user-module-version 0.8.1 -validate-clang-modules-once -clang-build-session-file /Users/builder/clone/build/ModuleCache.noindex/Session.modulevalidation -package-name buttonkit -Xcc -I/Users/builder/clone/build/Build/Intermediates.noindex/ButtonKit.build/Release-iphoneos/ButtonKit.build/swift-overrides.hmap -emit-const-values -Xfrontend -const-gather-protocols-file -Xfrontend /Users/builder/clone/build/Build/Intermediates.noindex/ButtonKit.build/Release-iphoneos/ButtonKit.build/Objects-normal/arm64/ButtonKit_const_extract_protocols.json -Xcc -I/Users/builder/clone/build/Build/Products/Release-iphoneos/include -Xcc -I/Users/builder/clone/build/Build/Intermediates.noindex/ButtonKit.build/Release-iphoneos/ButtonKit.build/DerivedSources-normal/arm64 -Xcc -I/Users/builder/clone/build/Build/Intermediates.noindex/ButtonKit.build/Release-iphoneos/ButtonKit.build/DerivedSources/arm64 -Xcc -I/Users/builder/clone/build/Build/Intermediates.noindex/ButtonKit.build/Release-iphoneos/ButtonKit.build/DerivedSources -Xcc -DSWIFT_PACKAGE -emit-objc-header -emit-objc-header-path /Users/builder/clone/build/Build/Intermediates.noindex/ButtonKit.build/Release-iphoneos/ButtonKit.build/Objects-normal/arm64/ButtonKit-Swift.h -working-directory /Users/builder/clone/IceCubesApp.xcodeproj -no-emit-module-separately-wmo\n\nSwiftExplicitDependencyGeneratePcm arm64 /Users/builder/clone/build/ModuleCache.noindex/AudioToolbox-37K6BL3CCSU6MJSBX3FPQ6WJW.pcm\n\nSwiftMergeGeneratedHeaders /Users/builder/clone/build/Build/Intermediates.noindex/GeneratedModuleMaps-iphoneos/ButtonKit-Swift.h /Users/builder/clone/build/Build/Intermediates.noindex/ButtonKit.build/Release-iphoneos/ButtonKit.build/Objects-normal/arm64/ButtonKit-Swift.h (in target 'ButtonKit' from project 'ButtonKit')\n    cd /Users/builder/clone/build/SourcePackages/checkouts/ButtonKit\n    builtin-swiftHeaderTool -arch arm64 /Users/builder/clone/build/Build/Intermediates.noindex/ButtonKit.build/Release-iphoneos/ButtonKit.build/Objects-normal/arm64/ButtonKit-Swift.h -o /Users/builder/clone/build/Build/Intermediates.noindex/GeneratedModuleMaps-iphoneos/ButtonKit-Swift.h\n\nCopy /Users/builder/clone/build/Build/Products/Release-iphoneos/ButtonKit.swiftmodule/arm64-apple-ios.swiftmodule /Users/builder/clone/build/Build/Intermediates.noindex/ButtonKit.build/Release-iphoneos/ButtonKit.build/Objects-normal/arm64/ButtonKit.swiftmodule (in target 'ButtonKit' from project 'ButtonKit')\n    cd /Users/builder/clone/build/SourcePackages/checkouts/ButtonKit\n    builtin-copy -exclude .DS_Store -exclude CVS -exclude .svn -exclude .git -exclude .hg -strip-unsigned-binaries -strip-deterministic -strip-tool /Applications/Xcode-26.4.app/Contents/Developer/Toolchains/XcodeDefault.xctoolchain/usr/bin/strip -resolve-src-symlinks -rename /Users/builder/clone/build/Build/Intermediates.noindex/ButtonKit.build/Release-iphoneos/ButtonKit.build/Objects-normal/arm64/ButtonKit.swiftmodule /Users/builder/clone/build/Build/Products/Release-iphoneos/ButtonKit.swiftmodule/arm64-apple-ios.swiftmodule\n\nCopy /Users/builder/clone/build/Build/Products/Release-iphoneos/ButtonKit.swiftmodule/arm64-apple-ios.swiftdoc /Users/builder/clone/build/Build/Intermediates.noindex/ButtonKit.build/Release-iphoneos/ButtonKit.build/Objects-normal/arm64/ButtonKit.swiftdoc (in target 'ButtonKit' from project 'ButtonKit')\n    cd /Users/builder/clone/build/SourcePackages/checkouts/ButtonKit\n    builtin-copy -exclude .DS_Store -exclude CVS -exclude .svn -exclude .git -exclude .hg -strip-unsigned-binaries -strip-deterministic -strip-tool /Applications/Xcode-26.4.app/Contents/Developer/Toolchains/XcodeDefault.xctoolchain/usr/bin/strip -resolve-src-symlinks -rename /Users/builder/clone/build/Build/Intermediates.noindex/ButtonKit.build/Release-iphoneos/ButtonKit.build/Objects-normal/arm64/ButtonKit.swiftdoc /Users/builder/clone/build/Build/Products/Release-iphoneos/ButtonKit.swiftmodule/arm64-apple-ios.swiftdoc\n\nCopy /Users/builder/clone/build/Build/Products/Release-iphoneos/ButtonKit.swiftmodule/arm64-apple-ios.abi.json /Users/builder/clone/build/Build/Intermediates.noindex/ButtonKit.build/Release-iphoneos/ButtonKit.build/Objects-normal/arm64/ButtonKit.abi.json (in target 'ButtonKit' from project 'ButtonKit')\n    cd /Users/builder/clone/build/SourcePackages/checkouts/ButtonKit\n    builtin-copy -exclude .DS_Store -exclude CVS -exclude .svn -exclude .git -exclude .hg -strip-unsigned-binaries -strip-deterministic -strip-tool /Applications/Xcode-26.4.app/Contents/Developer/Toolchains/XcodeDefault.xctoolchain/usr/bin/strip -resolve-src-symlinks -rename /Users/builder/clone/build/Build/Intermediates.noindex/ButtonKit.build/Release-iphoneos/ButtonKit.build/Objects-normal/arm64/ButtonKit.abi.json /Users/builder/clone/build/Build/Products/Release-iphoneos/ButtonKit.swiftmodule/arm64-apple-ios.abi.json\n\nCopy /Users/builder/clone/build/Build/Products/Release-iphoneos/ButtonKit.swiftmodule/Project/arm64-apple-ios.swiftsourceinfo /Users/builder/clone/build/Build/Intermediates.noindex/ButtonKit.build/Release-iphoneos/ButtonKit.build/Objects-normal/arm64/ButtonKit.swiftsourceinfo (in target 'ButtonKit' from project 'ButtonKit')\n    cd /Users/builder/clone/build/SourcePackages/checkouts/ButtonKit\n    builtin-copy -exclude .DS_Store -exclude CVS -exclude .svn -exclude .git -exclude .hg -strip-unsigned-binaries -strip-deterministic -strip-tool /Applications/Xcode-26.4.app/Contents/Developer/Toolchains/XcodeDefault.xctoolchain/usr/bin/strip -resolve-src-symlinks -rename /Users/builder/clone/build/Build/Intermediates.noindex/ButtonKit.build/Release-iphoneos/ButtonKit.build/Objects-normal/arm64/ButtonKit.swiftsourceinfo /Users/builder/clone/build/Build/Products/Release-iphoneos/ButtonKit.swiftmodule/Project/arm64-apple-ios.swiftsourceinfo\n\nSwiftExplicitDependencyGeneratePcm arm64 /Users/builder/clone/build/ModuleCache.noindex/CoreAudio-E4KLR1PCHKJAV1PIVUTEKVVIQ.pcm\n\nPrecompileModule /Users/builder/clone/build/Build/Intermediates.noindex/ExplicitPrecompiledModules/_AvailabilityInternal-1YE1T6XBKOLC0SCRVFNX230EE.scan\n    cd /\n    builtin-precompileModule /Users/builder/clone/build/Build/Intermediates.noindex/ExplicitPrecompiledModules/_AvailabilityInternal-1YE1T6XBKOLC0SCRVFNX230EE.scan\n\nSwiftExplicitDependencyGeneratePcm arm64 /Users/builder/clone/build/ModuleCache.noindex/CoreMedia-R4Z9G714E53P64SLQRI4IG76.pcm\n\nPrecompileModule /Users/builder/clone/build/Build/Intermediates.noindex/ExplicitPrecompiledModules/_DarwinFoundation1-3Z7PLV0L684Z0QYLGIGS9173B.scan\n    cd /\n    builtin-precompileModule /Users/builder/clone/build/Build/Intermediates.noindex/ExplicitPrecompiledModules/_DarwinFoundation1-3Z7PLV0L684Z0QYLGIGS9173B.scan\n\nSwiftExplicitDependencyGeneratePcm arm64 /Users/builder/clone/build/ModuleCache.noindex/MediaToolbox-2917HOP5DDQAKYY8WSXVPMU8S.pcm\n\nSwiftExplicitDependencyGeneratePcm arm64 /Users/builder/clone/build/ModuleCache.noindex/AVFAudio-EMEC8IQBDSMT9ZPVF08D65G4R.pcm\n\nPrecompileModule /Users/builder/clone/build/Build/Intermediates.noindex/ExplicitPrecompiledModules/_Builtin_limits-4GLLO0S7LU4S17CFSBNSFCHKZ.scan\n    cd /\n    builtin-precompileModule /Users/builder/clone/build/Build/Intermediates.noindex/ExplicitPrecompiledModules/_Builtin_limits-4GLLO0S7LU4S17CFSBNSFCHKZ.scan\n\nSwiftExplicitDependencyGeneratePcm arm64 /Users/builder/clone/build/ModuleCache.noindex/AVFoundation-BQY5X336LE6ZWWR1HNSR0RE7J.pcm\n\nPrecompileModule /Users/builder/clone/build/Build/Intermediates.noindex/ExplicitPrecompiledModules/_Builtin_stddef-3OEA33AXXI8J0ODDH7IWY9V2X.scan\n    cd /\n    builtin-precompileModule /Users/builder/clone/build/Build/Intermediates.noindex/ExplicitPrecompiledModules/_Builtin_stddef-3OEA33AXXI8J0ODDH7IWY9V2X.scan\n\nSwiftExplicitDependencyGeneratePcm arm64 /Users/builder/clone/build/ModuleCache.noindex/AVKit-59ZTBFH8DYC0XNYJ427K3L618.pcm\n\nPrecompileModule /Users/builder/clone/build/Build/Intermediates.noindex/ExplicitPrecompiledModules/_DarwinFoundation2-76IN0VQRDEI7SY72S10Q1M5ET.scan\n    cd /\n    builtin-precompileModule /Users/builder/clone/build/Build/Intermediates.noindex/ExplicitPrecompiledModules/_DarwinFoundation2-76IN0VQRDEI7SY72S10Q1M5ET.scan\n\nSwiftCompile normal arm64 Compiling\\ Introspect.swift,\\ IntrospectableViewType.swift,\\ IntrospectionSelector.swift,\\ IntrospectionView.swift,\\ PlatformVersion.swift,\\ PlatformView.swift,\\ PlatformViewVersion.swift,\\ Utils.swift,\\ Button.swift,\\ ColorPicker.swift,\\ DatePicker.swift,\\ DatePickerWithCompactStyle.swift,\\ DatePickerWithFieldStyle.swift,\\ DatePickerWithGraphicalStyle.swift,\\ DatePickerWithStepperFieldStyle.swift,\\ DatePickerWithWheelStyle.swift,\\ Form.swift,\\ FormWithGroupedStyle.swift,\\ FullScreenCover.swift,\\ List.swift,\\ ListCell.swift,\\ ListWithBorderedStyle.swift,\\ ListWithGroupedStyle.swift,\\ ListWithInsetGroupedStyle.swift,\\ ListWithInsetStyle.swift,\\ ListWithSidebarStyle.swift,\\ Map.swift,\\ NavigationSplitView.swift,\\ NavigationStack.swift,\\ NavigationViewWithColumnsStyle.swift,\\ NavigationViewWithStackStyle.swift,\\ PageControl.swift,\\ PickerWithMenuStyle.swift,\\ PickerWithSegmentedStyle.swift,\\ PickerWithWheelStyle.swift,\\ Popover.swift,\\ ProgressViewWithCircularStyle.swift,\\ ProgressViewWithLinearStyle.swift,\\ ScrollView.swift,\\ SearchField.swift,\\ SecureField.swift,\\ Sheet.swift,\\ SignInWithAppleButton.swift,\\ Slider.swift,\\ Stepper.swift,\\ TabView.swift,\\ TabViewWithPageStyle.swift,\\ Table.swift,\\ TextEditor.swift,\\ TextField.swift,\\ TextFieldWithVerticalAxis.swift,\\ Toggle.swift,\\ ToggleWithButtonStyle.swift,\\ ToggleWithCheckboxStyle.swift,\\ ToggleWithSwitchStyle.swift,\\ VideoPlayer.swift,\\ View.swift,\\ ViewController.swift,\\ WebView.swift,\\ Window.swift,\\ Weak.swift /Users/builder/clone/build/SourcePackages/checkouts/swiftui-introspect/Sources/Introspect.swift /Users/builder/clone/build/SourcePackages/checkouts/swiftui-introspect/Sources/IntrospectableViewType.swift /Users/builder/clone/build/SourcePackages/checkouts/swiftui-introspect/Sources/IntrospectionSelector.swift /Users/builder/clone/build/SourcePackages/checkouts/swiftui-introspect/Sources/IntrospectionView.swift /Users/builder/clone/build/SourcePackages/checkouts/swiftui-introspect/Sources/PlatformVersion.swift /Users/builder/clone/build/SourcePackages/checkouts/swiftui-introspect/Sources/PlatformView.swift /Users/builder/clone/build/SourcePackages/checkouts/swiftui-introspect/Sources/PlatformViewVersion.swift /Users/builder/clone/build/SourcePackages/checkouts/swiftui-introspect/Sources/Utils.swift /Users/builder/clone/build/SourcePackages/checkouts/swiftui-introspect/Sources/ViewTypes/Button.swift /Users/builder/clone/build/SourcePackages/checkouts/swiftui-introspect/Sources/ViewTypes/ColorPicker.swift /Users/builder/clone/build/SourcePackages/checkouts/swiftui-introspect/Sources/ViewTypes/DatePicker.swift /Users/builder/clone/build/SourcePackages/checkouts/swiftui-introspect/Sources/ViewTypes/DatePickerWithCompactStyle.swift /Users/builder/clone/build/SourcePackages/checkouts/swiftui-introspect/Sources/ViewTypes/DatePickerWithFieldStyle.swift /Users/builder/clone/build/SourcePackages/checkouts/swiftui-introspect/Sources/ViewTypes/DatePickerWithGraphicalStyle.swift /Users/builder/clone/build/SourcePackages/checkouts/swiftui-introspect/Sources/ViewTypes/DatePickerWithStepperFieldStyle.swift /Users/builder/clone/build/SourcePackages/checkouts/swiftui-introspect/Sources/ViewTypes/DatePickerWithWheelStyle.swift /Users/builder/clone/build/SourcePackages/checkouts/swiftui-introspect/Sources/ViewTypes/Form.swift /Users/builder/clone/build/SourcePackages/checkouts/swiftui-introspect/Sources/ViewTypes/FormWithGroupedStyle.swift /Users/builder/clone/build/SourcePackages/checkouts/swiftui-introspect/Sources/ViewTypes/FullScreenCover.swift /Users/builder/clone/build/SourcePackages/checkouts/swiftui-introspect/Sources/ViewTypes/List.swift /Users/builder/clone/build/SourcePackages/checkouts/swiftui-introspect/Sources/ViewTypes/ListCell.swift /Users/builder/clone/build/SourcePackages/checkouts/swiftui-introspect/Sources/ViewTypes/ListWithBorderedStyle.swift /Users/builder/clone/build/SourcePackages/checkouts/swiftui-introspect/Sources/ViewTypes/ListWithGroupedStyle.swift /Users/builder/clone/build/SourcePackages/checkouts/swiftui-introspect/Sources/ViewTypes/ListWithInsetGroupedStyle.swift /Users/builder/clone/build/SourcePackages/checkouts/swiftui-introspect/Sources/ViewTypes/ListWithInsetStyle.swift /Users/builder/clone/build/SourcePackages/checkouts/swiftui-introspect/Sources/ViewTypes/ListWithSidebarStyle.swift /Users/builder/clone/build/SourcePackages/checkouts/swiftui-introspect/Sources/ViewTypes/Map.swift /Users/builder/clone/build/SourcePackages/checkouts/swiftui-introspect/Sources/ViewTypes/NavigationSplitView.swift /Users/builder/clone/build/SourcePackages/checkouts/swiftui-introspect/Sources/ViewTypes/NavigationStack.swift /Users/builder/clone/build/SourcePackages/checkouts/swiftui-introspect/Sources/ViewTypes/NavigationViewWithColumnsStyle.swift /Users/builder/clone/build/SourcePackages/checkouts/swiftui-introspect/Sources/ViewTypes/NavigationViewWithStackStyle.swift /Users/builder/clone/build/SourcePackages/checkouts/swiftui-introspect/Sources/ViewTypes/PageControl.swift /Users/builder/clone/build/SourcePackages/checkouts/swiftui-introspect/Sources/ViewTypes/PickerWithMenuStyle.swift /Users/builder/clone/build/SourcePackages/checkouts/swiftui-introspect/Sources/ViewTypes/PickerWithSegmentedStyle.swift /Users/builder/clone/build/SourcePackages/checkouts/swiftui-introspect/Sources/ViewTypes/PickerWithWheelStyle.swift /Users/builder/clone/build/SourcePackages/checkouts/swiftui-introspect/Sources/ViewTypes/Popover.swift /Users/builder/clone/build/SourcePackages/checkouts/swiftui-introspect/Sources/ViewTypes/ProgressViewWithCircularStyle.swift /Users/builder/clone/build/SourcePackages/checkouts/swiftui-introspect/Sources/ViewTypes/ProgressViewWithLinearStyle.swift /Users/builder/clone/build/SourcePackages/checkouts/swiftui-introspect/Sources/ViewTypes/ScrollView.swift /Users/builder/clone/build/SourcePackages/checkouts/swiftui-introspect/Sources/ViewTypes/SearchField.swift /Users/builder/clone/build/SourcePackages/checkouts/swiftui-introspect/Sources/ViewTypes/SecureField.swift /Users/builder/clone/build/SourcePackages/checkouts/swiftui-introspect/Sources/ViewTypes/Sheet.swift /Users/builder/clone/build/SourcePackages/checkouts/swiftui-introspect/Sources/ViewTypes/SignInWithAppleButton.swift /Users/builder/clone/build/SourcePackages/checkouts/swiftui-introspect/Sources/ViewTypes/Slider.swift /Users/builder/clone/build/SourcePackages/checkouts/swiftui-introspect/Sources/ViewTypes/Stepper.swift /Users/builder/clone/build/SourcePackages/checkouts/swiftui-introspect/Sources/ViewTypes/TabView.swift /Users/builder/clone/build/SourcePackages/checkouts/swiftui-introspect/Sources/ViewTypes/TabViewWithPageStyle.swift /Users/builder/clone/build/SourcePackages/checkouts/swiftui-introspect/Sources/ViewTypes/Table.swift /Users/builder/clone/build/SourcePackages/checkouts/swiftui-introspect/Sources/ViewTypes/TextEditor.swift /Users/builder/clone/build/SourcePackages/checkouts/swiftui-introspect/Sources/ViewTypes/TextField.swift /Users/builder/clone/build/SourcePackages/checkouts/swiftui-introspect/Sources/ViewTypes/TextFieldWithVerticalAxis.swift /Users/builder/clone/build/SourcePackages/checkouts/swiftui-introspect/Sources/ViewTypes/Toggle.swift /Users/builder/clone/build/SourcePackages/checkouts/swiftui-introspect/Sources/ViewTypes/ToggleWithButtonStyle.swift /Users/builder/clone/build/SourcePackages/checkouts/swiftui-introspect/Sources/ViewTypes/ToggleWithCheckboxStyle.swift /Users/builder/clone/build/SourcePackages/checkouts/swiftui-introspect/Sources/ViewTypes/ToggleWithSwitchStyle.swift /Users/builder/clone/build/SourcePackages/checkouts/swiftui-introspect/Sources/ViewTypes/VideoPlayer.swift /Users/builder/clone/build/SourcePackages/checkouts/swiftui-introspect/Sources/ViewTypes/View.swift /Users/builder/clone/build/SourcePackages/checkouts/swiftui-introspect/Sources/ViewTypes/ViewController.swift /Users/builder/clone/build/SourcePackages/checkouts/swiftui-introspect/Sources/ViewTypes/WebView.swift /Users/builder/clone/build/SourcePackages/checkouts/swiftui-introspect/Sources/ViewTypes/Window.swift /Users/builder/clone/build/SourcePackages/checkouts/swiftui-introspect/Sources/Weak.swift /Applications/Xcode-26.4.app/Contents/Developer/Toolchains/XcodeDefault.xctoolchain/usr/lib/swift/iphoneos/prebuilt-modules/26.4/QuartzCore.swiftmodule/arm64e-apple-ios.swiftmodule /Applications/Xcode-26.4.app/Contents/Developer/Toolchains/XcodeDefault.xctoolchain/usr/lib/swift/iphoneos/prebuilt-modules/26.4/CoreGraphics.swiftmodule/arm64e-apple-ios.swiftmodule /Applications/Xcode-26.4.app/Contents/Developer/Toolchains/XcodeDefault.xctoolchain/usr/lib/swift/iphoneos/prebuilt-modules/26.4/UniformTypeIdentifiers.swiftmodule/arm64e-apple-ios.swiftmodule /Applications/Xcode-26.4.app/Contents/Developer/Toolchains/XcodeDefault.xctoolchain/usr/lib/swift/iphoneos/prebuilt-modules/26.4/_StringProcessing.swiftmodule/arm64e-apple-ios.swiftmodule /Applications/Xcode-26.4.app/Contents/Developer/Toolchains/XcodeDefault.xctoolchain/usr/lib/swift/iphoneos/prebuilt-modules/26.4/SwiftUICore.swiftmodule/arm64e-apple-ios.swiftmodule /Applications/Xcode-26.4.app/Contents/Developer/Toolchains/XcodeDefault.xctoolchain/usr/lib/swift/iphoneos/prebuilt-modules/26.4/simd.swiftmodule/arm64e-apple-ios.swiftmodule /Applications/Xcode-26.4.app/Contents/Developer/Toolchains/XcodeDefault.xctoolchain/usr/lib/swift/iphoneos/prebuilt-modules/26.4/Metal.swiftmodule/arm64e-apple-ios.swiftmodule /Applications/Xcode-26.4.app/Contents/Developer/Toolchains/XcodeDefault.xctoolchain/usr/lib/swift/iphoneos/prebuilt-modules/26.4/DataDetection.swiftmodule/arm64e-apple-ios.swiftmodule /Applications/Xcode-26.4.app/Contents/Developer/Toolchains/XcodeDefault.xctoolchain/usr/lib/swift/iphoneos/prebuilt-modules/26.4/Network.swiftmodule/arm64e-apple-ios.swiftmodule /Applications/Xcode-26.4.app/Contents/Developer/Toolchains/XcodeDefault.xctoolchain/usr/lib/swift/iphoneos/prebuilt-modules/26.4/Combine.swiftmodule/arm64e-apple-ios.swiftmodule /Applications/Xcode-26.4.app/Contents/Developer/Toolchains/XcodeDefault.xctoolchain/usr/lib/swift/iphoneos/prebuilt-modules/26.4/CoreFoundation.swiftmodule/arm64e-apple-ios.swiftmodule /Applications/Xcode-26.4.app/Contents/Developer/Toolchains/XcodeDefault.xctoolchain/usr/lib/swift/iphoneos/prebuilt-modules/26.4/_Builtin_float.swiftmodule/arm64e-apple-ios.swiftmodule /Applications/Xcode-26.4.app/Contents/Developer/Toolchains/XcodeDefault.xctoolchain/usr/lib/swift/iphoneos/prebuilt-modules/26.4/_Concurrency.swiftmodule/arm64e-apple-ios.swiftmodule /Applications/Xcode-26.4.app/Contents/Developer/Toolchains/XcodeDefault.xctoolchain/usr/lib/swift/iphoneos/prebuilt-modules/26.4/FileProvider.swiftmodule/arm64e-apple-ios.swiftmodule /Applications/Xcode-26.4.app/Contents/Developer/Toolchains/XcodeDefault.xctoolchain/usr/lib/swift/iphoneos/prebuilt-modules/26.4/AVKit.swiftmodule/arm64e-apple-ios.swiftmodule /Applications/Xcode-26.4.app/Contents/Developer/Toolchains/XcodeDefault.xctoolchain/usr/lib/swift/iphoneos/prebuilt-modules/26.4/TipKit.swiftmodule/arm64e-apple-ios.swiftmodule /Applications/Xcode-26.4.app/Contents/Developer/Toolchains/XcodeDefault.xctoolchain/usr/lib/swift/iphoneos/prebuilt-modules/26.4/Darwin.swiftmodule/arm64e-apple-ios.swiftmodule /Applications/Xcode-26.4.app/Contents/Developer/Toolchains/XcodeDefault.xctoolchain/usr/lib/swift/iphoneos/prebuilt-modules/26.4/_DarwinFoundation3.swiftmodule/arm64e-apple-ios.swiftmodule /Applications/Xcode-26.4.app/Contents/Developer/Toolchains/XcodeDefault.xctoolchain/usr/lib/swift/iphoneos/prebuilt-modules/26.4/CoreImage.swiftmodule/arm64e-apple-ios.swiftmodule /Applications/Xcode-26.4.app/Contents/Developer/Toolchains/XcodeDefault.xctoolchain/usr/lib/swift/iphoneos/prebuilt-modules/26.4/GeoToolbox.swiftmodule/arm64e-apple-ios.swiftmodule /Applications/Xcode-26.4.app/Contents/Developer/Toolchains/XcodeDefault.xctoolchain/usr/lib/swift/iphoneos/prebuilt-modules/26.4/_AVKit_SwiftUI.swiftmodule/arm64e-apple-ios.swiftmodule /Applications/Xcode-26.4.app/Contents/Developer/Toolchains/XcodeDefault.xctoolchain/usr/lib/swift/iphoneos/prebuilt-modules/26.4/XPC.swiftmodule/arm64e-apple-ios.swiftmodule /Applications/Xcode-26.4.app/Contents/Developer/Toolchains/XcodeDefault.xctoolchain/usr/lib/swift/iphoneos/prebuilt-modules/26.4/CoreData.swiftmodule/arm64e-apple-ios.swiftmodule /Applications/Xcode-26.4.app/Contents/Developer/Toolchains/XcodeDefault.xctoolchain/usr/lib/swift/iphoneos/prebuilt-modules/26.4/OSLog.swiftmodule/arm64e-apple-ios.swiftmodule /Applications/Xcode-26.4.app/Contents/Developer/Toolchains/XcodeDefault.xctoolchain/usr/lib/swift/iphoneos/prebuilt-modules/26.4/AVFAudio.swiftmodule/arm64e-apple-ios.swiftmodule /Applications/Xcode-26.4.app/Contents/Developer/Toolchains/XcodeDefault.xctoolchain/usr/lib/swift/iphoneos/prebuilt-modules/26.4/MapKit.swiftmodule/arm64e-apple-ios.swiftmodule /Applications/Xcode-26.4.app/Contents/Developer/Toolchains/XcodeDefault.xctoolchain/usr/lib/swift/iphoneos/prebuilt-modules/26.4/CoreMIDI.swiftmodule/arm64e-apple-ios.swiftmodule /Applications/Xcode-26.4.app/Contents/Developer/Toolchains/XcodeDefault.xctoolchain/usr/lib/swift/iphoneos/prebuilt-modules/26.4/_DarwinFoundation1.swiftmodule/arm64e-apple-ios.swiftmodule /Applications/Xcode-26.4.app/Contents/Developer/Toolchains/XcodeDefault.xctoolchain/usr/lib/swift/iphoneos/prebuilt-modules/26.4/CoreLocation.swiftmodule/arm64e-apple-ios.swiftmodule /Applications/Xcode-26.4.app/Contents/Developer/Toolchains/XcodeDefault.xctoolchain/usr/lib/swift/iphoneos/prebuilt-modules/26.4/AudioToolbox.swiftmodule/arm64e-apple-ios.swiftmodule /Applications/Xcode-26.4.app/Contents/Developer/Toolchains/XcodeDefault.xctoolchain/usr/lib/swift/iphoneos/prebuilt-modules/26.4/Spatial.swiftmodule/arm64e-apple-ios.swiftmodule /Applications/Xcode-26.4.app/Contents/Developer/Toolchains/XcodeDefault.xctoolchain/usr/lib/swift/iphoneos/prebuilt-modules/26.4/DeveloperToolsSupport.swiftmodule/arm64e-apple-ios.swiftmodule /Applications/Xcode-26.4.app/Contents/Developer/Toolchains/XcodeDefault.xctoolchain/usr/lib/swift/iphoneos/prebuilt-modules/26.4/CoreVideo.swiftmodule/arm64e-apple-ios.swiftmodule /Applications/Xcode-26.4.app/Contents/Developer/Toolchains/XcodeDefault.xctoolchain/usr/lib/swift/iphoneos/prebuilt-modules/26.4/Swift.swiftmodule/arm64e-apple-ios.swiftmodule /Applications/Xcode-26.4.app/Contents/Developer/Toolchains/XcodeDefault.xctoolchain/usr/lib/swift/iphoneos/prebuilt-modules/26.4/System.swiftmodule/arm64e-apple-ios.swiftmodule /Applications/Xcode-26.4.app/Contents/Developer/Toolchains/XcodeDefault.xctoolchain/usr/lib/swift/iphoneos/prebuilt-modules/26.4/CoreTransferable.swiftmodule/arm64e-apple-ios.swiftmodule /Applications/Xcode-26.4.app/Contents/Developer/Toolchains/XcodeDefault.xctoolchain/usr/lib/swift/iphoneos/prebuilt-modules/26.4/_DarwinFoundation2.swiftmodule/arm64e-apple-ios.swiftmodule /Applications/Xcode-26.4.app/Contents/Developer/Toolchains/XcodeDefault.xctoolchain/usr/lib/swift/iphoneos/prebuilt-modules/26.4/Synchronization.swiftmodule/arm64e-apple-ios.swiftmodule /Applications/Xcode-26.4.app/Contents/Developer/Toolchains/XcodeDefault.xctoolchain/usr/lib/swift/iphoneos/prebuilt-modules/26.4/Distributed.swiftmodule/arm64e-apple-ios.swiftmodule /Applications/Xcode-26.4.app/Contents/Developer/Toolchains/XcodeDefault.xctoolchain/usr/lib/swift/iphoneos/prebuilt-modules/26.4/CoreMedia.swiftmodule/arm64e-apple-ios.swiftmodule /Applications/Xcode-26.4.app/Contents/Developer/Toolchains/XcodeDefault.xctoolchain/usr/lib/swift/iphoneos/prebuilt-modules/26.4/os.swiftmodule/arm64e-apple-ios.swiftmodule /Applications/Xcode-26.4.app/Contents/Developer/Toolchains/XcodeDefault.xctoolchain/usr/lib/swift/iphoneos/prebuilt-modules/26.4/MediaAccessibility.swiftmodule/arm64e-apple-ios.swiftmodule /Applications/Xcode-26.4.app/Contents/Developer/Toolchains/XcodeDefault.xctoolchain/usr/lib/swift/iphoneos/prebuilt-modules/26.4/Foundation.swiftmodule/arm64e-apple-ios.swiftmodule /Applications/Xcode-26.4.app/Contents/Developer/Toolchains/XcodeDefault.xctoolchain/usr/lib/swift/iphoneos/prebuilt-modules/26.4/CoreText.swiftmodule/arm64e-apple-ios.swiftmodule /Applications/Xcode-26.4.app/Contents/Developer/Toolchains/XcodeDefault.xctoolchain/usr/lib/swift/iphoneos/prebuilt-modules/26.4/WebKit.swiftmodule/arm64e-apple-ios.swiftmodule /Applications/Xcode-26.4.app/Contents/Developer/Toolchains/XcodeDefault.xctoolchain/usr/lib/swift/iphoneos/prebuilt-modules/26.4/CoreAudio.swiftmodule/arm64e-apple-ios.swiftmodule /Applications/Xcode-26.4.app/Contents/Developer/Toolchains/XcodeDefault.xctoolchain/usr/lib/swift/iphoneos/prebuilt-modules/26.4/SwiftUI.swiftmodule/arm64e-apple-ios.swiftmodule /Applications/Xcode-26.4.app/Contents/Developer/Toolchains/XcodeDefault.xctoolchain/usr/lib/swift/iphoneos/prebuilt-modules/26.4/Dispatch.swiftmodule/arm64e-apple-ios.swiftmodule /Applications/Xcode-26.4.app/Contents/Developer/Toolchains/XcodeDefault.xctoolchain/usr/lib/swift/iphoneos/prebuilt-modules/26.4/ObjectiveC.swiftmodule/arm64e-apple-ios.swiftmodule /Applications/Xcode-26.4.app/Contents/Developer/Toolchains/XcodeDefault.xctoolchain/usr/lib/swift/iphoneos/prebuilt-modules/26.4/Accessibility.swiftmodule/arm64e-apple-ios.swiftmodule /Applications/Xcode-26.4.app/Contents/Developer/Toolchains/XcodeDefault.xctoolchain/usr/lib/swift/iphoneos/prebuilt-modules/26.4/Observation.swiftmodule/arm64e-apple-ios.swiftmodule /Applications/Xcode-26.4.app/Contents/Developer/Toolchains/XcodeDefault.xctoolchain/usr/lib/swift/iphoneos/prebuilt-modules/26.4/UIKit.swiftmodule/arm64e-apple-ios.swiftmodule /Applications/Xcode-26.4.app/Contents/Developer/Toolchains/XcodeDefault.xctoolchain/usr/lib/swift/iphoneos/prebuilt-modules/26.4/AVFoundation.swiftmodule/arm64e-apple-ios.swiftmodule /Applications/Xcode-26.4.app/Contents/Developer/Toolchains/XcodeDefault.xctoolchain/usr/lib/swift/iphoneos/prebuilt-modules/26.4/Symbols.swiftmodule/arm64e-apple-ios.swiftmodule /Users/builder/clone/build/ModuleCache.noindex/_Builtin_stdatomic-4C4KLUK64YOJ8Y6GZ37Y6UN7C.pcm /Users/builder/clone/build/ModuleCache.noindex/Network-4IMRDGVC8RKD422IRJOYW22FL.pcm /Users/builder/clone/build/ModuleCache.noindex/CoreMedia-R4Z9G714E53P64SLQRI4IG76.pcm /Users/builder/clone/build/ModuleCache.noindex/DeveloperToolsSupport-6TKJ89Z9VNTO3LJSI4PGGBY39.pcm /Users/builder/clone/build/ModuleCache.noindex/WebKit-B9YR4PQGKSVZ1GHUB2GSAGGJE.pcm /Users/builder/clone/build/ModuleCache.noindex/_Builtin_tgmath-5IEHEMEP25RCBXTADL8PLI512.pcm /Users/builder/clone/build/ModuleCache.noindex/UserNotifications-7Q0Y5OT179CFY0A1S1OWG7EVS.pcm /Users/builder/clone/build/ModuleCache.noindex/Darwin-6RKUUF4EH2R721CA2RMUMBGM.pcm /Users/builder/clone/build/ModuleCache.noindex/Symbols-4IY2GWUB7DFGPSE124NUDODPN.pcm /Users/builder/clone/build/ModuleCache.noindex/CoreTransferable-B5CV2GWW0SLB0OWR5YV68MGYP.pcm /Users/builder/clone/build/ModuleCache.noindex/CoreAudioTypes-4X3LTNJW00ZV5RR46YCJMTV8K.pcm /Users/builder/clone/build/ModuleCache.noindex/UIKit-EONTKDDW1VYYMIHYDJLTUSBW2.pcm /Users/builder/clone/build/ModuleCache.noindex/_Builtin_stddef-8IK85O58DGRDUMM87197TSPI.pcm /Users/builder/clone/build/ModuleCache.noindex/SwiftUI-AK1XGHATEPFTJ70AWO7W6AWK9.pcm /Users/builder/clone/build/ModuleCache.noindex/_Builtin_intrinsics-6PL1ODUCDDBVU2XKNN1VZ5ND7.pcm /Users/builder/clone/build/ModuleCache.noindex/_Builtin_stdbool-2ILQPNNY1Q1DQQK2TZ9WXC57G.pcm /Users/builder/clone/build/ModuleCache.noindex/FileProvider-ES1PGXV7F10JITUURTEVQ4MOF.pcm /Users/builder/clone/build/ModuleCache.noindex/_DarwinFoundation1-BY8IH101M5CDB167KVTIL0C1Z.pcm /Users/builder/clone/build/ModuleCache.noindex/MapKit-2TP1SS2O78T920R2QRIGAXCJ9.pcm /Users/builder/clone/build/ModuleCache.noindex/AVFoundation-BQY5X336LE6ZWWR1HNSR0RE7J.pcm /Users/builder/clone/build/ModuleCache.noindex/_AvailabilityInternal-DFS0JW4PZLXT848C3VTWTDSUS.pcm /Users/builder/clone/build/ModuleCache.noindex/ImageIO-B333V7XDYJWJU9NTF8Y2MV80I.pcm /Users/builder/clone/build/ModuleCache.noindex/simd-BSWSXRLML747D1I3MKXIS72QO.pcm /Users/builder/clone/build/ModuleCache.noindex/CoreVideo-CAF6XWOYMNTN9TK6VWLNIH3C5.pcm /Users/builder/clone/build/ModuleCache.noindex/AVFAudio-EMEC8IQBDSMT9ZPVF08D65G4R.pcm /Users/builder/clone/build/ModuleCache.noindex/Foundation-8QW824YXXHXXCI7ILXW8ILV1G.pcm /Users/builder/clone/build/ModuleCache.noindex/IOSurface-ESNQSTFGAKOFKL0AHHMLA2M7K.pcm /Users/builder/clone/build/ModuleCache.noindex/CoreMIDI-ADG2I8M69LFBT9KFXB19H6E99.pcm /Users/builder/clone/build/ModuleCache.noindex/_Builtin_stdint-BY1E7A3YMCKR9BQHIRHXF627F.pcm /Users/builder/clone/build/ModuleCache.noindex/os-VN4E92RQR7U9PJADXD7BSCO5.pcm /Users/builder/clone/build/ModuleCache.noindex/dnssd-A20YF3E8OGAPSTCJV52QV3FTD.pcm /Users/builder/clone/build/ModuleCache.noindex/DataDetection-QZCUY58ELATMPGLV3YTCHC3Q.pcm /Users/builder/clone/build/ModuleCache.noindex/_DarwinFoundation2-5VUBEIZBEOC3ULBJKT8JJE3XM.pcm /Users/builder/clone/build/ModuleCache.noindex/QuartzCore-82L8I9S4QDPKIBSA5DE1CX6QA.pcm /Users/builder/clone/build/ModuleCache.noindex/CoreGraphics-BYW19FT7DN8S5UQ65XLAXKIRB.pcm /Users/builder/clone/build/ModuleCache.noindex/Security-5WQIKACZXTIZWZ5UPCCB04Z6K.pcm /Users/builder/clone/build/ModuleCache.noindex/CoreImage-197CZCAPBVBNVFAAM6QMD3OAM.pcm /Users/builder/clone/build/ModuleCache.noindex/AVRouting-72KFL8EP9SH78APBSZXW4CXTO.pcm /Users/builder/clone/build/ModuleCache.noindex/ptrcheck-EOTZRFSYY3Z8DNJPOZG8CPHUK.pcm /Users/builder/clone/build/ModuleCache.noindex/os_object-5DJUYTWMFLH6P3NXZJKLUNUPU.pcm /Users/builder/clone/build/ModuleCache.noindex/Accessibility-3RX97MFHHJGQXOG4G0VI5N8UT.pcm /Users/builder/clone/build/ModuleCache.noindex/Spatial-7321YNVRFT2NYPGYRS6LO6OB8.pcm /Users/builder/clone/build/ModuleCache.noindex/AVKit-59ZTBFH8DYC0XNYJ427K3L618.pcm /Users/builder/clone/build/ModuleCache.noindex/MediaAccessibility-9O905G1XAO6NY6E1S8YLPOBLD.pcm /Users/builder/clone/build/ModuleCache.noindex/SwiftShims-8FO93YKE1WBUL8ZVXE6V0W7TF.pcm /Users/builder/clone/build/ModuleCache.noindex/Metal-API99ACLGVJ0LCOD8H2BFQXJW.pcm /Users/builder/clone/build/ModuleCache.noindex/OpenGLES-4WHAPQZ50BKGVGRE57NIPC1Q3.pcm /Users/builder/clone/build/ModuleCache.noindex/SwiftUICore-K6N5BX0PK7EO76ERJVXDY9W5.pcm /Users/builder/clone/build/ModuleCache.noindex/CoreAudio-E4KLR1PCHKJAV1PIVUTEKVVIQ.pcm /Users/builder/clone/build/ModuleCache.noindex/ObjectiveC-5B0MBDYIVRE8T5RMG8FSUAJAC.pcm /Users/builder/clone/build/ModuleCache.noindex/os_workgroup-B4SMTMQEDV9ZG1HPU7XWJA5NQ.pcm /Users/builder/clone/build/ModuleCache.noindex/Dispatch-EKXSOI9AGDVEYYTP3JDSKW2W.pcm /Users/builder/clone/build/ModuleCache.noindex/UniformTypeIdentifiers-NWOMNHVYXZ1L8FHFL7TN9RLG.pcm /Users/builder/clone/build/ModuleCache.noindex/OSLog-4D6PR7NKYEG76TEDB6O79JTT5.pcm /Users/builder/clone/build/ModuleCache.noindex/AudioToolbox-37K6BL3CCSU6MJSBX3FPQ6WJW.pcm /Users/builder/clone/build/ModuleCache.noindex/_Builtin_inttypes-BDDTEDMVWUP4QDWT2P9QEWF54.pcm /Users/builder/clone/build/ModuleCache.noindex/sys_types-4YSRAH9YYNB3I66HHQWOQEM6L.pcm /Users/builder/clone/build/ModuleCache.noindex/_LocationEssentials-E7HAXS6ZQ24L8B8ZBZ4B182FR.pcm /Users/builder/clone/build/ModuleCache.noindex/XPC-83H6M22GN0LJJMP6IVF07J1T3.pcm /Users/builder/clone/build/ModuleCache.noindex/CoreText-31JI8H8TNAKKRE4OOY1XBI0EE.pcm /Users/builder/clone/build/ModuleCache.noindex/_Builtin_stdarg-5R2Y5DQ9CCCL9AXNPNWQHLN9D.pcm /Users/builder/clone/build/ModuleCache.noindex/ptrauth-6LUUL5WAG7REBSNPZZB05FMLV.pcm /Users/builder/clone/build/ModuleCache.noindex/MediaToolbox-2917HOP5DDQAKYY8WSXVPMU8S.pcm /Users/builder/clone/build/ModuleCache.noindex/MachO-DZMS1HU305V4D7CIKLN8WSEFR.pcm /Users/builder/clone/build/ModuleCache.noindex/CoreLocation-6UAVSEKX651Q4NXR35TJW5K5Z.pcm /Users/builder/clone/build/ModuleCache.noindex/_Builtin_limits-XHLD784D8WPPZQEXHGFC55BF.pcm /Users/builder/clone/build/ModuleCache.noindex/_Builtin_float-85JALJ7TDDJVRCDY2BGUERQAS.pcm /Users/builder/clone/build/ModuleCache.noindex/_DarwinFoundation3-DQKFTYUE0CHO3ZH6HIURZWJNS.pcm /Users/builder/clone/build/ModuleCache.noindex/CoreFoundation-2INE8R3HT0NQOAMD08EAY60NQ.pcm /Users/builder/clone/build/ModuleCache.noindex/UIUtilities-6JOADBKTSE4NPC88FM5OYVU8P.pcm /Users/builder/clone/build/ModuleCache.noindex/_SwiftConcurrencyShims-CHQ5P6QLKPZP1WOW5JG11BOT6.pcm /Users/builder/clone/build/ModuleCache.noindex/CFNetwork-BV2YOXQR3QGCZZC1FYZ35ME6C.pcm /Users/builder/clone/build/ModuleCache.noindex/CoreData-DNZRGA7JMAH6GG8WDWQ4NGNR2.pcm /Users/builder/clone/build/Build/Intermediates.noindex/swiftui-introspect.build/Release-iphoneos/SwiftUIIntrospect.build/Objects-normal/arm64/SwiftUIIntrospect-dependencies-1.json (in target 'SwiftUIIntrospect' from project 'swiftui-introspect')\n\nCompileSwift normal arm64 (in target 'SwiftUIIntrospect' from project 'swiftui-introspect')\n    cd /Users/builder/clone/IceCubesApp.xcodeproj\n    \n\nSwiftCompile normal arm64 Compiling\\ Cache.swift,\\ DataCache.swift,\\ DataCaching.swift,\\ ImageCache.swift,\\ ImageCaching.swift,\\ AssetType.swift,\\ ImageDecoderRegistry.swift,\\ ImageDecoders+Default.swift,\\ ImageDecoders+Empty.swift,\\ ImageDecoding.swift,\\ ImageEncoders+Default.swift,\\ ImageEncoders+ImageIO.swift,\\ ImageEncoders.swift,\\ ImageEncoding.swift,\\ ImageContainer.swift,\\ ImageRequest.swift,\\ ImageResponse.swift,\\ ImageTask.swift,\\ Extensions.swift,\\ Graphics.swift,\\ ImagePublisher.swift,\\ ImageRequestKeys.swift,\\ LinkedList.swift,\\ Log.swift,\\ Mutex.swift,\\ RateLimiter.swift,\\ ResumableData.swift,\\ TaskQueue.swift,\\ DataLoader.swift,\\ DataLoading.swift,\\ Deprecated.swift,\\ ImagePipeline+Cache.swift,\\ ImagePipeline+Configuration.swift,\\ ImagePipeline+Delegate.swift,\\ ImagePipeline+Error.swift,\\ ImagePipeline.swift,\\ ImagePipelineActor.swift,\\ ImagePrefetcher.swift,\\ ImageDecompression.swift,\\ ImageProcessing.swift,\\ ImageProcessingOptions.swift,\\ ImageProcessors+Anonymous.swift,\\ ImageProcessors+Circle.swift,\\ ImageProcessors+Composition.swift,\\ ImageProcessors+CoreImage.swift,\\ ImageProcessors+GaussianBlur.swift,\\ ImageProcessors+Resize.swift,\\ ImageProcessors+RoundedCorners.swift,\\ ImageProcessors.swift,\\ AsyncPipelineTask.swift,\\ AsyncTask.swift,\\ TaskFetchOriginalData.swift,\\ TaskFetchOriginalImage.swift,\\ TaskLoadData.swift,\\ TaskLoadImage.swift /Users/builder/clone/build/SourcePackages/checkouts/Nuke/Sources/Nuke/Caching/Cache.swift /Users/builder/clone/build/SourcePackages/checkouts/Nuke/Sources/Nuke/Caching/DataCache.swift /Users/builder/clone/build/SourcePackages/checkouts/Nuke/Sources/Nuke/Caching/DataCaching.swift /Users/builder/clone/build/SourcePackages/checkouts/Nuke/Sources/Nuke/Caching/ImageCache.swift /Users/builder/clone/build/SourcePackages/checkouts/Nuke/Sources/Nuke/Caching/ImageCaching.swift /Users/builder/clone/build/SourcePackages/checkouts/Nuke/Sources/Nuke/Decoding/AssetType.swift /Users/builder/clone/build/SourcePackages/checkouts/Nuke/Sources/Nuke/Decoding/ImageDecoderRegistry.swift /Users/builder/clone/build/SourcePackages/checkouts/Nuke/Sources/Nuke/Decoding/ImageDecoders+Default.swift /Users/builder/clone/build/SourcePackages/checkouts/Nuke/Sources/Nuke/Decoding/ImageDecoders+Empty.swift /Users/builder/clone/build/SourcePackages/checkouts/Nuke/Sources/Nuke/Decoding/ImageDecoding.swift /Users/builder/clone/build/SourcePackages/checkouts/Nuke/Sources/Nuke/Encoding/ImageEncoders+Default.swift /Users/builder/clone/build/SourcePackages/checkouts/Nuke/Sources/Nuke/Encoding/ImageEncoders+ImageIO.swift /Users/builder/clone/build/SourcePackages/checkouts/Nuke/Sources/Nuke/Encoding/ImageEncoders.swift /Users/builder/clone/build/SourcePackages/checkouts/Nuke/Sources/Nuke/Encoding/ImageEncoding.swift /Users/builder/clone/build/SourcePackages/checkouts/Nuke/Sources/Nuke/ImageContainer.swift /Users/builder/clone/build/SourcePackages/checkouts/Nuke/Sources/Nuke/ImageRequest.swift /Users/builder/clone/build/SourcePackages/checkouts/Nuke/Sources/Nuke/ImageResponse.swift /Users/builder/clone/build/SourcePackages/checkouts/Nuke/Sources/Nuke/ImageTask.swift /Users/builder/clone/build/SourcePackages/checkouts/Nuke/Sources/Nuke/Internal/Extensions.swift /Users/builder/clone/build/SourcePackages/checkouts/Nuke/Sources/Nuke/Internal/Graphics.swift /Users/builder/clone/build/SourcePackages/checkouts/Nuke/Sources/Nuke/Internal/ImagePublisher.swift /Users/builder/clone/build/SourcePackages/checkouts/Nuke/Sources/Nuke/Internal/ImageRequestKeys.swift /Users/builder/clone/build/SourcePackages/checkouts/Nuke/Sources/Nuke/Internal/LinkedList.swift /Users/builder/clone/build/SourcePackages/checkouts/Nuke/Sources/Nuke/Internal/Log.swift /Users/builder/clone/build/SourcePackages/checkouts/Nuke/Sources/Nuke/Internal/Mutex.swift /Users/builder/clone/build/SourcePackages/checkouts/Nuke/Sources/Nuke/Internal/RateLimiter.swift /Users/builder/clone/build/SourcePackages/checkouts/Nuke/Sources/Nuke/Internal/ResumableData.swift /Users/builder/clone/build/SourcePackages/checkouts/Nuke/Sources/Nuke/Internal/TaskQueue.swift /Users/builder/clone/build/SourcePackages/checkouts/Nuke/Sources/Nuke/Loading/DataLoader.swift /Users/builder/clone/build/SourcePackages/checkouts/Nuke/Sources/Nuke/Loading/DataLoading.swift /Users/builder/clone/build/SourcePackages/checkouts/Nuke/Sources/Nuke/Pipeline/Deprecated.swift /Users/builder/clone/build/SourcePackages/checkouts/Nuke/Sources/Nuke/Pipeline/ImagePipeline+Cache.swift /Users/builder/clone/build/SourcePackages/checkouts/Nuke/Sources/Nuke/Pipeline/ImagePipeline+Configuration.swift /Users/builder/clone/build/SourcePackages/checkouts/Nuke/Sources/Nuke/Pipeline/ImagePipeline+Delegate.swift /Users/builder/clone/build/SourcePackages/checkouts/Nuke/Sources/Nuke/Pipeline/ImagePipeline+Error.swift /Users/builder/clone/build/SourcePackages/checkouts/Nuke/Sources/Nuke/Pipeline/ImagePipeline.swift /Users/builder/clone/build/SourcePackages/checkouts/Nuke/Sources/Nuke/Pipeline/ImagePipelineActor.swift /Users/builder/clone/build/SourcePackages/checkouts/Nuke/Sources/Nuke/Prefetching/ImagePrefetcher.swift /Users/builder/clone/build/SourcePackages/checkouts/Nuke/Sources/Nuke/Processing/ImageDecompression.swift /Users/builder/clone/build/SourcePackages/checkouts/Nuke/Sources/Nuke/Processing/ImageProcessing.swift /Users/builder/clone/build/SourcePackages/checkouts/Nuke/Sources/Nuke/Processing/ImageProcessingOptions.swift /Users/builder/clone/build/SourcePackages/checkouts/Nuke/Sources/Nuke/Processing/ImageProcessors+Anonymous.swift /Users/builder/clone/build/SourcePackages/checkouts/Nuke/Sources/Nuke/Processing/ImageProcessors+Circle.swift /Users/builder/clone/build/SourcePackages/checkouts/Nuke/Sources/Nuke/Processing/ImageProcessors+Composition.swift /Users/builder/clone/build/SourcePackages/checkouts/Nuke/Sources/Nuke/Processing/ImageProcessors+CoreImage.swift /Users/builder/clone/build/SourcePackages/checkouts/Nuke/Sources/Nuke/Processing/ImageProcessors+GaussianBlur.swift /Users/builder/clone/build/SourcePackages/checkouts/Nuke/Sources/Nuke/Processing/ImageProcessors+Resize.swift /Users/builder/clone/build/SourcePackages/checkouts/Nuke/Sources/Nuke/Processing/ImageProcessors+RoundedCorners.swift /Users/builder/clone/build/SourcePackages/checkouts/Nuke/Sources/Nuke/Processing/ImageProcessors.swift /Users/builder/clone/build/SourcePackages/checkouts/Nuke/Sources/Nuke/Tasks/AsyncPipelineTask.swift /Users/builder/clone/build/SourcePackages/checkouts/Nuke/Sources/Nuke/Tasks/AsyncTask.swift /Users/builder/clone/build/SourcePackages/checkouts/Nuke/Sources/Nuke/Tasks/TaskFetchOriginalData.swift /Users/builder/clone/build/SourcePackages/checkouts/Nuke/Sources/Nuke/Tasks/TaskFetchOriginalImage.swift /Users/builder/clone/build/SourcePackages/checkouts/Nuke/Sources/Nuke/Tasks/TaskLoadData.swift /Users/builder/clone/build/SourcePackages/checkouts/Nuke/Sources/Nuke/Tasks/TaskLoadImage.swift /Applications/Xcode-26.4.app/Contents/Developer/Toolchains/XcodeDefault.xctoolchain/usr/lib/swift/iphoneos/prebuilt-modules/26.4/QuartzCore.swiftmodule/arm64e-apple-ios.swiftmodule /Applications/Xcode-26.4.app/Contents/Developer/Toolchains/XcodeDefault.xctoolchain/usr/lib/swift/iphoneos/prebuilt-modules/26.4/CoreGraphics.swiftmodule/arm64e-apple-ios.swiftmodule /Applications/Xcode-26.4.app/Contents/Developer/Toolchains/XcodeDefault.xctoolchain/usr/lib/swift/iphoneos/prebuilt-modules/26.4/UniformTypeIdentifiers.swiftmodule/arm64e-apple-ios.swiftmodule /Applications/Xcode-26.4.app/Contents/Developer/Toolchains/XcodeDefault.xctoolchain/usr/lib/swift/iphoneos/prebuilt-modules/26.4/_StringProcessing.swiftmodule/arm64e-apple-ios.swiftmodule /Applications/Xcode-26.4.app/Contents/Developer/Toolchains/XcodeDefault.xctoolchain/usr/lib/swift/iphoneos/prebuilt-modules/26.4/SwiftUICore.swiftmodule/arm64e-apple-ios.swiftmodule /Applications/Xcode-26.4.app/Contents/Developer/Toolchains/XcodeDefault.xctoolchain/usr/lib/swift/iphoneos/prebuilt-modules/26.4/simd.swiftmodule/arm64e-apple-ios.swiftmodule /Applications/Xcode-26.4.app/Contents/Developer/Toolchains/XcodeDefault.xctoolchain/usr/lib/swift/iphoneos/prebuilt-modules/26.4/Metal.swiftmodule/arm64e-apple-ios.swiftmodule /Applications/Xcode-26.4.app/Contents/Developer/Toolchains/XcodeDefault.xctoolchain/usr/lib/swift/iphoneos/prebuilt-modules/26.4/DataDetection.swiftmodule/arm64e-apple-ios.swiftmodule /Applications/Xcode-26.4.app/Contents/Developer/Toolchains/XcodeDefault.xctoolchain/usr/lib/swift/iphoneos/prebuilt-modules/26.4/Network.swiftmodule/arm64e-apple-ios.swiftmodule /Applications/Xcode-26.4.app/Contents/Developer/Toolchains/XcodeDefault.xctoolchain/usr/lib/swift/iphoneos/prebuilt-modules/26.4/Combine.swiftmodule/arm64e-apple-ios.swiftmodule /Applications/Xcode-26.4.app/Contents/Developer/Toolchains/XcodeDefault.xctoolchain/usr/lib/swift/iphoneos/prebuilt-modules/26.4/CoreFoundation.swiftmodule/arm64e-apple-ios.swiftmodule /Applications/Xcode-26.4.app/Contents/Developer/Toolchains/XcodeDefault.xctoolchain/usr/lib/swift/iphoneos/prebuilt-modules/26.4/_Builtin_float.swiftmodule/arm64e-apple-ios.swiftmodule /Applications/Xcode-26.4.app/Contents/Developer/Toolchains/XcodeDefault.xctoolchain/usr/lib/swift/iphoneos/prebuilt-modules/26.4/_Concurrency.swiftmodule/arm64e-apple-ios.swiftmodule /Applications/Xcode-26.4.app/Contents/Developer/Toolchains/XcodeDefault.xctoolchain/usr/lib/swift/iphoneos/prebuilt-modules/26.4/FileProvider.swiftmodule/arm64e-apple-ios.swiftmodule /Applications/Xcode-26.4.app/Contents/Developer/Toolchains/XcodeDefault.xctoolchain/usr/lib/swift/iphoneos/prebuilt-modules/26.4/AVKit.swiftmodule/arm64e-apple-ios.swiftmodule /Applications/Xcode-26.4.app/Contents/Developer/Toolchains/XcodeDefault.xctoolchain/usr/lib/swift/iphoneos/prebuilt-modules/26.4/TipKit.swiftmodule/arm64e-apple-ios.swiftmodule /Applications/Xcode-26.4.app/Contents/Developer/Toolchains/XcodeDefault.xctoolchain/usr/lib/swift/iphoneos/prebuilt-modules/26.4/Darwin.swiftmodule/arm64e-apple-ios.swiftmodule /Applications/Xcode-26.4.app/Contents/Developer/Toolchains/XcodeDefault.xctoolchain/usr/lib/swift/iphoneos/prebuilt-modules/26.4/_DarwinFoundation3.swiftmodule/arm64e-apple-ios.swiftmodule /Applications/Xcode-26.4.app/Contents/Developer/Toolchains/XcodeDefault.xctoolchain/usr/lib/swift/iphoneos/prebuilt-modules/26.4/CoreImage.swiftmodule/arm64e-apple-ios.swiftmodule /Applications/Xcode-26.4.app/Contents/Developer/Toolchains/XcodeDefault.xctoolchain/usr/lib/swift/iphoneos/prebuilt-modules/26.4/XPC.swiftmodule/arm64e-apple-ios.swiftmodule /Applications/Xcode-26.4.app/Contents/Developer/Toolchains/XcodeDefault.xctoolchain/usr/lib/swift/iphoneos/prebuilt-modules/26.4/Accelerate.swiftmodule/arm64e-apple-ios.swiftmodule /Applications/Xcode-26.4.app/Contents/Developer/Toolchains/XcodeDefault.xctoolchain/usr/lib/swift/iphoneos/prebuilt-modules/26.4/CoreData.swiftmodule/arm64e-apple-ios.swiftmodule /Applications/Xcode-26.4.app/Contents/Developer/Toolchains/XcodeDefault.xctoolchain/usr/lib/swift/iphoneos/prebuilt-modules/26.4/OSLog.swiftmodule/arm64e-apple-ios.swiftmodule /Applications/Xcode-26.4.app/Contents/Developer/Toolchains/XcodeDefault.xctoolchain/usr/lib/swift/iphoneos/prebuilt-modules/26.4/AVFAudio.swiftmodule/arm64e-apple-ios.swiftmodule /Applications/Xcode-26.4.app/Contents/Developer/Toolchains/XcodeDefault.xctoolchain/usr/lib/swift/iphoneos/prebuilt-modules/26.4/CoreMIDI.swiftmodule/arm64e-apple-ios.swiftmodule /Applications/Xcode-26.4.app/Contents/Developer/Toolchains/XcodeDefault.xctoolchain/usr/lib/swift/iphoneos/prebuilt-modules/26.4/_DarwinFoundation1.swiftmodule/arm64e-apple-ios.swiftmodule /Applications/Xcode-26.4.app/Contents/Developer/Toolchains/XcodeDefault.xctoolchain/usr/lib/swift/iphoneos/prebuilt-modules/26.4/AudioToolbox.swiftmodule/arm64e-apple-ios.swiftmodule /Applications/Xcode-26.4.app/Contents/Developer/Toolchains/XcodeDefault.xctoolchain/usr/lib/swift/iphoneos/prebuilt-modules/26.4/Spatial.swiftmodule/arm64e-apple-ios.swiftmodule /Applications/Xcode-26.4.app/Contents/Developer/Toolchains/XcodeDefault.xctoolchain/usr/lib/swift/iphoneos/prebuilt-modules/26.4/DeveloperToolsSupport.swiftmodule/arm64e-apple-ios.swiftmodule /Applications/Xcode-26.4.app/Contents/Developer/Toolchains/XcodeDefault.xctoolchain/usr/lib/swift/iphoneos/prebuilt-modules/26.4/CoreVideo.swiftmodule/arm64e-apple-ios.swiftmodule /Applications/Xcode-26.4.app/Contents/Developer/Toolchains/XcodeDefault.xctoolchain/usr/lib/swift/iphoneos/prebuilt-modules/26.4/Swift.swiftmodule/arm64e-apple-ios.swiftmodule /Applications/Xcode-26.4.app/Contents/Developer/Toolchains/XcodeDefault.xctoolchain/usr/lib/swift/iphoneos/prebuilt-modules/26.4/System.swiftmodule/arm64e-apple-ios.swiftmodule /Applications/Xcode-26.4.app/Contents/Developer/Toolchains/XcodeDefault.xctoolchain/usr/lib/swift/iphoneos/prebuilt-modules/26.4/_DarwinFoundation2.swiftmodule/arm64e-apple-ios.swiftmodule /Applications/Xcode-26.4.app/Contents/Developer/Toolchains/XcodeDefault.xctoolchain/usr/lib/swift/iphoneos/prebuilt-modules/26.4/CoreTransferable.swiftmodule/arm64e-apple-ios.swiftmodule /Applications/Xcode-26.4.app/Contents/Developer/Toolchains/XcodeDefault.xctoolchain/usr/lib/swift/iphoneos/prebuilt-modules/26.4/Synchronization.swiftmodule/arm64e-apple-ios.swiftmodule /Applications/Xcode-26.4.app/Contents/Developer/Toolchains/XcodeDefault.xctoolchain/usr/lib/swift/iphoneos/prebuilt-modules/26.4/Distributed.swiftmodule/arm64e-apple-ios.swiftmodule /Applications/Xcode-26.4.app/Contents/Developer/Toolchains/XcodeDefault.xctoolchain/usr/lib/swift/iphoneos/prebuilt-modules/26.4/CoreMedia.swiftmodule/arm64e-apple-ios.swiftmodule /Applications/Xcode-26.4.app/Contents/Developer/Toolchains/XcodeDefault.xctoolchain/usr/lib/swift/iphoneos/prebuilt-modules/26.4/os.swiftmodule/arm64e-apple-ios.swiftmodule /Applications/Xcode-26.4.app/Contents/Developer/Toolchains/XcodeDefault.xctoolchain/usr/lib/swift/iphoneos/prebuilt-modules/26.4/MediaAccessibility.swiftmodule/arm64e-apple-ios.swiftmodule /Applications/Xcode-26.4.app/Contents/Developer/Toolchains/XcodeDefault.xctoolchain/usr/lib/swift/iphoneos/prebuilt-modules/26.4/Foundation.swiftmodule/arm64e-apple-ios.swiftmodule /Applications/Xcode-26.4.app/Contents/Developer/Toolchains/XcodeDefault.xctoolchain/usr/lib/swift/iphoneos/prebuilt-modules/26.4/CoreText.swiftmodule/arm64e-apple-ios.swiftmodule /Applications/Xcode-26.4.app/Contents/Developer/Toolchains/XcodeDefault.xctoolchain/usr/lib/swift/iphoneos/prebuilt-modules/26.4/CoreAudio.swiftmodule/arm64e-apple-ios.swiftmodule /Applications/Xcode-26.4.app/Contents/Developer/Toolchains/XcodeDefault.xctoolchain/usr/lib/swift/iphoneos/prebuilt-modules/26.4/LocalAuthentication.swiftmodule/arm64e-apple-ios.swiftmodule /Applications/Xcode-26.4.app/Contents/Developer/Toolchains/XcodeDefault.xctoolchain/usr/lib/swift/iphoneos/prebuilt-modules/26.4/SwiftUI.swiftmodule/arm64e-apple-ios.swiftmodule /Applications/Xcode-26.4.app/Contents/Developer/Toolchains/XcodeDefault.xctoolchain/usr/lib/swift/iphoneos/prebuilt-modules/26.4/ObjectiveC.swiftmodule/arm64e-apple-ios.swiftmodule /Applications/Xcode-26.4.app/Contents/Developer/Toolchains/XcodeDefault.xctoolchain/usr/lib/swift/iphoneos/prebuilt-modules/26.4/CryptoKit.swiftmodule/arm64e-apple-ios.swiftmodule /Applications/Xcode-26.4.app/Contents/Developer/Toolchains/XcodeDefault.xctoolchain/usr/lib/swift/iphoneos/prebuilt-modules/26.4/Dispatch.swiftmodule/arm64e-apple-ios.swiftmodule /Applications/Xcode-26.4.app/Contents/Developer/Toolchains/XcodeDefault.xctoolchain/usr/lib/swift/iphoneos/prebuilt-modules/26.4/Accessibility.swiftmodule/arm64e-apple-ios.swiftmodule /Applications/Xcode-26.4.app/Contents/Developer/Toolchains/XcodeDefault.xctoolchain/usr/lib/swift/iphoneos/prebuilt-modules/26.4/Observation.swiftmodule/arm64e-apple-ios.swiftmodule /Applications/Xcode-26.4.app/Contents/Developer/Toolchains/XcodeDefault.xctoolchain/usr/lib/swift/iphoneos/prebuilt-modules/26.4/UIKit.swiftmodule/arm64e-apple-ios.swiftmodule /Applications/Xcode-26.4.app/Contents/Developer/Toolchains/XcodeDefault.xctoolchain/usr/lib/swift/iphoneos/prebuilt-modules/26.4/AVFoundation.swiftmodule/arm64e-apple-ios.swiftmodule /Applications/Xcode-26.4.app/Contents/Developer/Toolchains/XcodeDefault.xctoolchain/usr/lib/swift/iphoneos/prebuilt-modules/26.4/Symbols.swiftmodule/arm64e-apple-ios.swiftmodule /Users/builder/clone/build/ModuleCache.noindex/CoreVideo-CAF6XWOYMNTN9TK6VWLNIH3C5.pcm /Users/builder/clone/build/ModuleCache.noindex/DeveloperToolsSupport-6TKJ89Z9VNTO3LJSI4PGGBY39.pcm /Users/builder/clone/build/ModuleCache.noindex/CoreText-31JI8H8TNAKKRE4OOY1XBI0EE.pcm /Users/builder/clone/build/ModuleCache.noindex/Security-5WQIKACZXTIZWZ5UPCCB04Z6K.pcm /Users/builder/clone/build/ModuleCache.noindex/_Builtin_inttypes-BDDTEDMVWUP4QDWT2P9QEWF54.pcm /Users/builder/clone/build/ModuleCache.noindex/_AvailabilityInternal-DFS0JW4PZLXT848C3VTWTDSUS.pcm /Users/builder/clone/build/ModuleCache.noindex/CFNetwork-BV2YOXQR3QGCZZC1FYZ35ME6C.pcm /Users/builder/clone/build/ModuleCache.noindex/Metal-API99ACLGVJ0LCOD8H2BFQXJW.pcm /Users/builder/clone/build/ModuleCache.noindex/Accessibility-3RX97MFHHJGQXOG4G0VI5N8UT.pcm /Users/builder/clone/build/ModuleCache.noindex/OpenGLES-4WHAPQZ50BKGVGRE57NIPC1Q3.pcm /Users/builder/clone/build/ModuleCache.noindex/_Builtin_limits-XHLD784D8WPPZQEXHGFC55BF.pcm /Users/builder/clone/build/ModuleCache.noindex/_Builtin_stdint-BY1E7A3YMCKR9BQHIRHXF627F.pcm /Users/builder/clone/build/ModuleCache.noindex/FileProvider-ES1PGXV7F10JITUURTEVQ4MOF.pcm /Users/builder/clone/build/ModuleCache.noindex/CoreMIDI-ADG2I8M69LFBT9KFXB19H6E99.pcm /Users/builder/clone/build/ModuleCache.noindex/SwiftShims-8FO93YKE1WBUL8ZVXE6V0W7TF.pcm /Users/builder/clone/build/ModuleCache.noindex/_Builtin_float-85JALJ7TDDJVRCDY2BGUERQAS.pcm /Users/builder/clone/build/ModuleCache.noindex/CoreImage-197CZCAPBVBNVFAAM6QMD3OAM.pcm /Users/builder/clone/build/ModuleCache.noindex/ptrauth-6LUUL5WAG7REBSNPZZB05FMLV.pcm /Users/builder/clone/build/ModuleCache.noindex/_Builtin_intrinsics-6PL1ODUCDDBVU2XKNN1VZ5ND7.pcm /Users/builder/clone/build/ModuleCache.noindex/_Builtin_stdatomic-4C4KLUK64YOJ8Y6GZ37Y6UN7C.pcm /Users/builder/clone/build/ModuleCache.noindex/_Builtin_stdarg-5R2Y5DQ9CCCL9AXNPNWQHLN9D.pcm /Users/builder/clone/build/ModuleCache.noindex/UIUtilities-6JOADBKTSE4NPC88FM5OYVU8P.pcm /Users/builder/clone/build/ModuleCache.noindex/UniformTypeIdentifiers-NWOMNHVYXZ1L8FHFL7TN9RLG.pcm /Users/builder/clone/build/ModuleCache.noindex/Spatial-7321YNVRFT2NYPGYRS6LO6OB8.pcm /Users/builder/clone/build/ModuleCache.noindex/ptrcheck-EOTZRFSYY3Z8DNJPOZG8CPHUK.pcm /Users/builder/clone/build/ModuleCache.noindex/CoreAudioTypes-4X3LTNJW00ZV5RR46YCJMTV8K.pcm /Users/builder/clone/build/ModuleCache.noindex/os-VN4E92RQR7U9PJADXD7BSCO5.pcm /Users/builder/clone/build/ModuleCache.noindex/AVFoundation-BQY5X336LE6ZWWR1HNSR0RE7J.pcm /Users/builder/clone/build/ModuleCache.noindex/Dispatch-EKXSOI9AGDVEYYTP3JDSKW2W.pcm /Users/builder/clone/build/ModuleCache.noindex/ImageIO-B333V7XDYJWJU9NTF8Y2MV80I.pcm /Users/builder/clone/build/ModuleCache.noindex/MediaAccessibility-9O905G1XAO6NY6E1S8YLPOBLD.pcm /Users/builder/clone/build/ModuleCache.noindex/Network-4IMRDGVC8RKD422IRJOYW22FL.pcm /Users/builder/clone/build/ModuleCache.noindex/XPC-83H6M22GN0LJJMP6IVF07J1T3.pcm /Users/builder/clone/build/ModuleCache.noindex/AVRouting-72KFL8EP9SH78APBSZXW4CXTO.pcm /Users/builder/clone/build/ModuleCache.noindex/IOSurface-ESNQSTFGAKOFKL0AHHMLA2M7K.pcm /Users/builder/clone/build/ModuleCache.noindex/ObjectiveC-5B0MBDYIVRE8T5RMG8FSUAJAC.pcm /Users/builder/clone/build/ModuleCache.noindex/_Builtin_tgmath-5IEHEMEP25RCBXTADL8PLI512.pcm /Users/builder/clone/build/ModuleCache.noindex/AudioToolbox-37K6BL3CCSU6MJSBX3FPQ6WJW.pcm /Users/builder/clone/build/ModuleCache.noindex/sys_types-4YSRAH9YYNB3I66HHQWOQEM6L.pcm /Users/builder/clone/build/ModuleCache.noindex/dnssd-A20YF3E8OGAPSTCJV52QV3FTD.pcm /Users/builder/clone/build/ModuleCache.noindex/Symbols-4IY2GWUB7DFGPSE124NUDODPN.pcm /Users/builder/clone/build/ModuleCache.noindex/os_workgroup-B4SMTMQEDV9ZG1HPU7XWJA5NQ.pcm /Users/builder/clone/build/ModuleCache.noindex/_Builtin_stdbool-2ILQPNNY1Q1DQQK2TZ9WXC57G.pcm /Users/builder/clone/build/ModuleCache.noindex/UIKit-EONTKDDW1VYYMIHYDJLTUSBW2.pcm /Users/builder/clone/build/ModuleCache.noindex/DataDetection-QZCUY58ELATMPGLV3YTCHC3Q.pcm /Users/builder/clone/build/ModuleCache.noindex/AVFAudio-EMEC8IQBDSMT9ZPVF08D65G4R.pcm /Users/builder/clone/build/ModuleCache.noindex/CoreAudio-E4KLR1PCHKJAV1PIVUTEKVVIQ.pcm /Users/builder/clone/build/ModuleCache.noindex/UserNotifications-7Q0Y5OT179CFY0A1S1OWG7EVS.pcm /Users/builder/clone/build/ModuleCache.noindex/AVKit-59ZTBFH8DYC0XNYJ427K3L618.pcm /Users/builder/clone/build/ModuleCache.noindex/MediaToolbox-2917HOP5DDQAKYY8WSXVPMU8S.pcm /Users/builder/clone/build/ModuleCache.noindex/_DarwinFoundation1-BY8IH101M5CDB167KVTIL0C1Z.pcm /Users/builder/clone/build/ModuleCache.noindex/_Builtin_stddef-8IK85O58DGRDUMM87197TSPI.pcm /Users/builder/clone/build/ModuleCache.noindex/_DarwinFoundation3-DQKFTYUE0CHO3ZH6HIURZWJNS.pcm /Users/builder/clone/build/ModuleCache.noindex/CoreTransferable-B5CV2GWW0SLB0OWR5YV68MGYP.pcm /Users/builder/clone/build/ModuleCache.noindex/MachO-DZMS1HU305V4D7CIKLN8WSEFR.pcm /Users/builder/clone/build/ModuleCache.noindex/CoreFoundation-2INE8R3HT0NQOAMD08EAY60NQ.pcm /Users/builder/clone/build/ModuleCache.noindex/SwiftUI-AK1XGHATEPFTJ70AWO7W6AWK9.pcm /Users/builder/clone/build/ModuleCache.noindex/Darwin-6RKUUF4EH2R721CA2RMUMBGM.pcm /Users/builder/clone/build/ModuleCache.noindex/SwiftUICore-K6N5BX0PK7EO76ERJVXDY9W5.pcm /Users/builder/clone/build/ModuleCache.noindex/Foundation-8QW824YXXHXXCI7ILXW8ILV1G.pcm /Users/builder/clone/build/ModuleCache.noindex/_SwiftConcurrencyShims-CHQ5P6QLKPZP1WOW5JG11BOT6.pcm /Users/builder/clone/build/ModuleCache.noindex/QuartzCore-82L8I9S4QDPKIBSA5DE1CX6QA.pcm /Users/builder/clone/build/ModuleCache.noindex/LocalAuthentication-BKFV3ZRCA2YKR4PRSRFJK5PKZ.pcm /Users/builder/clone/build/ModuleCache.noindex/Accelerate-BXICWY5ZH75NI4STWSHJH8B4J.pcm /Users/builder/clone/build/ModuleCache.noindex/CoreData-DNZRGA7JMAH6GG8WDWQ4NGNR2.pcm /Users/builder/clone/build/ModuleCache.noindex/_DarwinFoundation2-5VUBEIZBEOC3ULBJKT8JJE3XM.pcm /Users/builder/clone/build/ModuleCache.noindex/OSLog-4D6PR7NKYEG76TEDB6O79JTT5.pcm /Users/builder/clone/build/ModuleCache.noindex/CoreGraphics-BYW19FT7DN8S5UQ65XLAXKIRB.pcm /Users/builder/clone/build/ModuleCache.noindex/CoreMedia-R4Z9G714E53P64SLQRI4IG76.pcm /Users/builder/clone/build/ModuleCache.noindex/simd-BSWSXRLML747D1I3MKXIS72QO.pcm /Users/builder/clone/build/ModuleCache.noindex/os_object-5DJUYTWMFLH6P3NXZJKLUNUPU.pcm /Users/builder/clone/build/Build/Intermediates.noindex/Nuke.build/Release-iphoneos/Nuke.build/Objects-normal/arm64/Nuke-dependencies-1.json (in target 'Nuke' from project 'Nuke')\n\nCompileSwift normal arm64 (in target 'Nuke' from project 'Nuke')\n    cd /Users/builder/clone/IceCubesApp.xcodeproj\n    \n\nSwiftDriverJobDiscovery normal arm64 Compiling Introspect.swift, IntrospectableViewType.swift, IntrospectionSelector.swift, IntrospectionView.swift, PlatformVersion.swift, PlatformView.swift, PlatformViewVersion.swift, Utils.swift, Button.swift, ColorPicker.swift, DatePicker.swift, DatePickerWithCompactStyle.swift, DatePickerWithFieldStyle.swift, DatePickerWithGraphicalStyle.swift, DatePickerWithStepperFieldStyle.swift, DatePickerWithWheelStyle.swift, Form.swift, FormWithGroupedStyle.swift, FullScreenCover.swift, List.swift, ListCell.swift, ListWithBorderedStyle.swift, ListWithGroupedStyle.swift, ListWithInsetGroupedStyle.swift, ListWithInsetStyle.swift, ListWithSidebarStyle.swift, Map.swift, NavigationSplitView.swift, NavigationStack.swift, NavigationViewWithColumnsStyle.swift, NavigationViewWithStackStyle.swift, PageControl.swift, PickerWithMenuStyle.swift, PickerWithSegmentedStyle.swift, PickerWithWheelStyle.swift, Popover.swift, ProgressViewWithCircularStyle.swift, ProgressViewWithLinearStyle.swift, ScrollView.swift, SearchField.swift, SecureField.swift, Sheet.swift, SignInWithAppleButton.swift, Slider.swift, Stepper.swift, TabView.swift, TabViewWithPageStyle.swift, Table.swift, TextEditor.swift, TextField.swift, TextFieldWithVerticalAxis.swift, Toggle.swift, ToggleWithButtonStyle.swift, ToggleWithCheckboxStyle.swift, ToggleWithSwitchStyle.swift, VideoPlayer.swift, View.swift, ViewController.swift, WebView.swift, Window.swift, Weak.swift (in target 'SwiftUIIntrospect' from project 'swiftui-introspect')\n\nSwiftDriver\\ Compilation\\ Requirements SwiftUIIntrospect normal arm64 com.apple.xcode.tools.swift.compiler (in target 'SwiftUIIntrospect' from project 'swiftui-introspect')\n    cd /Users/builder/clone/IceCubesApp.xcodeproj\n    builtin-Swift-Compilation-Requirements -- /Applications/Xcode-26.4.app/Contents/Developer/Toolchains/XcodeDefault.xctoolchain/usr/bin/swiftc -module-name SwiftUIIntrospect -O -whole-module-optimization @/Users/builder/clone/build/Build/Intermediates.noindex/swiftui-introspect.build/Release-iphoneos/SwiftUIIntrospect.build/Objects-normal/arm64/SwiftUIIntrospect.SwiftFileList -DSWIFT_PACKAGE -DSWIFT_MODULE_RESOURCE_BUNDLE_UNAVAILABLE -DXcode -enable-upcoming-feature ExistentialAny -enable-upcoming-feature InternalImportsByDefault -plugin-path /Applications/Xcode-26.4.app/Contents/Developer/Toolchains/XcodeDefault.xctoolchain/usr/lib/swift/host/plugins/testing -enable-experimental-feature DebugDescriptionMacro -sdk /Applications/Xcode-26.4.app/Contents/Developer/Platforms/iPhoneOS.platform/Developer/SDKs/iPhoneOS26.4.sdk -target arm64-apple-ios13.0 -g -module-cache-path /Users/builder/clone/build/ModuleCache.noindex -Xfrontend -serialize-debugging-options -suppress-warnings -swift-version 6 -I /Users/builder/clone/build/Build/Products/Release-iphoneos -Isystem /Applications/Xcode-26.4.app/Contents/Developer/Platforms/iPhoneOS.platform/Developer/usr/lib -F /Users/builder/clone/build/Build/Products/Release-iphoneos -F /Applications/Xcode-26.4.app/Contents/Developer/Platforms/iPhoneOS.platform/Developer/Library/Frameworks -F /Applications/Xcode-26.4.app/Contents/Developer/Platforms/iPhoneOS.platform/Developer/SDKs/iPhoneOS26.4.sdk/Developer/Library/Frameworks -c -num-threads 3 -Xcc -ivfsstatcache -Xcc /Users/builder/clone/build/SDKStatCaches.noindex/iphoneos26.4-23E252-dc38477e7e47e42951976ad86cc01fb3.sdkstatcache -output-file-map /Users/builder/clone/build/Build/Intermediates.noindex/swiftui-introspect.build/Release-iphoneos/SwiftUIIntrospect.build/Objects-normal/arm64/SwiftUIIntrospect-OutputFileMap.json -use-frontend-parseable-output -save-temps -no-color-diagnostics -explicit-module-build -module-cache-path /Users/builder/clone/build/Build/Intermediates.noindex/SwiftExplicitPrecompiledModules -clang-scanner-module-cache-path /Users/builder/clone/build/ModuleCache.noindex -sdk-module-cache-path /Users/builder/clone/build/ModuleCache.noindex -serialize-diagnostics -emit-dependencies -emit-module -emit-module-path /Users/builder/clone/build/Build/Intermediates.noindex/swiftui-introspect.build/Release-iphoneos/SwiftUIIntrospect.build/Objects-normal/arm64/SwiftUIIntrospect.swiftmodule -user-module-version 26.0.1 -validate-clang-modules-once -clang-build-session-file /Users/builder/clone/build/ModuleCache.noindex/Session.modulevalidation -package-name swiftui_introspect -Xcc -I/Users/builder/clone/build/Build/Intermediates.noindex/swiftui-introspect.build/Release-iphoneos/SwiftUIIntrospect.build/swift-overrides.hmap -emit-const-values -Xfrontend -const-gather-protocols-file -Xfrontend /Users/builder/clone/build/Build/Intermediates.noindex/swiftui-introspect.build/Release-iphoneos/SwiftUIIntrospect.build/Objects-normal/arm64/SwiftUIIntrospect_const_extract_protocols.json -Xcc -I/Users/builder/clone/build/Build/Products/Release-iphoneos/include -Xcc -I/Users/builder/clone/build/Build/Intermediates.noindex/swiftui-introspect.build/Release-iphoneos/SwiftUIIntrospect.build/DerivedSources-normal/arm64 -Xcc -I/Users/builder/clone/build/Build/Intermediates.noindex/swiftui-introspect.build/Release-iphoneos/SwiftUIIntrospect.build/DerivedSources/arm64 -Xcc -I/Users/builder/clone/build/Build/Intermediates.noindex/swiftui-introspect.build/Release-iphoneos/SwiftUIIntrospect.build/DerivedSources -Xcc -DSWIFT_PACKAGE -emit-objc-header -emit-objc-header-path /Users/builder/clone/build/Build/Intermediates.noindex/swiftui-introspect.build/Release-iphoneos/SwiftUIIntrospect.build/Objects-normal/arm64/SwiftUIIntrospect-Swift.h -working-directory /Users/builder/clone/IceCubesApp.xcodeproj -no-emit-module-separately-wmo\n\nSwiftDriverJobDiscovery normal arm64 Compiling Cache.swift, DataCache.swift, DataCaching.swift, ImageCache.swift, ImageCaching.swift, AssetType.swift, ImageDecoderRegistry.swift, ImageDecoders+Default.swift, ImageDecoders+Empty.swift, ImageDecoding.swift, ImageEncoders+Default.swift, ImageEncoders+ImageIO.swift, ImageEncoders.swift, ImageEncoding.swift, ImageContainer.swift, ImageRequest.swift, ImageResponse.swift, ImageTask.swift, Extensions.swift, Graphics.swift, ImagePublisher.swift, ImageRequestKeys.swift, LinkedList.swift, Log.swift, Mutex.swift, RateLimiter.swift, ResumableData.swift, TaskQueue.swift, DataLoader.swift, DataLoading.swift, Deprecated.swift, ImagePipeline+Cache.swift, ImagePipeline+Configuration.swift, ImagePipeline+Delegate.swift, ImagePipeline+Error.swift, ImagePipeline.swift, ImagePipelineActor.swift, ImagePrefetcher.swift, ImageDecompression.swift, ImageProcessing.swift, ImageProcessingOptions.swift, ImageProcessors+Anonymous.swift, ImageProcessors+Circle.swift, ImageProcessors+Composition.swift, ImageProcessors+CoreImage.swift, ImageProcessors+GaussianBlur.swift, ImageProcessors+Resize.swift, ImageProcessors+RoundedCorners.swift, ImageProcessors.swift, AsyncPipelineTask.swift, AsyncTask.swift, TaskFetchOriginalData.swift, TaskFetchOriginalImage.swift, TaskLoadData.swift, TaskLoadImage.swift (in target 'Nuke' from project 'Nuke')\n\nSwiftDriver\\ Compilation\\ Requirements Nuke normal arm64 com.apple.xcode.tools.swift.compiler (in target 'Nuke' from project 'Nuke')\n    cd /Users/builder/clone/IceCubesApp.xcodeproj\n    builtin-Swift-Compilation-Requirements -- /Applications/Xcode-26.4.app/Contents/Developer/Toolchains/XcodeDefault.xctoolchain/usr/bin/swiftc -module-name Nuke -O -whole-module-optimization @/Users/builder/clone/build/Build/Intermediates.noindex/Nuke.build/Release-iphoneos/Nuke.build/Objects-normal/arm64/Nuke.SwiftFileList -DSWIFT_PACKAGE -DSWIFT_MODULE_RESOURCE_BUNDLE_UNAVAILABLE -DXcode -plugin-path /Applications/Xcode-26.4.app/Contents/Developer/Toolchains/XcodeDefault.xctoolchain/usr/lib/swift/host/plugins/testing -enable-experimental-feature DebugDescriptionMacro -sdk /Applications/Xcode-26.4.app/Contents/Developer/Platforms/iPhoneOS.platform/Developer/SDKs/iPhoneOS26.4.sdk -target arm64-apple-ios15.0 -g -module-cache-path /Users/builder/clone/build/ModuleCache.noindex -Xfrontend -serialize-debugging-options -suppress-warnings -swift-version 6 -I /Users/builder/clone/build/Build/Products/Release-iphoneos -Isystem /Applications/Xcode-26.4.app/Contents/Developer/Platforms/iPhoneOS.platform/Developer/usr/lib -F /Users/builder/clone/build/Build/Products/Release-iphoneos -F /Applications/Xcode-26.4.app/Contents/Developer/Platforms/iPhoneOS.platform/Developer/Library/Frameworks -F /Applications/Xcode-26.4.app/Contents/Developer/Platforms/iPhoneOS.platform/Developer/SDKs/iPhoneOS26.4.sdk/Developer/Library/Frameworks -c -num-threads 3 -Xcc -ivfsstatcache -Xcc /Users/builder/clone/build/SDKStatCaches.noindex/iphoneos26.4-23E252-dc38477e7e47e42951976ad86cc01fb3.sdkstatcache -output-file-map /Users/builder/clone/build/Build/Intermediates.noindex/Nuke.build/Release-iphoneos/Nuke.build/Objects-normal/arm64/Nuke-OutputFileMap.json -use-frontend-parseable-output -save-temps -no-color-diagnostics -explicit-module-build -module-cache-path /Users/builder/clone/build/Build/Intermediates.noindex/SwiftExplicitPrecompiledModules -clang-scanner-module-cache-path /Users/builder/clone/build/ModuleCache.noindex -sdk-module-cache-path /Users/builder/clone/build/ModuleCache.noindex -serialize-diagnostics -emit-dependencies -emit-module -emit-module-path /Users/builder/clone/build/Build/Intermediates.noindex/Nuke.build/Release-iphoneos/Nuke.build/Objects-normal/arm64/Nuke.swiftmodule -user-module-version 13.2.0 -validate-clang-modules-once -clang-build-session-file /Users/builder/clone/build/ModuleCache.noindex/Session.modulevalidation -package-name nuke -Xcc -I/Users/builder/clone/build/Build/Intermediates.noindex/Nuke.build/Release-iphoneos/Nuke.build/swift-overrides.hmap -emit-const-values -Xfrontend -const-gather-protocols-file -Xfrontend /Users/builder/clone/build/Build/Intermediates.noindex/Nuke.build/Release-iphoneos/Nuke.build/Objects-normal/arm64/Nuke_const_extract_protocols.json -Xcc -I/Users/builder/clone/build/Build/Products/Release-iphoneos/include -Xcc -I/Users/builder/clone/build/Build/Intermediates.noindex/Nuke.build/Release-iphoneos/Nuke.build/DerivedSources-normal/arm64 -Xcc -I/Users/builder/clone/build/Build/Intermediates.noindex/Nuke.build/Release-iphoneos/Nuke.build/DerivedSources/arm64 -Xcc -I/Users/builder/clone/build/Build/Intermediates.noindex/Nuke.build/Release-iphoneos/Nuke.build/DerivedSources -Xcc -DSWIFT_PACKAGE -emit-objc-header -emit-objc-header-path /Users/builder/clone/build/Build/Intermediates.noindex/Nuke.build/Release-iphoneos/Nuke.build/Objects-normal/arm64/Nuke-Swift.h -working-directory /Users/builder/clone/IceCubesApp.xcodeproj -no-emit-module-separately-wmo\n\nPrecompileModule /Users/builder/clone/build/Build/Intermediates.noindex/ExplicitPrecompiledModules/_Builtin_stdint-X5I27LHTKVOYCACGT92ZA3V8.scan\n    cd /\n    builtin-precompileModule /Users/builder/clone/build/Build/Intermediates.noindex/ExplicitPrecompiledModules/_Builtin_stdint-X5I27LHTKVOYCACGT92ZA3V8.scan\n\nSwiftMergeGeneratedHeaders /Users/builder/clone/build/Build/Intermediates.noindex/GeneratedModuleMaps-iphoneos/SwiftUIIntrospect-Swift.h /Users/builder/clone/build/Build/Intermediates.noindex/swiftui-introspect.build/Release-iphoneos/SwiftUIIntrospect.build/Objects-normal/arm64/SwiftUIIntrospect-Swift.h (in target 'SwiftUIIntrospect' from project 'swiftui-introspect')\n    cd /Users/builder/clone/build/SourcePackages/checkouts/swiftui-introspect\n    builtin-swiftHeaderTool -arch arm64 /Users/builder/clone/build/Build/Intermediates.noindex/swiftui-introspect.build/Release-iphoneos/SwiftUIIntrospect.build/Objects-normal/arm64/SwiftUIIntrospect-Swift.h -o /Users/builder/clone/build/Build/Intermediates.noindex/GeneratedModuleMaps-iphoneos/SwiftUIIntrospect-Swift.h\n\nCopy /Users/builder/clone/build/Build/Products/Release-iphoneos/SwiftUIIntrospect.swiftmodule/arm64-apple-ios.swiftmodule /Users/builder/clone/build/Build/Intermediates.noindex/swiftui-introspect.build/Release-iphoneos/SwiftUIIntrospect.build/Objects-normal/arm64/SwiftUIIntrospect.swiftmodule (in target 'SwiftUIIntrospect' from project 'swiftui-introspect')\n    cd /Users/builder/clone/build/SourcePackages/checkouts/swiftui-introspect\n    builtin-copy -exclude .DS_Store -exclude CVS -exclude .svn -exclude .git -exclude .hg -strip-unsigned-binaries -strip-deterministic -strip-tool /Applications/Xcode-26.4.app/Contents/Developer/Toolchains/XcodeDefault.xctoolchain/usr/bin/strip -resolve-src-symlinks -rename /Users/builder/clone/build/Build/Intermediates.noindex/swiftui-introspect.build/Release-iphoneos/SwiftUIIntrospect.build/Objects-normal/arm64/SwiftUIIntrospect.swiftmodule /Users/builder/clone/build/Build/Products/Release-iphoneos/SwiftUIIntrospect.swiftmodule/arm64-apple-ios.swiftmodule\n\nCopy /Users/builder/clone/build/Build/Products/Release-iphoneos/SwiftUIIntrospect.swiftmodule/arm64-apple-ios.swiftdoc /Users/builder/clone/build/Build/Intermediates.noindex/swiftui-introspect.build/Release-iphoneos/SwiftUIIntrospect.build/Objects-normal/arm64/SwiftUIIntrospect.swiftdoc (in target 'SwiftUIIntrospect' from project 'swiftui-introspect')\n    cd /Users/builder/clone/build/SourcePackages/checkouts/swiftui-introspect\n    builtin-copy -exclude .DS_Store -exclude CVS -exclude .svn -exclude .git -exclude .hg -strip-unsigned-binaries -strip-deterministic -strip-tool /Applications/Xcode-26.4.app/Contents/Developer/Toolchains/XcodeDefault.xctoolchain/usr/bin/strip -resolve-src-symlinks -rename /Users/builder/clone/build/Build/Intermediates.noindex/swiftui-introspect.build/Release-iphoneos/SwiftUIIntrospect.build/Objects-normal/arm64/SwiftUIIntrospect.swiftdoc /Users/builder/clone/build/Build/Products/Release-iphoneos/SwiftUIIntrospect.swiftmodule/arm64-apple-ios.swiftdoc\n\nCopy /Users/builder/clone/build/Build/Products/Release-iphoneos/SwiftUIIntrospect.swiftmodule/arm64-apple-ios.abi.json /Users/builder/clone/build/Build/Intermediates.noindex/swiftui-introspect.build/Release-iphoneos/SwiftUIIntrospect.build/Objects-normal/arm64/SwiftUIIntrospect.abi.json (in target 'SwiftUIIntrospect' from project 'swiftui-introspect')\n    cd /Users/builder/clone/build/SourcePackages/checkouts/swiftui-introspect\n    builtin-copy -exclude .DS_Store -exclude CVS -exclude .svn -exclude .git -exclude .hg -strip-unsigned-binaries -strip-deterministic -strip-tool /Applications/Xcode-26.4.app/Contents/Developer/Toolchains/XcodeDefault.xctoolchain/usr/bin/strip -resolve-src-symlinks -rename /Users/builder/clone/build/Build/Intermediates.noindex/swiftui-introspect.build/Release-iphoneos/SwiftUIIntrospect.build/Objects-normal/arm64/SwiftUIIntrospect.abi.json /Users/builder/clone/build/Build/Products/Release-iphoneos/SwiftUIIntrospect.swiftmodule/arm64-apple-ios.abi.json\n\nCopy /Users/builder/clone/build/Build/Products/Release-iphoneos/SwiftUIIntrospect.swiftmodule/Project/arm64-apple-ios.swiftsourceinfo /Users/builder/clone/build/Build/Intermediates.noindex/swiftui-introspect.build/Release-iphoneos/SwiftUIIntrospect.build/Objects-normal/arm64/SwiftUIIntrospect.swiftsourceinfo (in target 'SwiftUIIntrospect' from project 'swiftui-introspect')\n    cd /Users/builder/clone/build/SourcePackages/checkouts/swiftui-introspect\n    builtin-copy -exclude .DS_Store -exclude CVS -exclude .svn -exclude .git -exclude .hg -strip-unsigned-binaries -strip-deterministic -strip-tool /Applications/Xcode-26.4.app/Contents/Developer/Toolchains/XcodeDefault.xctoolchain/usr/bin/strip -resolve-src-symlinks -rename /Users/builder/clone/build/Build/Intermediates.noindex/swiftui-introspect.build/Release-iphoneos/SwiftUIIntrospect.build/Objects-normal/arm64/SwiftUIIntrospect.swiftsourceinfo /Users/builder/clone/build/Build/Products/Release-iphoneos/SwiftUIIntrospect.swiftmodule/Project/arm64-apple-ios.swiftsourceinfo\n\nSwiftMergeGeneratedHeaders /Users/builder/clone/build/Build/Intermediates.noindex/GeneratedModuleMaps-iphoneos/Nuke-Swift.h /Users/builder/clone/build/Build/Intermediates.noindex/Nuke.build/Release-iphoneos/Nuke.build/Objects-normal/arm64/Nuke-Swift.h (in target 'Nuke' from project 'Nuke')\n    cd /Users/builder/clone/build/SourcePackages/checkouts/Nuke\n    builtin-swiftHeaderTool -arch arm64 /Users/builder/clone/build/Build/Intermediates.noindex/Nuke.build/Release-iphoneos/Nuke.build/Objects-normal/arm64/Nuke-Swift.h -o /Users/builder/clone/build/Build/Intermediates.noindex/GeneratedModuleMaps-iphoneos/Nuke-Swift.h\n\nCopy /Users/builder/clone/build/Build/Products/Release-iphoneos/Nuke.swiftmodule/arm64-apple-ios.swiftmodule /Users/builder/clone/build/Build/Intermediates.noindex/Nuke.build/Release-iphoneos/Nuke.build/Objects-normal/arm64/Nuke.swiftmodule (in target 'Nuke' from project 'Nuke')\n    cd /Users/builder/clone/build/SourcePackages/checkouts/Nuke\n    builtin-copy -exclude .DS_Store -exclude CVS -exclude .svn -exclude .git -exclude .hg -strip-unsigned-binaries -strip-deterministic -strip-tool /Applications/Xcode-26.4.app/Contents/Developer/Toolchains/XcodeDefault.xctoolchain/usr/bin/strip -resolve-src-symlinks -rename /Users/builder/clone/build/Build/Intermediates.noindex/Nuke.build/Release-iphoneos/Nuke.build/Objects-normal/arm64/Nuke.swiftmodule /Users/builder/clone/build/Build/Products/Release-iphoneos/Nuke.swiftmodule/arm64-apple-ios.swiftmodule\n\nCopy /Users/builder/clone/build/Build/Products/Release-iphoneos/Nuke.swiftmodule/arm64-apple-ios.swiftdoc /Users/builder/clone/build/Build/Intermediates.noindex/Nuke.build/Release-iphoneos/Nuke.build/Objects-normal/arm64/Nuke.swiftdoc (in target 'Nuke' from project 'Nuke')\n    cd /Users/builder/clone/build/SourcePackages/checkouts/Nuke\n    builtin-copy -exclude .DS_Store -exclude CVS -exclude .svn -exclude .git -exclude .hg -strip-unsigned-binaries -strip-deterministic -strip-tool /Applications/Xcode-26.4.app/Contents/Developer/Toolchains/XcodeDefault.xctoolchain/usr/bin/strip -resolve-src-symlinks -rename /Users/builder/clone/build/Build/Intermediates.noindex/Nuke.build/Release-iphoneos/Nuke.build/Objects-normal/arm64/Nuke.swiftdoc /Users/builder/clone/build/Build/Products/Release-iphoneos/Nuke.swiftmodule/arm64-apple-ios.swiftdoc\n\nCopy /Users/builder/clone/build/Build/Products/Release-iphoneos/Nuke.swiftmodule/arm64-apple-ios.abi.json /Users/builder/clone/build/Build/Intermediates.noindex/Nuke.build/Release-iphoneos/Nuke.build/Objects-normal/arm64/Nuke.abi.json (in target 'Nuke' from project 'Nuke')\n    cd /Users/builder/clone/build/SourcePackages/checkouts/Nuke\n    builtin-copy -exclude .DS_Store -exclude CVS -exclude .svn -exclude .git -exclude .hg -strip-unsigned-binaries -strip-deterministic -strip-tool /Applications/Xcode-26.4.app/Contents/Developer/Toolchains/XcodeDefault.xctoolchain/usr/bin/strip -resolve-src-symlinks -rename /Users/builder/clone/build/Build/Intermediates.noindex/Nuke.build/Release-iphoneos/Nuke.build/Objects-normal/arm64/Nuke.abi.json /Users/builder/clone/build/Build/Products/Release-iphoneos/Nuke.swiftmodule/arm64-apple-ios.abi.json\n\nCopy /Users/builder/clone/build/Build/Products/Release-iphoneos/Nuke.swiftmodule/Project/arm64-apple-ios.swiftsourceinfo /Users/builder/clone/build/Build/Intermediates.noindex/Nuke.build/Release-iphoneos/Nuke.build/Objects-normal/arm64/Nuke.swiftsourceinfo (in target 'Nuke' from project 'Nuke')\n    cd /Users/builder/clone/build/SourcePackages/checkouts/Nuke\n    builtin-copy -exclude .DS_Store -exclude CVS -exclude .svn -exclude .git -exclude .hg -strip-unsigned-binaries -strip-deterministic -strip-tool /Applications/Xcode-26.4.app/Contents/Developer/Toolchains/XcodeDefault.xctoolchain/usr/bin/strip -resolve-src-symlinks -rename /Users/builder/clone/build/Build/Intermediates.noindex/Nuke.build/Release-iphoneos/Nuke.build/Objects-normal/arm64/Nuke.swiftsourceinfo /Users/builder/clone/build/Build/Products/Release-iphoneos/Nuke.swiftmodule/Project/arm64-apple-ios.swiftsourceinfo\n\nPrecompileModule /Users/builder/clone/build/Build/Intermediates.noindex/ExplicitPrecompiledModules/_DarwinFoundation3-CDQVS7QOY2OJXDFEMICP274P.scan\n    cd /\n    builtin-precompileModule /Users/builder/clone/build/Build/Intermediates.noindex/ExplicitPrecompiledModules/_DarwinFoundation3-CDQVS7QOY2OJXDFEMICP274P.scan\n\nScanDependencies /Users/builder/clone/build/Build/Intermediates.noindex/cmark-gfm.build/Release-iphoneos/cmark-gfm-extensions.build/Objects-normal/arm64/table.o /Users/builder/clone/build/SourcePackages/checkouts/swift-cmark/extensions/table.c normal arm64 c com.apple.compilers.llvm.clang.1_0.compiler (in target 'cmark-gfm-extensions' from project 'cmark-gfm')\n    cd /Users/builder/clone/IceCubesApp.xcodeproj\n    \n    Using response file: /Users/builder/clone/build/Build/Intermediates.noindex/cmark-gfm.build/Release-iphoneos/cmark-gfm-extensions.build/Objects-normal/arm64/7187679823f38a2a940e0043cdf9d637-common-args.resp\n    \n    builtin-ScanDependencies -o /Users/builder/clone/build/Build/Intermediates.noindex/cmark-gfm.build/Release-iphoneos/cmark-gfm-extensions.build/Objects-normal/arm64/table.o.scan -- /Applications/Xcode-26.4.app/Contents/Developer/Toolchains/XcodeDefault.xctoolchain/usr/bin/clang -x c -ivfsstatcache /Users/builder/clone/build/SDKStatCaches.noindex/iphoneos26.4-23E252-dc38477e7e47e42951976ad86cc01fb3.sdkstatcache -target arm64-apple-ios12.0 -fmessage-length\\=0 -fdiagnostics-show-note-include-stack -fmacro-backtrace-limit\\=0 -fno-color-diagnostics -fmodules-prune-interval\\=86400 -fmodules-prune-after\\=345600 -fbuild-session-file\\=/Users/builder/clone/build/ModuleCache.noindex/Session.modulevalidation -fmodules-validate-once-per-build-session -Wnon-modular-include-in-framework-module -Werror\\=non-modular-include-in-framework-module -Wno-trigraphs -Wno-missing-field-initializers -Wno-missing-prototypes -Wno-return-type -Wno-missing-braces -Wparentheses -Wswitch -Wno-unused-function -Wno-unused-label -Wno-unused-parameter -Wno-unused-variable -Wunused-value -Wno-empty-body -Wno-uninitialized -Wno-unknown-pragmas -w -Wno-shadow -Wno-four-char-constants -Wno-conversion -Wno-constant-conversion -Wno-int-conversion -Wno-bool-conversion -Wno-enum-conversion -Wno-float-conversion -Wno-non-literal-null-conversion -Wno-objc-literal-conversion -Wshorten-64-to-32 -Wpointer-sign -Wno-newline-eof -Wno-implicit-fallthrough -isysroot /Applications/Xcode-26.4.app/Contents/Developer/Platforms/iPhoneOS.platform/Developer/SDKs/iPhoneOS26.4.sdk -fstrict-aliasing -Wdeprecated-declarations -Wno-sign-conversion -Wno-infinite-recursion -Wno-comma -Wno-block-capture-autoreleasing -Wno-strict-prototypes -Wno-semicolon-before-method-body @/Users/builder/clone/build/Build/Intermediates.noindex/cmark-gfm.build/Release-iphoneos/cmark-gfm-extensions.build/Objects-normal/arm64/7187679823f38a2a940e0043cdf9d637-common-args.resp -MMD -MT dependencies -MF /Users/builder/clone/build/Build/Intermediates.noindex/cmark-gfm.build/Release-iphoneos/cmark-gfm-extensions.build/Objects-normal/arm64/table.d --serialize-diagnostics /Users/builder/clone/build/Build/Intermediates.noindex/cmark-gfm.build/Release-iphoneos/cmark-gfm-extensions.build/Objects-normal/arm64/table.dia -c /Users/builder/clone/build/SourcePackages/checkouts/swift-cmark/extensions/table.c -o /Users/builder/clone/build/Build/Intermediates.noindex/cmark-gfm.build/Release-iphoneos/cmark-gfm-extensions.build/Objects-normal/arm64/table.o\n\nPrecompileModule /Users/builder/clone/build/Build/Intermediates.noindex/ExplicitPrecompiledModules/cmark_gfm-DU9VGUGRR2J9YBN0ATH4RBPCO.scan\n    cd /\n    builtin-precompileModule /Users/builder/clone/build/Build/Intermediates.noindex/ExplicitPrecompiledModules/cmark_gfm-DU9VGUGRR2J9YBN0ATH4RBPCO.scan\n\nScanDependencies /Users/builder/clone/build/Build/Intermediates.noindex/cmark-gfm.build/Release-iphoneos/cmark-gfm-extensions.build/Objects-normal/arm64/strikethrough.o /Users/builder/clone/build/SourcePackages/checkouts/swift-cmark/extensions/strikethrough.c normal arm64 c com.apple.compilers.llvm.clang.1_0.compiler (in target 'cmark-gfm-extensions' from project 'cmark-gfm')\n    cd /Users/builder/clone/IceCubesApp.xcodeproj\n    \n    Using response file: /Users/builder/clone/build/Build/Intermediates.noindex/cmark-gfm.build/Release-iphoneos/cmark-gfm-extensions.build/Objects-normal/arm64/7187679823f38a2a940e0043cdf9d637-common-args.resp\n    \n    builtin-ScanDependencies -o /Users/builder/clone/build/Build/Intermediates.noindex/cmark-gfm.build/Release-iphoneos/cmark-gfm-extensions.build/Objects-normal/arm64/strikethrough.o.scan -- /Applications/Xcode-26.4.app/Contents/Developer/Toolchains/XcodeDefault.xctoolchain/usr/bin/clang -x c -ivfsstatcache /Users/builder/clone/build/SDKStatCaches.noindex/iphoneos26.4-23E252-dc38477e7e47e42951976ad86cc01fb3.sdkstatcache -target arm64-apple-ios12.0 -fmessage-length\\=0 -fdiagnostics-show-note-include-stack -fmacro-backtrace-limit\\=0 -fno-color-diagnostics -fmodules-prune-interval\\=86400 -fmodules-prune-after\\=345600 -fbuild-session-file\\=/Users/builder/clone/build/ModuleCache.noindex/Session.modulevalidation -fmodules-validate-once-per-build-session -Wnon-modular-include-in-framework-module -Werror\\=non-modular-include-in-framework-module -Wno-trigraphs -Wno-missing-field-initializers -Wno-missing-prototypes -Wno-return-type -Wno-missing-braces -Wparentheses -Wswitch -Wno-unused-function -Wno-unused-label -Wno-unused-parameter -Wno-unused-variable -Wunused-value -Wno-empty-body -Wno-uninitialized -Wno-unknown-pragmas -w -Wno-shadow -Wno-four-char-constants -Wno-conversion -Wno-constant-conversion -Wno-int-conversion -Wno-bool-conversion -Wno-enum-conversion -Wno-float-conversion -Wno-non-literal-null-conversion -Wno-objc-literal-conversion -Wshorten-64-to-32 -Wpointer-sign -Wno-newline-eof -Wno-implicit-fallthrough -isysroot /Applications/Xcode-26.4.app/Contents/Developer/Platforms/iPhoneOS.platform/Developer/SDKs/iPhoneOS26.4.sdk -fstrict-aliasing -Wdeprecated-declarations -Wno-sign-conversion -Wno-infinite-recursion -Wno-comma -Wno-block-capture-autoreleasing -Wno-strict-prototypes -Wno-semicolon-before-method-body @/Users/builder/clone/build/Build/Intermediates.noindex/cmark-gfm.build/Release-iphoneos/cmark-gfm-extensions.build/Objects-normal/arm64/7187679823f38a2a940e0043cdf9d637-common-args.resp -MMD -MT dependencies -MF /Users/builder/clone/build/Build/Intermediates.noindex/cmark-gfm.build/Release-iphoneos/cmark-gfm-extensions.build/Objects-normal/arm64/strikethrough.d --serialize-diagnostics /Users/builder/clone/build/Build/Intermediates.noindex/cmark-gfm.build/Release-iphoneos/cmark-gfm-extensions.build/Objects-normal/arm64/strikethrough.dia -c /Users/builder/clone/build/SourcePackages/checkouts/swift-cmark/extensions/strikethrough.c -o /Users/builder/clone/build/Build/Intermediates.noindex/cmark-gfm.build/Release-iphoneos/cmark-gfm-extensions.build/Objects-normal/arm64/strikethrough.o\n\nCompileC /Users/builder/clone/build/Build/Intermediates.noindex/cmark-gfm.build/Release-iphoneos/cmark-gfm-extensions.build/Objects-normal/arm64/tasklist.o /Users/builder/clone/build/SourcePackages/checkouts/swift-cmark/extensions/tasklist.c normal arm64 c com.apple.compilers.llvm.clang.1_0.compiler (in target 'cmark-gfm-extensions' from project 'cmark-gfm')\n    cd /Users/builder/clone/IceCubesApp.xcodeproj\n    \n    Using response file: /Users/builder/clone/build/Build/Intermediates.noindex/cmark-gfm.build/Release-iphoneos/cmark-gfm-extensions.build/Objects-normal/arm64/7187679823f38a2a940e0043cdf9d637-common-args.resp\n    \n    /Applications/Xcode-26.4.app/Contents/Developer/Toolchains/XcodeDefault.xctoolchain/usr/bin/clang -x c -ivfsstatcache /Users/builder/clone/build/SDKStatCaches.noindex/iphoneos26.4-23E252-dc38477e7e47e42951976ad86cc01fb3.sdkstatcache -target arm64-apple-ios12.0 -fmessage-length\\=0 -fdiagnostics-show-note-include-stack -fmacro-backtrace-limit\\=0 -fno-color-diagnostics -fmodules-prune-interval\\=86400 -fmodules-prune-after\\=345600 -fbuild-session-file\\=/Users/builder/clone/build/ModuleCache.noindex/Session.modulevalidation -fmodules-validate-once-per-build-session -Wnon-modular-include-in-framework-module -Werror\\=non-modular-include-in-framework-module -Wno-trigraphs -Wno-missing-field-initializers -Wno-missing-prototypes -Wno-return-type -Wno-missing-braces -Wparentheses -Wswitch -Wno-unused-function -Wno-unused-label -Wno-unused-parameter -Wno-unused-variable -Wunused-value -Wno-empty-body -Wno-uninitialized -Wno-unknown-pragmas -w -Wno-shadow -Wno-four-char-constants -Wno-conversion -Wno-constant-conversion -Wno-int-conversion -Wno-bool-conversion -Wno-enum-conversion -Wno-float-conversion -Wno-non-literal-null-conversion -Wno-objc-literal-conversion -Wshorten-64-to-32 -Wpointer-sign -Wno-newline-eof -Wno-implicit-fallthrough -isysroot /Applications/Xcode-26.4.app/Contents/Developer/Platforms/iPhoneOS.platform/Developer/SDKs/iPhoneOS26.4.sdk -fstrict-aliasing -Wdeprecated-declarations -Wno-sign-conversion -Wno-infinite-recursion -Wno-comma -Wno-block-capture-autoreleasing -Wno-strict-prototypes -Wno-semicolon-before-method-body @/Users/builder/clone/build/Build/Intermediates.noindex/cmark-gfm.build/Release-iphoneos/cmark-gfm-extensions.build/Objects-normal/arm64/7187679823f38a2a940e0043cdf9d637-common-args.resp -MMD -MT dependencies -MF /Users/builder/clone/build/Build/Intermediates.noindex/cmark-gfm.build/Release-iphoneos/cmark-gfm-extensions.build/Objects-normal/arm64/tasklist.d --serialize-diagnostics /Users/builder/clone/build/Build/Intermediates.noindex/cmark-gfm.build/Release-iphoneos/cmark-gfm-extensions.build/Objects-normal/arm64/tasklist.dia -c /Users/builder/clone/build/SourcePackages/checkouts/swift-cmark/extensions/tasklist.c -o /Users/builder/clone/build/Build/Intermediates.noindex/cmark-gfm.build/Release-iphoneos/cmark-gfm-extensions.build/Objects-normal/arm64/tasklist.o\n\nCompileC /Users/builder/clone/build/Build/Intermediates.noindex/cmark-gfm.build/Release-iphoneos/cmark-gfm-extensions.build/Objects-normal/arm64/tagfilter.o /Users/builder/clone/build/SourcePackages/checkouts/swift-cmark/extensions/tagfilter.c normal arm64 c com.apple.compilers.llvm.clang.1_0.compiler (in target 'cmark-gfm-extensions' from project 'cmark-gfm')\n    cd /Users/builder/clone/IceCubesApp.xcodeproj\n    \n    Using response file: /Users/builder/clone/build/Build/Intermediates.noindex/cmark-gfm.build/Release-iphoneos/cmark-gfm-extensions.build/Objects-normal/arm64/7187679823f38a2a940e0043cdf9d637-common-args.resp\n    \n    /Applications/Xcode-26.4.app/Contents/Developer/Toolchains/XcodeDefault.xctoolchain/usr/bin/clang -x c -ivfsstatcache /Users/builder/clone/build/SDKStatCaches.noindex/iphoneos26.4-23E252-dc38477e7e47e42951976ad86cc01fb3.sdkstatcache -target arm64-apple-ios12.0 -fmessage-length\\=0 -fdiagnostics-show-note-include-stack -fmacro-backtrace-limit\\=0 -fno-color-diagnostics -fmodules-prune-interval\\=86400 -fmodules-prune-after\\=345600 -fbuild-session-file\\=/Users/builder/clone/build/ModuleCache.noindex/Session.modulevalidation -fmodules-validate-once-per-build-session -Wnon-modular-include-in-framework-module -Werror\\=non-modular-include-in-framework-module -Wno-trigraphs -Wno-missing-field-initializers -Wno-missing-prototypes -Wno-return-type -Wno-missing-braces -Wparentheses -Wswitch -Wno-unused-function -Wno-unused-label -Wno-unused-parameter -Wno-unused-variable -Wunused-value -Wno-empty-body -Wno-uninitialized -Wno-unknown-pragmas -w -Wno-shadow -Wno-four-char-constants -Wno-conversion -Wno-constant-conversion -Wno-int-conversion -Wno-bool-conversion -Wno-enum-conversion -Wno-float-conversion -Wno-non-literal-null-conversion -Wno-objc-literal-conversion -Wshorten-64-to-32 -Wpointer-sign -Wno-newline-eof -Wno-implicit-fallthrough -isysroot /Applications/Xcode-26.4.app/Contents/Developer/Platforms/iPhoneOS.platform/Developer/SDKs/iPhoneOS26.4.sdk -fstrict-aliasing -Wdeprecated-declarations -Wno-sign-conversion -Wno-infinite-recursion -Wno-comma -Wno-block-capture-autoreleasing -Wno-strict-prototypes -Wno-semicolon-before-method-body @/Users/builder/clone/build/Build/Intermediates.noindex/cmark-gfm.build/Release-iphoneos/cmark-gfm-extensions.build/Objects-normal/arm64/7187679823f38a2a940e0043cdf9d637-common-args.resp -MMD -MT dependencies -MF /Users/builder/clone/build/Build/Intermediates.noindex/cmark-gfm.build/Release-iphoneos/cmark-gfm-extensions.build/Objects-normal/arm64/tagfilter.d --serialize-diagnostics /Users/builder/clone/build/Build/Intermediates.noindex/cmark-gfm.build/Release-iphoneos/cmark-gfm-extensions.build/Objects-normal/arm64/tagfilter.dia -c /Users/builder/clone/build/SourcePackages/checkouts/swift-cmark/extensions/tagfilter.c -o /Users/builder/clone/build/Build/Intermediates.noindex/cmark-gfm.build/Release-iphoneos/cmark-gfm-extensions.build/Objects-normal/arm64/tagfilter.o\n\nCompileC /Users/builder/clone/build/Build/Intermediates.noindex/cmark-gfm.build/Release-iphoneos/cmark-gfm-extensions.build/Objects-normal/arm64/table.o /Users/builder/clone/build/SourcePackages/checkouts/swift-cmark/extensions/table.c normal arm64 c com.apple.compilers.llvm.clang.1_0.compiler (in target 'cmark-gfm-extensions' from project 'cmark-gfm')\n    cd /Users/builder/clone/IceCubesApp.xcodeproj\n    \n    Using response file: /Users/builder/clone/build/Build/Intermediates.noindex/cmark-gfm.build/Release-iphoneos/cmark-gfm-extensions.build/Objects-normal/arm64/7187679823f38a2a940e0043cdf9d637-common-args.resp\n    \n    /Applications/Xcode-26.4.app/Contents/Developer/Toolchains/XcodeDefault.xctoolchain/usr/bin/clang -x c -ivfsstatcache /Users/builder/clone/build/SDKStatCaches.noindex/iphoneos26.4-23E252-dc38477e7e47e42951976ad86cc01fb3.sdkstatcache -target arm64-apple-ios12.0 -fmessage-length\\=0 -fdiagnostics-show-note-include-stack -fmacro-backtrace-limit\\=0 -fno-color-diagnostics -fmodules-prune-interval\\=86400 -fmodules-prune-after\\=345600 -fbuild-session-file\\=/Users/builder/clone/build/ModuleCache.noindex/Session.modulevalidation -fmodules-validate-once-per-build-session -Wnon-modular-include-in-framework-module -Werror\\=non-modular-include-in-framework-module -Wno-trigraphs -Wno-missing-field-initializers -Wno-missing-prototypes -Wno-return-type -Wno-missing-braces -Wparentheses -Wswitch -Wno-unused-function -Wno-unused-label -Wno-unused-parameter -Wno-unused-variable -Wunused-value -Wno-empty-body -Wno-uninitialized -Wno-unknown-pragmas -w -Wno-shadow -Wno-four-char-constants -Wno-conversion -Wno-constant-conversion -Wno-int-conversion -Wno-bool-conversion -Wno-enum-conversion -Wno-float-conversion -Wno-non-literal-null-conversion -Wno-objc-literal-conversion -Wshorten-64-to-32 -Wpointer-sign -Wno-newline-eof -Wno-implicit-fallthrough -isysroot /Applications/Xcode-26.4.app/Contents/Developer/Platforms/iPhoneOS.platform/Developer/SDKs/iPhoneOS26.4.sdk -fstrict-aliasing -Wdeprecated-declarations -Wno-sign-conversion -Wno-infinite-recursion -Wno-comma -Wno-block-capture-autoreleasing -Wno-strict-prototypes -Wno-semicolon-before-method-body @/Users/builder/clone/build/Build/Intermediates.noindex/cmark-gfm.build/Release-iphoneos/cmark-gfm-extensions.build/Objects-normal/arm64/7187679823f38a2a940e0043cdf9d637-common-args.resp -MMD -MT dependencies -MF /Users/builder/clone/build/Build/Intermediates.noindex/cmark-gfm.build/Release-iphoneos/cmark-gfm-extensions.build/Objects-normal/arm64/table.d --serialize-diagnostics /Users/builder/clone/build/Build/Intermediates.noindex/cmark-gfm.build/Release-iphoneos/cmark-gfm-extensions.build/Objects-normal/arm64/table.dia -c /Users/builder/clone/build/SourcePackages/checkouts/swift-cmark/extensions/table.c -o /Users/builder/clone/build/Build/Intermediates.noindex/cmark-gfm.build/Release-iphoneos/cmark-gfm-extensions.build/Objects-normal/arm64/table.o\n\nCompileC /Users/builder/clone/build/Build/Intermediates.noindex/cmark-gfm.build/Release-iphoneos/cmark-gfm-extensions.build/Objects-normal/arm64/strikethrough.o /Users/builder/clone/build/SourcePackages/checkouts/swift-cmark/extensions/strikethrough.c normal arm64 c com.apple.compilers.llvm.clang.1_0.compiler (in target 'cmark-gfm-extensions' from project 'cmark-gfm')\n    cd /Users/builder/clone/IceCubesApp.xcodeproj\n    \n    Using response file: /Users/builder/clone/build/Build/Intermediates.noindex/cmark-gfm.build/Release-iphoneos/cmark-gfm-extensions.build/Objects-normal/arm64/7187679823f38a2a940e0043cdf9d637-common-args.resp\n    \n    /Applications/Xcode-26.4.app/Contents/Developer/Toolchains/XcodeDefault.xctoolchain/usr/bin/clang -x c -ivfsstatcache /Users/builder/clone/build/SDKStatCaches.noindex/iphoneos26.4-23E252-dc38477e7e47e42951976ad86cc01fb3.sdkstatcache -target arm64-apple-ios12.0 -fmessage-length\\=0 -fdiagnostics-show-note-include-stack -fmacro-backtrace-limit\\=0 -fno-color-diagnostics -fmodules-prune-interval\\=86400 -fmodules-prune-after\\=345600 -fbuild-session-file\\=/Users/builder/clone/build/ModuleCache.noindex/Session.modulevalidation -fmodules-validate-once-per-build-session -Wnon-modular-include-in-framework-module -Werror\\=non-modular-include-in-framework-module -Wno-trigraphs -Wno-missing-field-initializers -Wno-missing-prototypes -Wno-return-type -Wno-missing-braces -Wparentheses -Wswitch -Wno-unused-function -Wno-unused-label -Wno-unused-parameter -Wno-unused-variable -Wunused-value -Wno-empty-body -Wno-uninitialized -Wno-unknown-pragmas -w -Wno-shadow -Wno-four-char-constants -Wno-conversion -Wno-constant-conversion -Wno-int-conversion -Wno-bool-conversion -Wno-enum-conversion -Wno-float-conversion -Wno-non-literal-null-conversion -Wno-objc-literal-conversion -Wshorten-64-to-32 -Wpointer-sign -Wno-newline-eof -Wno-implicit-fallthrough -isysroot /Applications/Xcode-26.4.app/Contents/Developer/Platforms/iPhoneOS.platform/Developer/SDKs/iPhoneOS26.4.sdk -fstrict-aliasing -Wdeprecated-declarations -Wno-sign-conversion -Wno-infinite-recursion -Wno-comma -Wno-block-capture-autoreleasing -Wno-strict-prototypes -Wno-semicolon-before-method-body @/Users/builder/clone/build/Build/Intermediates.noindex/cmark-gfm.build/Release-iphoneos/cmark-gfm-extensions.build/Objects-normal/arm64/7187679823f38a2a940e0043cdf9d637-common-args.resp -MMD -MT dependencies -MF /Users/builder/clone/build/Build/Intermediates.noindex/cmark-gfm.build/Release-iphoneos/cmark-gfm-extensions.build/Objects-normal/arm64/strikethrough.d --serialize-diagnostics /Users/builder/clone/build/Build/Intermediates.noindex/cmark-gfm.build/Release-iphoneos/cmark-gfm-extensions.build/Objects-normal/arm64/strikethrough.dia -c /Users/builder/clone/build/SourcePackages/checkouts/swift-cmark/extensions/strikethrough.c -o /Users/builder/clone/build/Build/Intermediates.noindex/cmark-gfm.build/Release-iphoneos/cmark-gfm-extensions.build/Objects-normal/arm64/strikethrough.o\n\nScanDependencies /Users/builder/clone/build/Build/Intermediates.noindex/cmark-gfm.build/Release-iphoneos/cmark-gfm-extensions.build/Objects-normal/arm64/ext_scanners.o /Users/builder/clone/build/SourcePackages/checkouts/swift-cmark/extensions/ext_scanners.c normal arm64 c com.apple.compilers.llvm.clang.1_0.compiler (in target 'cmark-gfm-extensions' from project 'cmark-gfm')\n    cd /Users/builder/clone/IceCubesApp.xcodeproj\n    \n    Using response file: /Users/builder/clone/build/Build/Intermediates.noindex/cmark-gfm.build/Release-iphoneos/cmark-gfm-extensions.build/Objects-normal/arm64/7187679823f38a2a940e0043cdf9d637-common-args.resp\n    \n    builtin-ScanDependencies -o /Users/builder/clone/build/Build/Intermediates.noindex/cmark-gfm.build/Release-iphoneos/cmark-gfm-extensions.build/Objects-normal/arm64/ext_scanners.o.scan -- /Applications/Xcode-26.4.app/Contents/Developer/Toolchains/XcodeDefault.xctoolchain/usr/bin/clang -x c -ivfsstatcache /Users/builder/clone/build/SDKStatCaches.noindex/iphoneos26.4-23E252-dc38477e7e47e42951976ad86cc01fb3.sdkstatcache -target arm64-apple-ios12.0 -fmessage-length\\=0 -fdiagnostics-show-note-include-stack -fmacro-backtrace-limit\\=0 -fno-color-diagnostics -fmodules-prune-interval\\=86400 -fmodules-prune-after\\=345600 -fbuild-session-file\\=/Users/builder/clone/build/ModuleCache.noindex/Session.modulevalidation -fmodules-validate-once-per-build-session -Wnon-modular-include-in-framework-module -Werror\\=non-modular-include-in-framework-module -Wno-trigraphs -Wno-missing-field-initializers -Wno-missing-prototypes -Wno-return-type -Wno-missing-braces -Wparentheses -Wswitch -Wno-unused-function -Wno-unused-label -Wno-unused-parameter -Wno-unused-variable -Wunused-value -Wno-empty-body -Wno-uninitialized -Wno-unknown-pragmas -w -Wno-shadow -Wno-four-char-constants -Wno-conversion -Wno-constant-conversion -Wno-int-conversion -Wno-bool-conversion -Wno-enum-conversion -Wno-float-conversion -Wno-non-literal-null-conversion -Wno-objc-literal-conversion -Wshorten-64-to-32 -Wpointer-sign -Wno-newline-eof -Wno-implicit-fallthrough -isysroot /Applications/Xcode-26.4.app/Contents/Developer/Platforms/iPhoneOS.platform/Developer/SDKs/iPhoneOS26.4.sdk -fstrict-aliasing -Wdeprecated-declarations -Wno-sign-conversion -Wno-infinite-recursion -Wno-comma -Wno-block-capture-autoreleasing -Wno-strict-prototypes -Wno-semicolon-before-method-body @/Users/builder/clone/build/Build/Intermediates.noindex/cmark-gfm.build/Release-iphoneos/cmark-gfm-extensions.build/Objects-normal/arm64/7187679823f38a2a940e0043cdf9d637-common-args.resp -MMD -MT dependencies -MF /Users/builder/clone/build/Build/Intermediates.noindex/cmark-gfm.build/Release-iphoneos/cmark-gfm-extensions.build/Objects-normal/arm64/ext_scanners.d --serialize-diagnostics /Users/builder/clone/build/Build/Intermediates.noindex/cmark-gfm.build/Release-iphoneos/cmark-gfm-extensions.build/Objects-normal/arm64/ext_scanners.dia -c /Users/builder/clone/build/SourcePackages/checkouts/swift-cmark/extensions/ext_scanners.c -o /Users/builder/clone/build/Build/Intermediates.noindex/cmark-gfm.build/Release-iphoneos/cmark-gfm-extensions.build/Objects-normal/arm64/ext_scanners.o\n\nScanDependencies /Users/builder/clone/build/Build/Intermediates.noindex/cmark-gfm.build/Release-iphoneos/cmark-gfm-extensions.build/Objects-normal/arm64/core-extensions.o /Users/builder/clone/build/SourcePackages/checkouts/swift-cmark/extensions/core-extensions.c normal arm64 c com.apple.compilers.llvm.clang.1_0.compiler (in target 'cmark-gfm-extensions' from project 'cmark-gfm')\n    cd /Users/builder/clone/IceCubesApp.xcodeproj\n    \n    Using response file: /Users/builder/clone/build/Build/Intermediates.noindex/cmark-gfm.build/Release-iphoneos/cmark-gfm-extensions.build/Objects-normal/arm64/7187679823f38a2a940e0043cdf9d637-common-args.resp\n    \n    builtin-ScanDependencies -o /Users/builder/clone/build/Build/Intermediates.noindex/cmark-gfm.build/Release-iphoneos/cmark-gfm-extensions.build/Objects-normal/arm64/core-extensions.o.scan -- /Applications/Xcode-26.4.app/Contents/Developer/Toolchains/XcodeDefault.xctoolchain/usr/bin/clang -x c -ivfsstatcache /Users/builder/clone/build/SDKStatCaches.noindex/iphoneos26.4-23E252-dc38477e7e47e42951976ad86cc01fb3.sdkstatcache -target arm64-apple-ios12.0 -fmessage-length\\=0 -fdiagnostics-show-note-include-stack -fmacro-backtrace-limit\\=0 -fno-color-diagnostics -fmodules-prune-interval\\=86400 -fmodules-prune-after\\=345600 -fbuild-session-file\\=/Users/builder/clone/build/ModuleCache.noindex/Session.modulevalidation -fmodules-validate-once-per-build-session -Wnon-modular-include-in-framework-module -Werror\\=non-modular-include-in-framework-module -Wno-trigraphs -Wno-missing-field-initializers -Wno-missing-prototypes -Wno-return-type -Wno-missing-braces -Wparentheses -Wswitch -Wno-unused-function -Wno-unused-label -Wno-unused-parameter -Wno-unused-variable -Wunused-value -Wno-empty-body -Wno-uninitialized -Wno-unknown-pragmas -w -Wno-shadow -Wno-four-char-constants -Wno-conversion -Wno-constant-conversion -Wno-int-conversion -Wno-bool-conversion -Wno-enum-conversion -Wno-float-conversion -Wno-non-literal-null-conversion -Wno-objc-literal-conversion -Wshorten-64-to-32 -Wpointer-sign -Wno-newline-eof -Wno-implicit-fallthrough -isysroot /Applications/Xcode-26.4.app/Contents/Developer/Platforms/iPhoneOS.platform/Developer/SDKs/iPhoneOS26.4.sdk -fstrict-aliasing -Wdeprecated-declarations -Wno-sign-conversion -Wno-infinite-recursion -Wno-comma -Wno-block-capture-autoreleasing -Wno-strict-prototypes -Wno-semicolon-before-method-body @/Users/builder/clone/build/Build/Intermediates.noindex/cmark-gfm.build/Release-iphoneos/cmark-gfm-extensions.build/Objects-normal/arm64/7187679823f38a2a940e0043cdf9d637-common-args.resp -MMD -MT dependencies -MF /Users/builder/clone/build/Build/Intermediates.noindex/cmark-gfm.build/Release-iphoneos/cmark-gfm-extensions.build/Objects-normal/arm64/core-extensions.d --serialize-diagnostics /Users/builder/clone/build/Build/Intermediates.noindex/cmark-gfm.build/Release-iphoneos/cmark-gfm-extensions.build/Objects-normal/arm64/core-extensions.dia -c /Users/builder/clone/build/SourcePackages/checkouts/swift-cmark/extensions/core-extensions.c -o /Users/builder/clone/build/Build/Intermediates.noindex/cmark-gfm.build/Release-iphoneos/cmark-gfm-extensions.build/Objects-normal/arm64/core-extensions.o\n\nCompileC /Users/builder/clone/build/Build/Intermediates.noindex/cmark-gfm.build/Release-iphoneos/cmark-gfm-extensions.build/Objects-normal/arm64/ext_scanners.o /Users/builder/clone/build/SourcePackages/checkouts/swift-cmark/extensions/ext_scanners.c normal arm64 c com.apple.compilers.llvm.clang.1_0.compiler (in target 'cmark-gfm-extensions' from project 'cmark-gfm')\n    cd /Users/builder/clone/IceCubesApp.xcodeproj\n    \n    Using response file: /Users/builder/clone/build/Build/Intermediates.noindex/cmark-gfm.build/Release-iphoneos/cmark-gfm-extensions.build/Objects-normal/arm64/7187679823f38a2a940e0043cdf9d637-common-args.resp\n    \n    /Applications/Xcode-26.4.app/Contents/Developer/Toolchains/XcodeDefault.xctoolchain/usr/bin/clang -x c -ivfsstatcache /Users/builder/clone/build/SDKStatCaches.noindex/iphoneos26.4-23E252-dc38477e7e47e42951976ad86cc01fb3.sdkstatcache -target arm64-apple-ios12.0 -fmessage-length\\=0 -fdiagnostics-show-note-include-stack -fmacro-backtrace-limit\\=0 -fno-color-diagnostics -fmodules-prune-interval\\=86400 -fmodules-prune-after\\=345600 -fbuild-session-file\\=/Users/builder/clone/build/ModuleCache.noindex/Session.modulevalidation -fmodules-validate-once-per-build-session -Wnon-modular-include-in-framework-module -Werror\\=non-modular-include-in-framework-module -Wno-trigraphs -Wno-missing-field-initializers -Wno-missing-prototypes -Wno-return-type -Wno-missing-braces -Wparentheses -Wswitch -Wno-unused-function -Wno-unused-label -Wno-unused-parameter -Wno-unused-variable -Wunused-value -Wno-empty-body -Wno-uninitialized -Wno-unknown-pragmas -w -Wno-shadow -Wno-four-char-constants -Wno-conversion -Wno-constant-conversion -Wno-int-conversion -Wno-bool-conversion -Wno-enum-conversion -Wno-float-conversion -Wno-non-literal-null-conversion -Wno-objc-literal-conversion -Wshorten-64-to-32 -Wpointer-sign -Wno-newline-eof -Wno-implicit-fallthrough -isysroot /Applications/Xcode-26.4.app/Contents/Developer/Platforms/iPhoneOS.platform/Developer/SDKs/iPhoneOS26.4.sdk -fstrict-aliasing -Wdeprecated-declarations -Wno-sign-conversion -Wno-infinite-recursion -Wno-comma -Wno-block-capture-autoreleasing -Wno-strict-prototypes -Wno-semicolon-before-method-body @/Users/builder/clone/build/Build/Intermediates.noindex/cmark-gfm.build/Release-iphoneos/cmark-gfm-extensions.build/Objects-normal/arm64/7187679823f38a2a940e0043cdf9d637-common-args.resp -MMD -MT dependencies -MF /Users/builder/clone/build/Build/Intermediates.noindex/cmark-gfm.build/Release-iphoneos/cmark-gfm-extensions.build/Objects-normal/arm64/ext_scanners.d --serialize-diagnostics /Users/builder/clone/build/Build/Intermediates.noindex/cmark-gfm.build/Release-iphoneos/cmark-gfm-extensions.build/Objects-normal/arm64/ext_scanners.dia -c /Users/builder/clone/build/SourcePackages/checkouts/swift-cmark/extensions/ext_scanners.c -o /Users/builder/clone/build/Build/Intermediates.noindex/cmark-gfm.build/Release-iphoneos/cmark-gfm-extensions.build/Objects-normal/arm64/ext_scanners.o\n\nCompileC /Users/builder/clone/build/Build/Intermediates.noindex/cmark-gfm.build/Release-iphoneos/cmark-gfm-extensions.build/Objects-normal/arm64/core-extensions.o /Users/builder/clone/build/SourcePackages/checkouts/swift-cmark/extensions/core-extensions.c normal arm64 c com.apple.compilers.llvm.clang.1_0.compiler (in target 'cmark-gfm-extensions' from project 'cmark-gfm')\n    cd /Users/builder/clone/IceCubesApp.xcodeproj\n    \n    Using response file: /Users/builder/clone/build/Build/Intermediates.noindex/cmark-gfm.build/Release-iphoneos/cmark-gfm-extensions.build/Objects-normal/arm64/7187679823f38a2a940e0043cdf9d637-common-args.resp\n    \n    /Applications/Xcode-26.4.app/Contents/Developer/Toolchains/XcodeDefault.xctoolchain/usr/bin/clang -x c -ivfsstatcache /Users/builder/clone/build/SDKStatCaches.noindex/iphoneos26.4-23E252-dc38477e7e47e42951976ad86cc01fb3.sdkstatcache -target arm64-apple-ios12.0 -fmessage-length\\=0 -fdiagnostics-show-note-include-stack -fmacro-backtrace-limit\\=0 -fno-color-diagnostics -fmodules-prune-interval\\=86400 -fmodules-prune-after\\=345600 -fbuild-session-file\\=/Users/builder/clone/build/ModuleCache.noindex/Session.modulevalidation -fmodules-validate-once-per-build-session -Wnon-modular-include-in-framework-module -Werror\\=non-modular-include-in-framework-module -Wno-trigraphs -Wno-missing-field-initializers -Wno-missing-prototypes -Wno-return-type -Wno-missing-braces -Wparentheses -Wswitch -Wno-unused-function -Wno-unused-label -Wno-unused-parameter -Wno-unused-variable -Wunused-value -Wno-empty-body -Wno-uninitialized -Wno-unknown-pragmas -w -Wno-shadow -Wno-four-char-constants -Wno-conversion -Wno-constant-conversion -Wno-int-conversion -Wno-bool-conversion -Wno-enum-conversion -Wno-float-conversion -Wno-non-literal-null-conversion -Wno-objc-literal-conversion -Wshorten-64-to-32 -Wpointer-sign -Wno-newline-eof -Wno-implicit-fallthrough -isysroot /Applications/Xcode-26.4.app/Contents/Developer/Platforms/iPhoneOS.platform/Developer/SDKs/iPhoneOS26.4.sdk -fstrict-aliasing -Wdeprecated-declarations -Wno-sign-conversion -Wno-infinite-recursion -Wno-comma -Wno-block-capture-autoreleasing -Wno-strict-prototypes -Wno-semicolon-before-method-body @/Users/builder/clone/build/Build/Intermediates.noindex/cmark-gfm.build/Release-iphoneos/cmark-gfm-extensions.build/Objects-normal/arm64/7187679823f38a2a940e0043cdf9d637-common-args.resp -MMD -MT dependencies -MF /Users/builder/clone/build/Build/Intermediates.noindex/cmark-gfm.build/Release-iphoneos/cmark-gfm-extensions.build/Objects-normal/arm64/core-extensions.d --serialize-diagnostics /Users/builder/clone/build/Build/Intermediates.noindex/cmark-gfm.build/Release-iphoneos/cmark-gfm-extensions.build/Objects-normal/arm64/core-extensions.dia -c /Users/builder/clone/build/SourcePackages/checkouts/swift-cmark/extensions/core-extensions.c -o /Users/builder/clone/build/Build/Intermediates.noindex/cmark-gfm.build/Release-iphoneos/cmark-gfm-extensions.build/Objects-normal/arm64/core-extensions.o\n\nScanDependencies /Users/builder/clone/build/Build/Intermediates.noindex/cmark-gfm.build/Release-iphoneos/cmark-gfm-extensions.build/Objects-normal/arm64/autolink.o /Users/builder/clone/build/SourcePackages/checkouts/swift-cmark/extensions/autolink.c normal arm64 c com.apple.compilers.llvm.clang.1_0.compiler (in target 'cmark-gfm-extensions' from project 'cmark-gfm')\n    cd /Users/builder/clone/IceCubesApp.xcodeproj\n    \n    Using response file: /Users/builder/clone/build/Build/Intermediates.noindex/cmark-gfm.build/Release-iphoneos/cmark-gfm-extensions.build/Objects-normal/arm64/7187679823f38a2a940e0043cdf9d637-common-args.resp\n    \n    builtin-ScanDependencies -o /Users/builder/clone/build/Build/Intermediates.noindex/cmark-gfm.build/Release-iphoneos/cmark-gfm-extensions.build/Objects-normal/arm64/autolink.o.scan -- /Applications/Xcode-26.4.app/Contents/Developer/Toolchains/XcodeDefault.xctoolchain/usr/bin/clang -x c -ivfsstatcache /Users/builder/clone/build/SDKStatCaches.noindex/iphoneos26.4-23E252-dc38477e7e47e42951976ad86cc01fb3.sdkstatcache -target arm64-apple-ios12.0 -fmessage-length\\=0 -fdiagnostics-show-note-include-stack -fmacro-backtrace-limit\\=0 -fno-color-diagnostics -fmodules-prune-interval\\=86400 -fmodules-prune-after\\=345600 -fbuild-session-file\\=/Users/builder/clone/build/ModuleCache.noindex/Session.modulevalidation -fmodules-validate-once-per-build-session -Wnon-modular-include-in-framework-module -Werror\\=non-modular-include-in-framework-module -Wno-trigraphs -Wno-missing-field-initializers -Wno-missing-prototypes -Wno-return-type -Wno-missing-braces -Wparentheses -Wswitch -Wno-unused-function -Wno-unused-label -Wno-unused-parameter -Wno-unused-variable -Wunused-value -Wno-empty-body -Wno-uninitialized -Wno-unknown-pragmas -w -Wno-shadow -Wno-four-char-constants -Wno-conversion -Wno-constant-conversion -Wno-int-conversion -Wno-bool-conversion -Wno-enum-conversion -Wno-float-conversion -Wno-non-literal-null-conversion -Wno-objc-literal-conversion -Wshorten-64-to-32 -Wpointer-sign -Wno-newline-eof -Wno-implicit-fallthrough -isysroot /Applications/Xcode-26.4.app/Contents/Developer/Platforms/iPhoneOS.platform/Developer/SDKs/iPhoneOS26.4.sdk -fstrict-aliasing -Wdeprecated-declarations -Wno-sign-conversion -Wno-infinite-recursion -Wno-comma -Wno-block-capture-autoreleasing -Wno-strict-prototypes -Wno-semicolon-before-method-body @/Users/builder/clone/build/Build/Intermediates.noindex/cmark-gfm.build/Release-iphoneos/cmark-gfm-extensions.build/Objects-normal/arm64/7187679823f38a2a940e0043cdf9d637-common-args.resp -MMD -MT dependencies -MF /Users/builder/clone/build/Build/Intermediates.noindex/cmark-gfm.build/Release-iphoneos/cmark-gfm-extensions.build/Objects-normal/arm64/autolink.d --serialize-diagnostics /Users/builder/clone/build/Build/Intermediates.noindex/cmark-gfm.build/Release-iphoneos/cmark-gfm-extensions.build/Objects-normal/arm64/autolink.dia -c /Users/builder/clone/build/SourcePackages/checkouts/swift-cmark/extensions/autolink.c -o /Users/builder/clone/build/Build/Intermediates.noindex/cmark-gfm.build/Release-iphoneos/cmark-gfm-extensions.build/Objects-normal/arm64/autolink.o\n\nScanDependencies /Users/builder/clone/build/Build/Intermediates.noindex/cmark-gfm.build/Release-iphoneos/cmark-gfm.build/Objects-normal/arm64/xml.o /Users/builder/clone/build/SourcePackages/checkouts/swift-cmark/src/xml.c normal arm64 c com.apple.compilers.llvm.clang.1_0.compiler (in target 'cmark-gfm' from project 'cmark-gfm')\n    cd /Users/builder/clone/IceCubesApp.xcodeproj\n    \n    Using response file: /Users/builder/clone/build/Build/Intermediates.noindex/cmark-gfm.build/Release-iphoneos/cmark-gfm.build/Objects-normal/arm64/7187679823f38a2a940e0043cdf9d637-common-args.resp\n    \n    builtin-ScanDependencies -o /Users/builder/clone/build/Build/Intermediates.noindex/cmark-gfm.build/Release-iphoneos/cmark-gfm.build/Objects-normal/arm64/xml.o.scan -- /Applications/Xcode-26.4.app/Contents/Developer/Toolchains/XcodeDefault.xctoolchain/usr/bin/clang -x c -ivfsstatcache /Users/builder/clone/build/SDKStatCaches.noindex/iphoneos26.4-23E252-dc38477e7e47e42951976ad86cc01fb3.sdkstatcache -target arm64-apple-ios12.0 -fmessage-length\\=0 -fdiagnostics-show-note-include-stack -fmacro-backtrace-limit\\=0 -fno-color-diagnostics -fmodules-prune-interval\\=86400 -fmodules-prune-after\\=345600 -fbuild-session-file\\=/Users/builder/clone/build/ModuleCache.noindex/Session.modulevalidation -fmodules-validate-once-per-build-session -Wnon-modular-include-in-framework-module -Werror\\=non-modular-include-in-framework-module -Wno-trigraphs -Wno-missing-field-initializers -Wno-missing-prototypes -Wno-return-type -Wno-missing-braces -Wparentheses -Wswitch -Wno-unused-function -Wno-unused-label -Wno-unused-parameter -Wno-unused-variable -Wunused-value -Wno-empty-body -Wno-uninitialized -Wno-unknown-pragmas -w -Wno-shadow -Wno-four-char-constants -Wno-conversion -Wno-constant-conversion -Wno-int-conversion -Wno-bool-conversion -Wno-enum-conversion -Wno-float-conversion -Wno-non-literal-null-conversion -Wno-objc-literal-conversion -Wshorten-64-to-32 -Wpointer-sign -Wno-newline-eof -Wno-implicit-fallthrough -isysroot /Applications/Xcode-26.4.app/Contents/Developer/Platforms/iPhoneOS.platform/Developer/SDKs/iPhoneOS26.4.sdk -fstrict-aliasing -Wdeprecated-declarations -Wno-sign-conversion -Wno-infinite-recursion -Wno-comma -Wno-block-capture-autoreleasing -Wno-strict-prototypes -Wno-semicolon-before-method-body @/Users/builder/clone/build/Build/Intermediates.noindex/cmark-gfm.build/Release-iphoneos/cmark-gfm.build/Objects-normal/arm64/7187679823f38a2a940e0043cdf9d637-common-args.resp -MMD -MT dependencies -MF /Users/builder/clone/build/Build/Intermediates.noindex/cmark-gfm.build/Release-iphoneos/cmark-gfm.build/Objects-normal/arm64/xml.d --serialize-diagnostics /Users/builder/clone/build/Build/Intermediates.noindex/cmark-gfm.build/Release-iphoneos/cmark-gfm.build/Objects-normal/arm64/xml.dia -c /Users/builder/clone/build/SourcePackages/checkouts/swift-cmark/src/xml.c -o /Users/builder/clone/build/Build/Intermediates.noindex/cmark-gfm.build/Release-iphoneos/cmark-gfm.build/Objects-normal/arm64/xml.o\n\nPrecompileModule /Users/builder/clone/build/Build/Intermediates.noindex/ExplicitPrecompiledModules/_Builtin_inttypes-8PFPKNF7HJY03KWPZKTET1FAG.scan\n    cd /\n    builtin-precompileModule /Users/builder/clone/build/Build/Intermediates.noindex/ExplicitPrecompiledModules/_Builtin_inttypes-8PFPKNF7HJY03KWPZKTET1FAG.scan\n\nCompileC /Users/builder/clone/build/Build/Intermediates.noindex/cmark-gfm.build/Release-iphoneos/cmark-gfm.build/Objects-normal/arm64/xml.o /Users/builder/clone/build/SourcePackages/checkouts/swift-cmark/src/xml.c normal arm64 c com.apple.compilers.llvm.clang.1_0.compiler (in target 'cmark-gfm' from project 'cmark-gfm')\n    cd /Users/builder/clone/IceCubesApp.xcodeproj\n    \n    Using response file: /Users/builder/clone/build/Build/Intermediates.noindex/cmark-gfm.build/Release-iphoneos/cmark-gfm.build/Objects-normal/arm64/7187679823f38a2a940e0043cdf9d637-common-args.resp\n    \n    /Applications/Xcode-26.4.app/Contents/Developer/Toolchains/XcodeDefault.xctoolchain/usr/bin/clang -x c -ivfsstatcache /Users/builder/clone/build/SDKStatCaches.noindex/iphoneos26.4-23E252-dc38477e7e47e42951976ad86cc01fb3.sdkstatcache -target arm64-apple-ios12.0 -fmessage-length\\=0 -fdiagnostics-show-note-include-stack -fmacro-backtrace-limit\\=0 -fno-color-diagnostics -fmodules-prune-interval\\=86400 -fmodules-prune-after\\=345600 -fbuild-session-file\\=/Users/builder/clone/build/ModuleCache.noindex/Session.modulevalidation -fmodules-validate-once-per-build-session -Wnon-modular-include-in-framework-module -Werror\\=non-modular-include-in-framework-module -Wno-trigraphs -Wno-missing-field-initializers -Wno-missing-prototypes -Wno-return-type -Wno-missing-braces -Wparentheses -Wswitch -Wno-unused-function -Wno-unused-label -Wno-unused-parameter -Wno-unused-variable -Wunused-value -Wno-empty-body -Wno-uninitialized -Wno-unknown-pragmas -w -Wno-shadow -Wno-four-char-constants -Wno-conversion -Wno-constant-conversion -Wno-int-conversion -Wno-bool-conversion -Wno-enum-conversion -Wno-float-conversion -Wno-non-literal-null-conversion -Wno-objc-literal-conversion -Wshorten-64-to-32 -Wpointer-sign -Wno-newline-eof -Wno-implicit-fallthrough -isysroot /Applications/Xcode-26.4.app/Contents/Developer/Platforms/iPhoneOS.platform/Developer/SDKs/iPhoneOS26.4.sdk -fstrict-aliasing -Wdeprecated-declarations -Wno-sign-conversion -Wno-infinite-recursion -Wno-comma -Wno-block-capture-autoreleasing -Wno-strict-prototypes -Wno-semicolon-before-method-body @/Users/builder/clone/build/Build/Intermediates.noindex/cmark-gfm.build/Release-iphoneos/cmark-gfm.build/Objects-normal/arm64/7187679823f38a2a940e0043cdf9d637-common-args.resp -MMD -MT dependencies -MF /Users/builder/clone/build/Build/Intermediates.noindex/cmark-gfm.build/Release-iphoneos/cmark-gfm.build/Objects-normal/arm64/xml.d --serialize-diagnostics /Users/builder/clone/build/Build/Intermediates.noindex/cmark-gfm.build/Release-iphoneos/cmark-gfm.build/Objects-normal/arm64/xml.dia -c /Users/builder/clone/build/SourcePackages/checkouts/swift-cmark/src/xml.c -o /Users/builder/clone/build/Build/Intermediates.noindex/cmark-gfm.build/Release-iphoneos/cmark-gfm.build/Objects-normal/arm64/xml.o\n\nPrecompileModule /Users/builder/clone/build/Build/Intermediates.noindex/ExplicitPrecompiledModules/Darwin-CTJIJ8YQQR5YB9YM7KIHM4ZF1.scan\n    cd /\n    builtin-precompileModule /Users/builder/clone/build/Build/Intermediates.noindex/ExplicitPrecompiledModules/Darwin-CTJIJ8YQQR5YB9YM7KIHM4ZF1.scan\n\nScanDependencies /Users/builder/clone/build/Build/Intermediates.noindex/cmark-gfm.build/Release-iphoneos/cmark-gfm.build/Objects-normal/arm64/utf8.o /Users/builder/clone/build/SourcePackages/checkouts/swift-cmark/src/utf8.c normal arm64 c com.apple.compilers.llvm.clang.1_0.compiler (in target 'cmark-gfm' from project 'cmark-gfm')\n    cd /Users/builder/clone/IceCubesApp.xcodeproj\n    \n    Using response file: /Users/builder/clone/build/Build/Intermediates.noindex/cmark-gfm.build/Release-iphoneos/cmark-gfm.build/Objects-normal/arm64/7187679823f38a2a940e0043cdf9d637-common-args.resp\n    \n    builtin-ScanDependencies -o /Users/builder/clone/build/Build/Intermediates.noindex/cmark-gfm.build/Release-iphoneos/cmark-gfm.build/Objects-normal/arm64/utf8.o.scan -- /Applications/Xcode-26.4.app/Contents/Developer/Toolchains/XcodeDefault.xctoolchain/usr/bin/clang -x c -ivfsstatcache /Users/builder/clone/build/SDKStatCaches.noindex/iphoneos26.4-23E252-dc38477e7e47e42951976ad86cc01fb3.sdkstatcache -target arm64-apple-ios12.0 -fmessage-length\\=0 -fdiagnostics-show-note-include-stack -fmacro-backtrace-limit\\=0 -fno-color-diagnostics -fmodules-prune-interval\\=86400 -fmodules-prune-after\\=345600 -fbuild-session-file\\=/Users/builder/clone/build/ModuleCache.noindex/Session.modulevalidation -fmodules-validate-once-per-build-session -Wnon-modular-include-in-framework-module -Werror\\=non-modular-include-in-framework-module -Wno-trigraphs -Wno-missing-field-initializers -Wno-missing-prototypes -Wno-return-type -Wno-missing-braces -Wparentheses -Wswitch -Wno-unused-function -Wno-unused-label -Wno-unused-parameter -Wno-unused-variable -Wunused-value -Wno-empty-body -Wno-uninitialized -Wno-unknown-pragmas -w -Wno-shadow -Wno-four-char-constants -Wno-conversion -Wno-constant-conversion -Wno-int-conversion -Wno-bool-conversion -Wno-enum-conversion -Wno-float-conversion -Wno-non-literal-null-conversion -Wno-objc-literal-conversion -Wshorten-64-to-32 -Wpointer-sign -Wno-newline-eof -Wno-implicit-fallthrough -isysroot /Applications/Xcode-26.4.app/Contents/Developer/Platforms/iPhoneOS.platform/Developer/SDKs/iPhoneOS26.4.sdk -fstrict-aliasing -Wdeprecated-declarations -Wno-sign-conversion -Wno-infinite-recursion -Wno-comma -Wno-block-capture-autoreleasing -Wno-strict-prototypes -Wno-semicolon-before-method-body @/Users/builder/clone/build/Build/Intermediates.noindex/cmark-gfm.build/Release-iphoneos/cmark-gfm.build/Objects-normal/arm64/7187679823f38a2a940e0043cdf9d637-common-args.resp -MMD -MT dependencies -MF /Users/builder/clone/build/Build/Intermediates.noindex/cmark-gfm.build/Release-iphoneos/cmark-gfm.build/Objects-normal/arm64/utf8.d --serialize-diagnostics /Users/builder/clone/build/Build/Intermediates.noindex/cmark-gfm.build/Release-iphoneos/cmark-gfm.build/Objects-normal/arm64/utf8.dia -c /Users/builder/clone/build/SourcePackages/checkouts/swift-cmark/src/utf8.c -o /Users/builder/clone/build/Build/Intermediates.noindex/cmark-gfm.build/Release-iphoneos/cmark-gfm.build/Objects-normal/arm64/utf8.o\n\nCompileC /Users/builder/clone/build/Build/Intermediates.noindex/cmark-gfm.build/Release-iphoneos/cmark-gfm-extensions.build/Objects-normal/arm64/autolink.o /Users/builder/clone/build/SourcePackages/checkouts/swift-cmark/extensions/autolink.c normal arm64 c com.apple.compilers.llvm.clang.1_0.compiler (in target 'cmark-gfm-extensions' from project 'cmark-gfm')\n    cd /Users/builder/clone/IceCubesApp.xcodeproj\n    \n    Using response file: /Users/builder/clone/build/Build/Intermediates.noindex/cmark-gfm.build/Release-iphoneos/cmark-gfm-extensions.build/Objects-normal/arm64/7187679823f38a2a940e0043cdf9d637-common-args.resp\n    \n    /Applications/Xcode-26.4.app/Contents/Developer/Toolchains/XcodeDefault.xctoolchain/usr/bin/clang -x c -ivfsstatcache /Users/builder/clone/build/SDKStatCaches.noindex/iphoneos26.4-23E252-dc38477e7e47e42951976ad86cc01fb3.sdkstatcache -target arm64-apple-ios12.0 -fmessage-length\\=0 -fdiagnostics-show-note-include-stack -fmacro-backtrace-limit\\=0 -fno-color-diagnostics -fmodules-prune-interval\\=86400 -fmodules-prune-after\\=345600 -fbuild-session-file\\=/Users/builder/clone/build/ModuleCache.noindex/Session.modulevalidation -fmodules-validate-once-per-build-session -Wnon-modular-include-in-framework-module -Werror\\=non-modular-include-in-framework-module -Wno-trigraphs -Wno-missing-field-initializers -Wno-missing-prototypes -Wno-return-type -Wno-missing-braces -Wparentheses -Wswitch -Wno-unused-function -Wno-unused-label -Wno-unused-parameter -Wno-unused-variable -Wunused-value -Wno-empty-body -Wno-uninitialized -Wno-unknown-pragmas -w -Wno-shadow -Wno-four-char-constants -Wno-conversion -Wno-constant-conversion -Wno-int-conversion -Wno-bool-conversion -Wno-enum-conversion -Wno-float-conversion -Wno-non-literal-null-conversion -Wno-objc-literal-conversion -Wshorten-64-to-32 -Wpointer-sign -Wno-newline-eof -Wno-implicit-fallthrough -isysroot /Applications/Xcode-26.4.app/Contents/Developer/Platforms/iPhoneOS.platform/Developer/SDKs/iPhoneOS26.4.sdk -fstrict-aliasing -Wdeprecated-declarations -Wno-sign-conversion -Wno-infinite-recursion -Wno-comma -Wno-block-capture-autoreleasing -Wno-strict-prototypes -Wno-semicolon-before-method-body @/Users/builder/clone/build/Build/Intermediates.noindex/cmark-gfm.build/Release-iphoneos/cmark-gfm-extensions.build/Objects-normal/arm64/7187679823f38a2a940e0043cdf9d637-common-args.resp -MMD -MT dependencies -MF /Users/builder/clone/build/Build/Intermediates.noindex/cmark-gfm.build/Release-iphoneos/cmark-gfm-extensions.build/Objects-normal/arm64/autolink.d --serialize-diagnostics /Users/builder/clone/build/Build/Intermediates.noindex/cmark-gfm.build/Release-iphoneos/cmark-gfm-extensions.build/Objects-normal/arm64/autolink.dia -c /Users/builder/clone/build/SourcePackages/checkouts/swift-cmark/extensions/autolink.c -o /Users/builder/clone/build/Build/Intermediates.noindex/cmark-gfm.build/Release-iphoneos/cmark-gfm-extensions.build/Objects-normal/arm64/autolink.o\n\nCompileC /Users/builder/clone/build/Build/Intermediates.noindex/cmark-gfm.build/Release-iphoneos/cmark-gfm.build/Objects-normal/arm64/utf8.o /Users/builder/clone/build/SourcePackages/checkouts/swift-cmark/src/utf8.c normal arm64 c com.apple.compilers.llvm.clang.1_0.compiler (in target 'cmark-gfm' from project 'cmark-gfm')\n    cd /Users/builder/clone/IceCubesApp.xcodeproj\n    \n    Using response file: /Users/builder/clone/build/Build/Intermediates.noindex/cmark-gfm.build/Release-iphoneos/cmark-gfm.build/Objects-normal/arm64/7187679823f38a2a940e0043cdf9d637-common-args.resp\n    \n    /Applications/Xcode-26.4.app/Contents/Developer/Toolchains/XcodeDefault.xctoolchain/usr/bin/clang -x c -ivfsstatcache /Users/builder/clone/build/SDKStatCaches.noindex/iphoneos26.4-23E252-dc38477e7e47e42951976ad86cc01fb3.sdkstatcache -target arm64-apple-ios12.0 -fmessage-length\\=0 -fdiagnostics-show-note-include-stack -fmacro-backtrace-limit\\=0 -fno-color-diagnostics -fmodules-prune-interval\\=86400 -fmodules-prune-after\\=345600 -fbuild-session-file\\=/Users/builder/clone/build/ModuleCache.noindex/Session.modulevalidation -fmodules-validate-once-per-build-session -Wnon-modular-include-in-framework-module -Werror\\=non-modular-include-in-framework-module -Wno-trigraphs -Wno-missing-field-initializers -Wno-missing-prototypes -Wno-return-type -Wno-missing-braces -Wparentheses -Wswitch -Wno-unused-function -Wno-unused-label -Wno-unused-parameter -Wno-unused-variable -Wunused-value -Wno-empty-body -Wno-uninitialized -Wno-unknown-pragmas -w -Wno-shadow -Wno-four-char-constants -Wno-conversion -Wno-constant-conversion -Wno-int-conversion -Wno-bool-conversion -Wno-enum-conversion -Wno-float-conversion -Wno-non-literal-null-conversion -Wno-objc-literal-conversion -Wshorten-64-to-32 -Wpointer-sign -Wno-newline-eof -Wno-implicit-fallthrough -isysroot /Applications/Xcode-26.4.app/Contents/Developer/Platforms/iPhoneOS.platform/Developer/SDKs/iPhoneOS26.4.sdk -fstrict-aliasing -Wdeprecated-declarations -Wno-sign-conversion -Wno-infinite-recursion -Wno-comma -Wno-block-capture-autoreleasing -Wno-strict-prototypes -Wno-semicolon-before-method-body @/Users/builder/clone/build/Build/Intermediates.noindex/cmark-gfm.build/Release-iphoneos/cmark-gfm.build/Objects-normal/arm64/7187679823f38a2a940e0043cdf9d637-common-args.resp -MMD -MT dependencies -MF /Users/builder/clone/build/Build/Intermediates.noindex/cmark-gfm.build/Release-iphoneos/cmark-gfm.build/Objects-normal/arm64/utf8.d --serialize-diagnostics /Users/builder/clone/build/Build/Intermediates.noindex/cmark-gfm.build/Release-iphoneos/cmark-gfm.build/Objects-normal/arm64/utf8.dia -c /Users/builder/clone/build/SourcePackages/checkouts/swift-cmark/src/utf8.c -o /Users/builder/clone/build/Build/Intermediates.noindex/cmark-gfm.build/Release-iphoneos/cmark-gfm.build/Objects-normal/arm64/utf8.o\n\nScanDependencies /Users/builder/clone/build/Build/Intermediates.noindex/cmark-gfm.build/Release-iphoneos/cmark-gfm.build/Objects-normal/arm64/syntax_extension.o /Users/builder/clone/build/SourcePackages/checkouts/swift-cmark/src/syntax_extension.c normal arm64 c com.apple.compilers.llvm.clang.1_0.compiler (in target 'cmark-gfm' from project 'cmark-gfm')\n    cd /Users/builder/clone/IceCubesApp.xcodeproj\n    \n    Using response file: /Users/builder/clone/build/Build/Intermediates.noindex/cmark-gfm.build/Release-iphoneos/cmark-gfm.build/Objects-normal/arm64/7187679823f38a2a940e0043cdf9d637-common-args.resp\n    \n    builtin-ScanDependencies -o /Users/builder/clone/build/Build/Intermediates.noindex/cmark-gfm.build/Release-iphoneos/cmark-gfm.build/Objects-normal/arm64/syntax_extension.o.scan -- /Applications/Xcode-26.4.app/Contents/Developer/Toolchains/XcodeDefault.xctoolchain/usr/bin/clang -x c -ivfsstatcache /Users/builder/clone/build/SDKStatCaches.noindex/iphoneos26.4-23E252-dc38477e7e47e42951976ad86cc01fb3.sdkstatcache -target arm64-apple-ios12.0 -fmessage-length\\=0 -fdiagnostics-show-note-include-stack -fmacro-backtrace-limit\\=0 -fno-color-diagnostics -fmodules-prune-interval\\=86400 -fmodules-prune-after\\=345600 -fbuild-session-file\\=/Users/builder/clone/build/ModuleCache.noindex/Session.modulevalidation -fmodules-validate-once-per-build-session -Wnon-modular-include-in-framework-module -Werror\\=non-modular-include-in-framework-module -Wno-trigraphs -Wno-missing-field-initializers -Wno-missing-prototypes -Wno-return-type -Wno-missing-braces -Wparentheses -Wswitch -Wno-unused-function -Wno-unused-label -Wno-unused-parameter -Wno-unused-variable -Wunused-value -Wno-empty-body -Wno-uninitialized -Wno-unknown-pragmas -w -Wno-shadow -Wno-four-char-constants -Wno-conversion -Wno-constant-conversion -Wno-int-conversion -Wno-bool-conversion -Wno-enum-conversion -Wno-float-conversion -Wno-non-literal-null-conversion -Wno-objc-literal-conversion -Wshorten-64-to-32 -Wpointer-sign -Wno-newline-eof -Wno-implicit-fallthrough -isysroot /Applications/Xcode-26.4.app/Contents/Developer/Platforms/iPhoneOS.platform/Developer/SDKs/iPhoneOS26.4.sdk -fstrict-aliasing -Wdeprecated-declarations -Wno-sign-conversion -Wno-infinite-recursion -Wno-comma -Wno-block-capture-autoreleasing -Wno-strict-prototypes -Wno-semicolon-before-method-body @/Users/builder/clone/build/Build/Intermediates.noindex/cmark-gfm.build/Release-iphoneos/cmark-gfm.build/Objects-normal/arm64/7187679823f38a2a940e0043cdf9d637-common-args.resp -MMD -MT dependencies -MF /Users/builder/clone/build/Build/Intermediates.noindex/cmark-gfm.build/Release-iphoneos/cmark-gfm.build/Objects-normal/arm64/syntax_extension.d --serialize-diagnostics /Users/builder/clone/build/Build/Intermediates.noindex/cmark-gfm.build/Release-iphoneos/cmark-gfm.build/Objects-normal/arm64/syntax_extension.dia -c /Users/builder/clone/build/SourcePackages/checkouts/swift-cmark/src/syntax_extension.c -o /Users/builder/clone/build/Build/Intermediates.noindex/cmark-gfm.build/Release-iphoneos/cmark-gfm.build/Objects-normal/arm64/syntax_extension.o\n\nScanDependencies /Users/builder/clone/build/Build/Intermediates.noindex/cmark-gfm.build/Release-iphoneos/cmark-gfm.build/Objects-normal/arm64/scanners.o /Users/builder/clone/build/SourcePackages/checkouts/swift-cmark/src/scanners.c normal arm64 c com.apple.compilers.llvm.clang.1_0.compiler (in target 'cmark-gfm' from project 'cmark-gfm')\n    cd /Users/builder/clone/IceCubesApp.xcodeproj\n    \n    Using response file: /Users/builder/clone/build/Build/Intermediates.noindex/cmark-gfm.build/Release-iphoneos/cmark-gfm.build/Objects-normal/arm64/7187679823f38a2a940e0043cdf9d637-common-args.resp\n    \n    builtin-ScanDependencies -o /Users/builder/clone/build/Build/Intermediates.noindex/cmark-gfm.build/Release-iphoneos/cmark-gfm.build/Objects-normal/arm64/scanners.o.scan -- /Applications/Xcode-26.4.app/Contents/Developer/Toolchains/XcodeDefault.xctoolchain/usr/bin/clang -x c -ivfsstatcache /Users/builder/clone/build/SDKStatCaches.noindex/iphoneos26.4-23E252-dc38477e7e47e42951976ad86cc01fb3.sdkstatcache -target arm64-apple-ios12.0 -fmessage-length\\=0 -fdiagnostics-show-note-include-stack -fmacro-backtrace-limit\\=0 -fno-color-diagnostics -fmodules-prune-interval\\=86400 -fmodules-prune-after\\=345600 -fbuild-session-file\\=/Users/builder/clone/build/ModuleCache.noindex/Session.modulevalidation -fmodules-validate-once-per-build-session -Wnon-modular-include-in-framework-module -Werror\\=non-modular-include-in-framework-module -Wno-trigraphs -Wno-missing-field-initializers -Wno-missing-prototypes -Wno-return-type -Wno-missing-braces -Wparentheses -Wswitch -Wno-unused-function -Wno-unused-label -Wno-unused-parameter -Wno-unused-variable -Wunused-value -Wno-empty-body -Wno-uninitialized -Wno-unknown-pragmas -w -Wno-shadow -Wno-four-char-constants -Wno-conversion -Wno-constant-conversion -Wno-int-conversion -Wno-bool-conversion -Wno-enum-conversion -Wno-float-conversion -Wno-non-literal-null-conversion -Wno-objc-literal-conversion -Wshorten-64-to-32 -Wpointer-sign -Wno-newline-eof -Wno-implicit-fallthrough -isysroot /Applications/Xcode-26.4.app/Contents/Developer/Platforms/iPhoneOS.platform/Developer/SDKs/iPhoneOS26.4.sdk -fstrict-aliasing -Wdeprecated-declarations -Wno-sign-conversion -Wno-infinite-recursion -Wno-comma -Wno-block-capture-autoreleasing -Wno-strict-prototypes -Wno-semicolon-before-method-body @/Users/builder/clone/build/Build/Intermediates.noindex/cmark-gfm.build/Release-iphoneos/cmark-gfm.build/Objects-normal/arm64/7187679823f38a2a940e0043cdf9d637-common-args.resp -MMD -MT dependencies -MF /Users/builder/clone/build/Build/Intermediates.noindex/cmark-gfm.build/Release-iphoneos/cmark-gfm.build/Objects-normal/arm64/scanners.d --serialize-diagnostics /Users/builder/clone/build/Build/Intermediates.noindex/cmark-gfm.build/Release-iphoneos/cmark-gfm.build/Objects-normal/arm64/scanners.dia -c /Users/builder/clone/build/SourcePackages/checkouts/swift-cmark/src/scanners.c -o /Users/builder/clone/build/Build/Intermediates.noindex/cmark-gfm.build/Release-iphoneos/cmark-gfm.build/Objects-normal/arm64/scanners.o\n\nCompileC /Users/builder/clone/build/Build/Intermediates.noindex/cmark-gfm.build/Release-iphoneos/cmark-gfm.build/Objects-normal/arm64/syntax_extension.o /Users/builder/clone/build/SourcePackages/checkouts/swift-cmark/src/syntax_extension.c normal arm64 c com.apple.compilers.llvm.clang.1_0.compiler (in target 'cmark-gfm' from project 'cmark-gfm')\n    cd /Users/builder/clone/IceCubesApp.xcodeproj\n    \n    Using response file: /Users/builder/clone/build/Build/Intermediates.noindex/cmark-gfm.build/Release-iphoneos/cmark-gfm.build/Objects-normal/arm64/7187679823f38a2a940e0043cdf9d637-common-args.resp\n    \n    /Applications/Xcode-26.4.app/Contents/Developer/Toolchains/XcodeDefault.xctoolchain/usr/bin/clang -x c -ivfsstatcache /Users/builder/clone/build/SDKStatCaches.noindex/iphoneos26.4-23E252-dc38477e7e47e42951976ad86cc01fb3.sdkstatcache -target arm64-apple-ios12.0 -fmessage-length\\=0 -fdiagnostics-show-note-include-stack -fmacro-backtrace-limit\\=0 -fno-color-diagnostics -fmodules-prune-interval\\=86400 -fmodules-prune-after\\=345600 -fbuild-session-file\\=/Users/builder/clone/build/ModuleCache.noindex/Session.modulevalidation -fmodules-validate-once-per-build-session -Wnon-modular-include-in-framework-module -Werror\\=non-modular-include-in-framework-module -Wno-trigraphs -Wno-missing-field-initializers -Wno-missing-prototypes -Wno-return-type -Wno-missing-braces -Wparentheses -Wswitch -Wno-unused-function -Wno-unused-label -Wno-unused-parameter -Wno-unused-variable -Wunused-value -Wno-empty-body -Wno-uninitialized -Wno-unknown-pragmas -w -Wno-shadow -Wno-four-char-constants -Wno-conversion -Wno-constant-conversion -Wno-int-conversion -Wno-bool-conversion -Wno-enum-conversion -Wno-float-conversion -Wno-non-literal-null-conversion -Wno-objc-literal-conversion -Wshorten-64-to-32 -Wpointer-sign -Wno-newline-eof -Wno-implicit-fallthrough -isysroot /Applications/Xcode-26.4.app/Contents/Developer/Platforms/iPhoneOS.platform/Developer/SDKs/iPhoneOS26.4.sdk -fstrict-aliasing -Wdeprecated-declarations -Wno-sign-conversion -Wno-infinite-recursion -Wno-comma -Wno-block-capture-autoreleasing -Wno-strict-prototypes -Wno-semicolon-before-method-body @/Users/builder/clone/build/Build/Intermediates.noindex/cmark-gfm.build/Release-iphoneos/cmark-gfm.build/Objects-normal/arm64/7187679823f38a2a940e0043cdf9d637-common-args.resp -MMD -MT dependencies -MF /Users/builder/clone/build/Build/Intermediates.noindex/cmark-gfm.build/Release-iphoneos/cmark-gfm.build/Objects-normal/arm64/syntax_extension.d --serialize-diagnostics /Users/builder/clone/build/Build/Intermediates.noindex/cmark-gfm.build/Release-iphoneos/cmark-gfm.build/Objects-normal/arm64/syntax_extension.dia -c /Users/builder/clone/build/SourcePackages/checkouts/swift-cmark/src/syntax_extension.c -o /Users/builder/clone/build/Build/Intermediates.noindex/cmark-gfm.build/Release-iphoneos/cmark-gfm.build/Objects-normal/arm64/syntax_extension.o\n\nCompileC /Users/builder/clone/build/Build/Intermediates.noindex/cmark-gfm.build/Release-iphoneos/cmark-gfm.build/Objects-normal/arm64/scanners.o /Users/builder/clone/build/SourcePackages/checkouts/swift-cmark/src/scanners.c normal arm64 c com.apple.compilers.llvm.clang.1_0.compiler (in target 'cmark-gfm' from project 'cmark-gfm')\n    cd /Users/builder/clone/IceCubesApp.xcodeproj\n    \n    Using response file: /Users/builder/clone/build/Build/Intermediates.noindex/cmark-gfm.build/Release-iphoneos/cmark-gfm.build/Objects-normal/arm64/7187679823f38a2a940e0043cdf9d637-common-args.resp\n    \n    /Applications/Xcode-26.4.app/Contents/Developer/Toolchains/XcodeDefault.xctoolchain/usr/bin/clang -x c -ivfsstatcache /Users/builder/clone/build/SDKStatCaches.noindex/iphoneos26.4-23E252-dc38477e7e47e42951976ad86cc01fb3.sdkstatcache -target arm64-apple-ios12.0 -fmessage-length\\=0 -fdiagnostics-show-note-include-stack -fmacro-backtrace-limit\\=0 -fno-color-diagnostics -fmodules-prune-interval\\=86400 -fmodules-prune-after\\=345600 -fbuild-session-file\\=/Users/builder/clone/build/ModuleCache.noindex/Session.modulevalidation -fmodules-validate-once-per-build-session -Wnon-modular-include-in-framework-module -Werror\\=non-modular-include-in-framework-module -Wno-trigraphs -Wno-missing-field-initializers -Wno-missing-prototypes -Wno-return-type -Wno-missing-braces -Wparentheses -Wswitch -Wno-unused-function -Wno-unused-label -Wno-unused-parameter -Wno-unused-variable -Wunused-value -Wno-empty-body -Wno-uninitialized -Wno-unknown-pragmas -w -Wno-shadow -Wno-four-char-constants -Wno-conversion -Wno-constant-conversion -Wno-int-conversion -Wno-bool-conversion -Wno-enum-conversion -Wno-float-conversion -Wno-non-literal-null-conversion -Wno-objc-literal-conversion -Wshorten-64-to-32 -Wpointer-sign -Wno-newline-eof -Wno-implicit-fallthrough -isysroot /Applications/Xcode-26.4.app/Contents/Developer/Platforms/iPhoneOS.platform/Developer/SDKs/iPhoneOS26.4.sdk -fstrict-aliasing -Wdeprecated-declarations -Wno-sign-conversion -Wno-infinite-recursion -Wno-comma -Wno-block-capture-autoreleasing -Wno-strict-prototypes -Wno-semicolon-before-method-body @/Users/builder/clone/build/Build/Intermediates.noindex/cmark-gfm.build/Release-iphoneos/cmark-gfm.build/Objects-normal/arm64/7187679823f38a2a940e0043cdf9d637-common-args.resp -MMD -MT dependencies -MF /Users/builder/clone/build/Build/Intermediates.noindex/cmark-gfm.build/Release-iphoneos/cmark-gfm.build/Objects-normal/arm64/scanners.d --serialize-diagnostics /Users/builder/clone/build/Build/Intermediates.noindex/cmark-gfm.build/Release-iphoneos/cmark-gfm.build/Objects-normal/arm64/scanners.dia -c /Users/builder/clone/build/SourcePackages/checkouts/swift-cmark/src/scanners.c -o /Users/builder/clone/build/Build/Intermediates.noindex/cmark-gfm.build/Release-iphoneos/cmark-gfm.build/Objects-normal/arm64/scanners.o\n\nScanDependencies /Users/builder/clone/build/Build/Intermediates.noindex/cmark-gfm.build/Release-iphoneos/cmark-gfm.build/Objects-normal/arm64/render.o /Users/builder/clone/build/SourcePackages/checkouts/swift-cmark/src/render.c normal arm64 c com.apple.compilers.llvm.clang.1_0.compiler (in target 'cmark-gfm' from project 'cmark-gfm')\n    cd /Users/builder/clone/IceCubesApp.xcodeproj\n    \n    Using response file: /Users/builder/clone/build/Build/Intermediates.noindex/cmark-gfm.build/Release-iphoneos/cmark-gfm.build/Objects-normal/arm64/7187679823f38a2a940e0043cdf9d637-common-args.resp\n    \n    builtin-ScanDependencies -o /Users/builder/clone/build/Build/Intermediates.noindex/cmark-gfm.build/Release-iphoneos/cmark-gfm.build/Objects-normal/arm64/render.o.scan -- /Applications/Xcode-26.4.app/Contents/Developer/Toolchains/XcodeDefault.xctoolchain/usr/bin/clang -x c -ivfsstatcache /Users/builder/clone/build/SDKStatCaches.noindex/iphoneos26.4-23E252-dc38477e7e47e42951976ad86cc01fb3.sdkstatcache -target arm64-apple-ios12.0 -fmessage-length\\=0 -fdiagnostics-show-note-include-stack -fmacro-backtrace-limit\\=0 -fno-color-diagnostics -fmodules-prune-interval\\=86400 -fmodules-prune-after\\=345600 -fbuild-session-file\\=/Users/builder/clone/build/ModuleCache.noindex/Session.modulevalidation -fmodules-validate-once-per-build-session -Wnon-modular-include-in-framework-module -Werror\\=non-modular-include-in-framework-module -Wno-trigraphs -Wno-missing-field-initializers -Wno-missing-prototypes -Wno-return-type -Wno-missing-braces -Wparentheses -Wswitch -Wno-unused-function -Wno-unused-label -Wno-unused-parameter -Wno-unused-variable -Wunused-value -Wno-empty-body -Wno-uninitialized -Wno-unknown-pragmas -w -Wno-shadow -Wno-four-char-constants -Wno-conversion -Wno-constant-conversion -Wno-int-conversion -Wno-bool-conversion -Wno-enum-conversion -Wno-float-conversion -Wno-non-literal-null-conversion -Wno-objc-literal-conversion -Wshorten-64-to-32 -Wpointer-sign -Wno-newline-eof -Wno-implicit-fallthrough -isysroot /Applications/Xcode-26.4.app/Contents/Developer/Platforms/iPhoneOS.platform/Developer/SDKs/iPhoneOS26.4.sdk -fstrict-aliasing -Wdeprecated-declarations -Wno-sign-conversion -Wno-infinite-recursion -Wno-comma -Wno-block-capture-autoreleasing -Wno-strict-prototypes -Wno-semicolon-before-method-body @/Users/builder/clone/build/Build/Intermediates.noindex/cmark-gfm.build/Release-iphoneos/cmark-gfm.build/Objects-normal/arm64/7187679823f38a2a940e0043cdf9d637-common-args.resp -MMD -MT dependencies -MF /Users/builder/clone/build/Build/Intermediates.noindex/cmark-gfm.build/Release-iphoneos/cmark-gfm.build/Objects-normal/arm64/render.d --serialize-diagnostics /Users/builder/clone/build/Build/Intermediates.noindex/cmark-gfm.build/Release-iphoneos/cmark-gfm.build/Objects-normal/arm64/render.dia -c /Users/builder/clone/build/SourcePackages/checkouts/swift-cmark/src/render.c -o /Users/builder/clone/build/Build/Intermediates.noindex/cmark-gfm.build/Release-iphoneos/cmark-gfm.build/Objects-normal/arm64/render.o\n\nScanDependencies /Users/builder/clone/build/Build/Intermediates.noindex/cmark-gfm.build/Release-iphoneos/cmark-gfm.build/Objects-normal/arm64/registry.o /Users/builder/clone/build/SourcePackages/checkouts/swift-cmark/src/registry.c normal arm64 c com.apple.compilers.llvm.clang.1_0.compiler (in target 'cmark-gfm' from project 'cmark-gfm')\n    cd /Users/builder/clone/IceCubesApp.xcodeproj\n    \n    Using response file: /Users/builder/clone/build/Build/Intermediates.noindex/cmark-gfm.build/Release-iphoneos/cmark-gfm.build/Objects-normal/arm64/7187679823f38a2a940e0043cdf9d637-common-args.resp\n    \n    builtin-ScanDependencies -o /Users/builder/clone/build/Build/Intermediates.noindex/cmark-gfm.build/Release-iphoneos/cmark-gfm.build/Objects-normal/arm64/registry.o.scan -- /Applications/Xcode-26.4.app/Contents/Developer/Toolchains/XcodeDefault.xctoolchain/usr/bin/clang -x c -ivfsstatcache /Users/builder/clone/build/SDKStatCaches.noindex/iphoneos26.4-23E252-dc38477e7e47e42951976ad86cc01fb3.sdkstatcache -target arm64-apple-ios12.0 -fmessage-length\\=0 -fdiagnostics-show-note-include-stack -fmacro-backtrace-limit\\=0 -fno-color-diagnostics -fmodules-prune-interval\\=86400 -fmodules-prune-after\\=345600 -fbuild-session-file\\=/Users/builder/clone/build/ModuleCache.noindex/Session.modulevalidation -fmodules-validate-once-per-build-session -Wnon-modular-include-in-framework-module -Werror\\=non-modular-include-in-framework-module -Wno-trigraphs -Wno-missing-field-initializers -Wno-missing-prototypes -Wno-return-type -Wno-missing-braces -Wparentheses -Wswitch -Wno-unused-function -Wno-unused-label -Wno-unused-parameter -Wno-unused-variable -Wunused-value -Wno-empty-body -Wno-uninitialized -Wno-unknown-pragmas -w -Wno-shadow -Wno-four-char-constants -Wno-conversion -Wno-constant-conversion -Wno-int-conversion -Wno-bool-conversion -Wno-enum-conversion -Wno-float-conversion -Wno-non-literal-null-conversion -Wno-objc-literal-conversion -Wshorten-64-to-32 -Wpointer-sign -Wno-newline-eof -Wno-implicit-fallthrough -isysroot /Applications/Xcode-26.4.app/Contents/Developer/Platforms/iPhoneOS.platform/Developer/SDKs/iPhoneOS26.4.sdk -fstrict-aliasing -Wdeprecated-declarations -Wno-sign-conversion -Wno-infinite-recursion -Wno-comma -Wno-block-capture-autoreleasing -Wno-strict-prototypes -Wno-semicolon-before-method-body @/Users/builder/clone/build/Build/Intermediates.noindex/cmark-gfm.build/Release-iphoneos/cmark-gfm.build/Objects-normal/arm64/7187679823f38a2a940e0043cdf9d637-common-args.resp -MMD -MT dependencies -MF /Users/builder/clone/build/Build/Intermediates.noindex/cmark-gfm.build/Release-iphoneos/cmark-gfm.build/Objects-normal/arm64/registry.d --serialize-diagnostics /Users/builder/clone/build/Build/Intermediates.noindex/cmark-gfm.build/Release-iphoneos/cmark-gfm.build/Objects-normal/arm64/registry.dia -c /Users/builder/clone/build/SourcePackages/checkouts/swift-cmark/src/registry.c -o /Users/builder/clone/build/Build/Intermediates.noindex/cmark-gfm.build/Release-iphoneos/cmark-gfm.build/Objects-normal/arm64/registry.o\n\nCompileC /Users/builder/clone/build/Build/Intermediates.noindex/cmark-gfm.build/Release-iphoneos/cmark-gfm.build/Objects-normal/arm64/render.o /Users/builder/clone/build/SourcePackages/checkouts/swift-cmark/src/render.c normal arm64 c com.apple.compilers.llvm.clang.1_0.compiler (in target 'cmark-gfm' from project 'cmark-gfm')\n    cd /Users/builder/clone/IceCubesApp.xcodeproj\n    \n    Using response file: /Users/builder/clone/build/Build/Intermediates.noindex/cmark-gfm.build/Release-iphoneos/cmark-gfm.build/Objects-normal/arm64/7187679823f38a2a940e0043cdf9d637-common-args.resp\n    \n    /Applications/Xcode-26.4.app/Contents/Developer/Toolchains/XcodeDefault.xctoolchain/usr/bin/clang -x c -ivfsstatcache /Users/builder/clone/build/SDKStatCaches.noindex/iphoneos26.4-23E252-dc38477e7e47e42951976ad86cc01fb3.sdkstatcache -target arm64-apple-ios12.0 -fmessage-length\\=0 -fdiagnostics-show-note-include-stack -fmacro-backtrace-limit\\=0 -fno-color-diagnostics -fmodules-prune-interval\\=86400 -fmodules-prune-after\\=345600 -fbuild-session-file\\=/Users/builder/clone/build/ModuleCache.noindex/Session.modulevalidation -fmodules-validate-once-per-build-session -Wnon-modular-include-in-framework-module -Werror\\=non-modular-include-in-framework-module -Wno-trigraphs -Wno-missing-field-initializers -Wno-missing-prototypes -Wno-return-type -Wno-missing-braces -Wparentheses -Wswitch -Wno-unused-function -Wno-unused-label -Wno-unused-parameter -Wno-unused-variable -Wunused-value -Wno-empty-body -Wno-uninitialized -Wno-unknown-pragmas -w -Wno-shadow -Wno-four-char-constants -Wno-conversion -Wno-constant-conversion -Wno-int-conversion -Wno-bool-conversion -Wno-enum-conversion -Wno-float-conversion -Wno-non-literal-null-conversion -Wno-objc-literal-conversion -Wshorten-64-to-32 -Wpointer-sign -Wno-newline-eof -Wno-implicit-fallthrough -isysroot /Applications/Xcode-26.4.app/Contents/Developer/Platforms/iPhoneOS.platform/Developer/SDKs/iPhoneOS26.4.sdk -fstrict-aliasing -Wdeprecated-declarations -Wno-sign-conversion -Wno-infinite-recursion -Wno-comma -Wno-block-capture-autoreleasing -Wno-strict-prototypes -Wno-semicolon-before-method-body @/Users/builder/clone/build/Build/Intermediates.noindex/cmark-gfm.build/Release-iphoneos/cmark-gfm.build/Objects-normal/arm64/7187679823f38a2a940e0043cdf9d637-common-args.resp -MMD -MT dependencies -MF /Users/builder/clone/build/Build/Intermediates.noindex/cmark-gfm.build/Release-iphoneos/cmark-gfm.build/Objects-normal/arm64/render.d --serialize-diagnostics /Users/builder/clone/build/Build/Intermediates.noindex/cmark-gfm.build/Release-iphoneos/cmark-gfm.build/Objects-normal/arm64/render.dia -c /Users/builder/clone/build/SourcePackages/checkouts/swift-cmark/src/render.c -o /Users/builder/clone/build/Build/Intermediates.noindex/cmark-gfm.build/Release-iphoneos/cmark-gfm.build/Objects-normal/arm64/render.o\n\nCompileC /Users/builder/clone/build/Build/Intermediates.noindex/cmark-gfm.build/Release-iphoneos/cmark-gfm.build/Objects-normal/arm64/registry.o /Users/builder/clone/build/SourcePackages/checkouts/swift-cmark/src/registry.c normal arm64 c com.apple.compilers.llvm.clang.1_0.compiler (in target 'cmark-gfm' from project 'cmark-gfm')\n    cd /Users/builder/clone/IceCubesApp.xcodeproj\n    \n    Using response file: /Users/builder/clone/build/Build/Intermediates.noindex/cmark-gfm.build/Release-iphoneos/cmark-gfm.build/Objects-normal/arm64/7187679823f38a2a940e0043cdf9d637-common-args.resp\n    \n    /Applications/Xcode-26.4.app/Contents/Developer/Toolchains/XcodeDefault.xctoolchain/usr/bin/clang -x c -ivfsstatcache /Users/builder/clone/build/SDKStatCaches.noindex/iphoneos26.4-23E252-dc38477e7e47e42951976ad86cc01fb3.sdkstatcache -target arm64-apple-ios12.0 -fmessage-length\\=0 -fdiagnostics-show-note-include-stack -fmacro-backtrace-limit\\=0 -fno-color-diagnostics -fmodules-prune-interval\\=86400 -fmodules-prune-after\\=345600 -fbuild-session-file\\=/Users/builder/clone/build/ModuleCache.noindex/Session.modulevalidation -fmodules-validate-once-per-build-session -Wnon-modular-include-in-framework-module -Werror\\=non-modular-include-in-framework-module -Wno-trigraphs -Wno-missing-field-initializers -Wno-missing-prototypes -Wno-return-type -Wno-missing-braces -Wparentheses -Wswitch -Wno-unused-function -Wno-unused-label -Wno-unused-parameter -Wno-unused-variable -Wunused-value -Wno-empty-body -Wno-uninitialized -Wno-unknown-pragmas -w -Wno-shadow -Wno-four-char-constants -Wno-conversion -Wno-constant-conversion -Wno-int-conversion -Wno-bool-conversion -Wno-enum-conversion -Wno-float-conversion -Wno-non-literal-null-conversion -Wno-objc-literal-conversion -Wshorten-64-to-32 -Wpointer-sign -Wno-newline-eof -Wno-implicit-fallthrough -isysroot /Applications/Xcode-26.4.app/Contents/Developer/Platforms/iPhoneOS.platform/Developer/SDKs/iPhoneOS26.4.sdk -fstrict-aliasing -Wdeprecated-declarations -Wno-sign-conversion -Wno-infinite-recursion -Wno-comma -Wno-block-capture-autoreleasing -Wno-strict-prototypes -Wno-semicolon-before-method-body @/Users/builder/clone/build/Build/Intermediates.noindex/cmark-gfm.build/Release-iphoneos/cmark-gfm.build/Objects-normal/arm64/7187679823f38a2a940e0043cdf9d637-common-args.resp -MMD -MT dependencies -MF /Users/builder/clone/build/Build/Intermediates.noindex/cmark-gfm.build/Release-iphoneos/cmark-gfm.build/Objects-normal/arm64/registry.d --serialize-diagnostics /Users/builder/clone/build/Build/Intermediates.noindex/cmark-gfm.build/Release-iphoneos/cmark-gfm.build/Objects-normal/arm64/registry.dia -c /Users/builder/clone/build/SourcePackages/checkouts/swift-cmark/src/registry.c -o /Users/builder/clone/build/Build/Intermediates.noindex/cmark-gfm.build/Release-iphoneos/cmark-gfm.build/Objects-normal/arm64/registry.o\n\nScanDependencies /Users/builder/clone/build/Build/Intermediates.noindex/cmark-gfm.build/Release-iphoneos/cmark-gfm.build/Objects-normal/arm64/references.o /Users/builder/clone/build/SourcePackages/checkouts/swift-cmark/src/references.c normal arm64 c com.apple.compilers.llvm.clang.1_0.compiler (in target 'cmark-gfm' from project 'cmark-gfm')\n    cd /Users/builder/clone/IceCubesApp.xcodeproj\n    \n    Using response file: /Users/builder/clone/build/Build/Intermediates.noindex/cmark-gfm.build/Release-iphoneos/cmark-gfm.build/Objects-normal/arm64/7187679823f38a2a940e0043cdf9d637-common-args.resp\n    \n    builtin-ScanDependencies -o /Users/builder/clone/build/Build/Intermediates.noindex/cmark-gfm.build/Release-iphoneos/cmark-gfm.build/Objects-normal/arm64/references.o.scan -- /Applications/Xcode-26.4.app/Contents/Developer/Toolchains/XcodeDefault.xctoolchain/usr/bin/clang -x c -ivfsstatcache /Users/builder/clone/build/SDKStatCaches.noindex/iphoneos26.4-23E252-dc38477e7e47e42951976ad86cc01fb3.sdkstatcache -target arm64-apple-ios12.0 -fmessage-length\\=0 -fdiagnostics-show-note-include-stack -fmacro-backtrace-limit\\=0 -fno-color-diagnostics -fmodules-prune-interval\\=86400 -fmodules-prune-after\\=345600 -fbuild-session-file\\=/Users/builder/clone/build/ModuleCache.noindex/Session.modulevalidation -fmodules-validate-once-per-build-session -Wnon-modular-include-in-framework-module -Werror\\=non-modular-include-in-framework-module -Wno-trigraphs -Wno-missing-field-initializers -Wno-missing-prototypes -Wno-return-type -Wno-missing-braces -Wparentheses -Wswitch -Wno-unused-function -Wno-unused-label -Wno-unused-parameter -Wno-unused-variable -Wunused-value -Wno-empty-body -Wno-uninitialized -Wno-unknown-pragmas -w -Wno-shadow -Wno-four-char-constants -Wno-conversion -Wno-constant-conversion -Wno-int-conversion -Wno-bool-conversion -Wno-enum-conversion -Wno-float-conversion -Wno-non-literal-null-conversion -Wno-objc-literal-conversion -Wshorten-64-to-32 -Wpointer-sign -Wno-newline-eof -Wno-implicit-fallthrough -isysroot /Applications/Xcode-26.4.app/Contents/Developer/Platforms/iPhoneOS.platform/Developer/SDKs/iPhoneOS26.4.sdk -fstrict-aliasing -Wdeprecated-declarations -Wno-sign-conversion -Wno-infinite-recursion -Wno-comma -Wno-block-capture-autoreleasing -Wno-strict-prototypes -Wno-semicolon-before-method-body @/Users/builder/clone/build/Build/Intermediates.noindex/cmark-gfm.build/Release-iphoneos/cmark-gfm.build/Objects-normal/arm64/7187679823f38a2a940e0043cdf9d637-common-args.resp -MMD -MT dependencies -MF /Users/builder/clone/build/Build/Intermediates.noindex/cmark-gfm.build/Release-iphoneos/cmark-gfm.build/Objects-normal/arm64/references.d --serialize-diagnostics /Users/builder/clone/build/Build/Intermediates.noindex/cmark-gfm.build/Release-iphoneos/cmark-gfm.build/Objects-normal/arm64/references.dia -c /Users/builder/clone/build/SourcePackages/checkouts/swift-cmark/src/references.c -o /Users/builder/clone/build/Build/Intermediates.noindex/cmark-gfm.build/Release-iphoneos/cmark-gfm.build/Objects-normal/arm64/references.o\n\nScanDependencies /Users/builder/clone/build/Build/Intermediates.noindex/cmark-gfm.build/Release-iphoneos/cmark-gfm.build/Objects-normal/arm64/plugin.o /Users/builder/clone/build/SourcePackages/checkouts/swift-cmark/src/plugin.c normal arm64 c com.apple.compilers.llvm.clang.1_0.compiler (in target 'cmark-gfm' from project 'cmark-gfm')\n    cd /Users/builder/clone/IceCubesApp.xcodeproj\n    \n    Using response file: /Users/builder/clone/build/Build/Intermediates.noindex/cmark-gfm.build/Release-iphoneos/cmark-gfm.build/Objects-normal/arm64/7187679823f38a2a940e0043cdf9d637-common-args.resp\n    \n    builtin-ScanDependencies -o /Users/builder/clone/build/Build/Intermediates.noindex/cmark-gfm.build/Release-iphoneos/cmark-gfm.build/Objects-normal/arm64/plugin.o.scan -- /Applications/Xcode-26.4.app/Contents/Developer/Toolchains/XcodeDefault.xctoolchain/usr/bin/clang -x c -ivfsstatcache /Users/builder/clone/build/SDKStatCaches.noindex/iphoneos26.4-23E252-dc38477e7e47e42951976ad86cc01fb3.sdkstatcache -target arm64-apple-ios12.0 -fmessage-length\\=0 -fdiagnostics-show-note-include-stack -fmacro-backtrace-limit\\=0 -fno-color-diagnostics -fmodules-prune-interval\\=86400 -fmodules-prune-after\\=345600 -fbuild-session-file\\=/Users/builder/clone/build/ModuleCache.noindex/Session.modulevalidation -fmodules-validate-once-per-build-session -Wnon-modular-include-in-framework-module -Werror\\=non-modular-include-in-framework-module -Wno-trigraphs -Wno-missing-field-initializers -Wno-missing-prototypes -Wno-return-type -Wno-missing-braces -Wparentheses -Wswitch -Wno-unused-function -Wno-unused-label -Wno-unused-parameter -Wno-unused-variable -Wunused-value -Wno-empty-body -Wno-uninitialized -Wno-unknown-pragmas -w -Wno-shadow -Wno-four-char-constants -Wno-conversion -Wno-constant-conversion -Wno-int-conversion -Wno-bool-conversion -Wno-enum-conversion -Wno-float-conversion -Wno-non-literal-null-conversion -Wno-objc-literal-conversion -Wshorten-64-to-32 -Wpointer-sign -Wno-newline-eof -Wno-implicit-fallthrough -isysroot /Applications/Xcode-26.4.app/Contents/Developer/Platforms/iPhoneOS.platform/Developer/SDKs/iPhoneOS26.4.sdk -fstrict-aliasing -Wdeprecated-declarations -Wno-sign-conversion -Wno-infinite-recursion -Wno-comma -Wno-block-capture-autoreleasing -Wno-strict-prototypes -Wno-semicolon-before-method-body @/Users/builder/clone/build/Build/Intermediates.noindex/cmark-gfm.build/Release-iphoneos/cmark-gfm.build/Objects-normal/arm64/7187679823f38a2a940e0043cdf9d637-common-args.resp -MMD -MT dependencies -MF /Users/builder/clone/build/Build/Intermediates.noindex/cmark-gfm.build/Release-iphoneos/cmark-gfm.build/Objects-normal/arm64/plugin.d --serialize-diagnostics /Users/builder/clone/build/Build/Intermediates.noindex/cmark-gfm.build/Release-iphoneos/cmark-gfm.build/Objects-normal/arm64/plugin.dia -c /Users/builder/clone/build/SourcePackages/checkouts/swift-cmark/src/plugin.c -o /Users/builder/clone/build/Build/Intermediates.noindex/cmark-gfm.build/Release-iphoneos/cmark-gfm.build/Objects-normal/arm64/plugin.o\n\nCompileC /Users/builder/clone/build/Build/Intermediates.noindex/cmark-gfm.build/Release-iphoneos/cmark-gfm.build/Objects-normal/arm64/references.o /Users/builder/clone/build/SourcePackages/checkouts/swift-cmark/src/references.c normal arm64 c com.apple.compilers.llvm.clang.1_0.compiler (in target 'cmark-gfm' from project 'cmark-gfm')\n    cd /Users/builder/clone/IceCubesApp.xcodeproj\n    \n    Using response file: /Users/builder/clone/build/Build/Intermediates.noindex/cmark-gfm.build/Release-iphoneos/cmark-gfm.build/Objects-normal/arm64/7187679823f38a2a940e0043cdf9d637-common-args.resp\n    \n    /Applications/Xcode-26.4.app/Contents/Developer/Toolchains/XcodeDefault.xctoolchain/usr/bin/clang -x c -ivfsstatcache /Users/builder/clone/build/SDKStatCaches.noindex/iphoneos26.4-23E252-dc38477e7e47e42951976ad86cc01fb3.sdkstatcache -target arm64-apple-ios12.0 -fmessage-length\\=0 -fdiagnostics-show-note-include-stack -fmacro-backtrace-limit\\=0 -fno-color-diagnostics -fmodules-prune-interval\\=86400 -fmodules-prune-after\\=345600 -fbuild-session-file\\=/Users/builder/clone/build/ModuleCache.noindex/Session.modulevalidation -fmodules-validate-once-per-build-session -Wnon-modular-include-in-framework-module -Werror\\=non-modular-include-in-framework-module -Wno-trigraphs -Wno-missing-field-initializers -Wno-missing-prototypes -Wno-return-type -Wno-missing-braces -Wparentheses -Wswitch -Wno-unused-function -Wno-unused-label -Wno-unused-parameter -Wno-unused-variable -Wunused-value -Wno-empty-body -Wno-uninitialized -Wno-unknown-pragmas -w -Wno-shadow -Wno-four-char-constants -Wno-conversion -Wno-constant-conversion -Wno-int-conversion -Wno-bool-conversion -Wno-enum-conversion -Wno-float-conversion -Wno-non-literal-null-conversion -Wno-objc-literal-conversion -Wshorten-64-to-32 -Wpointer-sign -Wno-newline-eof -Wno-implicit-fallthrough -isysroot /Applications/Xcode-26.4.app/Contents/Developer/Platforms/iPhoneOS.platform/Developer/SDKs/iPhoneOS26.4.sdk -fstrict-aliasing -Wdeprecated-declarations -Wno-sign-conversion -Wno-infinite-recursion -Wno-comma -Wno-block-capture-autoreleasing -Wno-strict-prototypes -Wno-semicolon-before-method-body @/Users/builder/clone/build/Build/Intermediates.noindex/cmark-gfm.build/Release-iphoneos/cmark-gfm.build/Objects-normal/arm64/7187679823f38a2a940e0043cdf9d637-common-args.resp -MMD -MT dependencies -MF /Users/builder/clone/build/Build/Intermediates.noindex/cmark-gfm.build/Release-iphoneos/cmark-gfm.build/Objects-normal/arm64/references.d --serialize-diagnostics /Users/builder/clone/build/Build/Intermediates.noindex/cmark-gfm.build/Release-iphoneos/cmark-gfm.build/Objects-normal/arm64/references.dia -c /Users/builder/clone/build/SourcePackages/checkouts/swift-cmark/src/references.c -o /Users/builder/clone/build/Build/Intermediates.noindex/cmark-gfm.build/Release-iphoneos/cmark-gfm.build/Objects-normal/arm64/references.o\n\nCompileC /Users/builder/clone/build/Build/Intermediates.noindex/cmark-gfm.build/Release-iphoneos/cmark-gfm.build/Objects-normal/arm64/plugin.o /Users/builder/clone/build/SourcePackages/checkouts/swift-cmark/src/plugin.c normal arm64 c com.apple.compilers.llvm.clang.1_0.compiler (in target 'cmark-gfm' from project 'cmark-gfm')\n    cd /Users/builder/clone/IceCubesApp.xcodeproj\n    \n    Using response file: /Users/builder/clone/build/Build/Intermediates.noindex/cmark-gfm.build/Release-iphoneos/cmark-gfm.build/Objects-normal/arm64/7187679823f38a2a940e0043cdf9d637-common-args.resp\n    \n    /Applications/Xcode-26.4.app/Contents/Developer/Toolchains/XcodeDefault.xctoolchain/usr/bin/clang -x c -ivfsstatcache /Users/builder/clone/build/SDKStatCaches.noindex/iphoneos26.4-23E252-dc38477e7e47e42951976ad86cc01fb3.sdkstatcache -target arm64-apple-ios12.0 -fmessage-length\\=0 -fdiagnostics-show-note-include-stack -fmacro-backtrace-limit\\=0 -fno-color-diagnostics -fmodules-prune-interval\\=86400 -fmodules-prune-after\\=345600 -fbuild-session-file\\=/Users/builder/clone/build/ModuleCache.noindex/Session.modulevalidation -fmodules-validate-once-per-build-session -Wnon-modular-include-in-framework-module -Werror\\=non-modular-include-in-framework-module -Wno-trigraphs -Wno-missing-field-initializers -Wno-missing-prototypes -Wno-return-type -Wno-missing-braces -Wparentheses -Wswitch -Wno-unused-function -Wno-unused-label -Wno-unused-parameter -Wno-unused-variable -Wunused-value -Wno-empty-body -Wno-uninitialized -Wno-unknown-pragmas -w -Wno-shadow -Wno-four-char-constants -Wno-conversion -Wno-constant-conversion -Wno-int-conversion -Wno-bool-conversion -Wno-enum-conversion -Wno-float-conversion -Wno-non-literal-null-conversion -Wno-objc-literal-conversion -Wshorten-64-to-32 -Wpointer-sign -Wno-newline-eof -Wno-implicit-fallthrough -isysroot /Applications/Xcode-26.4.app/Contents/Developer/Platforms/iPhoneOS.platform/Developer/SDKs/iPhoneOS26.4.sdk -fstrict-aliasing -Wdeprecated-declarations -Wno-sign-conversion -Wno-infinite-recursion -Wno-comma -Wno-block-capture-autoreleasing -Wno-strict-prototypes -Wno-semicolon-before-method-body @/Users/builder/clone/build/Build/Intermediates.noindex/cmark-gfm.build/Release-iphoneos/cmark-gfm.build/Objects-normal/arm64/7187679823f38a2a940e0043cdf9d637-common-args.resp -MMD -MT dependencies -MF /Users/builder/clone/build/Build/Intermediates.noindex/cmark-gfm.build/Release-iphoneos/cmark-gfm.build/Objects-normal/arm64/plugin.d --serialize-diagnostics /Users/builder/clone/build/Build/Intermediates.noindex/cmark-gfm.build/Release-iphoneos/cmark-gfm.build/Objects-normal/arm64/plugin.dia -c /Users/builder/clone/build/SourcePackages/checkouts/swift-cmark/src/plugin.c -o /Users/builder/clone/build/Build/Intermediates.noindex/cmark-gfm.build/Release-iphoneos/cmark-gfm.build/Objects-normal/arm64/plugin.o\n\nScanDependencies /Users/builder/clone/build/Build/Intermediates.noindex/cmark-gfm.build/Release-iphoneos/cmark-gfm.build/Objects-normal/arm64/plaintext.o /Users/builder/clone/build/SourcePackages/checkouts/swift-cmark/src/plaintext.c normal arm64 c com.apple.compilers.llvm.clang.1_0.compiler (in target 'cmark-gfm' from project 'cmark-gfm')\n    cd /Users/builder/clone/IceCubesApp.xcodeproj\n    \n    Using response file: /Users/builder/clone/build/Build/Intermediates.noindex/cmark-gfm.build/Release-iphoneos/cmark-gfm.build/Objects-normal/arm64/7187679823f38a2a940e0043cdf9d637-common-args.resp\n    \n    builtin-ScanDependencies -o /Users/builder/clone/build/Build/Intermediates.noindex/cmark-gfm.build/Release-iphoneos/cmark-gfm.build/Objects-normal/arm64/plaintext.o.scan -- /Applications/Xcode-26.4.app/Contents/Developer/Toolchains/XcodeDefault.xctoolchain/usr/bin/clang -x c -ivfsstatcache /Users/builder/clone/build/SDKStatCaches.noindex/iphoneos26.4-23E252-dc38477e7e47e42951976ad86cc01fb3.sdkstatcache -target arm64-apple-ios12.0 -fmessage-length\\=0 -fdiagnostics-show-note-include-stack -fmacro-backtrace-limit\\=0 -fno-color-diagnostics -fmodules-prune-interval\\=86400 -fmodules-prune-after\\=345600 -fbuild-session-file\\=/Users/builder/clone/build/ModuleCache.noindex/Session.modulevalidation -fmodules-validate-once-per-build-session -Wnon-modular-include-in-framework-module -Werror\\=non-modular-include-in-framework-module -Wno-trigraphs -Wno-missing-field-initializers -Wno-missing-prototypes -Wno-return-type -Wno-missing-braces -Wparentheses -Wswitch -Wno-unused-function -Wno-unused-label -Wno-unused-parameter -Wno-unused-variable -Wunused-value -Wno-empty-body -Wno-uninitialized -Wno-unknown-pragmas -w -Wno-shadow -Wno-four-char-constants -Wno-conversion -Wno-constant-conversion -Wno-int-conversion -Wno-bool-conversion -Wno-enum-conversion -Wno-float-conversion -Wno-non-literal-null-conversion -Wno-objc-literal-conversion -Wshorten-64-to-32 -Wpointer-sign -Wno-newline-eof -Wno-implicit-fallthrough -isysroot /Applications/Xcode-26.4.app/Contents/Developer/Platforms/iPhoneOS.platform/Developer/SDKs/iPhoneOS26.4.sdk -fstrict-aliasing -Wdeprecated-declarations -Wno-sign-conversion -Wno-infinite-recursion -Wno-comma -Wno-block-capture-autoreleasing -Wno-strict-prototypes -Wno-semicolon-before-method-body @/Users/builder/clone/build/Build/Intermediates.noindex/cmark-gfm.build/Release-iphoneos/cmark-gfm.build/Objects-normal/arm64/7187679823f38a2a940e0043cdf9d637-common-args.resp -MMD -MT dependencies -MF /Users/builder/clone/build/Build/Intermediates.noindex/cmark-gfm.build/Release-iphoneos/cmark-gfm.build/Objects-normal/arm64/plaintext.d --serialize-diagnostics /Users/builder/clone/build/Build/Intermediates.noindex/cmark-gfm.build/Release-iphoneos/cmark-gfm.build/Objects-normal/arm64/plaintext.dia -c /Users/builder/clone/build/SourcePackages/checkouts/swift-cmark/src/plaintext.c -o /Users/builder/clone/build/Build/Intermediates.noindex/cmark-gfm.build/Release-iphoneos/cmark-gfm.build/Objects-normal/arm64/plaintext.o\n\nScanDependencies /Users/builder/clone/build/Build/Intermediates.noindex/cmark-gfm.build/Release-iphoneos/cmark-gfm.build/Objects-normal/arm64/node.o /Users/builder/clone/build/SourcePackages/checkouts/swift-cmark/src/node.c normal arm64 c com.apple.compilers.llvm.clang.1_0.compiler (in target 'cmark-gfm' from project 'cmark-gfm')\n    cd /Users/builder/clone/IceCubesApp.xcodeproj\n    \n    Using response file: /Users/builder/clone/build/Build/Intermediates.noindex/cmark-gfm.build/Release-iphoneos/cmark-gfm.build/Objects-normal/arm64/7187679823f38a2a940e0043cdf9d637-common-args.resp\n    \n    builtin-ScanDependencies -o /Users/builder/clone/build/Build/Intermediates.noindex/cmark-gfm.build/Release-iphoneos/cmark-gfm.build/Objects-normal/arm64/node.o.scan -- /Applications/Xcode-26.4.app/Contents/Developer/Toolchains/XcodeDefault.xctoolchain/usr/bin/clang -x c -ivfsstatcache /Users/builder/clone/build/SDKStatCaches.noindex/iphoneos26.4-23E252-dc38477e7e47e42951976ad86cc01fb3.sdkstatcache -target arm64-apple-ios12.0 -fmessage-length\\=0 -fdiagnostics-show-note-include-stack -fmacro-backtrace-limit\\=0 -fno-color-diagnostics -fmodules-prune-interval\\=86400 -fmodules-prune-after\\=345600 -fbuild-session-file\\=/Users/builder/clone/build/ModuleCache.noindex/Session.modulevalidation -fmodules-validate-once-per-build-session -Wnon-modular-include-in-framework-module -Werror\\=non-modular-include-in-framework-module -Wno-trigraphs -Wno-missing-field-initializers -Wno-missing-prototypes -Wno-return-type -Wno-missing-braces -Wparentheses -Wswitch -Wno-unused-function -Wno-unused-label -Wno-unused-parameter -Wno-unused-variable -Wunused-value -Wno-empty-body -Wno-uninitialized -Wno-unknown-pragmas -w -Wno-shadow -Wno-four-char-constants -Wno-conversion -Wno-constant-conversion -Wno-int-conversion -Wno-bool-conversion -Wno-enum-conversion -Wno-float-conversion -Wno-non-literal-null-conversion -Wno-objc-literal-conversion -Wshorten-64-to-32 -Wpointer-sign -Wno-newline-eof -Wno-implicit-fallthrough -isysroot /Applications/Xcode-26.4.app/Contents/Developer/Platforms/iPhoneOS.platform/Developer/SDKs/iPhoneOS26.4.sdk -fstrict-aliasing -Wdeprecated-declarations -Wno-sign-conversion -Wno-infinite-recursion -Wno-comma -Wno-block-capture-autoreleasing -Wno-strict-prototypes -Wno-semicolon-before-method-body @/Users/builder/clone/build/Build/Intermediates.noindex/cmark-gfm.build/Release-iphoneos/cmark-gfm.build/Objects-normal/arm64/7187679823f38a2a940e0043cdf9d637-common-args.resp -MMD -MT dependencies -MF /Users/builder/clone/build/Build/Intermediates.noindex/cmark-gfm.build/Release-iphoneos/cmark-gfm.build/Objects-normal/arm64/node.d --serialize-diagnostics /Users/builder/clone/build/Build/Intermediates.noindex/cmark-gfm.build/Release-iphoneos/cmark-gfm.build/Objects-normal/arm64/node.dia -c /Users/builder/clone/build/SourcePackages/checkouts/swift-cmark/src/node.c -o /Users/builder/clone/build/Build/Intermediates.noindex/cmark-gfm.build/Release-iphoneos/cmark-gfm.build/Objects-normal/arm64/node.o\n\nCompileC /Users/builder/clone/build/Build/Intermediates.noindex/cmark-gfm.build/Release-iphoneos/cmark-gfm.build/Objects-normal/arm64/plaintext.o /Users/builder/clone/build/SourcePackages/checkouts/swift-cmark/src/plaintext.c normal arm64 c com.apple.compilers.llvm.clang.1_0.compiler (in target 'cmark-gfm' from project 'cmark-gfm')\n    cd /Users/builder/clone/IceCubesApp.xcodeproj\n    \n    Using response file: /Users/builder/clone/build/Build/Intermediates.noindex/cmark-gfm.build/Release-iphoneos/cmark-gfm.build/Objects-normal/arm64/7187679823f38a2a940e0043cdf9d637-common-args.resp\n    \n    /Applications/Xcode-26.4.app/Contents/Developer/Toolchains/XcodeDefault.xctoolchain/usr/bin/clang -x c -ivfsstatcache /Users/builder/clone/build/SDKStatCaches.noindex/iphoneos26.4-23E252-dc38477e7e47e42951976ad86cc01fb3.sdkstatcache -target arm64-apple-ios12.0 -fmessage-length\\=0 -fdiagnostics-show-note-include-stack -fmacro-backtrace-limit\\=0 -fno-color-diagnostics -fmodules-prune-interval\\=86400 -fmodules-prune-after\\=345600 -fbuild-session-file\\=/Users/builder/clone/build/ModuleCache.noindex/Session.modulevalidation -fmodules-validate-once-per-build-session -Wnon-modular-include-in-framework-module -Werror\\=non-modular-include-in-framework-module -Wno-trigraphs -Wno-missing-field-initializers -Wno-missing-prototypes -Wno-return-type -Wno-missing-braces -Wparentheses -Wswitch -Wno-unused-function -Wno-unused-label -Wno-unused-parameter -Wno-unused-variable -Wunused-value -Wno-empty-body -Wno-uninitialized -Wno-unknown-pragmas -w -Wno-shadow -Wno-four-char-constants -Wno-conversion -Wno-constant-conversion -Wno-int-conversion -Wno-bool-conversion -Wno-enum-conversion -Wno-float-conversion -Wno-non-literal-null-conversion -Wno-objc-literal-conversion -Wshorten-64-to-32 -Wpointer-sign -Wno-newline-eof -Wno-implicit-fallthrough -isysroot /Applications/Xcode-26.4.app/Contents/Developer/Platforms/iPhoneOS.platform/Developer/SDKs/iPhoneOS26.4.sdk -fstrict-aliasing -Wdeprecated-declarations -Wno-sign-conversion -Wno-infinite-recursion -Wno-comma -Wno-block-capture-autoreleasing -Wno-strict-prototypes -Wno-semicolon-before-method-body @/Users/builder/clone/build/Build/Intermediates.noindex/cmark-gfm.build/Release-iphoneos/cmark-gfm.build/Objects-normal/arm64/7187679823f38a2a940e0043cdf9d637-common-args.resp -MMD -MT dependencies -MF /Users/builder/clone/build/Build/Intermediates.noindex/cmark-gfm.build/Release-iphoneos/cmark-gfm.build/Objects-normal/arm64/plaintext.d --serialize-diagnostics /Users/builder/clone/build/Build/Intermediates.noindex/cmark-gfm.build/Release-iphoneos/cmark-gfm.build/Objects-normal/arm64/plaintext.dia -c /Users/builder/clone/build/SourcePackages/checkouts/swift-cmark/src/plaintext.c -o /Users/builder/clone/build/Build/Intermediates.noindex/cmark-gfm.build/Release-iphoneos/cmark-gfm.build/Objects-normal/arm64/plaintext.o\n\nCompileC /Users/builder/clone/build/Build/Intermediates.noindex/cmark-gfm.build/Release-iphoneos/cmark-gfm.build/Objects-normal/arm64/node.o /Users/builder/clone/build/SourcePackages/checkouts/swift-cmark/src/node.c normal arm64 c com.apple.compilers.llvm.clang.1_0.compiler (in target 'cmark-gfm' from project 'cmark-gfm')\n    cd /Users/builder/clone/IceCubesApp.xcodeproj\n    \n    Using response file: /Users/builder/clone/build/Build/Intermediates.noindex/cmark-gfm.build/Release-iphoneos/cmark-gfm.build/Objects-normal/arm64/7187679823f38a2a940e0043cdf9d637-common-args.resp\n    \n    /Applications/Xcode-26.4.app/Contents/Developer/Toolchains/XcodeDefault.xctoolchain/usr/bin/clang -x c -ivfsstatcache /Users/builder/clone/build/SDKStatCaches.noindex/iphoneos26.4-23E252-dc38477e7e47e42951976ad86cc01fb3.sdkstatcache -target arm64-apple-ios12.0 -fmessage-length\\=0 -fdiagnostics-show-note-include-stack -fmacro-backtrace-limit\\=0 -fno-color-diagnostics -fmodules-prune-interval\\=86400 -fmodules-prune-after\\=345600 -fbuild-session-file\\=/Users/builder/clone/build/ModuleCache.noindex/Session.modulevalidation -fmodules-validate-once-per-build-session -Wnon-modular-include-in-framework-module -Werror\\=non-modular-include-in-framework-module -Wno-trigraphs -Wno-missing-field-initializers -Wno-missing-prototypes -Wno-return-type -Wno-missing-braces -Wparentheses -Wswitch -Wno-unused-function -Wno-unused-label -Wno-unused-parameter -Wno-unused-variable -Wunused-value -Wno-empty-body -Wno-uninitialized -Wno-unknown-pragmas -w -Wno-shadow -Wno-four-char-constants -Wno-conversion -Wno-constant-conversion -Wno-int-conversion -Wno-bool-conversion -Wno-enum-conversion -Wno-float-conversion -Wno-non-literal-null-conversion -Wno-objc-literal-conversion -Wshorten-64-to-32 -Wpointer-sign -Wno-newline-eof -Wno-implicit-fallthrough -isysroot /Applications/Xcode-26.4.app/Contents/Developer/Platforms/iPhoneOS.platform/Developer/SDKs/iPhoneOS26.4.sdk -fstrict-aliasing -Wdeprecated-declarations -Wno-sign-conversion -Wno-infinite-recursion -Wno-comma -Wno-block-capture-autoreleasing -Wno-strict-prototypes -Wno-semicolon-before-method-body @/Users/builder/clone/build/Build/Intermediates.noindex/cmark-gfm.build/Release-iphoneos/cmark-gfm.build/Objects-normal/arm64/7187679823f38a2a940e0043cdf9d637-common-args.resp -MMD -MT dependencies -MF /Users/builder/clone/build/Build/Intermediates.noindex/cmark-gfm.build/Release-iphoneos/cmark-gfm.build/Objects-normal/arm64/node.d --serialize-diagnostics /Users/builder/clone/build/Build/Intermediates.noindex/cmark-gfm.build/Release-iphoneos/cmark-gfm.build/Objects-normal/arm64/node.dia -c /Users/builder/clone/build/SourcePackages/checkouts/swift-cmark/src/node.c -o /Users/builder/clone/build/Build/Intermediates.noindex/cmark-gfm.build/Release-iphoneos/cmark-gfm.build/Objects-normal/arm64/node.o\n\nScanDependencies /Users/builder/clone/build/Build/Intermediates.noindex/cmark-gfm.build/Release-iphoneos/cmark-gfm.build/Objects-normal/arm64/map.o /Users/builder/clone/build/SourcePackages/checkouts/swift-cmark/src/map.c normal arm64 c com.apple.compilers.llvm.clang.1_0.compiler (in target 'cmark-gfm' from project 'cmark-gfm')\n    cd /Users/builder/clone/IceCubesApp.xcodeproj\n    \n    Using response file: /Users/builder/clone/build/Build/Intermediates.noindex/cmark-gfm.build/Release-iphoneos/cmark-gfm.build/Objects-normal/arm64/7187679823f38a2a940e0043cdf9d637-common-args.resp\n    \n    builtin-ScanDependencies -o /Users/builder/clone/build/Build/Intermediates.noindex/cmark-gfm.build/Release-iphoneos/cmark-gfm.build/Objects-normal/arm64/map.o.scan -- /Applications/Xcode-26.4.app/Contents/Developer/Toolchains/XcodeDefault.xctoolchain/usr/bin/clang -x c -ivfsstatcache /Users/builder/clone/build/SDKStatCaches.noindex/iphoneos26.4-23E252-dc38477e7e47e42951976ad86cc01fb3.sdkstatcache -target arm64-apple-ios12.0 -fmessage-length\\=0 -fdiagnostics-show-note-include-stack -fmacro-backtrace-limit\\=0 -fno-color-diagnostics -fmodules-prune-interval\\=86400 -fmodules-prune-after\\=345600 -fbuild-session-file\\=/Users/builder/clone/build/ModuleCache.noindex/Session.modulevalidation -fmodules-validate-once-per-build-session -Wnon-modular-include-in-framework-module -Werror\\=non-modular-include-in-framework-module -Wno-trigraphs -Wno-missing-field-initializers -Wno-missing-prototypes -Wno-return-type -Wno-missing-braces -Wparentheses -Wswitch -Wno-unused-function -Wno-unused-label -Wno-unused-parameter -Wno-unused-variable -Wunused-value -Wno-empty-body -Wno-uninitialized -Wno-unknown-pragmas -w -Wno-shadow -Wno-four-char-constants -Wno-conversion -Wno-constant-conversion -Wno-int-conversion -Wno-bool-conversion -Wno-enum-conversion -Wno-float-conversion -Wno-non-literal-null-conversion -Wno-objc-literal-conversion -Wshorten-64-to-32 -Wpointer-sign -Wno-newline-eof -Wno-implicit-fallthrough -isysroot /Applications/Xcode-26.4.app/Contents/Developer/Platforms/iPhoneOS.platform/Developer/SDKs/iPhoneOS26.4.sdk -fstrict-aliasing -Wdeprecated-declarations -Wno-sign-conversion -Wno-infinite-recursion -Wno-comma -Wno-block-capture-autoreleasing -Wno-strict-prototypes -Wno-semicolon-before-method-body @/Users/builder/clone/build/Build/Intermediates.noindex/cmark-gfm.build/Release-iphoneos/cmark-gfm.build/Objects-normal/arm64/7187679823f38a2a940e0043cdf9d637-common-args.resp -MMD -MT dependencies -MF /Users/builder/clone/build/Build/Intermediates.noindex/cmark-gfm.build/Release-iphoneos/cmark-gfm.build/Objects-normal/arm64/map.d --serialize-diagnostics /Users/builder/clone/build/Build/Intermediates.noindex/cmark-gfm.build/Release-iphoneos/cmark-gfm.build/Objects-normal/arm64/map.dia -c /Users/builder/clone/build/SourcePackages/checkouts/swift-cmark/src/map.c -o /Users/builder/clone/build/Build/Intermediates.noindex/cmark-gfm.build/Release-iphoneos/cmark-gfm.build/Objects-normal/arm64/map.o\n\nScanDependencies /Users/builder/clone/build/Build/Intermediates.noindex/cmark-gfm.build/Release-iphoneos/cmark-gfm.build/Objects-normal/arm64/man.o /Users/builder/clone/build/SourcePackages/checkouts/swift-cmark/src/man.c normal arm64 c com.apple.compilers.llvm.clang.1_0.compiler (in target 'cmark-gfm' from project 'cmark-gfm')\n    cd /Users/builder/clone/IceCubesApp.xcodeproj\n    \n    Using response file: /Users/builder/clone/build/Build/Intermediates.noindex/cmark-gfm.build/Release-iphoneos/cmark-gfm.build/Objects-normal/arm64/7187679823f38a2a940e0043cdf9d637-common-args.resp\n    \n    builtin-ScanDependencies -o /Users/builder/clone/build/Build/Intermediates.noindex/cmark-gfm.build/Release-iphoneos/cmark-gfm.build/Objects-normal/arm64/man.o.scan -- /Applications/Xcode-26.4.app/Contents/Developer/Toolchains/XcodeDefault.xctoolchain/usr/bin/clang -x c -ivfsstatcache /Users/builder/clone/build/SDKStatCaches.noindex/iphoneos26.4-23E252-dc38477e7e47e42951976ad86cc01fb3.sdkstatcache -target arm64-apple-ios12.0 -fmessage-length\\=0 -fdiagnostics-show-note-include-stack -fmacro-backtrace-limit\\=0 -fno-color-diagnostics -fmodules-prune-interval\\=86400 -fmodules-prune-after\\=345600 -fbuild-session-file\\=/Users/builder/clone/build/ModuleCache.noindex/Session.modulevalidation -fmodules-validate-once-per-build-session -Wnon-modular-include-in-framework-module -Werror\\=non-modular-include-in-framework-module -Wno-trigraphs -Wno-missing-field-initializers -Wno-missing-prototypes -Wno-return-type -Wno-missing-braces -Wparentheses -Wswitch -Wno-unused-function -Wno-unused-label -Wno-unused-parameter -Wno-unused-variable -Wunused-value -Wno-empty-body -Wno-uninitialized -Wno-unknown-pragmas -w -Wno-shadow -Wno-four-char-constants -Wno-conversion -Wno-constant-conversion -Wno-int-conversion -Wno-bool-conversion -Wno-enum-conversion -Wno-float-conversion -Wno-non-literal-null-conversion -Wno-objc-literal-conversion -Wshorten-64-to-32 -Wpointer-sign -Wno-newline-eof -Wno-implicit-fallthrough -isysroot /Applications/Xcode-26.4.app/Contents/Developer/Platforms/iPhoneOS.platform/Developer/SDKs/iPhoneOS26.4.sdk -fstrict-aliasing -Wdeprecated-declarations -Wno-sign-conversion -Wno-infinite-recursion -Wno-comma -Wno-block-capture-autoreleasing -Wno-strict-prototypes -Wno-semicolon-before-method-body @/Users/builder/clone/build/Build/Intermediates.noindex/cmark-gfm.build/Release-iphoneos/cmark-gfm.build/Objects-normal/arm64/7187679823f38a2a940e0043cdf9d637-common-args.resp -MMD -MT dependencies -MF /Users/builder/clone/build/Build/Intermediates.noindex/cmark-gfm.build/Release-iphoneos/cmark-gfm.build/Objects-normal/arm64/man.d --serialize-diagnostics /Users/builder/clone/build/Build/Intermediates.noindex/cmark-gfm.build/Release-iphoneos/cmark-gfm.build/Objects-normal/arm64/man.dia -c /Users/builder/clone/build/SourcePackages/checkouts/swift-cmark/src/man.c -o /Users/builder/clone/build/Build/Intermediates.noindex/cmark-gfm.build/Release-iphoneos/cmark-gfm.build/Objects-normal/arm64/man.o\n\nCompileC /Users/builder/clone/build/Build/Intermediates.noindex/cmark-gfm.build/Release-iphoneos/cmark-gfm.build/Objects-normal/arm64/map.o /Users/builder/clone/build/SourcePackages/checkouts/swift-cmark/src/map.c normal arm64 c com.apple.compilers.llvm.clang.1_0.compiler (in target 'cmark-gfm' from project 'cmark-gfm')\n    cd /Users/builder/clone/IceCubesApp.xcodeproj\n    \n    Using response file: /Users/builder/clone/build/Build/Intermediates.noindex/cmark-gfm.build/Release-iphoneos/cmark-gfm.build/Objects-normal/arm64/7187679823f38a2a940e0043cdf9d637-common-args.resp\n    \n    /Applications/Xcode-26.4.app/Contents/Developer/Toolchains/XcodeDefault.xctoolchain/usr/bin/clang -x c -ivfsstatcache /Users/builder/clone/build/SDKStatCaches.noindex/iphoneos26.4-23E252-dc38477e7e47e42951976ad86cc01fb3.sdkstatcache -target arm64-apple-ios12.0 -fmessage-length\\=0 -fdiagnostics-show-note-include-stack -fmacro-backtrace-limit\\=0 -fno-color-diagnostics -fmodules-prune-interval\\=86400 -fmodules-prune-after\\=345600 -fbuild-session-file\\=/Users/builder/clone/build/ModuleCache.noindex/Session.modulevalidation -fmodules-validate-once-per-build-session -Wnon-modular-include-in-framework-module -Werror\\=non-modular-include-in-framework-module -Wno-trigraphs -Wno-missing-field-initializers -Wno-missing-prototypes -Wno-return-type -Wno-missing-braces -Wparentheses -Wswitch -Wno-unused-function -Wno-unused-label -Wno-unused-parameter -Wno-unused-variable -Wunused-value -Wno-empty-body -Wno-uninitialized -Wno-unknown-pragmas -w -Wno-shadow -Wno-four-char-constants -Wno-conversion -Wno-constant-conversion -Wno-int-conversion -Wno-bool-conversion -Wno-enum-conversion -Wno-float-conversion -Wno-non-literal-null-conversion -Wno-objc-literal-conversion -Wshorten-64-to-32 -Wpointer-sign -Wno-newline-eof -Wno-implicit-fallthrough -isysroot /Applications/Xcode-26.4.app/Contents/Developer/Platforms/iPhoneOS.platform/Developer/SDKs/iPhoneOS26.4.sdk -fstrict-aliasing -Wdeprecated-declarations -Wno-sign-conversion -Wno-infinite-recursion -Wno-comma -Wno-block-capture-autoreleasing -Wno-strict-prototypes -Wno-semicolon-before-method-body @/Users/builder/clone/build/Build/Intermediates.noindex/cmark-gfm.build/Release-iphoneos/cmark-gfm.build/Objects-normal/arm64/7187679823f38a2a940e0043cdf9d637-common-args.resp -MMD -MT dependencies -MF /Users/builder/clone/build/Build/Intermediates.noindex/cmark-gfm.build/Release-iphoneos/cmark-gfm.build/Objects-normal/arm64/map.d --serialize-diagnostics /Users/builder/clone/build/Build/Intermediates.noindex/cmark-gfm.build/Release-iphoneos/cmark-gfm.build/Objects-normal/arm64/map.dia -c /Users/builder/clone/build/SourcePackages/checkouts/swift-cmark/src/map.c -o /Users/builder/clone/build/Build/Intermediates.noindex/cmark-gfm.build/Release-iphoneos/cmark-gfm.build/Objects-normal/arm64/map.o\n\nCompileC /Users/builder/clone/build/Build/Intermediates.noindex/cmark-gfm.build/Release-iphoneos/cmark-gfm.build/Objects-normal/arm64/man.o /Users/builder/clone/build/SourcePackages/checkouts/swift-cmark/src/man.c normal arm64 c com.apple.compilers.llvm.clang.1_0.compiler (in target 'cmark-gfm' from project 'cmark-gfm')\n    cd /Users/builder/clone/IceCubesApp.xcodeproj\n    \n    Using response file: /Users/builder/clone/build/Build/Intermediates.noindex/cmark-gfm.build/Release-iphoneos/cmark-gfm.build/Objects-normal/arm64/7187679823f38a2a940e0043cdf9d637-common-args.resp\n    \n    /Applications/Xcode-26.4.app/Contents/Developer/Toolchains/XcodeDefault.xctoolchain/usr/bin/clang -x c -ivfsstatcache /Users/builder/clone/build/SDKStatCaches.noindex/iphoneos26.4-23E252-dc38477e7e47e42951976ad86cc01fb3.sdkstatcache -target arm64-apple-ios12.0 -fmessage-length\\=0 -fdiagnostics-show-note-include-stack -fmacro-backtrace-limit\\=0 -fno-color-diagnostics -fmodules-prune-interval\\=86400 -fmodules-prune-after\\=345600 -fbuild-session-file\\=/Users/builder/clone/build/ModuleCache.noindex/Session.modulevalidation -fmodules-validate-once-per-build-session -Wnon-modular-include-in-framework-module -Werror\\=non-modular-include-in-framework-module -Wno-trigraphs -Wno-missing-field-initializers -Wno-missing-prototypes -Wno-return-type -Wno-missing-braces -Wparentheses -Wswitch -Wno-unused-function -Wno-unused-label -Wno-unused-parameter -Wno-unused-variable -Wunused-value -Wno-empty-body -Wno-uninitialized -Wno-unknown-pragmas -w -Wno-shadow -Wno-four-char-constants -Wno-conversion -Wno-constant-conversion -Wno-int-conversion -Wno-bool-conversion -Wno-enum-conversion -Wno-float-conversion -Wno-non-literal-null-conversion -Wno-objc-literal-conversion -Wshorten-64-to-32 -Wpointer-sign -Wno-newline-eof -Wno-implicit-fallthrough -isysroot /Applications/Xcode-26.4.app/Contents/Developer/Platforms/iPhoneOS.platform/Developer/SDKs/iPhoneOS26.4.sdk -fstrict-aliasing -Wdeprecated-declarations -Wno-sign-conversion -Wno-infinite-recursion -Wno-comma -Wno-block-capture-autoreleasing -Wno-strict-prototypes -Wno-semicolon-before-method-body @/Users/builder/clone/build/Build/Intermediates.noindex/cmark-gfm.build/Release-iphoneos/cmark-gfm.build/Objects-normal/arm64/7187679823f38a2a940e0043cdf9d637-common-args.resp -MMD -MT dependencies -MF /Users/builder/clone/build/Build/Intermediates.noindex/cmark-gfm.build/Release-iphoneos/cmark-gfm.build/Objects-normal/arm64/man.d --serialize-diagnostics /Users/builder/clone/build/Build/Intermediates.noindex/cmark-gfm.build/Release-iphoneos/cmark-gfm.build/Objects-normal/arm64/man.dia -c /Users/builder/clone/build/SourcePackages/checkouts/swift-cmark/src/man.c -o /Users/builder/clone/build/Build/Intermediates.noindex/cmark-gfm.build/Release-iphoneos/cmark-gfm.build/Objects-normal/arm64/man.o\n\nScanDependencies /Users/builder/clone/build/Build/Intermediates.noindex/cmark-gfm.build/Release-iphoneos/cmark-gfm.build/Objects-normal/arm64/linked_list.o /Users/builder/clone/build/SourcePackages/checkouts/swift-cmark/src/linked_list.c normal arm64 c com.apple.compilers.llvm.clang.1_0.compiler (in target 'cmark-gfm' from project 'cmark-gfm')\n    cd /Users/builder/clone/IceCubesApp.xcodeproj\n    \n    Using response file: /Users/builder/clone/build/Build/Intermediates.noindex/cmark-gfm.build/Release-iphoneos/cmark-gfm.build/Objects-normal/arm64/7187679823f38a2a940e0043cdf9d637-common-args.resp\n    \n    builtin-ScanDependencies -o /Users/builder/clone/build/Build/Intermediates.noindex/cmark-gfm.build/Release-iphoneos/cmark-gfm.build/Objects-normal/arm64/linked_list.o.scan -- /Applications/Xcode-26.4.app/Contents/Developer/Toolchains/XcodeDefault.xctoolchain/usr/bin/clang -x c -ivfsstatcache /Users/builder/clone/build/SDKStatCaches.noindex/iphoneos26.4-23E252-dc38477e7e47e42951976ad86cc01fb3.sdkstatcache -target arm64-apple-ios12.0 -fmessage-length\\=0 -fdiagnostics-show-note-include-stack -fmacro-backtrace-limit\\=0 -fno-color-diagnostics -fmodules-prune-interval\\=86400 -fmodules-prune-after\\=345600 -fbuild-session-file\\=/Users/builder/clone/build/ModuleCache.noindex/Session.modulevalidation -fmodules-validate-once-per-build-session -Wnon-modular-include-in-framework-module -Werror\\=non-modular-include-in-framework-module -Wno-trigraphs -Wno-missing-field-initializers -Wno-missing-prototypes -Wno-return-type -Wno-missing-braces -Wparentheses -Wswitch -Wno-unused-function -Wno-unused-label -Wno-unused-parameter -Wno-unused-variable -Wunused-value -Wno-empty-body -Wno-uninitialized -Wno-unknown-pragmas -w -Wno-shadow -Wno-four-char-constants -Wno-conversion -Wno-constant-conversion -Wno-int-conversion -Wno-bool-conversion -Wno-enum-conversion -Wno-float-conversion -Wno-non-literal-null-conversion -Wno-objc-literal-conversion -Wshorten-64-to-32 -Wpointer-sign -Wno-newline-eof -Wno-implicit-fallthrough -isysroot /Applications/Xcode-26.4.app/Contents/Developer/Platforms/iPhoneOS.platform/Developer/SDKs/iPhoneOS26.4.sdk -fstrict-aliasing -Wdeprecated-declarations -Wno-sign-conversion -Wno-infinite-recursion -Wno-comma -Wno-block-capture-autoreleasing -Wno-strict-prototypes -Wno-semicolon-before-method-body @/Users/builder/clone/build/Build/Intermediates.noindex/cmark-gfm.build/Release-iphoneos/cmark-gfm.build/Objects-normal/arm64/7187679823f38a2a940e0043cdf9d637-common-args.resp -MMD -MT dependencies -MF /Users/builder/clone/build/Build/Intermediates.noindex/cmark-gfm.build/Release-iphoneos/cmark-gfm.build/Objects-normal/arm64/linked_list.d --serialize-diagnostics /Users/builder/clone/build/Build/Intermediates.noindex/cmark-gfm.build/Release-iphoneos/cmark-gfm.build/Objects-normal/arm64/linked_list.dia -c /Users/builder/clone/build/SourcePackages/checkouts/swift-cmark/src/linked_list.c -o /Users/builder/clone/build/Build/Intermediates.noindex/cmark-gfm.build/Release-iphoneos/cmark-gfm.build/Objects-normal/arm64/linked_list.o\n\nScanDependencies /Users/builder/clone/build/Build/Intermediates.noindex/cmark-gfm.build/Release-iphoneos/cmark-gfm.build/Objects-normal/arm64/latex.o /Users/builder/clone/build/SourcePackages/checkouts/swift-cmark/src/latex.c normal arm64 c com.apple.compilers.llvm.clang.1_0.compiler (in target 'cmark-gfm' from project 'cmark-gfm')\n    cd /Users/builder/clone/IceCubesApp.xcodeproj\n    \n    Using response file: /Users/builder/clone/build/Build/Intermediates.noindex/cmark-gfm.build/Release-iphoneos/cmark-gfm.build/Objects-normal/arm64/7187679823f38a2a940e0043cdf9d637-common-args.resp\n    \n    builtin-ScanDependencies -o /Users/builder/clone/build/Build/Intermediates.noindex/cmark-gfm.build/Release-iphoneos/cmark-gfm.build/Objects-normal/arm64/latex.o.scan -- /Applications/Xcode-26.4.app/Contents/Developer/Toolchains/XcodeDefault.xctoolchain/usr/bin/clang -x c -ivfsstatcache /Users/builder/clone/build/SDKStatCaches.noindex/iphoneos26.4-23E252-dc38477e7e47e42951976ad86cc01fb3.sdkstatcache -target arm64-apple-ios12.0 -fmessage-length\\=0 -fdiagnostics-show-note-include-stack -fmacro-backtrace-limit\\=0 -fno-color-diagnostics -fmodules-prune-interval\\=86400 -fmodules-prune-after\\=345600 -fbuild-session-file\\=/Users/builder/clone/build/ModuleCache.noindex/Session.modulevalidation -fmodules-validate-once-per-build-session -Wnon-modular-include-in-framework-module -Werror\\=non-modular-include-in-framework-module -Wno-trigraphs -Wno-missing-field-initializers -Wno-missing-prototypes -Wno-return-type -Wno-missing-braces -Wparentheses -Wswitch -Wno-unused-function -Wno-unused-label -Wno-unused-parameter -Wno-unused-variable -Wunused-value -Wno-empty-body -Wno-uninitialized -Wno-unknown-pragmas -w -Wno-shadow -Wno-four-char-constants -Wno-conversion -Wno-constant-conversion -Wno-int-conversion -Wno-bool-conversion -Wno-enum-conversion -Wno-float-conversion -Wno-non-literal-null-conversion -Wno-objc-literal-conversion -Wshorten-64-to-32 -Wpointer-sign -Wno-newline-eof -Wno-implicit-fallthrough -isysroot /Applications/Xcode-26.4.app/Contents/Developer/Platforms/iPhoneOS.platform/Developer/SDKs/iPhoneOS26.4.sdk -fstrict-aliasing -Wdeprecated-declarations -Wno-sign-conversion -Wno-infinite-recursion -Wno-comma -Wno-block-capture-autoreleasing -Wno-strict-prototypes -Wno-semicolon-before-method-body @/Users/builder/clone/build/Build/Intermediates.noindex/cmark-gfm.build/Release-iphoneos/cmark-gfm.build/Objects-normal/arm64/7187679823f38a2a940e0043cdf9d637-common-args.resp -MMD -MT dependencies -MF /Users/builder/clone/build/Build/Intermediates.noindex/cmark-gfm.build/Release-iphoneos/cmark-gfm.build/Objects-normal/arm64/latex.d --serialize-diagnostics /Users/builder/clone/build/Build/Intermediates.noindex/cmark-gfm.build/Release-iphoneos/cmark-gfm.build/Objects-normal/arm64/latex.dia -c /Users/builder/clone/build/SourcePackages/checkouts/swift-cmark/src/latex.c -o /Users/builder/clone/build/Build/Intermediates.noindex/cmark-gfm.build/Release-iphoneos/cmark-gfm.build/Objects-normal/arm64/latex.o\n\nCompileC /Users/builder/clone/build/Build/Intermediates.noindex/cmark-gfm.build/Release-iphoneos/cmark-gfm.build/Objects-normal/arm64/linked_list.o /Users/builder/clone/build/SourcePackages/checkouts/swift-cmark/src/linked_list.c normal arm64 c com.apple.compilers.llvm.clang.1_0.compiler (in target 'cmark-gfm' from project 'cmark-gfm')\n    cd /Users/builder/clone/IceCubesApp.xcodeproj\n    \n    Using response file: /Users/builder/clone/build/Build/Intermediates.noindex/cmark-gfm.build/Release-iphoneos/cmark-gfm.build/Objects-normal/arm64/7187679823f38a2a940e0043cdf9d637-common-args.resp\n    \n    /Applications/Xcode-26.4.app/Contents/Developer/Toolchains/XcodeDefault.xctoolchain/usr/bin/clang -x c -ivfsstatcache /Users/builder/clone/build/SDKStatCaches.noindex/iphoneos26.4-23E252-dc38477e7e47e42951976ad86cc01fb3.sdkstatcache -target arm64-apple-ios12.0 -fmessage-length\\=0 -fdiagnostics-show-note-include-stack -fmacro-backtrace-limit\\=0 -fno-color-diagnostics -fmodules-prune-interval\\=86400 -fmodules-prune-after\\=345600 -fbuild-session-file\\=/Users/builder/clone/build/ModuleCache.noindex/Session.modulevalidation -fmodules-validate-once-per-build-session -Wnon-modular-include-in-framework-module -Werror\\=non-modular-include-in-framework-module -Wno-trigraphs -Wno-missing-field-initializers -Wno-missing-prototypes -Wno-return-type -Wno-missing-braces -Wparentheses -Wswitch -Wno-unused-function -Wno-unused-label -Wno-unused-parameter -Wno-unused-variable -Wunused-value -Wno-empty-body -Wno-uninitialized -Wno-unknown-pragmas -w -Wno-shadow -Wno-four-char-constants -Wno-conversion -Wno-constant-conversion -Wno-int-conversion -Wno-bool-conversion -Wno-enum-conversion -Wno-float-conversion -Wno-non-literal-null-conversion -Wno-objc-literal-conversion -Wshorten-64-to-32 -Wpointer-sign -Wno-newline-eof -Wno-implicit-fallthrough -isysroot /Applications/Xcode-26.4.app/Contents/Developer/Platforms/iPhoneOS.platform/Developer/SDKs/iPhoneOS26.4.sdk -fstrict-aliasing -Wdeprecated-declarations -Wno-sign-conversion -Wno-infinite-recursion -Wno-comma -Wno-block-capture-autoreleasing -Wno-strict-prototypes -Wno-semicolon-before-method-body @/Users/builder/clone/build/Build/Intermediates.noindex/cmark-gfm.build/Release-iphoneos/cmark-gfm.build/Objects-normal/arm64/7187679823f38a2a940e0043cdf9d637-common-args.resp -MMD -MT dependencies -MF /Users/builder/clone/build/Build/Intermediates.noindex/cmark-gfm.build/Release-iphoneos/cmark-gfm.build/Objects-normal/arm64/linked_list.d --serialize-diagnostics /Users/builder/clone/build/Build/Intermediates.noindex/cmark-gfm.build/Release-iphoneos/cmark-gfm.build/Objects-normal/arm64/linked_list.dia -c /Users/builder/clone/build/SourcePackages/checkouts/swift-cmark/src/linked_list.c -o /Users/builder/clone/build/Build/Intermediates.noindex/cmark-gfm.build/Release-iphoneos/cmark-gfm.build/Objects-normal/arm64/linked_list.o\n\nCompileC /Users/builder/clone/build/Build/Intermediates.noindex/cmark-gfm.build/Release-iphoneos/cmark-gfm.build/Objects-normal/arm64/latex.o /Users/builder/clone/build/SourcePackages/checkouts/swift-cmark/src/latex.c normal arm64 c com.apple.compilers.llvm.clang.1_0.compiler (in target 'cmark-gfm' from project 'cmark-gfm')\n    cd /Users/builder/clone/IceCubesApp.xcodeproj\n    \n    Using response file: /Users/builder/clone/build/Build/Intermediates.noindex/cmark-gfm.build/Release-iphoneos/cmark-gfm.build/Objects-normal/arm64/7187679823f38a2a940e0043cdf9d637-common-args.resp\n    \n    /Applications/Xcode-26.4.app/Contents/Developer/Toolchains/XcodeDefault.xctoolchain/usr/bin/clang -x c -ivfsstatcache /Users/builder/clone/build/SDKStatCaches.noindex/iphoneos26.4-23E252-dc38477e7e47e42951976ad86cc01fb3.sdkstatcache -target arm64-apple-ios12.0 -fmessage-length\\=0 -fdiagnostics-show-note-include-stack -fmacro-backtrace-limit\\=0 -fno-color-diagnostics -fmodules-prune-interval\\=86400 -fmodules-prune-after\\=345600 -fbuild-session-file\\=/Users/builder/clone/build/ModuleCache.noindex/Session.modulevalidation -fmodules-validate-once-per-build-session -Wnon-modular-include-in-framework-module -Werror\\=non-modular-include-in-framework-module -Wno-trigraphs -Wno-missing-field-initializers -Wno-missing-prototypes -Wno-return-type -Wno-missing-braces -Wparentheses -Wswitch -Wno-unused-function -Wno-unused-label -Wno-unused-parameter -Wno-unused-variable -Wunused-value -Wno-empty-body -Wno-uninitialized -Wno-unknown-pragmas -w -Wno-shadow -Wno-four-char-constants -Wno-conversion -Wno-constant-conversion -Wno-int-conversion -Wno-bool-conversion -Wno-enum-conversion -Wno-float-conversion -Wno-non-literal-null-conversion -Wno-objc-literal-conversion -Wshorten-64-to-32 -Wpointer-sign -Wno-newline-eof -Wno-implicit-fallthrough -isysroot /Applications/Xcode-26.4.app/Contents/Developer/Platforms/iPhoneOS.platform/Developer/SDKs/iPhoneOS26.4.sdk -fstrict-aliasing -Wdeprecated-declarations -Wno-sign-conversion -Wno-infinite-recursion -Wno-comma -Wno-block-capture-autoreleasing -Wno-strict-prototypes -Wno-semicolon-before-method-body @/Users/builder/clone/build/Build/Intermediates.noindex/cmark-gfm.build/Release-iphoneos/cmark-gfm.build/Objects-normal/arm64/7187679823f38a2a940e0043cdf9d637-common-args.resp -MMD -MT dependencies -MF /Users/builder/clone/build/Build/Intermediates.noindex/cmark-gfm.build/Release-iphoneos/cmark-gfm.build/Objects-normal/arm64/latex.d --serialize-diagnostics /Users/builder/clone/build/Build/Intermediates.noindex/cmark-gfm.build/Release-iphoneos/cmark-gfm.build/Objects-normal/arm64/latex.dia -c /Users/builder/clone/build/SourcePackages/checkouts/swift-cmark/src/latex.c -o /Users/builder/clone/build/Build/Intermediates.noindex/cmark-gfm.build/Release-iphoneos/cmark-gfm.build/Objects-normal/arm64/latex.o\n\nScanDependencies /Users/builder/clone/build/Build/Intermediates.noindex/cmark-gfm.build/Release-iphoneos/cmark-gfm.build/Objects-normal/arm64/iterator.o /Users/builder/clone/build/SourcePackages/checkouts/swift-cmark/src/iterator.c normal arm64 c com.apple.compilers.llvm.clang.1_0.compiler (in target 'cmark-gfm' from project 'cmark-gfm')\n    cd /Users/builder/clone/IceCubesApp.xcodeproj\n    \n    Using response file: /Users/builder/clone/build/Build/Intermediates.noindex/cmark-gfm.build/Release-iphoneos/cmark-gfm.build/Objects-normal/arm64/7187679823f38a2a940e0043cdf9d637-common-args.resp\n    \n    builtin-ScanDependencies -o /Users/builder/clone/build/Build/Intermediates.noindex/cmark-gfm.build/Release-iphoneos/cmark-gfm.build/Objects-normal/arm64/iterator.o.scan -- /Applications/Xcode-26.4.app/Contents/Developer/Toolchains/XcodeDefault.xctoolchain/usr/bin/clang -x c -ivfsstatcache /Users/builder/clone/build/SDKStatCaches.noindex/iphoneos26.4-23E252-dc38477e7e47e42951976ad86cc01fb3.sdkstatcache -target arm64-apple-ios12.0 -fmessage-length\\=0 -fdiagnostics-show-note-include-stack -fmacro-backtrace-limit\\=0 -fno-color-diagnostics -fmodules-prune-interval\\=86400 -fmodules-prune-after\\=345600 -fbuild-session-file\\=/Users/builder/clone/build/ModuleCache.noindex/Session.modulevalidation -fmodules-validate-once-per-build-session -Wnon-modular-include-in-framework-module -Werror\\=non-modular-include-in-framework-module -Wno-trigraphs -Wno-missing-field-initializers -Wno-missing-prototypes -Wno-return-type -Wno-missing-braces -Wparentheses -Wswitch -Wno-unused-function -Wno-unused-label -Wno-unused-parameter -Wno-unused-variable -Wunused-value -Wno-empty-body -Wno-uninitialized -Wno-unknown-pragmas -w -Wno-shadow -Wno-four-char-constants -Wno-conversion -Wno-constant-conversion -Wno-int-conversion -Wno-bool-conversion -Wno-enum-conversion -Wno-float-conversion -Wno-non-literal-null-conversion -Wno-objc-literal-conversion -Wshorten-64-to-32 -Wpointer-sign -Wno-newline-eof -Wno-implicit-fallthrough -isysroot /Applications/Xcode-26.4.app/Contents/Developer/Platforms/iPhoneOS.platform/Developer/SDKs/iPhoneOS26.4.sdk -fstrict-aliasing -Wdeprecated-declarations -Wno-sign-conversion -Wno-infinite-recursion -Wno-comma -Wno-block-capture-autoreleasing -Wno-strict-prototypes -Wno-semicolon-before-method-body @/Users/builder/clone/build/Build/Intermediates.noindex/cmark-gfm.build/Release-iphoneos/cmark-gfm.build/Objects-normal/arm64/7187679823f38a2a940e0043cdf9d637-common-args.resp -MMD -MT dependencies -MF /Users/builder/clone/build/Build/Intermediates.noindex/cmark-gfm.build/Release-iphoneos/cmark-gfm.build/Objects-normal/arm64/iterator.d --serialize-diagnostics /Users/builder/clone/build/Build/Intermediates.noindex/cmark-gfm.build/Release-iphoneos/cmark-gfm.build/Objects-normal/arm64/iterator.dia -c /Users/builder/clone/build/SourcePackages/checkouts/swift-cmark/src/iterator.c -o /Users/builder/clone/build/Build/Intermediates.noindex/cmark-gfm.build/Release-iphoneos/cmark-gfm.build/Objects-normal/arm64/iterator.o\n\nScanDependencies /Users/builder/clone/build/Build/Intermediates.noindex/cmark-gfm.build/Release-iphoneos/cmark-gfm.build/Objects-normal/arm64/inlines.o /Users/builder/clone/build/SourcePackages/checkouts/swift-cmark/src/inlines.c normal arm64 c com.apple.compilers.llvm.clang.1_0.compiler (in target 'cmark-gfm' from project 'cmark-gfm')\n    cd /Users/builder/clone/IceCubesApp.xcodeproj\n    \n    Using response file: /Users/builder/clone/build/Build/Intermediates.noindex/cmark-gfm.build/Release-iphoneos/cmark-gfm.build/Objects-normal/arm64/7187679823f38a2a940e0043cdf9d637-common-args.resp\n    \n    builtin-ScanDependencies -o /Users/builder/clone/build/Build/Intermediates.noindex/cmark-gfm.build/Release-iphoneos/cmark-gfm.build/Objects-normal/arm64/inlines.o.scan -- /Applications/Xcode-26.4.app/Contents/Developer/Toolchains/XcodeDefault.xctoolchain/usr/bin/clang -x c -ivfsstatcache /Users/builder/clone/build/SDKStatCaches.noindex/iphoneos26.4-23E252-dc38477e7e47e42951976ad86cc01fb3.sdkstatcache -target arm64-apple-ios12.0 -fmessage-length\\=0 -fdiagnostics-show-note-include-stack -fmacro-backtrace-limit\\=0 -fno-color-diagnostics -fmodules-prune-interval\\=86400 -fmodules-prune-after\\=345600 -fbuild-session-file\\=/Users/builder/clone/build/ModuleCache.noindex/Session.modulevalidation -fmodules-validate-once-per-build-session -Wnon-modular-include-in-framework-module -Werror\\=non-modular-include-in-framework-module -Wno-trigraphs -Wno-missing-field-initializers -Wno-missing-prototypes -Wno-return-type -Wno-missing-braces -Wparentheses -Wswitch -Wno-unused-function -Wno-unused-label -Wno-unused-parameter -Wno-unused-variable -Wunused-value -Wno-empty-body -Wno-uninitialized -Wno-unknown-pragmas -w -Wno-shadow -Wno-four-char-constants -Wno-conversion -Wno-constant-conversion -Wno-int-conversion -Wno-bool-conversion -Wno-enum-conversion -Wno-float-conversion -Wno-non-literal-null-conversion -Wno-objc-literal-conversion -Wshorten-64-to-32 -Wpointer-sign -Wno-newline-eof -Wno-implicit-fallthrough -isysroot /Applications/Xcode-26.4.app/Contents/Developer/Platforms/iPhoneOS.platform/Developer/SDKs/iPhoneOS26.4.sdk -fstrict-aliasing -Wdeprecated-declarations -Wno-sign-conversion -Wno-infinite-recursion -Wno-comma -Wno-block-capture-autoreleasing -Wno-strict-prototypes -Wno-semicolon-before-method-body @/Users/builder/clone/build/Build/Intermediates.noindex/cmark-gfm.build/Release-iphoneos/cmark-gfm.build/Objects-normal/arm64/7187679823f38a2a940e0043cdf9d637-common-args.resp -MMD -MT dependencies -MF /Users/builder/clone/build/Build/Intermediates.noindex/cmark-gfm.build/Release-iphoneos/cmark-gfm.build/Objects-normal/arm64/inlines.d --serialize-diagnostics /Users/builder/clone/build/Build/Intermediates.noindex/cmark-gfm.build/Release-iphoneos/cmark-gfm.build/Objects-normal/arm64/inlines.dia -c /Users/builder/clone/build/SourcePackages/checkouts/swift-cmark/src/inlines.c -o /Users/builder/clone/build/Build/Intermediates.noindex/cmark-gfm.build/Release-iphoneos/cmark-gfm.build/Objects-normal/arm64/inlines.o\n\nCompileC /Users/builder/clone/build/Build/Intermediates.noindex/cmark-gfm.build/Release-iphoneos/cmark-gfm.build/Objects-normal/arm64/iterator.o /Users/builder/clone/build/SourcePackages/checkouts/swift-cmark/src/iterator.c normal arm64 c com.apple.compilers.llvm.clang.1_0.compiler (in target 'cmark-gfm' from project 'cmark-gfm')\n    cd /Users/builder/clone/IceCubesApp.xcodeproj\n    \n    Using response file: /Users/builder/clone/build/Build/Intermediates.noindex/cmark-gfm.build/Release-iphoneos/cmark-gfm.build/Objects-normal/arm64/7187679823f38a2a940e0043cdf9d637-common-args.resp\n    \n    /Applications/Xcode-26.4.app/Contents/Developer/Toolchains/XcodeDefault.xctoolchain/usr/bin/clang -x c -ivfsstatcache /Users/builder/clone/build/SDKStatCaches.noindex/iphoneos26.4-23E252-dc38477e7e47e42951976ad86cc01fb3.sdkstatcache -target arm64-apple-ios12.0 -fmessage-length\\=0 -fdiagnostics-show-note-include-stack -fmacro-backtrace-limit\\=0 -fno-color-diagnostics -fmodules-prune-interval\\=86400 -fmodules-prune-after\\=345600 -fbuild-session-file\\=/Users/builder/clone/build/ModuleCache.noindex/Session.modulevalidation -fmodules-validate-once-per-build-session -Wnon-modular-include-in-framework-module -Werror\\=non-modular-include-in-framework-module -Wno-trigraphs -Wno-missing-field-initializers -Wno-missing-prototypes -Wno-return-type -Wno-missing-braces -Wparentheses -Wswitch -Wno-unused-function -Wno-unused-label -Wno-unused-parameter -Wno-unused-variable -Wunused-value -Wno-empty-body -Wno-uninitialized -Wno-unknown-pragmas -w -Wno-shadow -Wno-four-char-constants -Wno-conversion -Wno-constant-conversion -Wno-int-conversion -Wno-bool-conversion -Wno-enum-conversion -Wno-float-conversion -Wno-non-literal-null-conversion -Wno-objc-literal-conversion -Wshorten-64-to-32 -Wpointer-sign -Wno-newline-eof -Wno-implicit-fallthrough -isysroot /Applications/Xcode-26.4.app/Contents/Developer/Platforms/iPhoneOS.platform/Developer/SDKs/iPhoneOS26.4.sdk -fstrict-aliasing -Wdeprecated-declarations -Wno-sign-conversion -Wno-infinite-recursion -Wno-comma -Wno-block-capture-autoreleasing -Wno-strict-prototypes -Wno-semicolon-before-method-body @/Users/builder/clone/build/Build/Intermediates.noindex/cmark-gfm.build/Release-iphoneos/cmark-gfm.build/Objects-normal/arm64/7187679823f38a2a940e0043cdf9d637-common-args.resp -MMD -MT dependencies -MF /Users/builder/clone/build/Build/Intermediates.noindex/cmark-gfm.build/Release-iphoneos/cmark-gfm.build/Objects-normal/arm64/iterator.d --serialize-diagnostics /Users/builder/clone/build/Build/Intermediates.noindex/cmark-gfm.build/Release-iphoneos/cmark-gfm.build/Objects-normal/arm64/iterator.dia -c /Users/builder/clone/build/SourcePackages/checkouts/swift-cmark/src/iterator.c -o /Users/builder/clone/build/Build/Intermediates.noindex/cmark-gfm.build/Release-iphoneos/cmark-gfm.build/Objects-normal/arm64/iterator.o\n\nCompileC /Users/builder/clone/build/Build/Intermediates.noindex/cmark-gfm.build/Release-iphoneos/cmark-gfm.build/Objects-normal/arm64/inlines.o /Users/builder/clone/build/SourcePackages/checkouts/swift-cmark/src/inlines.c normal arm64 c com.apple.compilers.llvm.clang.1_0.compiler (in target 'cmark-gfm' from project 'cmark-gfm')\n    cd /Users/builder/clone/IceCubesApp.xcodeproj\n    \n    Using response file: /Users/builder/clone/build/Build/Intermediates.noindex/cmark-gfm.build/Release-iphoneos/cmark-gfm.build/Objects-normal/arm64/7187679823f38a2a940e0043cdf9d637-common-args.resp\n    \n    /Applications/Xcode-26.4.app/Contents/Developer/Toolchains/XcodeDefault.xctoolchain/usr/bin/clang -x c -ivfsstatcache /Users/builder/clone/build/SDKStatCaches.noindex/iphoneos26.4-23E252-dc38477e7e47e42951976ad86cc01fb3.sdkstatcache -target arm64-apple-ios12.0 -fmessage-length\\=0 -fdiagnostics-show-note-include-stack -fmacro-backtrace-limit\\=0 -fno-color-diagnostics -fmodules-prune-interval\\=86400 -fmodules-prune-after\\=345600 -fbuild-session-file\\=/Users/builder/clone/build/ModuleCache.noindex/Session.modulevalidation -fmodules-validate-once-per-build-session -Wnon-modular-include-in-framework-module -Werror\\=non-modular-include-in-framework-module -Wno-trigraphs -Wno-missing-field-initializers -Wno-missing-prototypes -Wno-return-type -Wno-missing-braces -Wparentheses -Wswitch -Wno-unused-function -Wno-unused-label -Wno-unused-parameter -Wno-unused-variable -Wunused-value -Wno-empty-body -Wno-uninitialized -Wno-unknown-pragmas -w -Wno-shadow -Wno-four-char-constants -Wno-conversion -Wno-constant-conversion -Wno-int-conversion -Wno-bool-conversion -Wno-enum-conversion -Wno-float-conversion -Wno-non-literal-null-conversion -Wno-objc-literal-conversion -Wshorten-64-to-32 -Wpointer-sign -Wno-newline-eof -Wno-implicit-fallthrough -isysroot /Applications/Xcode-26.4.app/Contents/Developer/Platforms/iPhoneOS.platform/Developer/SDKs/iPhoneOS26.4.sdk -fstrict-aliasing -Wdeprecated-declarations -Wno-sign-conversion -Wno-infinite-recursion -Wno-comma -Wno-block-capture-autoreleasing -Wno-strict-prototypes -Wno-semicolon-before-method-body @/Users/builder/clone/build/Build/Intermediates.noindex/cmark-gfm.build/Release-iphoneos/cmark-gfm.build/Objects-normal/arm64/7187679823f38a2a940e0043cdf9d637-common-args.resp -MMD -MT dependencies -MF /Users/builder/clone/build/Build/Intermediates.noindex/cmark-gfm.build/Release-iphoneos/cmark-gfm.build/Objects-normal/arm64/inlines.d --serialize-diagnostics /Users/builder/clone/build/Build/Intermediates.noindex/cmark-gfm.build/Release-iphoneos/cmark-gfm.build/Objects-normal/arm64/inlines.dia -c /Users/builder/clone/build/SourcePackages/checkouts/swift-cmark/src/inlines.c -o /Users/builder/clone/build/Build/Intermediates.noindex/cmark-gfm.build/Release-iphoneos/cmark-gfm.build/Objects-normal/arm64/inlines.o\n\nScanDependencies /Users/builder/clone/build/Build/Intermediates.noindex/cmark-gfm.build/Release-iphoneos/cmark-gfm.build/Objects-normal/arm64/html.o /Users/builder/clone/build/SourcePackages/checkouts/swift-cmark/src/html.c normal arm64 c com.apple.compilers.llvm.clang.1_0.compiler (in target 'cmark-gfm' from project 'cmark-gfm')\n    cd /Users/builder/clone/IceCubesApp.xcodeproj\n    \n    Using response file: /Users/builder/clone/build/Build/Intermediates.noindex/cmark-gfm.build/Release-iphoneos/cmark-gfm.build/Objects-normal/arm64/7187679823f38a2a940e0043cdf9d637-common-args.resp\n    \n    builtin-ScanDependencies -o /Users/builder/clone/build/Build/Intermediates.noindex/cmark-gfm.build/Release-iphoneos/cmark-gfm.build/Objects-normal/arm64/html.o.scan -- /Applications/Xcode-26.4.app/Contents/Developer/Toolchains/XcodeDefault.xctoolchain/usr/bin/clang -x c -ivfsstatcache /Users/builder/clone/build/SDKStatCaches.noindex/iphoneos26.4-23E252-dc38477e7e47e42951976ad86cc01fb3.sdkstatcache -target arm64-apple-ios12.0 -fmessage-length\\=0 -fdiagnostics-show-note-include-stack -fmacro-backtrace-limit\\=0 -fno-color-diagnostics -fmodules-prune-interval\\=86400 -fmodules-prune-after\\=345600 -fbuild-session-file\\=/Users/builder/clone/build/ModuleCache.noindex/Session.modulevalidation -fmodules-validate-once-per-build-session -Wnon-modular-include-in-framework-module -Werror\\=non-modular-include-in-framework-module -Wno-trigraphs -Wno-missing-field-initializers -Wno-missing-prototypes -Wno-return-type -Wno-missing-braces -Wparentheses -Wswitch -Wno-unused-function -Wno-unused-label -Wno-unused-parameter -Wno-unused-variable -Wunused-value -Wno-empty-body -Wno-uninitialized -Wno-unknown-pragmas -w -Wno-shadow -Wno-four-char-constants -Wno-conversion -Wno-constant-conversion -Wno-int-conversion -Wno-bool-conversion -Wno-enum-conversion -Wno-float-conversion -Wno-non-literal-null-conversion -Wno-objc-literal-conversion -Wshorten-64-to-32 -Wpointer-sign -Wno-newline-eof -Wno-implicit-fallthrough -isysroot /Applications/Xcode-26.4.app/Contents/Developer/Platforms/iPhoneOS.platform/Developer/SDKs/iPhoneOS26.4.sdk -fstrict-aliasing -Wdeprecated-declarations -Wno-sign-conversion -Wno-infinite-recursion -Wno-comma -Wno-block-capture-autoreleasing -Wno-strict-prototypes -Wno-semicolon-before-method-body @/Users/builder/clone/build/Build/Intermediates.noindex/cmark-gfm.build/Release-iphoneos/cmark-gfm.build/Objects-normal/arm64/7187679823f38a2a940e0043cdf9d637-common-args.resp -MMD -MT dependencies -MF /Users/builder/clone/build/Build/Intermediates.noindex/cmark-gfm.build/Release-iphoneos/cmark-gfm.build/Objects-normal/arm64/html.d --serialize-diagnostics /Users/builder/clone/build/Build/Intermediates.noindex/cmark-gfm.build/Release-iphoneos/cmark-gfm.build/Objects-normal/arm64/html.dia -c /Users/builder/clone/build/SourcePackages/checkouts/swift-cmark/src/html.c -o /Users/builder/clone/build/Build/Intermediates.noindex/cmark-gfm.build/Release-iphoneos/cmark-gfm.build/Objects-normal/arm64/html.o\n\nScanDependencies /Users/builder/clone/build/Build/Intermediates.noindex/cmark-gfm.build/Release-iphoneos/cmark-gfm.build/Objects-normal/arm64/houdini_html_u.o /Users/builder/clone/build/SourcePackages/checkouts/swift-cmark/src/houdini_html_u.c normal arm64 c com.apple.compilers.llvm.clang.1_0.compiler (in target 'cmark-gfm' from project 'cmark-gfm')\n    cd /Users/builder/clone/IceCubesApp.xcodeproj\n    \n    Using response file: /Users/builder/clone/build/Build/Intermediates.noindex/cmark-gfm.build/Release-iphoneos/cmark-gfm.build/Objects-normal/arm64/7187679823f38a2a940e0043cdf9d637-common-args.resp\n    \n    builtin-ScanDependencies -o /Users/builder/clone/build/Build/Intermediates.noindex/cmark-gfm.build/Release-iphoneos/cmark-gfm.build/Objects-normal/arm64/houdini_html_u.o.scan -- /Applications/Xcode-26.4.app/Contents/Developer/Toolchains/XcodeDefault.xctoolchain/usr/bin/clang -x c -ivfsstatcache /Users/builder/clone/build/SDKStatCaches.noindex/iphoneos26.4-23E252-dc38477e7e47e42951976ad86cc01fb3.sdkstatcache -target arm64-apple-ios12.0 -fmessage-length\\=0 -fdiagnostics-show-note-include-stack -fmacro-backtrace-limit\\=0 -fno-color-diagnostics -fmodules-prune-interval\\=86400 -fmodules-prune-after\\=345600 -fbuild-session-file\\=/Users/builder/clone/build/ModuleCache.noindex/Session.modulevalidation -fmodules-validate-once-per-build-session -Wnon-modular-include-in-framework-module -Werror\\=non-modular-include-in-framework-module -Wno-trigraphs -Wno-missing-field-initializers -Wno-missing-prototypes -Wno-return-type -Wno-missing-braces -Wparentheses -Wswitch -Wno-unused-function -Wno-unused-label -Wno-unused-parameter -Wno-unused-variable -Wunused-value -Wno-empty-body -Wno-uninitialized -Wno-unknown-pragmas -w -Wno-shadow -Wno-four-char-constants -Wno-conversion -Wno-constant-conversion -Wno-int-conversion -Wno-bool-conversion -Wno-enum-conversion -Wno-float-conversion -Wno-non-literal-null-conversion -Wno-objc-literal-conversion -Wshorten-64-to-32 -Wpointer-sign -Wno-newline-eof -Wno-implicit-fallthrough -isysroot /Applications/Xcode-26.4.app/Contents/Developer/Platforms/iPhoneOS.platform/Developer/SDKs/iPhoneOS26.4.sdk -fstrict-aliasing -Wdeprecated-declarations -Wno-sign-conversion -Wno-infinite-recursion -Wno-comma -Wno-block-capture-autoreleasing -Wno-strict-prototypes -Wno-semicolon-before-method-body @/Users/builder/clone/build/Build/Intermediates.noindex/cmark-gfm.build/Release-iphoneos/cmark-gfm.build/Objects-normal/arm64/7187679823f38a2a940e0043cdf9d637-common-args.resp -MMD -MT dependencies -MF /Users/builder/clone/build/Build/Intermediates.noindex/cmark-gfm.build/Release-iphoneos/cmark-gfm.build/Objects-normal/arm64/houdini_html_u.d --serialize-diagnostics /Users/builder/clone/build/Build/Intermediates.noindex/cmark-gfm.build/Release-iphoneos/cmark-gfm.build/Objects-normal/arm64/houdini_html_u.dia -c /Users/builder/clone/build/SourcePackages/checkouts/swift-cmark/src/houdini_html_u.c -o /Users/builder/clone/build/Build/Intermediates.noindex/cmark-gfm.build/Release-iphoneos/cmark-gfm.build/Objects-normal/arm64/houdini_html_u.o\n\nCompileC /Users/builder/clone/build/Build/Intermediates.noindex/cmark-gfm.build/Release-iphoneos/cmark-gfm.build/Objects-normal/arm64/html.o /Users/builder/clone/build/SourcePackages/checkouts/swift-cmark/src/html.c normal arm64 c com.apple.compilers.llvm.clang.1_0.compiler (in target 'cmark-gfm' from project 'cmark-gfm')\n    cd /Users/builder/clone/IceCubesApp.xcodeproj\n    \n    Using response file: /Users/builder/clone/build/Build/Intermediates.noindex/cmark-gfm.build/Release-iphoneos/cmark-gfm.build/Objects-normal/arm64/7187679823f38a2a940e0043cdf9d637-common-args.resp\n    \n    /Applications/Xcode-26.4.app/Contents/Developer/Toolchains/XcodeDefault.xctoolchain/usr/bin/clang -x c -ivfsstatcache /Users/builder/clone/build/SDKStatCaches.noindex/iphoneos26.4-23E252-dc38477e7e47e42951976ad86cc01fb3.sdkstatcache -target arm64-apple-ios12.0 -fmessage-length\\=0 -fdiagnostics-show-note-include-stack -fmacro-backtrace-limit\\=0 -fno-color-diagnostics -fmodules-prune-interval\\=86400 -fmodules-prune-after\\=345600 -fbuild-session-file\\=/Users/builder/clone/build/ModuleCache.noindex/Session.modulevalidation -fmodules-validate-once-per-build-session -Wnon-modular-include-in-framework-module -Werror\\=non-modular-include-in-framework-module -Wno-trigraphs -Wno-missing-field-initializers -Wno-missing-prototypes -Wno-return-type -Wno-missing-braces -Wparentheses -Wswitch -Wno-unused-function -Wno-unused-label -Wno-unused-parameter -Wno-unused-variable -Wunused-value -Wno-empty-body -Wno-uninitialized -Wno-unknown-pragmas -w -Wno-shadow -Wno-four-char-constants -Wno-conversion -Wno-constant-conversion -Wno-int-conversion -Wno-bool-conversion -Wno-enum-conversion -Wno-float-conversion -Wno-non-literal-null-conversion -Wno-objc-literal-conversion -Wshorten-64-to-32 -Wpointer-sign -Wno-newline-eof -Wno-implicit-fallthrough -isysroot /Applications/Xcode-26.4.app/Contents/Developer/Platforms/iPhoneOS.platform/Developer/SDKs/iPhoneOS26.4.sdk -fstrict-aliasing -Wdeprecated-declarations -Wno-sign-conversion -Wno-infinite-recursion -Wno-comma -Wno-block-capture-autoreleasing -Wno-strict-prototypes -Wno-semicolon-before-method-body @/Users/builder/clone/build/Build/Intermediates.noindex/cmark-gfm.build/Release-iphoneos/cmark-gfm.build/Objects-normal/arm64/7187679823f38a2a940e0043cdf9d637-common-args.resp -MMD -MT dependencies -MF /Users/builder/clone/build/Build/Intermediates.noindex/cmark-gfm.build/Release-iphoneos/cmark-gfm.build/Objects-normal/arm64/html.d --serialize-diagnostics /Users/builder/clone/build/Build/Intermediates.noindex/cmark-gfm.build/Release-iphoneos/cmark-gfm.build/Objects-normal/arm64/html.dia -c /Users/builder/clone/build/SourcePackages/checkouts/swift-cmark/src/html.c -o /Users/builder/clone/build/Build/Intermediates.noindex/cmark-gfm.build/Release-iphoneos/cmark-gfm.build/Objects-normal/arm64/html.o\n\nCompileC /Users/builder/clone/build/Build/Intermediates.noindex/cmark-gfm.build/Release-iphoneos/cmark-gfm.build/Objects-normal/arm64/houdini_html_u.o /Users/builder/clone/build/SourcePackages/checkouts/swift-cmark/src/houdini_html_u.c normal arm64 c com.apple.compilers.llvm.clang.1_0.compiler (in target 'cmark-gfm' from project 'cmark-gfm')\n    cd /Users/builder/clone/IceCubesApp.xcodeproj\n    \n    Using response file: /Users/builder/clone/build/Build/Intermediates.noindex/cmark-gfm.build/Release-iphoneos/cmark-gfm.build/Objects-normal/arm64/7187679823f38a2a940e0043cdf9d637-common-args.resp\n    \n    /Applications/Xcode-26.4.app/Contents/Developer/Toolchains/XcodeDefault.xctoolchain/usr/bin/clang -x c -ivfsstatcache /Users/builder/clone/build/SDKStatCaches.noindex/iphoneos26.4-23E252-dc38477e7e47e42951976ad86cc01fb3.sdkstatcache -target arm64-apple-ios12.0 -fmessage-length\\=0 -fdiagnostics-show-note-include-stack -fmacro-backtrace-limit\\=0 -fno-color-diagnostics -fmodules-prune-interval\\=86400 -fmodules-prune-after\\=345600 -fbuild-session-file\\=/Users/builder/clone/build/ModuleCache.noindex/Session.modulevalidation -fmodules-validate-once-per-build-session -Wnon-modular-include-in-framework-module -Werror\\=non-modular-include-in-framework-module -Wno-trigraphs -Wno-missing-field-initializers -Wno-missing-prototypes -Wno-return-type -Wno-missing-braces -Wparentheses -Wswitch -Wno-unused-function -Wno-unused-label -Wno-unused-parameter -Wno-unused-variable -Wunused-value -Wno-empty-body -Wno-uninitialized -Wno-unknown-pragmas -w -Wno-shadow -Wno-four-char-constants -Wno-conversion -Wno-constant-conversion -Wno-int-conversion -Wno-bool-conversion -Wno-enum-conversion -Wno-float-conversion -Wno-non-literal-null-conversion -Wno-objc-literal-conversion -Wshorten-64-to-32 -Wpointer-sign -Wno-newline-eof -Wno-implicit-fallthrough -isysroot /Applications/Xcode-26.4.app/Contents/Developer/Platforms/iPhoneOS.platform/Developer/SDKs/iPhoneOS26.4.sdk -fstrict-aliasing -Wdeprecated-declarations -Wno-sign-conversion -Wno-infinite-recursion -Wno-comma -Wno-block-capture-autoreleasing -Wno-strict-prototypes -Wno-semicolon-before-method-body @/Users/builder/clone/build/Build/Intermediates.noindex/cmark-gfm.build/Release-iphoneos/cmark-gfm.build/Objects-normal/arm64/7187679823f38a2a940e0043cdf9d637-common-args.resp -MMD -MT dependencies -MF /Users/builder/clone/build/Build/Intermediates.noindex/cmark-gfm.build/Release-iphoneos/cmark-gfm.build/Objects-normal/arm64/houdini_html_u.d --serialize-diagnostics /Users/builder/clone/build/Build/Intermediates.noindex/cmark-gfm.build/Release-iphoneos/cmark-gfm.build/Objects-normal/arm64/houdini_html_u.dia -c /Users/builder/clone/build/SourcePackages/checkouts/swift-cmark/src/houdini_html_u.c -o /Users/builder/clone/build/Build/Intermediates.noindex/cmark-gfm.build/Release-iphoneos/cmark-gfm.build/Objects-normal/arm64/houdini_html_u.o\n\nScanDependencies /Users/builder/clone/build/Build/Intermediates.noindex/cmark-gfm.build/Release-iphoneos/cmark-gfm.build/Objects-normal/arm64/houdini_html_e.o /Users/builder/clone/build/SourcePackages/checkouts/swift-cmark/src/houdini_html_e.c normal arm64 c com.apple.compilers.llvm.clang.1_0.compiler (in target 'cmark-gfm' from project 'cmark-gfm')\n    cd /Users/builder/clone/IceCubesApp.xcodeproj\n    \n    Using response file: /Users/builder/clone/build/Build/Intermediates.noindex/cmark-gfm.build/Release-iphoneos/cmark-gfm.build/Objects-normal/arm64/7187679823f38a2a940e0043cdf9d637-common-args.resp\n    \n    builtin-ScanDependencies -o /Users/builder/clone/build/Build/Intermediates.noindex/cmark-gfm.build/Release-iphoneos/cmark-gfm.build/Objects-normal/arm64/houdini_html_e.o.scan -- /Applications/Xcode-26.4.app/Contents/Developer/Toolchains/XcodeDefault.xctoolchain/usr/bin/clang -x c -ivfsstatcache /Users/builder/clone/build/SDKStatCaches.noindex/iphoneos26.4-23E252-dc38477e7e47e42951976ad86cc01fb3.sdkstatcache -target arm64-apple-ios12.0 -fmessage-length\\=0 -fdiagnostics-show-note-include-stack -fmacro-backtrace-limit\\=0 -fno-color-diagnostics -fmodules-prune-interval\\=86400 -fmodules-prune-after\\=345600 -fbuild-session-file\\=/Users/builder/clone/build/ModuleCache.noindex/Session.modulevalidation -fmodules-validate-once-per-build-session -Wnon-modular-include-in-framework-module -Werror\\=non-modular-include-in-framework-module -Wno-trigraphs -Wno-missing-field-initializers -Wno-missing-prototypes -Wno-return-type -Wno-missing-braces -Wparentheses -Wswitch -Wno-unused-function -Wno-unused-label -Wno-unused-parameter -Wno-unused-variable -Wunused-value -Wno-empty-body -Wno-uninitialized -Wno-unknown-pragmas -w -Wno-shadow -Wno-four-char-constants -Wno-conversion -Wno-constant-conversion -Wno-int-conversion -Wno-bool-conversion -Wno-enum-conversion -Wno-float-conversion -Wno-non-literal-null-conversion -Wno-objc-literal-conversion -Wshorten-64-to-32 -Wpointer-sign -Wno-newline-eof -Wno-implicit-fallthrough -isysroot /Applications/Xcode-26.4.app/Contents/Developer/Platforms/iPhoneOS.platform/Developer/SDKs/iPhoneOS26.4.sdk -fstrict-aliasing -Wdeprecated-declarations -Wno-sign-conversion -Wno-infinite-recursion -Wno-comma -Wno-block-capture-autoreleasing -Wno-strict-prototypes -Wno-semicolon-before-method-body @/Users/builder/clone/build/Build/Intermediates.noindex/cmark-gfm.build/Release-iphoneos/cmark-gfm.build/Objects-normal/arm64/7187679823f38a2a940e0043cdf9d637-common-args.resp -MMD -MT dependencies -MF /Users/builder/clone/build/Build/Intermediates.noindex/cmark-gfm.build/Release-iphoneos/cmark-gfm.build/Objects-normal/arm64/houdini_html_e.d --serialize-diagnostics /Users/builder/clone/build/Build/Intermediates.noindex/cmark-gfm.build/Release-iphoneos/cmark-gfm.build/Objects-normal/arm64/houdini_html_e.dia -c /Users/builder/clone/build/SourcePackages/checkouts/swift-cmark/src/houdini_html_e.c -o /Users/builder/clone/build/Build/Intermediates.noindex/cmark-gfm.build/Release-iphoneos/cmark-gfm.build/Objects-normal/arm64/houdini_html_e.o\n\nScanDependencies /Users/builder/clone/build/Build/Intermediates.noindex/cmark-gfm.build/Release-iphoneos/cmark-gfm.build/Objects-normal/arm64/houdini_href_e.o /Users/builder/clone/build/SourcePackages/checkouts/swift-cmark/src/houdini_href_e.c normal arm64 c com.apple.compilers.llvm.clang.1_0.compiler (in target 'cmark-gfm' from project 'cmark-gfm')\n    cd /Users/builder/clone/IceCubesApp.xcodeproj\n    \n    Using response file: /Users/builder/clone/build/Build/Intermediates.noindex/cmark-gfm.build/Release-iphoneos/cmark-gfm.build/Objects-normal/arm64/7187679823f38a2a940e0043cdf9d637-common-args.resp\n    \n    builtin-ScanDependencies -o /Users/builder/clone/build/Build/Intermediates.noindex/cmark-gfm.build/Release-iphoneos/cmark-gfm.build/Objects-normal/arm64/houdini_href_e.o.scan -- /Applications/Xcode-26.4.app/Contents/Developer/Toolchains/XcodeDefault.xctoolchain/usr/bin/clang -x c -ivfsstatcache /Users/builder/clone/build/SDKStatCaches.noindex/iphoneos26.4-23E252-dc38477e7e47e42951976ad86cc01fb3.sdkstatcache -target arm64-apple-ios12.0 -fmessage-length\\=0 -fdiagnostics-show-note-include-stack -fmacro-backtrace-limit\\=0 -fno-color-diagnostics -fmodules-prune-interval\\=86400 -fmodules-prune-after\\=345600 -fbuild-session-file\\=/Users/builder/clone/build/ModuleCache.noindex/Session.modulevalidation -fmodules-validate-once-per-build-session -Wnon-modular-include-in-framework-module -Werror\\=non-modular-include-in-framework-module -Wno-trigraphs -Wno-missing-field-initializers -Wno-missing-prototypes -Wno-return-type -Wno-missing-braces -Wparentheses -Wswitch -Wno-unused-function -Wno-unused-label -Wno-unused-parameter -Wno-unused-variable -Wunused-value -Wno-empty-body -Wno-uninitialized -Wno-unknown-pragmas -w -Wno-shadow -Wno-four-char-constants -Wno-conversion -Wno-constant-conversion -Wno-int-conversion -Wno-bool-conversion -Wno-enum-conversion -Wno-float-conversion -Wno-non-literal-null-conversion -Wno-objc-literal-conversion -Wshorten-64-to-32 -Wpointer-sign -Wno-newline-eof -Wno-implicit-fallthrough -isysroot /Applications/Xcode-26.4.app/Contents/Developer/Platforms/iPhoneOS.platform/Developer/SDKs/iPhoneOS26.4.sdk -fstrict-aliasing -Wdeprecated-declarations -Wno-sign-conversion -Wno-infinite-recursion -Wno-comma -Wno-block-capture-autoreleasing -Wno-strict-prototypes -Wno-semicolon-before-method-body @/Users/builder/clone/build/Build/Intermediates.noindex/cmark-gfm.build/Release-iphoneos/cmark-gfm.build/Objects-normal/arm64/7187679823f38a2a940e0043cdf9d637-common-args.resp -MMD -MT dependencies -MF /Users/builder/clone/build/Build/Intermediates.noindex/cmark-gfm.build/Release-iphoneos/cmark-gfm.build/Objects-normal/arm64/houdini_href_e.d --serialize-diagnostics /Users/builder/clone/build/Build/Intermediates.noindex/cmark-gfm.build/Release-iphoneos/cmark-gfm.build/Objects-normal/arm64/houdini_href_e.dia -c /Users/builder/clone/build/SourcePackages/checkouts/swift-cmark/src/houdini_href_e.c -o /Users/builder/clone/build/Build/Intermediates.noindex/cmark-gfm.build/Release-iphoneos/cmark-gfm.build/Objects-normal/arm64/houdini_href_e.o\n\nCompileC /Users/builder/clone/build/Build/Intermediates.noindex/cmark-gfm.build/Release-iphoneos/cmark-gfm.build/Objects-normal/arm64/houdini_html_e.o /Users/builder/clone/build/SourcePackages/checkouts/swift-cmark/src/houdini_html_e.c normal arm64 c com.apple.compilers.llvm.clang.1_0.compiler (in target 'cmark-gfm' from project 'cmark-gfm')\n    cd /Users/builder/clone/IceCubesApp.xcodeproj\n    \n    Using response file: /Users/builder/clone/build/Build/Intermediates.noindex/cmark-gfm.build/Release-iphoneos/cmark-gfm.build/Objects-normal/arm64/7187679823f38a2a940e0043cdf9d637-common-args.resp\n    \n    /Applications/Xcode-26.4.app/Contents/Developer/Toolchains/XcodeDefault.xctoolchain/usr/bin/clang -x c -ivfsstatcache /Users/builder/clone/build/SDKStatCaches.noindex/iphoneos26.4-23E252-dc38477e7e47e42951976ad86cc01fb3.sdkstatcache -target arm64-apple-ios12.0 -fmessage-length\\=0 -fdiagnostics-show-note-include-stack -fmacro-backtrace-limit\\=0 -fno-color-diagnostics -fmodules-prune-interval\\=86400 -fmodules-prune-after\\=345600 -fbuild-session-file\\=/Users/builder/clone/build/ModuleCache.noindex/Session.modulevalidation -fmodules-validate-once-per-build-session -Wnon-modular-include-in-framework-module -Werror\\=non-modular-include-in-framework-module -Wno-trigraphs -Wno-missing-field-initializers -Wno-missing-prototypes -Wno-return-type -Wno-missing-braces -Wparentheses -Wswitch -Wno-unused-function -Wno-unused-label -Wno-unused-parameter -Wno-unused-variable -Wunused-value -Wno-empty-body -Wno-uninitialized -Wno-unknown-pragmas -w -Wno-shadow -Wno-four-char-constants -Wno-conversion -Wno-constant-conversion -Wno-int-conversion -Wno-bool-conversion -Wno-enum-conversion -Wno-float-conversion -Wno-non-literal-null-conversion -Wno-objc-literal-conversion -Wshorten-64-to-32 -Wpointer-sign -Wno-newline-eof -Wno-implicit-fallthrough -isysroot /Applications/Xcode-26.4.app/Contents/Developer/Platforms/iPhoneOS.platform/Developer/SDKs/iPhoneOS26.4.sdk -fstrict-aliasing -Wdeprecated-declarations -Wno-sign-conversion -Wno-infinite-recursion -Wno-comma -Wno-block-capture-autoreleasing -Wno-strict-prototypes -Wno-semicolon-before-method-body @/Users/builder/clone/build/Build/Intermediates.noindex/cmark-gfm.build/Release-iphoneos/cmark-gfm.build/Objects-normal/arm64/7187679823f38a2a940e0043cdf9d637-common-args.resp -MMD -MT dependencies -MF /Users/builder/clone/build/Build/Intermediates.noindex/cmark-gfm.build/Release-iphoneos/cmark-gfm.build/Objects-normal/arm64/houdini_html_e.d --serialize-diagnostics /Users/builder/clone/build/Build/Intermediates.noindex/cmark-gfm.build/Release-iphoneos/cmark-gfm.build/Objects-normal/arm64/houdini_html_e.dia -c /Users/builder/clone/build/SourcePackages/checkouts/swift-cmark/src/houdini_html_e.c -o /Users/builder/clone/build/Build/Intermediates.noindex/cmark-gfm.build/Release-iphoneos/cmark-gfm.build/Objects-normal/arm64/houdini_html_e.o\n\nCompileC /Users/builder/clone/build/Build/Intermediates.noindex/cmark-gfm.build/Release-iphoneos/cmark-gfm.build/Objects-normal/arm64/houdini_href_e.o /Users/builder/clone/build/SourcePackages/checkouts/swift-cmark/src/houdini_href_e.c normal arm64 c com.apple.compilers.llvm.clang.1_0.compiler (in target 'cmark-gfm' from project 'cmark-gfm')\n    cd /Users/builder/clone/IceCubesApp.xcodeproj\n    \n    Using response file: /Users/builder/clone/build/Build/Intermediates.noindex/cmark-gfm.build/Release-iphoneos/cmark-gfm.build/Objects-normal/arm64/7187679823f38a2a940e0043cdf9d637-common-args.resp\n    \n    /Applications/Xcode-26.4.app/Contents/Developer/Toolchains/XcodeDefault.xctoolchain/usr/bin/clang -x c -ivfsstatcache /Users/builder/clone/build/SDKStatCaches.noindex/iphoneos26.4-23E252-dc38477e7e47e42951976ad86cc01fb3.sdkstatcache -target arm64-apple-ios12.0 -fmessage-length\\=0 -fdiagnostics-show-note-include-stack -fmacro-backtrace-limit\\=0 -fno-color-diagnostics -fmodules-prune-interval\\=86400 -fmodules-prune-after\\=345600 -fbuild-session-file\\=/Users/builder/clone/build/ModuleCache.noindex/Session.modulevalidation -fmodules-validate-once-per-build-session -Wnon-modular-include-in-framework-module -Werror\\=non-modular-include-in-framework-module -Wno-trigraphs -Wno-missing-field-initializers -Wno-missing-prototypes -Wno-return-type -Wno-missing-braces -Wparentheses -Wswitch -Wno-unused-function -Wno-unused-label -Wno-unused-parameter -Wno-unused-variable -Wunused-value -Wno-empty-body -Wno-uninitialized -Wno-unknown-pragmas -w -Wno-shadow -Wno-four-char-constants -Wno-conversion -Wno-constant-conversion -Wno-int-conversion -Wno-bool-conversion -Wno-enum-conversion -Wno-float-conversion -Wno-non-literal-null-conversion -Wno-objc-literal-conversion -Wshorten-64-to-32 -Wpointer-sign -Wno-newline-eof -Wno-implicit-fallthrough -isysroot /Applications/Xcode-26.4.app/Contents/Developer/Platforms/iPhoneOS.platform/Developer/SDKs/iPhoneOS26.4.sdk -fstrict-aliasing -Wdeprecated-declarations -Wno-sign-conversion -Wno-infinite-recursion -Wno-comma -Wno-block-capture-autoreleasing -Wno-strict-prototypes -Wno-semicolon-before-method-body @/Users/builder/clone/build/Build/Intermediates.noindex/cmark-gfm.build/Release-iphoneos/cmark-gfm.build/Objects-normal/arm64/7187679823f38a2a940e0043cdf9d637-common-args.resp -MMD -MT dependencies -MF /Users/builder/clone/build/Build/Intermediates.noindex/cmark-gfm.build/Release-iphoneos/cmark-gfm.build/Objects-normal/arm64/houdini_href_e.d --serialize-diagnostics /Users/builder/clone/build/Build/Intermediates.noindex/cmark-gfm.build/Release-iphoneos/cmark-gfm.build/Objects-normal/arm64/houdini_href_e.dia -c /Users/builder/clone/build/SourcePackages/checkouts/swift-cmark/src/houdini_href_e.c -o /Users/builder/clone/build/Build/Intermediates.noindex/cmark-gfm.build/Release-iphoneos/cmark-gfm.build/Objects-normal/arm64/houdini_href_e.o\n\nScanDependencies /Users/builder/clone/build/Build/Intermediates.noindex/cmark-gfm.build/Release-iphoneos/cmark-gfm.build/Objects-normal/arm64/footnotes.o /Users/builder/clone/build/SourcePackages/checkouts/swift-cmark/src/footnotes.c normal arm64 c com.apple.compilers.llvm.clang.1_0.compiler (in target 'cmark-gfm' from project 'cmark-gfm')\n    cd /Users/builder/clone/IceCubesApp.xcodeproj\n    \n    Using response file: /Users/builder/clone/build/Build/Intermediates.noindex/cmark-gfm.build/Release-iphoneos/cmark-gfm.build/Objects-normal/arm64/7187679823f38a2a940e0043cdf9d637-common-args.resp\n    \n    builtin-ScanDependencies -o /Users/builder/clone/build/Build/Intermediates.noindex/cmark-gfm.build/Release-iphoneos/cmark-gfm.build/Objects-normal/arm64/footnotes.o.scan -- /Applications/Xcode-26.4.app/Contents/Developer/Toolchains/XcodeDefault.xctoolchain/usr/bin/clang -x c -ivfsstatcache /Users/builder/clone/build/SDKStatCaches.noindex/iphoneos26.4-23E252-dc38477e7e47e42951976ad86cc01fb3.sdkstatcache -target arm64-apple-ios12.0 -fmessage-length\\=0 -fdiagnostics-show-note-include-stack -fmacro-backtrace-limit\\=0 -fno-color-diagnostics -fmodules-prune-interval\\=86400 -fmodules-prune-after\\=345600 -fbuild-session-file\\=/Users/builder/clone/build/ModuleCache.noindex/Session.modulevalidation -fmodules-validate-once-per-build-session -Wnon-modular-include-in-framework-module -Werror\\=non-modular-include-in-framework-module -Wno-trigraphs -Wno-missing-field-initializers -Wno-missing-prototypes -Wno-return-type -Wno-missing-braces -Wparentheses -Wswitch -Wno-unused-function -Wno-unused-label -Wno-unused-parameter -Wno-unused-variable -Wunused-value -Wno-empty-body -Wno-uninitialized -Wno-unknown-pragmas -w -Wno-shadow -Wno-four-char-constants -Wno-conversion -Wno-constant-conversion -Wno-int-conversion -Wno-bool-conversion -Wno-enum-conversion -Wno-float-conversion -Wno-non-literal-null-conversion -Wno-objc-literal-conversion -Wshorten-64-to-32 -Wpointer-sign -Wno-newline-eof -Wno-implicit-fallthrough -isysroot /Applications/Xcode-26.4.app/Contents/Developer/Platforms/iPhoneOS.platform/Developer/SDKs/iPhoneOS26.4.sdk -fstrict-aliasing -Wdeprecated-declarations -Wno-sign-conversion -Wno-infinite-recursion -Wno-comma -Wno-block-capture-autoreleasing -Wno-strict-prototypes -Wno-semicolon-before-method-body @/Users/builder/clone/build/Build/Intermediates.noindex/cmark-gfm.build/Release-iphoneos/cmark-gfm.build/Objects-normal/arm64/7187679823f38a2a940e0043cdf9d637-common-args.resp -MMD -MT dependencies -MF /Users/builder/clone/build/Build/Intermediates.noindex/cmark-gfm.build/Release-iphoneos/cmark-gfm.build/Objects-normal/arm64/footnotes.d --serialize-diagnostics /Users/builder/clone/build/Build/Intermediates.noindex/cmark-gfm.build/Release-iphoneos/cmark-gfm.build/Objects-normal/arm64/footnotes.dia -c /Users/builder/clone/build/SourcePackages/checkouts/swift-cmark/src/footnotes.c -o /Users/builder/clone/build/Build/Intermediates.noindex/cmark-gfm.build/Release-iphoneos/cmark-gfm.build/Objects-normal/arm64/footnotes.o\n\nScanDependencies /Users/builder/clone/build/Build/Intermediates.noindex/cmark-gfm.build/Release-iphoneos/cmark-gfm.build/Objects-normal/arm64/commonmark.o /Users/builder/clone/build/SourcePackages/checkouts/swift-cmark/src/commonmark.c normal arm64 c com.apple.compilers.llvm.clang.1_0.compiler (in target 'cmark-gfm' from project 'cmark-gfm')\n    cd /Users/builder/clone/IceCubesApp.xcodeproj\n    \n    Using response file: /Users/builder/clone/build/Build/Intermediates.noindex/cmark-gfm.build/Release-iphoneos/cmark-gfm.build/Objects-normal/arm64/7187679823f38a2a940e0043cdf9d637-common-args.resp\n    \n    builtin-ScanDependencies -o /Users/builder/clone/build/Build/Intermediates.noindex/cmark-gfm.build/Release-iphoneos/cmark-gfm.build/Objects-normal/arm64/commonmark.o.scan -- /Applications/Xcode-26.4.app/Contents/Developer/Toolchains/XcodeDefault.xctoolchain/usr/bin/clang -x c -ivfsstatcache /Users/builder/clone/build/SDKStatCaches.noindex/iphoneos26.4-23E252-dc38477e7e47e42951976ad86cc01fb3.sdkstatcache -target arm64-apple-ios12.0 -fmessage-length\\=0 -fdiagnostics-show-note-include-stack -fmacro-backtrace-limit\\=0 -fno-color-diagnostics -fmodules-prune-interval\\=86400 -fmodules-prune-after\\=345600 -fbuild-session-file\\=/Users/builder/clone/build/ModuleCache.noindex/Session.modulevalidation -fmodules-validate-once-per-build-session -Wnon-modular-include-in-framework-module -Werror\\=non-modular-include-in-framework-module -Wno-trigraphs -Wno-missing-field-initializers -Wno-missing-prototypes -Wno-return-type -Wno-missing-braces -Wparentheses -Wswitch -Wno-unused-function -Wno-unused-label -Wno-unused-parameter -Wno-unused-variable -Wunused-value -Wno-empty-body -Wno-uninitialized -Wno-unknown-pragmas -w -Wno-shadow -Wno-four-char-constants -Wno-conversion -Wno-constant-conversion -Wno-int-conversion -Wno-bool-conversion -Wno-enum-conversion -Wno-float-conversion -Wno-non-literal-null-conversion -Wno-objc-literal-conversion -Wshorten-64-to-32 -Wpointer-sign -Wno-newline-eof -Wno-implicit-fallthrough -isysroot /Applications/Xcode-26.4.app/Contents/Developer/Platforms/iPhoneOS.platform/Developer/SDKs/iPhoneOS26.4.sdk -fstrict-aliasing -Wdeprecated-declarations -Wno-sign-conversion -Wno-infinite-recursion -Wno-comma -Wno-block-capture-autoreleasing -Wno-strict-prototypes -Wno-semicolon-before-method-body @/Users/builder/clone/build/Build/Intermediates.noindex/cmark-gfm.build/Release-iphoneos/cmark-gfm.build/Objects-normal/arm64/7187679823f38a2a940e0043cdf9d637-common-args.resp -MMD -MT dependencies -MF /Users/builder/clone/build/Build/Intermediates.noindex/cmark-gfm.build/Release-iphoneos/cmark-gfm.build/Objects-normal/arm64/commonmark.d --serialize-diagnostics /Users/builder/clone/build/Build/Intermediates.noindex/cmark-gfm.build/Release-iphoneos/cmark-gfm.build/Objects-normal/arm64/commonmark.dia -c /Users/builder/clone/build/SourcePackages/checkouts/swift-cmark/src/commonmark.c -o /Users/builder/clone/build/Build/Intermediates.noindex/cmark-gfm.build/Release-iphoneos/cmark-gfm.build/Objects-normal/arm64/commonmark.o\n\nCompileC /Users/builder/clone/build/Build/Intermediates.noindex/cmark-gfm.build/Release-iphoneos/cmark-gfm.build/Objects-normal/arm64/footnotes.o /Users/builder/clone/build/SourcePackages/checkouts/swift-cmark/src/footnotes.c normal arm64 c com.apple.compilers.llvm.clang.1_0.compiler (in target 'cmark-gfm' from project 'cmark-gfm')\n    cd /Users/builder/clone/IceCubesApp.xcodeproj\n    \n    Using response file: /Users/builder/clone/build/Build/Intermediates.noindex/cmark-gfm.build/Release-iphoneos/cmark-gfm.build/Objects-normal/arm64/7187679823f38a2a940e0043cdf9d637-common-args.resp\n    \n    /Applications/Xcode-26.4.app/Contents/Developer/Toolchains/XcodeDefault.xctoolchain/usr/bin/clang -x c -ivfsstatcache /Users/builder/clone/build/SDKStatCaches.noindex/iphoneos26.4-23E252-dc38477e7e47e42951976ad86cc01fb3.sdkstatcache -target arm64-apple-ios12.0 -fmessage-length\\=0 -fdiagnostics-show-note-include-stack -fmacro-backtrace-limit\\=0 -fno-color-diagnostics -fmodules-prune-interval\\=86400 -fmodules-prune-after\\=345600 -fbuild-session-file\\=/Users/builder/clone/build/ModuleCache.noindex/Session.modulevalidation -fmodules-validate-once-per-build-session -Wnon-modular-include-in-framework-module -Werror\\=non-modular-include-in-framework-module -Wno-trigraphs -Wno-missing-field-initializers -Wno-missing-prototypes -Wno-return-type -Wno-missing-braces -Wparentheses -Wswitch -Wno-unused-function -Wno-unused-label -Wno-unused-parameter -Wno-unused-variable -Wunused-value -Wno-empty-body -Wno-uninitialized -Wno-unknown-pragmas -w -Wno-shadow -Wno-four-char-constants -Wno-conversion -Wno-constant-conversion -Wno-int-conversion -Wno-bool-conversion -Wno-enum-conversion -Wno-float-conversion -Wno-non-literal-null-conversion -Wno-objc-literal-conversion -Wshorten-64-to-32 -Wpointer-sign -Wno-newline-eof -Wno-implicit-fallthrough -isysroot /Applications/Xcode-26.4.app/Contents/Developer/Platforms/iPhoneOS.platform/Developer/SDKs/iPhoneOS26.4.sdk -fstrict-aliasing -Wdeprecated-declarations -Wno-sign-conversion -Wno-infinite-recursion -Wno-comma -Wno-block-capture-autoreleasing -Wno-strict-prototypes -Wno-semicolon-before-method-body @/Users/builder/clone/build/Build/Intermediates.noindex/cmark-gfm.build/Release-iphoneos/cmark-gfm.build/Objects-normal/arm64/7187679823f38a2a940e0043cdf9d637-common-args.resp -MMD -MT dependencies -MF /Users/builder/clone/build/Build/Intermediates.noindex/cmark-gfm.build/Release-iphoneos/cmark-gfm.build/Objects-normal/arm64/footnotes.d --serialize-diagnostics /Users/builder/clone/build/Build/Intermediates.noindex/cmark-gfm.build/Release-iphoneos/cmark-gfm.build/Objects-normal/arm64/footnotes.dia -c /Users/builder/clone/build/SourcePackages/checkouts/swift-cmark/src/footnotes.c -o /Users/builder/clone/build/Build/Intermediates.noindex/cmark-gfm.build/Release-iphoneos/cmark-gfm.build/Objects-normal/arm64/footnotes.o\n\nCompileC /Users/builder/clone/build/Build/Intermediates.noindex/cmark-gfm.build/Release-iphoneos/cmark-gfm.build/Objects-normal/arm64/commonmark.o /Users/builder/clone/build/SourcePackages/checkouts/swift-cmark/src/commonmark.c normal arm64 c com.apple.compilers.llvm.clang.1_0.compiler (in target 'cmark-gfm' from project 'cmark-gfm')\n    cd /Users/builder/clone/IceCubesApp.xcodeproj\n    \n    Using response file: /Users/builder/clone/build/Build/Intermediates.noindex/cmark-gfm.build/Release-iphoneos/cmark-gfm.build/Objects-normal/arm64/7187679823f38a2a940e0043cdf9d637-common-args.resp\n    \n    /Applications/Xcode-26.4.app/Contents/Developer/Toolchains/XcodeDefault.xctoolchain/usr/bin/clang -x c -ivfsstatcache /Users/builder/clone/build/SDKStatCaches.noindex/iphoneos26.4-23E252-dc38477e7e47e42951976ad86cc01fb3.sdkstatcache -target arm64-apple-ios12.0 -fmessage-length\\=0 -fdiagnostics-show-note-include-stack -fmacro-backtrace-limit\\=0 -fno-color-diagnostics -fmodules-prune-interval\\=86400 -fmodules-prune-after\\=345600 -fbuild-session-file\\=/Users/builder/clone/build/ModuleCache.noindex/Session.modulevalidation -fmodules-validate-once-per-build-session -Wnon-modular-include-in-framework-module -Werror\\=non-modular-include-in-framework-module -Wno-trigraphs -Wno-missing-field-initializers -Wno-missing-prototypes -Wno-return-type -Wno-missing-braces -Wparentheses -Wswitch -Wno-unused-function -Wno-unused-label -Wno-unused-parameter -Wno-unused-variable -Wunused-value -Wno-empty-body -Wno-uninitialized -Wno-unknown-pragmas -w -Wno-shadow -Wno-four-char-constants -Wno-conversion -Wno-constant-conversion -Wno-int-conversion -Wno-bool-conversion -Wno-enum-conversion -Wno-float-conversion -Wno-non-literal-null-conversion -Wno-objc-literal-conversion -Wshorten-64-to-32 -Wpointer-sign -Wno-newline-eof -Wno-implicit-fallthrough -isysroot /Applications/Xcode-26.4.app/Contents/Developer/Platforms/iPhoneOS.platform/Developer/SDKs/iPhoneOS26.4.sdk -fstrict-aliasing -Wdeprecated-declarations -Wno-sign-conversion -Wno-infinite-recursion -Wno-comma -Wno-block-capture-autoreleasing -Wno-strict-prototypes -Wno-semicolon-before-method-body @/Users/builder/clone/build/Build/Intermediates.noindex/cmark-gfm.build/Release-iphoneos/cmark-gfm.build/Objects-normal/arm64/7187679823f38a2a940e0043cdf9d637-common-args.resp -MMD -MT dependencies -MF /Users/builder/clone/build/Build/Intermediates.noindex/cmark-gfm.build/Release-iphoneos/cmark-gfm.build/Objects-normal/arm64/commonmark.d --serialize-diagnostics /Users/builder/clone/build/Build/Intermediates.noindex/cmark-gfm.build/Release-iphoneos/cmark-gfm.build/Objects-normal/arm64/commonmark.dia -c /Users/builder/clone/build/SourcePackages/checkouts/swift-cmark/src/commonmark.c -o /Users/builder/clone/build/Build/Intermediates.noindex/cmark-gfm.build/Release-iphoneos/cmark-gfm.build/Objects-normal/arm64/commonmark.o\n\nScanDependencies /Users/builder/clone/build/Build/Intermediates.noindex/cmark-gfm.build/Release-iphoneos/cmark-gfm.build/Objects-normal/arm64/cmark_ctype.o /Users/builder/clone/build/SourcePackages/checkouts/swift-cmark/src/cmark_ctype.c normal arm64 c com.apple.compilers.llvm.clang.1_0.compiler (in target 'cmark-gfm' from project 'cmark-gfm')\n    cd /Users/builder/clone/IceCubesApp.xcodeproj\n    \n    Using response file: /Users/builder/clone/build/Build/Intermediates.noindex/cmark-gfm.build/Release-iphoneos/cmark-gfm.build/Objects-normal/arm64/7187679823f38a2a940e0043cdf9d637-common-args.resp\n    \n    builtin-ScanDependencies -o /Users/builder/clone/build/Build/Intermediates.noindex/cmark-gfm.build/Release-iphoneos/cmark-gfm.build/Objects-normal/arm64/cmark_ctype.o.scan -- /Applications/Xcode-26.4.app/Contents/Developer/Toolchains/XcodeDefault.xctoolchain/usr/bin/clang -x c -ivfsstatcache /Users/builder/clone/build/SDKStatCaches.noindex/iphoneos26.4-23E252-dc38477e7e47e42951976ad86cc01fb3.sdkstatcache -target arm64-apple-ios12.0 -fmessage-length\\=0 -fdiagnostics-show-note-include-stack -fmacro-backtrace-limit\\=0 -fno-color-diagnostics -fmodules-prune-interval\\=86400 -fmodules-prune-after\\=345600 -fbuild-session-file\\=/Users/builder/clone/build/ModuleCache.noindex/Session.modulevalidation -fmodules-validate-once-per-build-session -Wnon-modular-include-in-framework-module -Werror\\=non-modular-include-in-framework-module -Wno-trigraphs -Wno-missing-field-initializers -Wno-missing-prototypes -Wno-return-type -Wno-missing-braces -Wparentheses -Wswitch -Wno-unused-function -Wno-unused-label -Wno-unused-parameter -Wno-unused-variable -Wunused-value -Wno-empty-body -Wno-uninitialized -Wno-unknown-pragmas -w -Wno-shadow -Wno-four-char-constants -Wno-conversion -Wno-constant-conversion -Wno-int-conversion -Wno-bool-conversion -Wno-enum-conversion -Wno-float-conversion -Wno-non-literal-null-conversion -Wno-objc-literal-conversion -Wshorten-64-to-32 -Wpointer-sign -Wno-newline-eof -Wno-implicit-fallthrough -isysroot /Applications/Xcode-26.4.app/Contents/Developer/Platforms/iPhoneOS.platform/Developer/SDKs/iPhoneOS26.4.sdk -fstrict-aliasing -Wdeprecated-declarations -Wno-sign-conversion -Wno-infinite-recursion -Wno-comma -Wno-block-capture-autoreleasing -Wno-strict-prototypes -Wno-semicolon-before-method-body @/Users/builder/clone/build/Build/Intermediates.noindex/cmark-gfm.build/Release-iphoneos/cmark-gfm.build/Objects-normal/arm64/7187679823f38a2a940e0043cdf9d637-common-args.resp -MMD -MT dependencies -MF /Users/builder/clone/build/Build/Intermediates.noindex/cmark-gfm.build/Release-iphoneos/cmark-gfm.build/Objects-normal/arm64/cmark_ctype.d --serialize-diagnostics /Users/builder/clone/build/Build/Intermediates.noindex/cmark-gfm.build/Release-iphoneos/cmark-gfm.build/Objects-normal/arm64/cmark_ctype.dia -c /Users/builder/clone/build/SourcePackages/checkouts/swift-cmark/src/cmark_ctype.c -o /Users/builder/clone/build/Build/Intermediates.noindex/cmark-gfm.build/Release-iphoneos/cmark-gfm.build/Objects-normal/arm64/cmark_ctype.o\n\nScanDependencies /Users/builder/clone/build/Build/Intermediates.noindex/cmark-gfm.build/Release-iphoneos/cmark-gfm.build/Objects-normal/arm64/cmark.o /Users/builder/clone/build/SourcePackages/checkouts/swift-cmark/src/cmark.c normal arm64 c com.apple.compilers.llvm.clang.1_0.compiler (in target 'cmark-gfm' from project 'cmark-gfm')\n    cd /Users/builder/clone/IceCubesApp.xcodeproj\n    \n    Using response file: /Users/builder/clone/build/Build/Intermediates.noindex/cmark-gfm.build/Release-iphoneos/cmark-gfm.build/Objects-normal/arm64/7187679823f38a2a940e0043cdf9d637-common-args.resp\n    \n    builtin-ScanDependencies -o /Users/builder/clone/build/Build/Intermediates.noindex/cmark-gfm.build/Release-iphoneos/cmark-gfm.build/Objects-normal/arm64/cmark.o.scan -- /Applications/Xcode-26.4.app/Contents/Developer/Toolchains/XcodeDefault.xctoolchain/usr/bin/clang -x c -ivfsstatcache /Users/builder/clone/build/SDKStatCaches.noindex/iphoneos26.4-23E252-dc38477e7e47e42951976ad86cc01fb3.sdkstatcache -target arm64-apple-ios12.0 -fmessage-length\\=0 -fdiagnostics-show-note-include-stack -fmacro-backtrace-limit\\=0 -fno-color-diagnostics -fmodules-prune-interval\\=86400 -fmodules-prune-after\\=345600 -fbuild-session-file\\=/Users/builder/clone/build/ModuleCache.noindex/Session.modulevalidation -fmodules-validate-once-per-build-session -Wnon-modular-include-in-framework-module -Werror\\=non-modular-include-in-framework-module -Wno-trigraphs -Wno-missing-field-initializers -Wno-missing-prototypes -Wno-return-type -Wno-missing-braces -Wparentheses -Wswitch -Wno-unused-function -Wno-unused-label -Wno-unused-parameter -Wno-unused-variable -Wunused-value -Wno-empty-body -Wno-uninitialized -Wno-unknown-pragmas -w -Wno-shadow -Wno-four-char-constants -Wno-conversion -Wno-constant-conversion -Wno-int-conversion -Wno-bool-conversion -Wno-enum-conversion -Wno-float-conversion -Wno-non-literal-null-conversion -Wno-objc-literal-conversion -Wshorten-64-to-32 -Wpointer-sign -Wno-newline-eof -Wno-implicit-fallthrough -isysroot /Applications/Xcode-26.4.app/Contents/Developer/Platforms/iPhoneOS.platform/Developer/SDKs/iPhoneOS26.4.sdk -fstrict-aliasing -Wdeprecated-declarations -Wno-sign-conversion -Wno-infinite-recursion -Wno-comma -Wno-block-capture-autoreleasing -Wno-strict-prototypes -Wno-semicolon-before-method-body @/Users/builder/clone/build/Build/Intermediates.noindex/cmark-gfm.build/Release-iphoneos/cmark-gfm.build/Objects-normal/arm64/7187679823f38a2a940e0043cdf9d637-common-args.resp -MMD -MT dependencies -MF /Users/builder/clone/build/Build/Intermediates.noindex/cmark-gfm.build/Release-iphoneos/cmark-gfm.build/Objects-normal/arm64/cmark.d --serialize-diagnostics /Users/builder/clone/build/Build/Intermediates.noindex/cmark-gfm.build/Release-iphoneos/cmark-gfm.build/Objects-normal/arm64/cmark.dia -c /Users/builder/clone/build/SourcePackages/checkouts/swift-cmark/src/cmark.c -o /Users/builder/clone/build/Build/Intermediates.noindex/cmark-gfm.build/Release-iphoneos/cmark-gfm.build/Objects-normal/arm64/cmark.o\n\nCompileC /Users/builder/clone/build/Build/Intermediates.noindex/cmark-gfm.build/Release-iphoneos/cmark-gfm.build/Objects-normal/arm64/cmark_ctype.o /Users/builder/clone/build/SourcePackages/checkouts/swift-cmark/src/cmark_ctype.c normal arm64 c com.apple.compilers.llvm.clang.1_0.compiler (in target 'cmark-gfm' from project 'cmark-gfm')\n    cd /Users/builder/clone/IceCubesApp.xcodeproj\n    \n    Using response file: /Users/builder/clone/build/Build/Intermediates.noindex/cmark-gfm.build/Release-iphoneos/cmark-gfm.build/Objects-normal/arm64/7187679823f38a2a940e0043cdf9d637-common-args.resp\n    \n    /Applications/Xcode-26.4.app/Contents/Developer/Toolchains/XcodeDefault.xctoolchain/usr/bin/clang -x c -ivfsstatcache /Users/builder/clone/build/SDKStatCaches.noindex/iphoneos26.4-23E252-dc38477e7e47e42951976ad86cc01fb3.sdkstatcache -target arm64-apple-ios12.0 -fmessage-length\\=0 -fdiagnostics-show-note-include-stack -fmacro-backtrace-limit\\=0 -fno-color-diagnostics -fmodules-prune-interval\\=86400 -fmodules-prune-after\\=345600 -fbuild-session-file\\=/Users/builder/clone/build/ModuleCache.noindex/Session.modulevalidation -fmodules-validate-once-per-build-session -Wnon-modular-include-in-framework-module -Werror\\=non-modular-include-in-framework-module -Wno-trigraphs -Wno-missing-field-initializers -Wno-missing-prototypes -Wno-return-type -Wno-missing-braces -Wparentheses -Wswitch -Wno-unused-function -Wno-unused-label -Wno-unused-parameter -Wno-unused-variable -Wunused-value -Wno-empty-body -Wno-uninitialized -Wno-unknown-pragmas -w -Wno-shadow -Wno-four-char-constants -Wno-conversion -Wno-constant-conversion -Wno-int-conversion -Wno-bool-conversion -Wno-enum-conversion -Wno-float-conversion -Wno-non-literal-null-conversion -Wno-objc-literal-conversion -Wshorten-64-to-32 -Wpointer-sign -Wno-newline-eof -Wno-implicit-fallthrough -isysroot /Applications/Xcode-26.4.app/Contents/Developer/Platforms/iPhoneOS.platform/Developer/SDKs/iPhoneOS26.4.sdk -fstrict-aliasing -Wdeprecated-declarations -Wno-sign-conversion -Wno-infinite-recursion -Wno-comma -Wno-block-capture-autoreleasing -Wno-strict-prototypes -Wno-semicolon-before-method-body @/Users/builder/clone/build/Build/Intermediates.noindex/cmark-gfm.build/Release-iphoneos/cmark-gfm.build/Objects-normal/arm64/7187679823f38a2a940e0043cdf9d637-common-args.resp -MMD -MT dependencies -MF /Users/builder/clone/build/Build/Intermediates.noindex/cmark-gfm.build/Release-iphoneos/cmark-gfm.build/Objects-normal/arm64/cmark_ctype.d --serialize-diagnostics /Users/builder/clone/build/Build/Intermediates.noindex/cmark-gfm.build/Release-iphoneos/cmark-gfm.build/Objects-normal/arm64/cmark_ctype.dia -c /Users/builder/clone/build/SourcePackages/checkouts/swift-cmark/src/cmark_ctype.c -o /Users/builder/clone/build/Build/Intermediates.noindex/cmark-gfm.build/Release-iphoneos/cmark-gfm.build/Objects-normal/arm64/cmark_ctype.o\n\nCompileC /Users/builder/clone/build/Build/Intermediates.noindex/cmark-gfm.build/Release-iphoneos/cmark-gfm.build/Objects-normal/arm64/cmark.o /Users/builder/clone/build/SourcePackages/checkouts/swift-cmark/src/cmark.c normal arm64 c com.apple.compilers.llvm.clang.1_0.compiler (in target 'cmark-gfm' from project 'cmark-gfm')\n    cd /Users/builder/clone/IceCubesApp.xcodeproj\n    \n    Using response file: /Users/builder/clone/build/Build/Intermediates.noindex/cmark-gfm.build/Release-iphoneos/cmark-gfm.build/Objects-normal/arm64/7187679823f38a2a940e0043cdf9d637-common-args.resp\n    \n    /Applications/Xcode-26.4.app/Contents/Developer/Toolchains/XcodeDefault.xctoolchain/usr/bin/clang -x c -ivfsstatcache /Users/builder/clone/build/SDKStatCaches.noindex/iphoneos26.4-23E252-dc38477e7e47e42951976ad86cc01fb3.sdkstatcache -target arm64-apple-ios12.0 -fmessage-length\\=0 -fdiagnostics-show-note-include-stack -fmacro-backtrace-limit\\=0 -fno-color-diagnostics -fmodules-prune-interval\\=86400 -fmodules-prune-after\\=345600 -fbuild-session-file\\=/Users/builder/clone/build/ModuleCache.noindex/Session.modulevalidation -fmodules-validate-once-per-build-session -Wnon-modular-include-in-framework-module -Werror\\=non-modular-include-in-framework-module -Wno-trigraphs -Wno-missing-field-initializers -Wno-missing-prototypes -Wno-return-type -Wno-missing-braces -Wparentheses -Wswitch -Wno-unused-function -Wno-unused-label -Wno-unused-parameter -Wno-unused-variable -Wunused-value -Wno-empty-body -Wno-uninitialized -Wno-unknown-pragmas -w -Wno-shadow -Wno-four-char-constants -Wno-conversion -Wno-constant-conversion -Wno-int-conversion -Wno-bool-conversion -Wno-enum-conversion -Wno-float-conversion -Wno-non-literal-null-conversion -Wno-objc-literal-conversion -Wshorten-64-to-32 -Wpointer-sign -Wno-newline-eof -Wno-implicit-fallthrough -isysroot /Applications/Xcode-26.4.app/Contents/Developer/Platforms/iPhoneOS.platform/Developer/SDKs/iPhoneOS26.4.sdk -fstrict-aliasing -Wdeprecated-declarations -Wno-sign-conversion -Wno-infinite-recursion -Wno-comma -Wno-block-capture-autoreleasing -Wno-strict-prototypes -Wno-semicolon-before-method-body @/Users/builder/clone/build/Build/Intermediates.noindex/cmark-gfm.build/Release-iphoneos/cmark-gfm.build/Objects-normal/arm64/7187679823f38a2a940e0043cdf9d637-common-args.resp -MMD -MT dependencies -MF /Users/builder/clone/build/Build/Intermediates.noindex/cmark-gfm.build/Release-iphoneos/cmark-gfm.build/Objects-normal/arm64/cmark.d --serialize-diagnostics /Users/builder/clone/build/Build/Intermediates.noindex/cmark-gfm.build/Release-iphoneos/cmark-gfm.build/Objects-normal/arm64/cmark.dia -c /Users/builder/clone/build/SourcePackages/checkouts/swift-cmark/src/cmark.c -o /Users/builder/clone/build/Build/Intermediates.noindex/cmark-gfm.build/Release-iphoneos/cmark-gfm.build/Objects-normal/arm64/cmark.o\n\nScanDependencies /Users/builder/clone/build/Build/Intermediates.noindex/cmark-gfm.build/Release-iphoneos/cmark-gfm.build/Objects-normal/arm64/buffer.o /Users/builder/clone/build/SourcePackages/checkouts/swift-cmark/src/buffer.c normal arm64 c com.apple.compilers.llvm.clang.1_0.compiler (in target 'cmark-gfm' from project 'cmark-gfm')\n    cd /Users/builder/clone/IceCubesApp.xcodeproj\n    \n    Using response file: /Users/builder/clone/build/Build/Intermediates.noindex/cmark-gfm.build/Release-iphoneos/cmark-gfm.build/Objects-normal/arm64/7187679823f38a2a940e0043cdf9d637-common-args.resp\n    \n    builtin-ScanDependencies -o /Users/builder/clone/build/Build/Intermediates.noindex/cmark-gfm.build/Release-iphoneos/cmark-gfm.build/Objects-normal/arm64/buffer.o.scan -- /Applications/Xcode-26.4.app/Contents/Developer/Toolchains/XcodeDefault.xctoolchain/usr/bin/clang -x c -ivfsstatcache /Users/builder/clone/build/SDKStatCaches.noindex/iphoneos26.4-23E252-dc38477e7e47e42951976ad86cc01fb3.sdkstatcache -target arm64-apple-ios12.0 -fmessage-length\\=0 -fdiagnostics-show-note-include-stack -fmacro-backtrace-limit\\=0 -fno-color-diagnostics -fmodules-prune-interval\\=86400 -fmodules-prune-after\\=345600 -fbuild-session-file\\=/Users/builder/clone/build/ModuleCache.noindex/Session.modulevalidation -fmodules-validate-once-per-build-session -Wnon-modular-include-in-framework-module -Werror\\=non-modular-include-in-framework-module -Wno-trigraphs -Wno-missing-field-initializers -Wno-missing-prototypes -Wno-return-type -Wno-missing-braces -Wparentheses -Wswitch -Wno-unused-function -Wno-unused-label -Wno-unused-parameter -Wno-unused-variable -Wunused-value -Wno-empty-body -Wno-uninitialized -Wno-unknown-pragmas -w -Wno-shadow -Wno-four-char-constants -Wno-conversion -Wno-constant-conversion -Wno-int-conversion -Wno-bool-conversion -Wno-enum-conversion -Wno-float-conversion -Wno-non-literal-null-conversion -Wno-objc-literal-conversion -Wshorten-64-to-32 -Wpointer-sign -Wno-newline-eof -Wno-implicit-fallthrough -isysroot /Applications/Xcode-26.4.app/Contents/Developer/Platforms/iPhoneOS.platform/Developer/SDKs/iPhoneOS26.4.sdk -fstrict-aliasing -Wdeprecated-declarations -Wno-sign-conversion -Wno-infinite-recursion -Wno-comma -Wno-block-capture-autoreleasing -Wno-strict-prototypes -Wno-semicolon-before-method-body @/Users/builder/clone/build/Build/Intermediates.noindex/cmark-gfm.build/Release-iphoneos/cmark-gfm.build/Objects-normal/arm64/7187679823f38a2a940e0043cdf9d637-common-args.resp -MMD -MT dependencies -MF /Users/builder/clone/build/Build/Intermediates.noindex/cmark-gfm.build/Release-iphoneos/cmark-gfm.build/Objects-normal/arm64/buffer.d --serialize-diagnostics /Users/builder/clone/build/Build/Intermediates.noindex/cmark-gfm.build/Release-iphoneos/cmark-gfm.build/Objects-normal/arm64/buffer.dia -c /Users/builder/clone/build/SourcePackages/checkouts/swift-cmark/src/buffer.c -o /Users/builder/clone/build/Build/Intermediates.noindex/cmark-gfm.build/Release-iphoneos/cmark-gfm.build/Objects-normal/arm64/buffer.o\n\nScanDependencies /Users/builder/clone/build/Build/Intermediates.noindex/cmark-gfm.build/Release-iphoneos/cmark-gfm.build/Objects-normal/arm64/blocks.o /Users/builder/clone/build/SourcePackages/checkouts/swift-cmark/src/blocks.c normal arm64 c com.apple.compilers.llvm.clang.1_0.compiler (in target 'cmark-gfm' from project 'cmark-gfm')\n    cd /Users/builder/clone/IceCubesApp.xcodeproj\n    \n    Using response file: /Users/builder/clone/build/Build/Intermediates.noindex/cmark-gfm.build/Release-iphoneos/cmark-gfm.build/Objects-normal/arm64/7187679823f38a2a940e0043cdf9d637-common-args.resp\n    \n    builtin-ScanDependencies -o /Users/builder/clone/build/Build/Intermediates.noindex/cmark-gfm.build/Release-iphoneos/cmark-gfm.build/Objects-normal/arm64/blocks.o.scan -- /Applications/Xcode-26.4.app/Contents/Developer/Toolchains/XcodeDefault.xctoolchain/usr/bin/clang -x c -ivfsstatcache /Users/builder/clone/build/SDKStatCaches.noindex/iphoneos26.4-23E252-dc38477e7e47e42951976ad86cc01fb3.sdkstatcache -target arm64-apple-ios12.0 -fmessage-length\\=0 -fdiagnostics-show-note-include-stack -fmacro-backtrace-limit\\=0 -fno-color-diagnostics -fmodules-prune-interval\\=86400 -fmodules-prune-after\\=345600 -fbuild-session-file\\=/Users/builder/clone/build/ModuleCache.noindex/Session.modulevalidation -fmodules-validate-once-per-build-session -Wnon-modular-include-in-framework-module -Werror\\=non-modular-include-in-framework-module -Wno-trigraphs -Wno-missing-field-initializers -Wno-missing-prototypes -Wno-return-type -Wno-missing-braces -Wparentheses -Wswitch -Wno-unused-function -Wno-unused-label -Wno-unused-parameter -Wno-unused-variable -Wunused-value -Wno-empty-body -Wno-uninitialized -Wno-unknown-pragmas -w -Wno-shadow -Wno-four-char-constants -Wno-conversion -Wno-constant-conversion -Wno-int-conversion -Wno-bool-conversion -Wno-enum-conversion -Wno-float-conversion -Wno-non-literal-null-conversion -Wno-objc-literal-conversion -Wshorten-64-to-32 -Wpointer-sign -Wno-newline-eof -Wno-implicit-fallthrough -isysroot /Applications/Xcode-26.4.app/Contents/Developer/Platforms/iPhoneOS.platform/Developer/SDKs/iPhoneOS26.4.sdk -fstrict-aliasing -Wdeprecated-declarations -Wno-sign-conversion -Wno-infinite-recursion -Wno-comma -Wno-block-capture-autoreleasing -Wno-strict-prototypes -Wno-semicolon-before-method-body @/Users/builder/clone/build/Build/Intermediates.noindex/cmark-gfm.build/Release-iphoneos/cmark-gfm.build/Objects-normal/arm64/7187679823f38a2a940e0043cdf9d637-common-args.resp -MMD -MT dependencies -MF /Users/builder/clone/build/Build/Intermediates.noindex/cmark-gfm.build/Release-iphoneos/cmark-gfm.build/Objects-normal/arm64/blocks.d --serialize-diagnostics /Users/builder/clone/build/Build/Intermediates.noindex/cmark-gfm.build/Release-iphoneos/cmark-gfm.build/Objects-normal/arm64/blocks.dia -c /Users/builder/clone/build/SourcePackages/checkouts/swift-cmark/src/blocks.c -o /Users/builder/clone/build/Build/Intermediates.noindex/cmark-gfm.build/Release-iphoneos/cmark-gfm.build/Objects-normal/arm64/blocks.o\n\nCompileC /Users/builder/clone/build/Build/Intermediates.noindex/cmark-gfm.build/Release-iphoneos/cmark-gfm.build/Objects-normal/arm64/buffer.o /Users/builder/clone/build/SourcePackages/checkouts/swift-cmark/src/buffer.c normal arm64 c com.apple.compilers.llvm.clang.1_0.compiler (in target 'cmark-gfm' from project 'cmark-gfm')\n    cd /Users/builder/clone/IceCubesApp.xcodeproj\n    \n    Using response file: /Users/builder/clone/build/Build/Intermediates.noindex/cmark-gfm.build/Release-iphoneos/cmark-gfm.build/Objects-normal/arm64/7187679823f38a2a940e0043cdf9d637-common-args.resp\n    \n    /Applications/Xcode-26.4.app/Contents/Developer/Toolchains/XcodeDefault.xctoolchain/usr/bin/clang -x c -ivfsstatcache /Users/builder/clone/build/SDKStatCaches.noindex/iphoneos26.4-23E252-dc38477e7e47e42951976ad86cc01fb3.sdkstatcache -target arm64-apple-ios12.0 -fmessage-length\\=0 -fdiagnostics-show-note-include-stack -fmacro-backtrace-limit\\=0 -fno-color-diagnostics -fmodules-prune-interval\\=86400 -fmodules-prune-after\\=345600 -fbuild-session-file\\=/Users/builder/clone/build/ModuleCache.noindex/Session.modulevalidation -fmodules-validate-once-per-build-session -Wnon-modular-include-in-framework-module -Werror\\=non-modular-include-in-framework-module -Wno-trigraphs -Wno-missing-field-initializers -Wno-missing-prototypes -Wno-return-type -Wno-missing-braces -Wparentheses -Wswitch -Wno-unused-function -Wno-unused-label -Wno-unused-parameter -Wno-unused-variable -Wunused-value -Wno-empty-body -Wno-uninitialized -Wno-unknown-pragmas -w -Wno-shadow -Wno-four-char-constants -Wno-conversion -Wno-constant-conversion -Wno-int-conversion -Wno-bool-conversion -Wno-enum-conversion -Wno-float-conversion -Wno-non-literal-null-conversion -Wno-objc-literal-conversion -Wshorten-64-to-32 -Wpointer-sign -Wno-newline-eof -Wno-implicit-fallthrough -isysroot /Applications/Xcode-26.4.app/Contents/Developer/Platforms/iPhoneOS.platform/Developer/SDKs/iPhoneOS26.4.sdk -fstrict-aliasing -Wdeprecated-declarations -Wno-sign-conversion -Wno-infinite-recursion -Wno-comma -Wno-block-capture-autoreleasing -Wno-strict-prototypes -Wno-semicolon-before-method-body @/Users/builder/clone/build/Build/Intermediates.noindex/cmark-gfm.build/Release-iphoneos/cmark-gfm.build/Objects-normal/arm64/7187679823f38a2a940e0043cdf9d637-common-args.resp -MMD -MT dependencies -MF /Users/builder/clone/build/Build/Intermediates.noindex/cmark-gfm.build/Release-iphoneos/cmark-gfm.build/Objects-normal/arm64/buffer.d --serialize-diagnostics /Users/builder/clone/build/Build/Intermediates.noindex/cmark-gfm.build/Release-iphoneos/cmark-gfm.build/Objects-normal/arm64/buffer.dia -c /Users/builder/clone/build/SourcePackages/checkouts/swift-cmark/src/buffer.c -o /Users/builder/clone/build/Build/Intermediates.noindex/cmark-gfm.build/Release-iphoneos/cmark-gfm.build/Objects-normal/arm64/buffer.o\n\nCompileC /Users/builder/clone/build/Build/Intermediates.noindex/cmark-gfm.build/Release-iphoneos/cmark-gfm.build/Objects-normal/arm64/blocks.o /Users/builder/clone/build/SourcePackages/checkouts/swift-cmark/src/blocks.c normal arm64 c com.apple.compilers.llvm.clang.1_0.compiler (in target 'cmark-gfm' from project 'cmark-gfm')\n    cd /Users/builder/clone/IceCubesApp.xcodeproj\n    \n    Using response file: /Users/builder/clone/build/Build/Intermediates.noindex/cmark-gfm.build/Release-iphoneos/cmark-gfm.build/Objects-normal/arm64/7187679823f38a2a940e0043cdf9d637-common-args.resp\n    \n    /Applications/Xcode-26.4.app/Contents/Developer/Toolchains/XcodeDefault.xctoolchain/usr/bin/clang -x c -ivfsstatcache /Users/builder/clone/build/SDKStatCaches.noindex/iphoneos26.4-23E252-dc38477e7e47e42951976ad86cc01fb3.sdkstatcache -target arm64-apple-ios12.0 -fmessage-length\\=0 -fdiagnostics-show-note-include-stack -fmacro-backtrace-limit\\=0 -fno-color-diagnostics -fmodules-prune-interval\\=86400 -fmodules-prune-after\\=345600 -fbuild-session-file\\=/Users/builder/clone/build/ModuleCache.noindex/Session.modulevalidation -fmodules-validate-once-per-build-session -Wnon-modular-include-in-framework-module -Werror\\=non-modular-include-in-framework-module -Wno-trigraphs -Wno-missing-field-initializers -Wno-missing-prototypes -Wno-return-type -Wno-missing-braces -Wparentheses -Wswitch -Wno-unused-function -Wno-unused-label -Wno-unused-parameter -Wno-unused-variable -Wunused-value -Wno-empty-body -Wno-uninitialized -Wno-unknown-pragmas -w -Wno-shadow -Wno-four-char-constants -Wno-conversion -Wno-constant-conversion -Wno-int-conversion -Wno-bool-conversion -Wno-enum-conversion -Wno-float-conversion -Wno-non-literal-null-conversion -Wno-objc-literal-conversion -Wshorten-64-to-32 -Wpointer-sign -Wno-newline-eof -Wno-implicit-fallthrough -isysroot /Applications/Xcode-26.4.app/Contents/Developer/Platforms/iPhoneOS.platform/Developer/SDKs/iPhoneOS26.4.sdk -fstrict-aliasing -Wdeprecated-declarations -Wno-sign-conversion -Wno-infinite-recursion -Wno-comma -Wno-block-capture-autoreleasing -Wno-strict-prototypes -Wno-semicolon-before-method-body @/Users/builder/clone/build/Build/Intermediates.noindex/cmark-gfm.build/Release-iphoneos/cmark-gfm.build/Objects-normal/arm64/7187679823f38a2a940e0043cdf9d637-common-args.resp -MMD -MT dependencies -MF /Users/builder/clone/build/Build/Intermediates.noindex/cmark-gfm.build/Release-iphoneos/cmark-gfm.build/Objects-normal/arm64/blocks.d --serialize-diagnostics /Users/builder/clone/build/Build/Intermediates.noindex/cmark-gfm.build/Release-iphoneos/cmark-gfm.build/Objects-normal/arm64/blocks.dia -c /Users/builder/clone/build/SourcePackages/checkouts/swift-cmark/src/blocks.c -o /Users/builder/clone/build/Build/Intermediates.noindex/cmark-gfm.build/Release-iphoneos/cmark-gfm.build/Objects-normal/arm64/blocks.o\n\nScanDependencies /Users/builder/clone/build/Build/Intermediates.noindex/cmark-gfm.build/Release-iphoneos/cmark-gfm.build/Objects-normal/arm64/arena.o /Users/builder/clone/build/SourcePackages/checkouts/swift-cmark/src/arena.c normal arm64 c com.apple.compilers.llvm.clang.1_0.compiler (in target 'cmark-gfm' from project 'cmark-gfm')\n    cd /Users/builder/clone/IceCubesApp.xcodeproj\n    \n    Using response file: /Users/builder/clone/build/Build/Intermediates.noindex/cmark-gfm.build/Release-iphoneos/cmark-gfm.build/Objects-normal/arm64/7187679823f38a2a940e0043cdf9d637-common-args.resp\n    \n    builtin-ScanDependencies -o /Users/builder/clone/build/Build/Intermediates.noindex/cmark-gfm.build/Release-iphoneos/cmark-gfm.build/Objects-normal/arm64/arena.o.scan -- /Applications/Xcode-26.4.app/Contents/Developer/Toolchains/XcodeDefault.xctoolchain/usr/bin/clang -x c -ivfsstatcache /Users/builder/clone/build/SDKStatCaches.noindex/iphoneos26.4-23E252-dc38477e7e47e42951976ad86cc01fb3.sdkstatcache -target arm64-apple-ios12.0 -fmessage-length\\=0 -fdiagnostics-show-note-include-stack -fmacro-backtrace-limit\\=0 -fno-color-diagnostics -fmodules-prune-interval\\=86400 -fmodules-prune-after\\=345600 -fbuild-session-file\\=/Users/builder/clone/build/ModuleCache.noindex/Session.modulevalidation -fmodules-validate-once-per-build-session -Wnon-modular-include-in-framework-module -Werror\\=non-modular-include-in-framework-module -Wno-trigraphs -Wno-missing-field-initializers -Wno-missing-prototypes -Wno-return-type -Wno-missing-braces -Wparentheses -Wswitch -Wno-unused-function -Wno-unused-label -Wno-unused-parameter -Wno-unused-variable -Wunused-value -Wno-empty-body -Wno-uninitialized -Wno-unknown-pragmas -w -Wno-shadow -Wno-four-char-constants -Wno-conversion -Wno-constant-conversion -Wno-int-conversion -Wno-bool-conversion -Wno-enum-conversion -Wno-float-conversion -Wno-non-literal-null-conversion -Wno-objc-literal-conversion -Wshorten-64-to-32 -Wpointer-sign -Wno-newline-eof -Wno-implicit-fallthrough -isysroot /Applications/Xcode-26.4.app/Contents/Developer/Platforms/iPhoneOS.platform/Developer/SDKs/iPhoneOS26.4.sdk -fstrict-aliasing -Wdeprecated-declarations -Wno-sign-conversion -Wno-infinite-recursion -Wno-comma -Wno-block-capture-autoreleasing -Wno-strict-prototypes -Wno-semicolon-before-method-body @/Users/builder/clone/build/Build/Intermediates.noindex/cmark-gfm.build/Release-iphoneos/cmark-gfm.build/Objects-normal/arm64/7187679823f38a2a940e0043cdf9d637-common-args.resp -MMD -MT dependencies -MF /Users/builder/clone/build/Build/Intermediates.noindex/cmark-gfm.build/Release-iphoneos/cmark-gfm.build/Objects-normal/arm64/arena.d --serialize-diagnostics /Users/builder/clone/build/Build/Intermediates.noindex/cmark-gfm.build/Release-iphoneos/cmark-gfm.build/Objects-normal/arm64/arena.dia -c /Users/builder/clone/build/SourcePackages/checkouts/swift-cmark/src/arena.c -o /Users/builder/clone/build/Build/Intermediates.noindex/cmark-gfm.build/Release-iphoneos/cmark-gfm.build/Objects-normal/arm64/arena.o\n\nSwiftDriver\\ Compilation WrappingHStack normal arm64 com.apple.xcode.tools.swift.compiler (in target 'WrappingHStack' from project 'WrappingHStack')\n    cd /Users/builder/clone/IceCubesApp.xcodeproj\n    builtin-Swift-Compilation -- /Applications/Xcode-26.4.app/Contents/Developer/Toolchains/XcodeDefault.xctoolchain/usr/bin/swiftc -module-name WrappingHStack -O -whole-module-optimization @/Users/builder/clone/build/Build/Intermediates.noindex/WrappingHStack.build/Release-iphoneos/WrappingHStack.build/Objects-normal/arm64/WrappingHStack.SwiftFileList -DSWIFT_PACKAGE -DSWIFT_MODULE_RESOURCE_BUNDLE_UNAVAILABLE -DXcode -plugin-path /Applications/Xcode-26.4.app/Contents/Developer/Toolchains/XcodeDefault.xctoolchain/usr/lib/swift/host/plugins/testing -enable-experimental-feature DebugDescriptionMacro -sdk /Applications/Xcode-26.4.app/Contents/Developer/Platforms/iPhoneOS.platform/Developer/SDKs/iPhoneOS26.4.sdk -target arm64-apple-ios13.0 -g -module-cache-path /Users/builder/clone/build/ModuleCache.noindex -Xfrontend -serialize-debugging-options -suppress-warnings -swift-version 5 -I /Users/builder/clone/build/Build/Products/Release-iphoneos -Isystem /Applications/Xcode-26.4.app/Contents/Developer/Platforms/iPhoneOS.platform/Developer/usr/lib -F /Users/builder/clone/build/Build/Products/Release-iphoneos -F /Applications/Xcode-26.4.app/Contents/Developer/Platforms/iPhoneOS.platform/Developer/Library/Frameworks -F /Applications/Xcode-26.4.app/Contents/Developer/Platforms/iPhoneOS.platform/Developer/SDKs/iPhoneOS26.4.sdk/Developer/Library/Frameworks -c -num-threads 3 -Xcc -ivfsstatcache -Xcc /Users/builder/clone/build/SDKStatCaches.noindex/iphoneos26.4-23E252-dc38477e7e47e42951976ad86cc01fb3.sdkstatcache -output-file-map /Users/builder/clone/build/Build/Intermediates.noindex/WrappingHStack.build/Release-iphoneos/WrappingHStack.build/Objects-normal/arm64/WrappingHStack-OutputFileMap.json -use-frontend-parseable-output -save-temps -no-color-diagnostics -explicit-module-build -module-cache-path /Users/builder/clone/build/Build/Intermediates.noindex/SwiftExplicitPrecompiledModules -clang-scanner-module-cache-path /Users/builder/clone/build/ModuleCache.noindex -sdk-module-cache-path /Users/builder/clone/build/ModuleCache.noindex -serialize-diagnostics -emit-dependencies -emit-module -emit-module-path /Users/builder/clone/build/Build/Intermediates.noindex/WrappingHStack.build/Release-iphoneos/WrappingHStack.build/Objects-normal/arm64/WrappingHStack.swiftmodule -validate-clang-modules-once -clang-build-session-file /Users/builder/clone/build/ModuleCache.noindex/Session.modulevalidation -Xcc -I/Users/builder/clone/build/Build/Intermediates.noindex/WrappingHStack.build/Release-iphoneos/WrappingHStack.build/swift-overrides.hmap -emit-const-values -Xfrontend -const-gather-protocols-file -Xfrontend /Users/builder/clone/build/Build/Intermediates.noindex/WrappingHStack.build/Release-iphoneos/WrappingHStack.build/Objects-normal/arm64/WrappingHStack_const_extract_protocols.json -Xcc -I/Users/builder/clone/build/Build/Products/Release-iphoneos/include -Xcc -I/Users/builder/clone/build/Build/Intermediates.noindex/WrappingHStack.build/Release-iphoneos/WrappingHStack.build/DerivedSources-normal/arm64 -Xcc -I/Users/builder/clone/build/Build/Intermediates.noindex/WrappingHStack.build/Release-iphoneos/WrappingHStack.build/DerivedSources/arm64 -Xcc -I/Users/builder/clone/build/Build/Intermediates.noindex/WrappingHStack.build/Release-iphoneos/WrappingHStack.build/DerivedSources -Xcc -DSWIFT_PACKAGE -emit-objc-header -emit-objc-header-path /Users/builder/clone/build/Build/Intermediates.noindex/WrappingHStack.build/Release-iphoneos/WrappingHStack.build/Objects-normal/arm64/WrappingHStack-Swift.h -working-directory /Users/builder/clone/IceCubesApp.xcodeproj -no-emit-module-separately-wmo\n\nCompileC /Users/builder/clone/build/Build/Intermediates.noindex/cmark-gfm.build/Release-iphoneos/cmark-gfm.build/Objects-normal/arm64/arena.o /Users/builder/clone/build/SourcePackages/checkouts/swift-cmark/src/arena.c normal arm64 c com.apple.compilers.llvm.clang.1_0.compiler (in target 'cmark-gfm' from project 'cmark-gfm')\n    cd /Users/builder/clone/IceCubesApp.xcodeproj\n    \n    Using response file: /Users/builder/clone/build/Build/Intermediates.noindex/cmark-gfm.build/Release-iphoneos/cmark-gfm.build/Objects-normal/arm64/7187679823f38a2a940e0043cdf9d637-common-args.resp\n    \n    /Applications/Xcode-26.4.app/Contents/Developer/Toolchains/XcodeDefault.xctoolchain/usr/bin/clang -x c -ivfsstatcache /Users/builder/clone/build/SDKStatCaches.noindex/iphoneos26.4-23E252-dc38477e7e47e42951976ad86cc01fb3.sdkstatcache -target arm64-apple-ios12.0 -fmessage-length\\=0 -fdiagnostics-show-note-include-stack -fmacro-backtrace-limit\\=0 -fno-color-diagnostics -fmodules-prune-interval\\=86400 -fmodules-prune-after\\=345600 -fbuild-session-file\\=/Users/builder/clone/build/ModuleCache.noindex/Session.modulevalidation -fmodules-validate-once-per-build-session -Wnon-modular-include-in-framework-module -Werror\\=non-modular-include-in-framework-module -Wno-trigraphs -Wno-missing-field-initializers -Wno-missing-prototypes -Wno-return-type -Wno-missing-braces -Wparentheses -Wswitch -Wno-unused-function -Wno-unused-label -Wno-unused-parameter -Wno-unused-variable -Wunused-value -Wno-empty-body -Wno-uninitialized -Wno-unknown-pragmas -w -Wno-shadow -Wno-four-char-constants -Wno-conversion -Wno-constant-conversion -Wno-int-conversion -Wno-bool-conversion -Wno-enum-conversion -Wno-float-conversion -Wno-non-literal-null-conversion -Wno-objc-literal-conversion -Wshorten-64-to-32 -Wpointer-sign -Wno-newline-eof -Wno-implicit-fallthrough -isysroot /Applications/Xcode-26.4.app/Contents/Developer/Platforms/iPhoneOS.platform/Developer/SDKs/iPhoneOS26.4.sdk -fstrict-aliasing -Wdeprecated-declarations -Wno-sign-conversion -Wno-infinite-recursion -Wno-comma -Wno-block-capture-autoreleasing -Wno-strict-prototypes -Wno-semicolon-before-method-body @/Users/builder/clone/build/Build/Intermediates.noindex/cmark-gfm.build/Release-iphoneos/cmark-gfm.build/Objects-normal/arm64/7187679823f38a2a940e0043cdf9d637-common-args.resp -MMD -MT dependencies -MF /Users/builder/clone/build/Build/Intermediates.noindex/cmark-gfm.build/Release-iphoneos/cmark-gfm.build/Objects-normal/arm64/arena.d --serialize-diagnostics /Users/builder/clone/build/Build/Intermediates.noindex/cmark-gfm.build/Release-iphoneos/cmark-gfm.build/Objects-normal/arm64/arena.dia -c /Users/builder/clone/build/SourcePackages/checkouts/swift-cmark/src/arena.c -o /Users/builder/clone/build/Build/Intermediates.noindex/cmark-gfm.build/Release-iphoneos/cmark-gfm.build/Objects-normal/arm64/arena.o\n\nLd /Users/builder/clone/build/Build/Products/Release-iphoneos/cmark-gfm.o normal (in target 'cmark-gfm' from project 'cmark-gfm')\n    cd /Users/builder/clone/build/SourcePackages/checkouts/swift-cmark\n    /Applications/Xcode-26.4.app/Contents/Developer/Toolchains/XcodeDefault.xctoolchain/usr/bin/clang -Xlinker -reproducible -target arm64-apple-ios12.0 -r -isysroot /Applications/Xcode-26.4.app/Contents/Developer/Platforms/iPhoneOS.platform/Developer/SDKs/iPhoneOS26.4.sdk -Os -w -F/Users/builder/clone/build/Build/Intermediates.noindex/EagerLinkingTBDs/Release-iphoneos -F/Users/builder/clone/build/Build/Products/Release-iphoneos -iframework /Applications/Xcode-26.4.app/Contents/Developer/Platforms/iPhoneOS.platform/Developer/Library/Frameworks -iframework /Applications/Xcode-26.4.app/Contents/Developer/Platforms/iPhoneOS.platform/Developer/SDKs/iPhoneOS26.4.sdk/Developer/Library/Frameworks -filelist /Users/builder/clone/build/Build/Intermediates.noindex/cmark-gfm.build/Release-iphoneos/cmark-gfm.build/Objects-normal/arm64/cmark-gfm.LinkFileList -nostdlib -Xlinker -object_path_lto -Xlinker /Users/builder/clone/build/Build/Intermediates.noindex/cmark-gfm.build/Release-iphoneos/cmark-gfm.build/Objects-normal/arm64/cmark-gfm_lto.o -Xlinker -dependency_info -Xlinker /Users/builder/clone/build/Build/Intermediates.noindex/cmark-gfm.build/Release-iphoneos/cmark-gfm.build/Objects-normal/arm64/cmark-gfm_dependency_info.dat -o /Users/builder/clone/build/Build/Products/Release-iphoneos/cmark-gfm.o\n\nSwiftDriver\\ Compilation WishKitShared normal arm64 com.apple.xcode.tools.swift.compiler (in target 'WishKitShared' from project 'wishkit-ios-shared')\n    cd /Users/builder/clone/IceCubesApp.xcodeproj\n    builtin-Swift-Compilation -- /Applications/Xcode-26.4.app/Contents/Developer/Toolchains/XcodeDefault.xctoolchain/usr/bin/swiftc -module-name WishKitShared -O -whole-module-optimization @/Users/builder/clone/build/Build/Intermediates.noindex/wishkit-ios-shared.build/Release-iphoneos/WishKitShared.build/Objects-normal/arm64/WishKitShared.SwiftFileList -DSWIFT_PACKAGE -DSWIFT_MODULE_RESOURCE_BUNDLE_UNAVAILABLE -DXcode -plugin-path /Applications/Xcode-26.4.app/Contents/Developer/Toolchains/XcodeDefault.xctoolchain/usr/lib/swift/host/plugins/testing -enable-experimental-feature DebugDescriptionMacro -sdk /Applications/Xcode-26.4.app/Contents/Developer/Platforms/iPhoneOS.platform/Developer/SDKs/iPhoneOS26.4.sdk -target arm64-apple-ios12.0 -g -module-cache-path /Users/builder/clone/build/ModuleCache.noindex -Xfrontend -serialize-debugging-options -suppress-warnings -swift-version 5 -I /Users/builder/clone/build/Build/Products/Release-iphoneos -Isystem /Applications/Xcode-26.4.app/Contents/Developer/Platforms/iPhoneOS.platform/Developer/usr/lib -F /Users/builder/clone/build/Build/Products/Release-iphoneos -F /Applications/Xcode-26.4.app/Contents/Developer/Platforms/iPhoneOS.platform/Developer/Library/Frameworks -F /Applications/Xcode-26.4.app/Contents/Developer/Platforms/iPhoneOS.platform/Developer/SDKs/iPhoneOS26.4.sdk/Developer/Library/Frameworks -c -num-threads 3 -Xcc -ivfsstatcache -Xcc /Users/builder/clone/build/SDKStatCaches.noindex/iphoneos26.4-23E252-dc38477e7e47e42951976ad86cc01fb3.sdkstatcache -output-file-map /Users/builder/clone/build/Build/Intermediates.noindex/wishkit-ios-shared.build/Release-iphoneos/WishKitShared.build/Objects-normal/arm64/WishKitShared-OutputFileMap.json -use-frontend-parseable-output -save-temps -no-color-diagnostics -explicit-module-build -module-cache-path /Users/builder/clone/build/Build/Intermediates.noindex/SwiftExplicitPrecompiledModules -clang-scanner-module-cache-path /Users/builder/clone/build/ModuleCache.noindex -sdk-module-cache-path /Users/builder/clone/build/ModuleCache.noindex -serialize-diagnostics -emit-dependencies -emit-module -emit-module-path /Users/builder/clone/build/Build/Intermediates.noindex/wishkit-ios-shared.build/Release-iphoneos/WishKitShared.build/Objects-normal/arm64/WishKitShared.swiftmodule -validate-clang-modules-once -clang-build-session-file /Users/builder/clone/build/ModuleCache.noindex/Session.modulevalidation -Xcc -I/Users/builder/clone/build/Build/Intermediates.noindex/wishkit-ios-shared.build/Release-iphoneos/WishKitShared.build/swift-overrides.hmap -emit-const-values -Xfrontend -const-gather-protocols-file -Xfrontend /Users/builder/clone/build/Build/Intermediates.noindex/wishkit-ios-shared.build/Release-iphoneos/WishKitShared.build/Objects-normal/arm64/WishKitShared_const_extract_protocols.json -Xcc -I/Users/builder/clone/build/Build/Products/Release-iphoneos/include -Xcc -I/Users/builder/clone/build/Build/Intermediates.noindex/wishkit-ios-shared.build/Release-iphoneos/WishKitShared.build/DerivedSources-normal/arm64 -Xcc -I/Users/builder/clone/build/Build/Intermediates.noindex/wishkit-ios-shared.build/Release-iphoneos/WishKitShared.build/DerivedSources/arm64 -Xcc -I/Users/builder/clone/build/Build/Intermediates.noindex/wishkit-ios-shared.build/Release-iphoneos/WishKitShared.build/DerivedSources -Xcc -DSWIFT_PACKAGE -emit-objc-header -emit-objc-header-path /Users/builder/clone/build/Build/Intermediates.noindex/wishkit-ios-shared.build/Release-iphoneos/WishKitShared.build/Objects-normal/arm64/WishKitShared-Swift.h -working-directory /Users/builder/clone/IceCubesApp.xcodeproj -no-emit-module-separately-wmo\n\nSwiftDriver\\ Compilation TelemetryDeck normal arm64 com.apple.xcode.tools.swift.compiler (in target 'TelemetryDeck' from project 'TelemetryDeck')\n    cd /Users/builder/clone/IceCubesApp.xcodeproj\n    builtin-Swift-Compilation -- /Applications/Xcode-26.4.app/Contents/Developer/Toolchains/XcodeDefault.xctoolchain/usr/bin/swiftc -module-name TelemetryDeck -O -whole-module-optimization @/Users/builder/clone/build/Build/Intermediates.noindex/TelemetryDeck.build/Release-iphoneos/TelemetryDeck.build/Objects-normal/arm64/TelemetryDeck.SwiftFileList -DSWIFT_PACKAGE -DSWIFT_MODULE_RESOURCE_BUNDLE_AVAILABLE -DXcode -enable-experimental-feature StrictConcurrency -plugin-path /Applications/Xcode-26.4.app/Contents/Developer/Toolchains/XcodeDefault.xctoolchain/usr/lib/swift/host/plugins/testing -enable-experimental-feature DebugDescriptionMacro -sdk /Applications/Xcode-26.4.app/Contents/Developer/Platforms/iPhoneOS.platform/Developer/SDKs/iPhoneOS26.4.sdk -target arm64-apple-ios12.0 -g -module-cache-path /Users/builder/clone/build/ModuleCache.noindex -Xfrontend -serialize-debugging-options -suppress-warnings -swift-version 5 -I /Users/builder/clone/build/Build/Products/Release-iphoneos -Isystem /Applications/Xcode-26.4.app/Contents/Developer/Platforms/iPhoneOS.platform/Developer/usr/lib -F /Users/builder/clone/build/Build/Products/Release-iphoneos -F /Applications/Xcode-26.4.app/Contents/Developer/Platforms/iPhoneOS.platform/Developer/Library/Frameworks -F /Applications/Xcode-26.4.app/Contents/Developer/Platforms/iPhoneOS.platform/Developer/SDKs/iPhoneOS26.4.sdk/Developer/Library/Frameworks -c -num-threads 3 -Xcc -ivfsstatcache -Xcc /Users/builder/clone/build/SDKStatCaches.noindex/iphoneos26.4-23E252-dc38477e7e47e42951976ad86cc01fb3.sdkstatcache -output-file-map /Users/builder/clone/build/Build/Intermediates.noindex/TelemetryDeck.build/Release-iphoneos/TelemetryDeck.build/Objects-normal/arm64/TelemetryDeck-OutputFileMap.json -use-frontend-parseable-output -save-temps -no-color-diagnostics -explicit-module-build -module-cache-path /Users/builder/clone/build/Build/Intermediates.noindex/SwiftExplicitPrecompiledModules -clang-scanner-module-cache-path /Users/builder/clone/build/ModuleCache.noindex -sdk-module-cache-path /Users/builder/clone/build/ModuleCache.noindex -serialize-diagnostics -emit-dependencies -emit-module -emit-module-path /Users/builder/clone/build/Build/Intermediates.noindex/TelemetryDeck.build/Release-iphoneos/TelemetryDeck.build/Objects-normal/arm64/TelemetryDeck.swiftmodule -validate-clang-modules-once -clang-build-session-file /Users/builder/clone/build/ModuleCache.noindex/Session.modulevalidation -package-name swiftsdk -Xcc -I/Users/builder/clone/build/Build/Intermediates.noindex/TelemetryDeck.build/Release-iphoneos/TelemetryDeck.build/swift-overrides.hmap -emit-const-values -Xfrontend -const-gather-protocols-file -Xfrontend /Users/builder/clone/build/Build/Intermediates.noindex/TelemetryDeck.build/Release-iphoneos/TelemetryDeck.build/Objects-normal/arm64/TelemetryDeck_const_extract_protocols.json -Xcc -I/Users/builder/clone/build/Build/Products/Release-iphoneos/include -Xcc -I/Users/builder/clone/build/Build/Intermediates.noindex/TelemetryDeck.build/Release-iphoneos/TelemetryDeck.build/DerivedSources-normal/arm64 -Xcc -I/Users/builder/clone/build/Build/Intermediates.noindex/TelemetryDeck.build/Release-iphoneos/TelemetryDeck.build/DerivedSources/arm64 -Xcc -I/Users/builder/clone/build/Build/Intermediates.noindex/TelemetryDeck.build/Release-iphoneos/TelemetryDeck.build/DerivedSources -Xcc -DSWIFT_PACKAGE -emit-objc-header -emit-objc-header-path /Users/builder/clone/build/Build/Intermediates.noindex/TelemetryDeck.build/Release-iphoneos/TelemetryDeck.build/Objects-normal/arm64/TelemetryDeck-Swift.h -working-directory /Users/builder/clone/IceCubesApp.xcodeproj -no-emit-module-separately-wmo\n\nSwiftDriver\\ Compilation SwiftUIIntrospect normal arm64 com.apple.xcode.tools.swift.compiler (in target 'SwiftUIIntrospect' from project 'swiftui-introspect')\n    cd /Users/builder/clone/IceCubesApp.xcodeproj\n    builtin-Swift-Compilation -- /Applications/Xcode-26.4.app/Contents/Developer/Toolchains/XcodeDefault.xctoolchain/usr/bin/swiftc -module-name SwiftUIIntrospect -O -whole-module-optimization @/Users/builder/clone/build/Build/Intermediates.noindex/swiftui-introspect.build/Release-iphoneos/SwiftUIIntrospect.build/Objects-normal/arm64/SwiftUIIntrospect.SwiftFileList -DSWIFT_PACKAGE -DSWIFT_MODULE_RESOURCE_BUNDLE_UNAVAILABLE -DXcode -enable-upcoming-feature ExistentialAny -enable-upcoming-feature InternalImportsByDefault -plugin-path /Applications/Xcode-26.4.app/Contents/Developer/Toolchains/XcodeDefault.xctoolchain/usr/lib/swift/host/plugins/testing -enable-experimental-feature DebugDescriptionMacro -sdk /Applications/Xcode-26.4.app/Contents/Developer/Platforms/iPhoneOS.platform/Developer/SDKs/iPhoneOS26.4.sdk -target arm64-apple-ios13.0 -g -module-cache-path /Users/builder/clone/build/ModuleCache.noindex -Xfrontend -serialize-debugging-options -suppress-warnings -swift-version 6 -I /Users/builder/clone/build/Build/Products/Release-iphoneos -Isystem /Applications/Xcode-26.4.app/Contents/Developer/Platforms/iPhoneOS.platform/Developer/usr/lib -F /Users/builder/clone/build/Build/Products/Release-iphoneos -F /Applications/Xcode-26.4.app/Contents/Developer/Platforms/iPhoneOS.platform/Developer/Library/Frameworks -F /Applications/Xcode-26.4.app/Contents/Developer/Platforms/iPhoneOS.platform/Developer/SDKs/iPhoneOS26.4.sdk/Developer/Library/Frameworks -c -num-threads 3 -Xcc -ivfsstatcache -Xcc /Users/builder/clone/build/SDKStatCaches.noindex/iphoneos26.4-23E252-dc38477e7e47e42951976ad86cc01fb3.sdkstatcache -output-file-map /Users/builder/clone/build/Build/Intermediates.noindex/swiftui-introspect.build/Release-iphoneos/SwiftUIIntrospect.build/Objects-normal/arm64/SwiftUIIntrospect-OutputFileMap.json -use-frontend-parseable-output -save-temps -no-color-diagnostics -explicit-module-build -module-cache-path /Users/builder/clone/build/Build/Intermediates.noindex/SwiftExplicitPrecompiledModules -clang-scanner-module-cache-path /Users/builder/clone/build/ModuleCache.noindex -sdk-module-cache-path /Users/builder/clone/build/ModuleCache.noindex -serialize-diagnostics -emit-dependencies -emit-module -emit-module-path /Users/builder/clone/build/Build/Intermediates.noindex/swiftui-introspect.build/Release-iphoneos/SwiftUIIntrospect.build/Objects-normal/arm64/SwiftUIIntrospect.swiftmodule -user-module-version 26.0.1 -validate-clang-modules-once -clang-build-session-file /Users/builder/clone/build/ModuleCache.noindex/Session.modulevalidation -package-name swiftui_introspect -Xcc -I/Users/builder/clone/build/Build/Intermediates.noindex/swiftui-introspect.build/Release-iphoneos/SwiftUIIntrospect.build/swift-overrides.hmap -emit-const-values -Xfrontend -const-gather-protocols-file -Xfrontend /Users/builder/clone/build/Build/Intermediates.noindex/swiftui-introspect.build/Release-iphoneos/SwiftUIIntrospect.build/Objects-normal/arm64/SwiftUIIntrospect_const_extract_protocols.json -Xcc -I/Users/builder/clone/build/Build/Products/Release-iphoneos/include -Xcc -I/Users/builder/clone/build/Build/Intermediates.noindex/swiftui-introspect.build/Release-iphoneos/SwiftUIIntrospect.build/DerivedSources-normal/arm64 -Xcc -I/Users/builder/clone/build/Build/Intermediates.noindex/swiftui-introspect.build/Release-iphoneos/SwiftUIIntrospect.build/DerivedSources/arm64 -Xcc -I/Users/builder/clone/build/Build/Intermediates.noindex/swiftui-introspect.build/Release-iphoneos/SwiftUIIntrospect.build/DerivedSources -Xcc -DSWIFT_PACKAGE -emit-objc-header -emit-objc-header-path /Users/builder/clone/build/Build/Intermediates.noindex/swiftui-introspect.build/Release-iphoneos/SwiftUIIntrospect.build/Objects-normal/arm64/SwiftUIIntrospect-Swift.h -working-directory /Users/builder/clone/IceCubesApp.xcodeproj -no-emit-module-separately-wmo\n\nSwiftDriver\\ Compilation SwiftSoup normal arm64 com.apple.xcode.tools.swift.compiler (in target 'SwiftSoup' from project 'SwiftSoup')\n    cd /Users/builder/clone/IceCubesApp.xcodeproj\n    builtin-Swift-Compilation -- /Applications/Xcode-26.4.app/Contents/Developer/Toolchains/XcodeDefault.xctoolchain/usr/bin/swiftc -module-name SwiftSoup -O -whole-module-optimization @/Users/builder/clone/build/Build/Intermediates.noindex/SwiftSoup.build/Release-iphoneos/SwiftSoup.build/Objects-normal/arm64/SwiftSoup.SwiftFileList -DSWIFT_PACKAGE -DSWIFT_MODULE_RESOURCE_BUNDLE_UNAVAILABLE -DXcode -plugin-path /Applications/Xcode-26.4.app/Contents/Developer/Toolchains/XcodeDefault.xctoolchain/usr/lib/swift/host/plugins/testing -enable-experimental-feature DebugDescriptionMacro -sdk /Applications/Xcode-26.4.app/Contents/Developer/Platforms/iPhoneOS.platform/Developer/SDKs/iPhoneOS26.4.sdk -target arm64-apple-ios13.0 -g -module-cache-path /Users/builder/clone/build/ModuleCache.noindex -Xfrontend -serialize-debugging-options -suppress-warnings -swift-version 6 -I /Users/builder/clone/build/Build/Products/Release-iphoneos -Isystem /Applications/Xcode-26.4.app/Contents/Developer/Platforms/iPhoneOS.platform/Developer/usr/lib -F /Users/builder/clone/build/Build/Products/Release-iphoneos -F /Applications/Xcode-26.4.app/Contents/Developer/Platforms/iPhoneOS.platform/Developer/Library/Frameworks -F /Applications/Xcode-26.4.app/Contents/Developer/Platforms/iPhoneOS.platform/Developer/SDKs/iPhoneOS26.4.sdk/Developer/Library/Frameworks -c -num-threads 3 -Xcc -ivfsstatcache -Xcc /Users/builder/clone/build/SDKStatCaches.noindex/iphoneos26.4-23E252-dc38477e7e47e42951976ad86cc01fb3.sdkstatcache -output-file-map /Users/builder/clone/build/Build/Intermediates.noindex/SwiftSoup.build/Release-iphoneos/SwiftSoup.build/Objects-normal/arm64/SwiftSoup-OutputFileMap.json -use-frontend-parseable-output -save-temps -no-color-diagnostics -explicit-module-build -module-cache-path /Users/builder/clone/build/Build/Intermediates.noindex/SwiftExplicitPrecompiledModules -clang-scanner-module-cache-path /Users/builder/clone/build/ModuleCache.noindex -sdk-module-cache-path /Users/builder/clone/build/ModuleCache.noindex -serialize-diagnostics -emit-dependencies -emit-module -emit-module-path /Users/builder/clone/build/Build/Intermediates.noindex/SwiftSoup.build/Release-iphoneos/SwiftSoup.build/Objects-normal/arm64/SwiftSoup.swiftmodule -user-module-version 2.13.7 -validate-clang-modules-once -clang-build-session-file /Users/builder/clone/build/ModuleCache.noindex/Session.modulevalidation -package-name swiftsoup -Xcc -I/Users/builder/clone/build/Build/Intermediates.noindex/SwiftSoup.build/Release-iphoneos/SwiftSoup.build/swift-overrides.hmap -emit-const-values -Xfrontend -const-gather-protocols-file -Xfrontend /Users/builder/clone/build/Build/Intermediates.noindex/SwiftSoup.build/Release-iphoneos/SwiftSoup.build/Objects-normal/arm64/SwiftSoup_const_extract_protocols.json -Xcc -I/Users/builder/clone/build/Build/Products/Release-iphoneos/include -Xcc -I/Users/builder/clone/build/Build/Intermediates.noindex/SwiftSoup.build/Release-iphoneos/SwiftSoup.build/DerivedSources-normal/arm64 -Xcc -I/Users/builder/clone/build/Build/Intermediates.noindex/SwiftSoup.build/Release-iphoneos/SwiftSoup.build/DerivedSources/arm64 -Xcc -I/Users/builder/clone/build/Build/Intermediates.noindex/SwiftSoup.build/Release-iphoneos/SwiftSoup.build/DerivedSources -Xcc -DSWIFT_PACKAGE -emit-objc-header -emit-objc-header-path /Users/builder/clone/build/Build/Intermediates.noindex/SwiftSoup.build/Release-iphoneos/SwiftSoup.build/Objects-normal/arm64/SwiftSoup-Swift.h -working-directory /Users/builder/clone/IceCubesApp.xcodeproj -no-emit-module-separately-wmo\n\nSwiftDriver\\ Compilation SQLite normal arm64 com.apple.xcode.tools.swift.compiler (in target 'SQLite' from project 'SQLite.swift')\n    cd /Users/builder/clone/IceCubesApp.xcodeproj\n    builtin-Swift-Compilation -- /Applications/Xcode-26.4.app/Contents/Developer/Toolchains/XcodeDefault.xctoolchain/usr/bin/swiftc -module-name SQLite -O -whole-module-optimization @/Users/builder/clone/build/Build/Intermediates.noindex/SQLite.swift.build/Release-iphoneos/SQLite.build/Objects-normal/arm64/SQLite.SwiftFileList -DSWIFT_PACKAGE -DSWIFT_MODULE_RESOURCE_BUNDLE_AVAILABLE -DSystemSQLite -DXcode -plugin-path /Applications/Xcode-26.4.app/Contents/Developer/Toolchains/XcodeDefault.xctoolchain/usr/lib/swift/host/plugins/testing -enable-experimental-feature DebugDescriptionMacro -sdk /Applications/Xcode-26.4.app/Contents/Developer/Platforms/iPhoneOS.platform/Developer/SDKs/iPhoneOS26.4.sdk -target arm64-apple-ios12.0 -g -module-cache-path /Users/builder/clone/build/ModuleCache.noindex -Xfrontend -serialize-debugging-options -suppress-warnings -swift-version 5 -I /Users/builder/clone/build/Build/Products/Release-iphoneos -Isystem /Applications/Xcode-26.4.app/Contents/Developer/Platforms/iPhoneOS.platform/Developer/usr/lib -F /Users/builder/clone/build/Build/Products/Release-iphoneos -F /Applications/Xcode-26.4.app/Contents/Developer/Platforms/iPhoneOS.platform/Developer/Library/Frameworks -F /Applications/Xcode-26.4.app/Contents/Developer/Platforms/iPhoneOS.platform/Developer/SDKs/iPhoneOS26.4.sdk/Developer/Library/Frameworks -c -num-threads 3 -Xcc -ivfsstatcache -Xcc /Users/builder/clone/build/SDKStatCaches.noindex/iphoneos26.4-23E252-dc38477e7e47e42951976ad86cc01fb3.sdkstatcache -output-file-map /Users/builder/clone/build/Build/Intermediates.noindex/SQLite.swift.build/Release-iphoneos/SQLite.build/Objects-normal/arm64/SQLite-OutputFileMap.json -use-frontend-parseable-output -save-temps -no-color-diagnostics -explicit-module-build -module-cache-path /Users/builder/clone/build/Build/Intermediates.noindex/SwiftExplicitPrecompiledModules -clang-scanner-module-cache-path /Users/builder/clone/build/ModuleCache.noindex -sdk-module-cache-path /Users/builder/clone/build/ModuleCache.noindex -serialize-diagnostics -emit-dependencies -emit-module -emit-module-path /Users/builder/clone/build/Build/Intermediates.noindex/SQLite.swift.build/Release-iphoneos/SQLite.build/Objects-normal/arm64/SQLite.swiftmodule -user-module-version 0.16.0 -validate-clang-modules-once -clang-build-session-file /Users/builder/clone/build/ModuleCache.noindex/Session.modulevalidation -package-name sqlite_swift -Xcc -I/Users/builder/clone/build/Build/Intermediates.noindex/SQLite.swift.build/Release-iphoneos/SQLite.build/swift-overrides.hmap -emit-const-values -Xfrontend -const-gather-protocols-file -Xfrontend /Users/builder/clone/build/Build/Intermediates.noindex/SQLite.swift.build/Release-iphoneos/SQLite.build/Objects-normal/arm64/SQLite_const_extract_protocols.json -Xcc -I/Users/builder/clone/build/Build/Products/Release-iphoneos/include -Xcc -I/Users/builder/clone/build/Build/Intermediates.noindex/SQLite.swift.build/Release-iphoneos/SQLite.build/DerivedSources-normal/arm64 -Xcc -I/Users/builder/clone/build/Build/Intermediates.noindex/SQLite.swift.build/Release-iphoneos/SQLite.build/DerivedSources/arm64 -Xcc -I/Users/builder/clone/build/Build/Intermediates.noindex/SQLite.swift.build/Release-iphoneos/SQLite.build/DerivedSources -Xcc -DSWIFT_PACKAGE -emit-objc-header -emit-objc-header-path /Users/builder/clone/build/Build/Intermediates.noindex/SQLite.swift.build/Release-iphoneos/SQLite.build/Objects-normal/arm64/SQLite-Swift.h -working-directory /Users/builder/clone/IceCubesApp.xcodeproj -no-emit-module-separately-wmo\n\nSwiftDriver\\ Compilation SFSafeSymbols normal arm64 com.apple.xcode.tools.swift.compiler (in target 'SFSafeSymbols' from project 'SFSafeSymbols')\n    cd /Users/builder/clone/IceCubesApp.xcodeproj\n    builtin-Swift-Compilation -- /Applications/Xcode-26.4.app/Contents/Developer/Toolchains/XcodeDefault.xctoolchain/usr/bin/swiftc -module-name SFSafeSymbols -O -whole-module-optimization @/Users/builder/clone/build/Build/Intermediates.noindex/SFSafeSymbols.build/Release-iphoneos/SFSafeSymbols.build/Objects-normal/arm64/SFSafeSymbols.SwiftFileList -DSWIFT_PACKAGE -DSWIFT_MODULE_RESOURCE_BUNDLE_UNAVAILABLE -DXcode -plugin-path /Applications/Xcode-26.4.app/Contents/Developer/Toolchains/XcodeDefault.xctoolchain/usr/lib/swift/host/plugins/testing -enable-experimental-feature DebugDescriptionMacro -sdk /Applications/Xcode-26.4.app/Contents/Developer/Platforms/iPhoneOS.platform/Developer/SDKs/iPhoneOS26.4.sdk -target arm64-apple-ios12.0 -g -module-cache-path /Users/builder/clone/build/ModuleCache.noindex -Xfrontend -serialize-debugging-options -suppress-warnings -swift-version 5 -I /Users/builder/clone/build/Build/Products/Release-iphoneos -Isystem /Applications/Xcode-26.4.app/Contents/Developer/Platforms/iPhoneOS.platform/Developer/usr/lib -F /Users/builder/clone/build/Build/Products/Release-iphoneos -F /Applications/Xcode-26.4.app/Contents/Developer/Platforms/iPhoneOS.platform/Developer/Library/Frameworks -F /Applications/Xcode-26.4.app/Contents/Developer/Platforms/iPhoneOS.platform/Developer/SDKs/iPhoneOS26.4.sdk/Developer/Library/Frameworks -c -num-threads 3 -Xcc -ivfsstatcache -Xcc /Users/builder/clone/build/SDKStatCaches.noindex/iphoneos26.4-23E252-dc38477e7e47e42951976ad86cc01fb3.sdkstatcache -output-file-map /Users/builder/clone/build/Build/Intermediates.noindex/SFSafeSymbols.build/Release-iphoneos/SFSafeSymbols.build/Objects-normal/arm64/SFSafeSymbols-OutputFileMap.json -use-frontend-parseable-output -save-temps -no-color-diagnostics -explicit-module-build -module-cache-path /Users/builder/clone/build/Build/Intermediates.noindex/SwiftExplicitPrecompiledModules -clang-scanner-module-cache-path /Users/builder/clone/build/ModuleCache.noindex -sdk-module-cache-path /Users/builder/clone/build/ModuleCache.noindex -serialize-diagnostics -emit-dependencies -emit-module -emit-module-path /Users/builder/clone/build/Build/Intermediates.noindex/SFSafeSymbols.build/Release-iphoneos/SFSafeSymbols.build/Objects-normal/arm64/SFSafeSymbols.swiftmodule -validate-clang-modules-once -clang-build-session-file /Users/builder/clone/build/ModuleCache.noindex/Session.modulevalidation -package-name sfsafesymbols -Xcc -I/Users/builder/clone/build/Build/Intermediates.noindex/SFSafeSymbols.build/Release-iphoneos/SFSafeSymbols.build/swift-overrides.hmap -emit-const-values -Xfrontend -const-gather-protocols-file -Xfrontend /Users/builder/clone/build/Build/Intermediates.noindex/SFSafeSymbols.build/Release-iphoneos/SFSafeSymbols.build/Objects-normal/arm64/SFSafeSymbols_const_extract_protocols.json -Xcc -I/Users/builder/clone/build/Build/Products/Release-iphoneos/include -Xcc -I/Users/builder/clone/build/Build/Intermediates.noindex/SFSafeSymbols.build/Release-iphoneos/SFSafeSymbols.build/DerivedSources-normal/arm64 -Xcc -I/Users/builder/clone/build/Build/Intermediates.noindex/SFSafeSymbols.build/Release-iphoneos/SFSafeSymbols.build/DerivedSources/arm64 -Xcc -I/Users/builder/clone/build/Build/Intermediates.noindex/SFSafeSymbols.build/Release-iphoneos/SFSafeSymbols.build/DerivedSources -Xcc -DSWIFT_PACKAGE -emit-objc-header -emit-objc-header-path /Users/builder/clone/build/Build/Intermediates.noindex/SFSafeSymbols.build/Release-iphoneos/SFSafeSymbols.build/Objects-normal/arm64/SFSafeSymbols-Swift.h -working-directory /Users/builder/clone/IceCubesApp.xcodeproj -no-emit-module-separately-wmo\n\nSwiftDriver\\ Compilation RevenueCat normal arm64 com.apple.xcode.tools.swift.compiler (in target 'RevenueCat' from project 'RevenueCat')\n    cd /Users/builder/clone/IceCubesApp.xcodeproj\n    builtin-Swift-Compilation -- /Applications/Xcode-26.4.app/Contents/Developer/Toolchains/XcodeDefault.xctoolchain/usr/bin/swiftc -module-name RevenueCat -O -whole-module-optimization @/Users/builder/clone/build/Build/Intermediates.noindex/RevenueCat.build/Release-iphoneos/RevenueCat.build/Objects-normal/arm64/RevenueCat.SwiftFileList -DSWIFT_PACKAGE -DSWIFT_MODULE_RESOURCE_BUNDLE_AVAILABLE -DXcode -plugin-path /Applications/Xcode-26.4.app/Contents/Developer/Toolchains/XcodeDefault.xctoolchain/usr/lib/swift/host/plugins/testing -enable-experimental-feature DebugDescriptionMacro -sdk /Applications/Xcode-26.4.app/Contents/Developer/Platforms/iPhoneOS.platform/Developer/SDKs/iPhoneOS26.4.sdk -target arm64-apple-ios13.0 -g -module-cache-path /Users/builder/clone/build/ModuleCache.noindex -Xfrontend -serialize-debugging-options -suppress-warnings -swift-version 5 -I /Users/builder/clone/build/Build/Products/Release-iphoneos -Isystem /Applications/Xcode-26.4.app/Contents/Developer/Platforms/iPhoneOS.platform/Developer/usr/lib -F /Users/builder/clone/build/Build/Products/Release-iphoneos -F /Applications/Xcode-26.4.app/Contents/Developer/Platforms/iPhoneOS.platform/Developer/Library/Frameworks -F /Applications/Xcode-26.4.app/Contents/Developer/Platforms/iPhoneOS.platform/Developer/SDKs/iPhoneOS26.4.sdk/Developer/Library/Frameworks -emit-localized-strings -emit-localized-strings-path /Users/builder/clone/build/Build/Intermediates.noindex/RevenueCat.build/Release-iphoneos/RevenueCat.build/Objects-normal/arm64 -c -num-threads 3 -Xcc -ivfsstatcache -Xcc /Users/builder/clone/build/SDKStatCaches.noindex/iphoneos26.4-23E252-dc38477e7e47e42951976ad86cc01fb3.sdkstatcache -output-file-map /Users/builder/clone/build/Build/Intermediates.noindex/RevenueCat.build/Release-iphoneos/RevenueCat.build/Objects-normal/arm64/RevenueCat-OutputFileMap.json -use-frontend-parseable-output -save-temps -no-color-diagnostics -explicit-module-build -module-cache-path /Users/builder/clone/build/Build/Intermediates.noindex/SwiftExplicitPrecompiledModules -clang-scanner-module-cache-path /Users/builder/clone/build/ModuleCache.noindex -sdk-module-cache-path /Users/builder/clone/build/ModuleCache.noindex -serialize-diagnostics -emit-dependencies -emit-module -emit-module-path /Users/builder/clone/build/Build/Intermediates.noindex/RevenueCat.build/Release-iphoneos/RevenueCat.build/Objects-normal/arm64/RevenueCat.swiftmodule -validate-clang-modules-once -clang-build-session-file /Users/builder/clone/build/ModuleCache.noindex/Session.modulevalidation -package-name purchases_ios_spm -Xcc -I/Users/builder/clone/build/Build/Intermediates.noindex/RevenueCat.build/Release-iphoneos/RevenueCat.build/swift-overrides.hmap -emit-const-values -Xfrontend -const-gather-protocols-file -Xfrontend /Users/builder/clone/build/Build/Intermediates.noindex/RevenueCat.build/Release-iphoneos/RevenueCat.build/Objects-normal/arm64/RevenueCat_const_extract_protocols.json -Xcc -I/Users/builder/clone/build/Build/Products/Release-iphoneos/include -Xcc -I/Users/builder/clone/build/Build/Intermediates.noindex/RevenueCat.build/Release-iphoneos/RevenueCat.build/DerivedSources-normal/arm64 -Xcc -I/Users/builder/clone/build/Build/Intermediates.noindex/RevenueCat.build/Release-iphoneos/RevenueCat.build/DerivedSources/arm64 -Xcc -I/Users/builder/clone/build/Build/Intermediates.noindex/RevenueCat.build/Release-iphoneos/RevenueCat.build/DerivedSources -Xcc -DSWIFT_PACKAGE -emit-objc-header -emit-objc-header-path /Users/builder/clone/build/Build/Intermediates.noindex/RevenueCat.build/Release-iphoneos/RevenueCat.build/Objects-normal/arm64/RevenueCat-Swift.h -working-directory /Users/builder/clone/IceCubesApp.xcodeproj -no-emit-module-separately-wmo\n\nSwiftDriver\\ Compilation Nuke normal arm64 com.apple.xcode.tools.swift.compiler (in target 'Nuke' from project 'Nuke')\n    cd /Users/builder/clone/IceCubesApp.xcodeproj\n    builtin-Swift-Compilation -- /Applications/Xcode-26.4.app/Contents/Developer/Toolchains/XcodeDefault.xctoolchain/usr/bin/swiftc -module-name Nuke -O -whole-module-optimization @/Users/builder/clone/build/Build/Intermediates.noindex/Nuke.build/Release-iphoneos/Nuke.build/Objects-normal/arm64/Nuke.SwiftFileList -DSWIFT_PACKAGE -DSWIFT_MODULE_RESOURCE_BUNDLE_UNAVAILABLE -DXcode -plugin-path /Applications/Xcode-26.4.app/Contents/Developer/Toolchains/XcodeDefault.xctoolchain/usr/lib/swift/host/plugins/testing -enable-experimental-feature DebugDescriptionMacro -sdk /Applications/Xcode-26.4.app/Contents/Developer/Platforms/iPhoneOS.platform/Developer/SDKs/iPhoneOS26.4.sdk -target arm64-apple-ios15.0 -g -module-cache-path /Users/builder/clone/build/ModuleCache.noindex -Xfrontend -serialize-debugging-options -suppress-warnings -swift-version 6 -I /Users/builder/clone/build/Build/Products/Release-iphoneos -Isystem /Applications/Xcode-26.4.app/Contents/Developer/Platforms/iPhoneOS.platform/Developer/usr/lib -F /Users/builder/clone/build/Build/Products/Release-iphoneos -F /Applications/Xcode-26.4.app/Contents/Developer/Platforms/iPhoneOS.platform/Developer/Library/Frameworks -F /Applications/Xcode-26.4.app/Contents/Developer/Platforms/iPhoneOS.platform/Developer/SDKs/iPhoneOS26.4.sdk/Developer/Library/Frameworks -c -num-threads 3 -Xcc -ivfsstatcache -Xcc /Users/builder/clone/build/SDKStatCaches.noindex/iphoneos26.4-23E252-dc38477e7e47e42951976ad86cc01fb3.sdkstatcache -output-file-map /Users/builder/clone/build/Build/Intermediates.noindex/Nuke.build/Release-iphoneos/Nuke.build/Objects-normal/arm64/Nuke-OutputFileMap.json -use-frontend-parseable-output -save-temps -no-color-diagnostics -explicit-module-build -module-cache-path /Users/builder/clone/build/Build/Intermediates.noindex/SwiftExplicitPrecompiledModules -clang-scanner-module-cache-path /Users/builder/clone/build/ModuleCache.noindex -sdk-module-cache-path /Users/builder/clone/build/ModuleCache.noindex -serialize-diagnostics -emit-dependencies -emit-module -emit-module-path /Users/builder/clone/build/Build/Intermediates.noindex/Nuke.build/Release-iphoneos/Nuke.build/Objects-normal/arm64/Nuke.swiftmodule -user-module-version 13.2.0 -validate-clang-modules-once -clang-build-session-file /Users/builder/clone/build/ModuleCache.noindex/Session.modulevalidation -package-name nuke -Xcc -I/Users/builder/clone/build/Build/Intermediates.noindex/Nuke.build/Release-iphoneos/Nuke.build/swift-overrides.hmap -emit-const-values -Xfrontend -const-gather-protocols-file -Xfrontend /Users/builder/clone/build/Build/Intermediates.noindex/Nuke.build/Release-iphoneos/Nuke.build/Objects-normal/arm64/Nuke_const_extract_protocols.json -Xcc -I/Users/builder/clone/build/Build/Products/Release-iphoneos/include -Xcc -I/Users/builder/clone/build/Build/Intermediates.noindex/Nuke.build/Release-iphoneos/Nuke.build/DerivedSources-normal/arm64 -Xcc -I/Users/builder/clone/build/Build/Intermediates.noindex/Nuke.build/Release-iphoneos/Nuke.build/DerivedSources/arm64 -Xcc -I/Users/builder/clone/build/Build/Intermediates.noindex/Nuke.build/Release-iphoneos/Nuke.build/DerivedSources -Xcc -DSWIFT_PACKAGE -emit-objc-header -emit-objc-header-path /Users/builder/clone/build/Build/Intermediates.noindex/Nuke.build/Release-iphoneos/Nuke.build/Objects-normal/arm64/Nuke-Swift.h -working-directory /Users/builder/clone/IceCubesApp.xcodeproj -no-emit-module-separately-wmo\n\nSwiftDriver\\ Compilation Markdown normal arm64 com.apple.xcode.tools.swift.compiler (in target 'Markdown' from project 'swift-markdown')\n    cd /Users/builder/clone/IceCubesApp.xcodeproj\n    builtin-Swift-Compilation -- /Applications/Xcode-26.4.app/Contents/Developer/Toolchains/XcodeDefault.xctoolchain/usr/bin/swiftc -module-name Markdown -O -whole-module-optimization @/Users/builder/clone/build/Build/Intermediates.noindex/swift-markdown.build/Release-iphoneos/Markdown.build/Objects-normal/arm64/Markdown.SwiftFileList -DSWIFT_PACKAGE -DSWIFT_MODULE_RESOURCE_BUNDLE_UNAVAILABLE -DXcode -plugin-path /Applications/Xcode-26.4.app/Contents/Developer/Toolchains/XcodeDefault.xctoolchain/usr/lib/swift/host/plugins/testing -enable-experimental-feature DebugDescriptionMacro -sdk /Applications/Xcode-26.4.app/Contents/Developer/Platforms/iPhoneOS.platform/Developer/SDKs/iPhoneOS26.4.sdk -target arm64-apple-ios12.0 -g -module-cache-path /Users/builder/clone/build/ModuleCache.noindex -Xfrontend -serialize-debugging-options -suppress-warnings -swift-version 5 -I /Users/builder/clone/build/Build/Products/Release-iphoneos -Isystem /Applications/Xcode-26.4.app/Contents/Developer/Platforms/iPhoneOS.platform/Developer/usr/lib -F /Users/builder/clone/build/Build/Products/Release-iphoneos/PackageFrameworks -F /Users/builder/clone/build/Build/Products/Release-iphoneos/PackageFrameworks -F /Users/builder/clone/build/Build/Products/Release-iphoneos/PackageFrameworks -F /Users/builder/clone/build/Build/Products/Release-iphoneos -F /Applications/Xcode-26.4.app/Contents/Developer/Platforms/iPhoneOS.platform/Developer/Library/Frameworks -F /Applications/Xcode-26.4.app/Contents/Developer/Platforms/iPhoneOS.platform/Developer/SDKs/iPhoneOS26.4.sdk/Developer/Library/Frameworks -c -num-threads 3 -Xcc -ivfsstatcache -Xcc /Users/builder/clone/build/SDKStatCaches.noindex/iphoneos26.4-23E252-dc38477e7e47e42951976ad86cc01fb3.sdkstatcache -output-file-map /Users/builder/clone/build/Build/Intermediates.noindex/swift-markdown.build/Release-iphoneos/Markdown.build/Objects-normal/arm64/Markdown-OutputFileMap.json -use-frontend-parseable-output -save-temps -no-color-diagnostics -explicit-module-build -module-cache-path /Users/builder/clone/build/Build/Intermediates.noindex/SwiftExplicitPrecompiledModules -clang-scanner-module-cache-path /Users/builder/clone/build/ModuleCache.noindex -sdk-module-cache-path /Users/builder/clone/build/ModuleCache.noindex -serialize-diagnostics -emit-dependencies -emit-module -emit-module-path /Users/builder/clone/build/Build/Intermediates.noindex/swift-markdown.build/Release-iphoneos/Markdown.build/Objects-normal/arm64/Markdown.swiftmodule -user-module-version 0.8.0 -validate-clang-modules-once -clang-build-session-file /Users/builder/clone/build/ModuleCache.noindex/Session.modulevalidation -package-name swift_markdown -Xcc -I/Users/builder/clone/build/Build/Intermediates.noindex/swift-markdown.build/Release-iphoneos/Markdown.build/swift-overrides.hmap -emit-const-values -Xfrontend -const-gather-protocols-file -Xfrontend /Users/builder/clone/build/Build/Intermediates.noindex/swift-markdown.build/Release-iphoneos/Markdown.build/Objects-normal/arm64/Markdown_const_extract_protocols.json -Xcc -I/Users/builder/clone/build/SourcePackages/checkouts/swift-cmark/src/include -Xcc -I/Users/builder/clone/build/SourcePackages/checkouts/swift-cmark/extensions/include -Xcc -I/Users/builder/clone/build/SourcePackages/checkouts/swift-markdown/Sources/CAtomic/include -Xcc -I/Users/builder/clone/build/Build/Products/Release-iphoneos/include -Xcc -I/Users/builder/clone/build/Build/Intermediates.noindex/swift-markdown.build/Release-iphoneos/Markdown.build/DerivedSources-normal/arm64 -Xcc -I/Users/builder/clone/build/Build/Intermediates.noindex/swift-markdown.build/Release-iphoneos/Markdown.build/DerivedSources/arm64 -Xcc -I/Users/builder/clone/build/Build/Intermediates.noindex/swift-markdown.build/Release-iphoneos/Markdown.build/DerivedSources -Xcc -DSWIFT_PACKAGE -emit-objc-header -emit-objc-header-path /Users/builder/clone/build/Build/Intermediates.noindex/swift-markdown.build/Release-iphoneos/Markdown.build/Objects-normal/arm64/Markdown-Swift.h -working-directory /Users/builder/clone/IceCubesApp.xcodeproj -no-emit-module-separately-wmo\n\nSwiftDriver\\ Compilation LRUCache normal arm64 com.apple.xcode.tools.swift.compiler (in target 'LRUCache' from project 'LRUCache')\n    cd /Users/builder/clone/IceCubesApp.xcodeproj\n    builtin-Swift-Compilation -- /Applications/Xcode-26.4.app/Contents/Developer/Toolchains/XcodeDefault.xctoolchain/usr/bin/swiftc -module-name LRUCache -O -whole-module-optimization @/Users/builder/clone/build/Build/Intermediates.noindex/LRUCache.build/Release-iphoneos/LRUCache.build/Objects-normal/arm64/LRUCache.SwiftFileList -DSWIFT_PACKAGE -DSWIFT_MODULE_RESOURCE_BUNDLE_UNAVAILABLE -DXcode -plugin-path /Applications/Xcode-26.4.app/Contents/Developer/Toolchains/XcodeDefault.xctoolchain/usr/lib/swift/host/plugins/testing -enable-experimental-feature DebugDescriptionMacro -sdk /Applications/Xcode-26.4.app/Contents/Developer/Platforms/iPhoneOS.platform/Developer/SDKs/iPhoneOS26.4.sdk -target arm64-apple-ios13.0 -g -module-cache-path /Users/builder/clone/build/ModuleCache.noindex -Xfrontend -serialize-debugging-options -suppress-warnings -swift-version 5 -I /Users/builder/clone/build/Build/Products/Release-iphoneos -Isystem /Applications/Xcode-26.4.app/Contents/Developer/Platforms/iPhoneOS.platform/Developer/usr/lib -F /Users/builder/clone/build/Build/Products/Release-iphoneos -F /Applications/Xcode-26.4.app/Contents/Developer/Platforms/iPhoneOS.platform/Developer/Library/Frameworks -F /Applications/Xcode-26.4.app/Contents/Developer/Platforms/iPhoneOS.platform/Developer/SDKs/iPhoneOS26.4.sdk/Developer/Library/Frameworks -parse-as-library -c -num-threads 3 -Xcc -ivfsstatcache -Xcc /Users/builder/clone/build/SDKStatCaches.noindex/iphoneos26.4-23E252-dc38477e7e47e42951976ad86cc01fb3.sdkstatcache -output-file-map /Users/builder/clone/build/Build/Intermediates.noindex/LRUCache.build/Release-iphoneos/LRUCache.build/Objects-normal/arm64/LRUCache-OutputFileMap.json -use-frontend-parseable-output -save-temps -no-color-diagnostics -explicit-module-build -module-cache-path /Users/builder/clone/build/Build/Intermediates.noindex/SwiftExplicitPrecompiledModules -clang-scanner-module-cache-path /Users/builder/clone/build/ModuleCache.noindex -sdk-module-cache-path /Users/builder/clone/build/ModuleCache.noindex -serialize-diagnostics -emit-dependencies -emit-module -emit-module-path /Users/builder/clone/build/Build/Intermediates.noindex/LRUCache.build/Release-iphoneos/LRUCache.build/Objects-normal/arm64/LRUCache.swiftmodule -validate-clang-modules-once -clang-build-session-file /Users/builder/clone/build/ModuleCache.noindex/Session.modulevalidation -Xcc -I/Users/builder/clone/build/Build/Intermediates.noindex/LRUCache.build/Release-iphoneos/LRUCache.build/swift-overrides.hmap -emit-const-values -Xfrontend -const-gather-protocols-file -Xfrontend /Users/builder/clone/build/Build/Intermediates.noindex/LRUCache.build/Release-iphoneos/LRUCache.build/Objects-normal/arm64/LRUCache_const_extract_protocols.json -Xcc -I/Users/builder/clone/build/Build/Products/Release-iphoneos/include -Xcc -I/Users/builder/clone/build/Build/Intermediates.noindex/LRUCache.build/Release-iphoneos/LRUCache.build/DerivedSources-normal/arm64 -Xcc -I/Users/builder/clone/build/Build/Intermediates.noindex/LRUCache.build/Release-iphoneos/LRUCache.build/DerivedSources/arm64 -Xcc -I/Users/builder/clone/build/Build/Intermediates.noindex/LRUCache.build/Release-iphoneos/LRUCache.build/DerivedSources -Xcc -DSWIFT_PACKAGE -emit-objc-header -emit-objc-header-path /Users/builder/clone/build/Build/Intermediates.noindex/LRUCache.build/Release-iphoneos/LRUCache.build/Objects-normal/arm64/LRUCache-Swift.h -working-directory /Users/builder/clone/IceCubesApp.xcodeproj -no-emit-module-separately-wmo\n\nSwiftDriver\\ Compilation KeychainSwift normal arm64 com.apple.xcode.tools.swift.compiler (in target 'KeychainSwift' from project 'KeychainSwift')\n    cd /Users/builder/clone/IceCubesApp.xcodeproj\n    builtin-Swift-Compilation -- /Applications/Xcode-26.4.app/Contents/Developer/Toolchains/XcodeDefault.xctoolchain/usr/bin/swiftc -module-name KeychainSwift -O -whole-module-optimization @/Users/builder/clone/build/Build/Intermediates.noindex/KeychainSwift.build/Release-iphoneos/KeychainSwift.build/Objects-normal/arm64/KeychainSwift.SwiftFileList -DSWIFT_PACKAGE -DSWIFT_MODULE_RESOURCE_BUNDLE_UNAVAILABLE -DXcode -plugin-path /Applications/Xcode-26.4.app/Contents/Developer/Toolchains/XcodeDefault.xctoolchain/usr/lib/swift/host/plugins/testing -enable-experimental-feature DebugDescriptionMacro -sdk /Applications/Xcode-26.4.app/Contents/Developer/Platforms/iPhoneOS.platform/Developer/SDKs/iPhoneOS26.4.sdk -target arm64-apple-ios12.0 -g -module-cache-path /Users/builder/clone/build/ModuleCache.noindex -Xfrontend -serialize-debugging-options -suppress-warnings -swift-version 5 -I /Users/builder/clone/build/Build/Products/Release-iphoneos -Isystem /Applications/Xcode-26.4.app/Contents/Developer/Platforms/iPhoneOS.platform/Developer/usr/lib -F /Users/builder/clone/build/Build/Products/Release-iphoneos -F /Applications/Xcode-26.4.app/Contents/Developer/Platforms/iPhoneOS.platform/Developer/Library/Frameworks -F /Applications/Xcode-26.4.app/Contents/Developer/Platforms/iPhoneOS.platform/Developer/SDKs/iPhoneOS26.4.sdk/Developer/Library/Frameworks -c -num-threads 3 -Xcc -ivfsstatcache -Xcc /Users/builder/clone/build/SDKStatCaches.noindex/iphoneos26.4-23E252-dc38477e7e47e42951976ad86cc01fb3.sdkstatcache -output-file-map /Users/builder/clone/build/Build/Intermediates.noindex/KeychainSwift.build/Release-iphoneos/KeychainSwift.build/Objects-normal/arm64/KeychainSwift-OutputFileMap.json -use-frontend-parseable-output -save-temps -no-color-diagnostics -explicit-module-build -module-cache-path /Users/builder/clone/build/Build/Intermediates.noindex/SwiftExplicitPrecompiledModules -clang-scanner-module-cache-path /Users/builder/clone/build/ModuleCache.noindex -sdk-module-cache-path /Users/builder/clone/build/ModuleCache.noindex -serialize-diagnostics -emit-dependencies -emit-module -emit-module-path /Users/builder/clone/build/Build/Intermediates.noindex/KeychainSwift.build/Release-iphoneos/KeychainSwift.build/Objects-normal/arm64/KeychainSwift.swiftmodule -validate-clang-modules-once -clang-build-session-file /Users/builder/clone/build/ModuleCache.noindex/Session.modulevalidation -Xcc -I/Users/builder/clone/build/Build/Intermediates.noindex/KeychainSwift.build/Release-iphoneos/KeychainSwift.build/swift-overrides.hmap -emit-const-values -Xfrontend -const-gather-protocols-file -Xfrontend /Users/builder/clone/build/Build/Intermediates.noindex/KeychainSwift.build/Release-iphoneos/KeychainSwift.build/Objects-normal/arm64/KeychainSwift_const_extract_protocols.json -Xcc -I/Users/builder/clone/build/Build/Products/Release-iphoneos/include -Xcc -I/Users/builder/clone/build/Build/Intermediates.noindex/KeychainSwift.build/Release-iphoneos/KeychainSwift.build/DerivedSources-normal/arm64 -Xcc -I/Users/builder/clone/build/Build/Intermediates.noindex/KeychainSwift.build/Release-iphoneos/KeychainSwift.build/DerivedSources/arm64 -Xcc -I/Users/builder/clone/build/Build/Intermediates.noindex/KeychainSwift.build/Release-iphoneos/KeychainSwift.build/DerivedSources -Xcc -DSWIFT_PACKAGE -emit-objc-header -emit-objc-header-path /Users/builder/clone/build/Build/Intermediates.noindex/KeychainSwift.build/Release-iphoneos/KeychainSwift.build/Objects-normal/arm64/KeychainSwift-Swift.h -working-directory /Users/builder/clone/IceCubesApp.xcodeproj -no-emit-module-separately-wmo\n\nSwiftDriver\\ Compilation Gifu normal arm64 com.apple.xcode.tools.swift.compiler (in target 'Gifu' from project 'Gifu')\n    cd /Users/builder/clone/IceCubesApp.xcodeproj\n    builtin-Swift-Compilation -- /Applications/Xcode-26.4.app/Contents/Developer/Toolchains/XcodeDefault.xctoolchain/usr/bin/swiftc -module-name Gifu -O -whole-module-optimization @/Users/builder/clone/build/Build/Intermediates.noindex/Gifu.build/Release-iphoneos/Gifu.build/Objects-normal/arm64/Gifu.SwiftFileList -DSWIFT_PACKAGE -DSWIFT_MODULE_RESOURCE_BUNDLE_UNAVAILABLE -DXcode -enable-upcoming-feature ExistentialAny -plugin-path /Applications/Xcode-26.4.app/Contents/Developer/Toolchains/XcodeDefault.xctoolchain/usr/lib/swift/host/plugins/testing -enable-experimental-feature DebugDescriptionMacro -sdk /Applications/Xcode-26.4.app/Contents/Developer/Platforms/iPhoneOS.platform/Developer/SDKs/iPhoneOS26.4.sdk -target arm64-apple-ios16.0 -g -module-cache-path /Users/builder/clone/build/ModuleCache.noindex -Xfrontend -serialize-debugging-options -suppress-warnings -swift-version 6 -I /Users/builder/clone/build/Build/Products/Release-iphoneos -Isystem /Applications/Xcode-26.4.app/Contents/Developer/Platforms/iPhoneOS.platform/Developer/usr/lib -F /Users/builder/clone/build/Build/Products/Release-iphoneos -F /Applications/Xcode-26.4.app/Contents/Developer/Platforms/iPhoneOS.platform/Developer/Library/Frameworks -F /Applications/Xcode-26.4.app/Contents/Developer/Platforms/iPhoneOS.platform/Developer/SDKs/iPhoneOS26.4.sdk/Developer/Library/Frameworks -c -num-threads 3 -Xcc -ivfsstatcache -Xcc /Users/builder/clone/build/SDKStatCaches.noindex/iphoneos26.4-23E252-dc38477e7e47e42951976ad86cc01fb3.sdkstatcache -output-file-map /Users/builder/clone/build/Build/Intermediates.noindex/Gifu.build/Release-iphoneos/Gifu.build/Objects-normal/arm64/Gifu-OutputFileMap.json -use-frontend-parseable-output -save-temps -no-color-diagnostics -explicit-module-build -module-cache-path /Users/builder/clone/build/Build/Intermediates.noindex/SwiftExplicitPrecompiledModules -clang-scanner-module-cache-path /Users/builder/clone/build/ModuleCache.noindex -sdk-module-cache-path /Users/builder/clone/build/ModuleCache.noindex -serialize-diagnostics -emit-dependencies -emit-module -emit-module-path /Users/builder/clone/build/Build/Intermediates.noindex/Gifu.build/Release-iphoneos/Gifu.build/Objects-normal/arm64/Gifu.swiftmodule -user-module-version 4.0.1 -validate-clang-modules-once -clang-build-session-file /Users/builder/clone/build/ModuleCache.noindex/Session.modulevalidation -package-name gifu -Xcc -I/Users/builder/clone/build/Build/Intermediates.noindex/Gifu.build/Release-iphoneos/Gifu.build/swift-overrides.hmap -emit-const-values -Xfrontend -const-gather-protocols-file -Xfrontend /Users/builder/clone/build/Build/Intermediates.noindex/Gifu.build/Release-iphoneos/Gifu.build/Objects-normal/arm64/Gifu_const_extract_protocols.json -Xcc -I/Users/builder/clone/build/Build/Products/Release-iphoneos/include -Xcc -I/Users/builder/clone/build/Build/Intermediates.noindex/Gifu.build/Release-iphoneos/Gifu.build/DerivedSources-normal/arm64 -Xcc -I/Users/builder/clone/build/Build/Intermediates.noindex/Gifu.build/Release-iphoneos/Gifu.build/DerivedSources/arm64 -Xcc -I/Users/builder/clone/build/Build/Intermediates.noindex/Gifu.build/Release-iphoneos/Gifu.build/DerivedSources -Xcc -DSWIFT_PACKAGE -emit-objc-header -emit-objc-header-path /Users/builder/clone/build/Build/Intermediates.noindex/Gifu.build/Release-iphoneos/Gifu.build/Objects-normal/arm64/Gifu-Swift.h -working-directory /Users/builder/clone/IceCubesApp.xcodeproj -no-emit-module-separately-wmo\n\nLinkAssetCatalog /Users/builder/clone/Packages/DesignSystem/Sources/DesignSystem/Resources/Colors.xcassets (in target 'DesignSystem_DesignSystem' from project 'DesignSystem')\n    cd /Users/builder/clone/Packages/DesignSystem\n    builtin-linkAssetCatalog --thinned /Users/builder/clone/build/Build/Intermediates.noindex/DesignSystem.build/Release-iphoneos/DesignSystem_DesignSystem.build/assetcatalog_output/thinned --thinned-dependencies /Users/builder/clone/build/Build/Intermediates.noindex/DesignSystem.build/Release-iphoneos/DesignSystem_DesignSystem.build/assetcatalog_dependencies_thinned --thinned-info-plist-content /Users/builder/clone/build/Build/Intermediates.noindex/DesignSystem.build/Release-iphoneos/DesignSystem_DesignSystem.build/assetcatalog_generated_info.plist_thinned --unthinned /Users/builder/clone/build/Build/Intermediates.noindex/DesignSystem.build/Release-iphoneos/DesignSystem_DesignSystem.build/assetcatalog_output/unthinned --unthinned-dependencies /Users/builder/clone/build/Build/Intermediates.noindex/DesignSystem.build/Release-iphoneos/DesignSystem_DesignSystem.build/assetcatalog_dependencies_unthinned --unthinned-info-plist-content /Users/builder/clone/build/Build/Intermediates.noindex/DesignSystem.build/Release-iphoneos/DesignSystem_DesignSystem.build/assetcatalog_generated_info.plist_unthinned --output /Users/builder/clone/build/Build/Products/Release-iphoneos/DesignSystem_DesignSystem.bundle --plist-output /Users/builder/clone/build/Build/Intermediates.noindex/DesignSystem.build/Release-iphoneos/DesignSystem_DesignSystem.build/assetcatalog_generated_info.plist\nnote: Emplaced /Users/builder/clone/build/Build/Products/Release-iphoneos/DesignSystem_DesignSystem.bundle/Assets.car (in target 'DesignSystem_DesignSystem' from project 'DesignSystem')\n\nProcessInfoPlistFile /Users/builder/clone/build/Build/Products/Release-iphoneos/DesignSystem_DesignSystem.bundle/Info.plist /Users/builder/clone/build/Build/Intermediates.noindex/DesignSystem.build/Release-iphoneos/DesignSystem_DesignSystem.build/empty-DesignSystem_DesignSystem.plist (in target 'DesignSystem_DesignSystem' from project 'DesignSystem')\n    cd /Users/builder/clone/Packages/DesignSystem\n    builtin-infoPlistUtility /Users/builder/clone/build/Build/Intermediates.noindex/DesignSystem.build/Release-iphoneos/DesignSystem_DesignSystem.build/empty-DesignSystem_DesignSystem.plist -producttype com.apple.product-type.bundle -expandbuildsettings -format binary -platform iphoneos -additionalcontentfile /Users/builder/clone/build/Build/Intermediates.noindex/DesignSystem.build/Release-iphoneos/DesignSystem_DesignSystem.build/assetcatalog_generated_info.plist -requiredArchitecture arm64 -o /Users/builder/clone/build/Build/Products/Release-iphoneos/DesignSystem_DesignSystem.bundle/Info.plist\n\nScanDependencies /Users/builder/clone/build/Build/Intermediates.noindex/swift-markdown.build/Release-iphoneos/CAtomic.build/Objects-normal/arm64/CAtomic.o /Users/builder/clone/build/SourcePackages/checkouts/swift-markdown/Sources/CAtomic/CAtomic.c normal arm64 c com.apple.compilers.llvm.clang.1_0.compiler (in target 'CAtomic' from project 'swift-markdown')\n    cd /Users/builder/clone/IceCubesApp.xcodeproj\n    \n    Using response file: /Users/builder/clone/build/Build/Intermediates.noindex/swift-markdown.build/Release-iphoneos/CAtomic.build/Objects-normal/arm64/7187679823f38a2a940e0043cdf9d637-common-args.resp\n    \n    builtin-ScanDependencies -o /Users/builder/clone/build/Build/Intermediates.noindex/swift-markdown.build/Release-iphoneos/CAtomic.build/Objects-normal/arm64/CAtomic.o.scan -- /Applications/Xcode-26.4.app/Contents/Developer/Toolchains/XcodeDefault.xctoolchain/usr/bin/clang -x c -ivfsstatcache /Users/builder/clone/build/SDKStatCaches.noindex/iphoneos26.4-23E252-dc38477e7e47e42951976ad86cc01fb3.sdkstatcache -target arm64-apple-ios12.0 -fmessage-length\\=0 -fdiagnostics-show-note-include-stack -fmacro-backtrace-limit\\=0 -fno-color-diagnostics -fmodules-prune-interval\\=86400 -fmodules-prune-after\\=345600 -fbuild-session-file\\=/Users/builder/clone/build/ModuleCache.noindex/Session.modulevalidation -fmodules-validate-once-per-build-session -Wnon-modular-include-in-framework-module -Werror\\=non-modular-include-in-framework-module -Wno-trigraphs -Wno-missing-field-initializers -Wno-missing-prototypes -Wno-return-type -Wno-missing-braces -Wparentheses -Wswitch -Wno-unused-function -Wno-unused-label -Wno-unused-parameter -Wno-unused-variable -Wunused-value -Wno-empty-body -Wno-uninitialized -Wno-unknown-pragmas -w -Wno-shadow -Wno-four-char-constants -Wno-conversion -Wno-constant-conversion -Wno-int-conversion -Wno-bool-conversion -Wno-enum-conversion -Wno-float-conversion -Wno-non-literal-null-conversion -Wno-objc-literal-conversion -Wshorten-64-to-32 -Wpointer-sign -Wno-newline-eof -Wno-implicit-fallthrough -isysroot /Applications/Xcode-26.4.app/Contents/Developer/Platforms/iPhoneOS.platform/Developer/SDKs/iPhoneOS26.4.sdk -fstrict-aliasing -Wdeprecated-declarations -Wno-sign-conversion -Wno-infinite-recursion -Wno-comma -Wno-block-capture-autoreleasing -Wno-strict-prototypes -Wno-semicolon-before-method-body @/Users/builder/clone/build/Build/Intermediates.noindex/swift-markdown.build/Release-iphoneos/CAtomic.build/Objects-normal/arm64/7187679823f38a2a940e0043cdf9d637-common-args.resp -MMD -MT dependencies -MF /Users/builder/clone/build/Build/Intermediates.noindex/swift-markdown.build/Release-iphoneos/CAtomic.build/Objects-normal/arm64/CAtomic.d --serialize-diagnostics /Users/builder/clone/build/Build/Intermediates.noindex/swift-markdown.build/Release-iphoneos/CAtomic.build/Objects-normal/arm64/CAtomic.dia -c /Users/builder/clone/build/SourcePackages/checkouts/swift-markdown/Sources/CAtomic/CAtomic.c -o /Users/builder/clone/build/Build/Intermediates.noindex/swift-markdown.build/Release-iphoneos/CAtomic.build/Objects-normal/arm64/CAtomic.o\n\nSwiftDriver\\ Compilation ButtonKit normal arm64 com.apple.xcode.tools.swift.compiler (in target 'ButtonKit' from project 'ButtonKit')\n    cd /Users/builder/clone/IceCubesApp.xcodeproj\n    builtin-Swift-Compilation -- /Applications/Xcode-26.4.app/Contents/Developer/Toolchains/XcodeDefault.xctoolchain/usr/bin/swiftc -module-name ButtonKit -O -whole-module-optimization @/Users/builder/clone/build/Build/Intermediates.noindex/ButtonKit.build/Release-iphoneos/ButtonKit.build/Objects-normal/arm64/ButtonKit.SwiftFileList -DSWIFT_PACKAGE -DSWIFT_MODULE_RESOURCE_BUNDLE_UNAVAILABLE -DXcode -plugin-path /Applications/Xcode-26.4.app/Contents/Developer/Toolchains/XcodeDefault.xctoolchain/usr/lib/swift/host/plugins/testing -enable-experimental-feature DebugDescriptionMacro -sdk /Applications/Xcode-26.4.app/Contents/Developer/Platforms/iPhoneOS.platform/Developer/SDKs/iPhoneOS26.4.sdk -target arm64-apple-ios15.0 -g -module-cache-path /Users/builder/clone/build/ModuleCache.noindex -Xfrontend -serialize-debugging-options -suppress-warnings -swift-version 6 -I /Users/builder/clone/build/Build/Products/Release-iphoneos -Isystem /Applications/Xcode-26.4.app/Contents/Developer/Platforms/iPhoneOS.platform/Developer/usr/lib -F /Users/builder/clone/build/Build/Products/Release-iphoneos -F /Applications/Xcode-26.4.app/Contents/Developer/Platforms/iPhoneOS.platform/Developer/Library/Frameworks -F /Applications/Xcode-26.4.app/Contents/Developer/Platforms/iPhoneOS.platform/Developer/SDKs/iPhoneOS26.4.sdk/Developer/Library/Frameworks -c -num-threads 3 -Xcc -ivfsstatcache -Xcc /Users/builder/clone/build/SDKStatCaches.noindex/iphoneos26.4-23E252-dc38477e7e47e42951976ad86cc01fb3.sdkstatcache -output-file-map /Users/builder/clone/build/Build/Intermediates.noindex/ButtonKit.build/Release-iphoneos/ButtonKit.build/Objects-normal/arm64/ButtonKit-OutputFileMap.json -use-frontend-parseable-output -save-temps -no-color-diagnostics -explicit-module-build -module-cache-path /Users/builder/clone/build/Build/Intermediates.noindex/SwiftExplicitPrecompiledModules -clang-scanner-module-cache-path /Users/builder/clone/build/ModuleCache.noindex -sdk-module-cache-path /Users/builder/clone/build/ModuleCache.noindex -serialize-diagnostics -emit-dependencies -emit-module -emit-module-path /Users/builder/clone/build/Build/Intermediates.noindex/ButtonKit.build/Release-iphoneos/ButtonKit.build/Objects-normal/arm64/ButtonKit.swiftmodule -user-module-version 0.8.1 -validate-clang-modules-once -clang-build-session-file /Users/builder/clone/build/ModuleCache.noindex/Session.modulevalidation -package-name buttonkit -Xcc -I/Users/builder/clone/build/Build/Intermediates.noindex/ButtonKit.build/Release-iphoneos/ButtonKit.build/swift-overrides.hmap -emit-const-values -Xfrontend -const-gather-protocols-file -Xfrontend /Users/builder/clone/build/Build/Intermediates.noindex/ButtonKit.build/Release-iphoneos/ButtonKit.build/Objects-normal/arm64/ButtonKit_const_extract_protocols.json -Xcc -I/Users/builder/clone/build/Build/Products/Release-iphoneos/include -Xcc -I/Users/builder/clone/build/Build/Intermediates.noindex/ButtonKit.build/Release-iphoneos/ButtonKit.build/DerivedSources-normal/arm64 -Xcc -I/Users/builder/clone/build/Build/Intermediates.noindex/ButtonKit.build/Release-iphoneos/ButtonKit.build/DerivedSources/arm64 -Xcc -I/Users/builder/clone/build/Build/Intermediates.noindex/ButtonKit.build/Release-iphoneos/ButtonKit.build/DerivedSources -Xcc -DSWIFT_PACKAGE -emit-objc-header -emit-objc-header-path /Users/builder/clone/build/Build/Intermediates.noindex/ButtonKit.build/Release-iphoneos/ButtonKit.build/Objects-normal/arm64/ButtonKit-Swift.h -working-directory /Users/builder/clone/IceCubesApp.xcodeproj -no-emit-module-separately-wmo\n\nCompileC /Users/builder/clone/build/Build/Intermediates.noindex/swift-markdown.build/Release-iphoneos/CAtomic.build/Objects-normal/arm64/CAtomic.o /Users/builder/clone/build/SourcePackages/checkouts/swift-markdown/Sources/CAtomic/CAtomic.c normal arm64 c com.apple.compilers.llvm.clang.1_0.compiler (in target 'CAtomic' from project 'swift-markdown')\n    cd /Users/builder/clone/IceCubesApp.xcodeproj\n    \n    Using response file: /Users/builder/clone/build/Build/Intermediates.noindex/swift-markdown.build/Release-iphoneos/CAtomic.build/Objects-normal/arm64/7187679823f38a2a940e0043cdf9d637-common-args.resp\n    \n    /Applications/Xcode-26.4.app/Contents/Developer/Toolchains/XcodeDefault.xctoolchain/usr/bin/clang -x c -ivfsstatcache /Users/builder/clone/build/SDKStatCaches.noindex/iphoneos26.4-23E252-dc38477e7e47e42951976ad86cc01fb3.sdkstatcache -target arm64-apple-ios12.0 -fmessage-length\\=0 -fdiagnostics-show-note-include-stack -fmacro-backtrace-limit\\=0 -fno-color-diagnostics -fmodules-prune-interval\\=86400 -fmodules-prune-after\\=345600 -fbuild-session-file\\=/Users/builder/clone/build/ModuleCache.noindex/Session.modulevalidation -fmodules-validate-once-per-build-session -Wnon-modular-include-in-framework-module -Werror\\=non-modular-include-in-framework-module -Wno-trigraphs -Wno-missing-field-initializers -Wno-missing-prototypes -Wno-return-type -Wno-missing-braces -Wparentheses -Wswitch -Wno-unused-function -Wno-unused-label -Wno-unused-parameter -Wno-unused-variable -Wunused-value -Wno-empty-body -Wno-uninitialized -Wno-unknown-pragmas -w -Wno-shadow -Wno-four-char-constants -Wno-conversion -Wno-constant-conversion -Wno-int-conversion -Wno-bool-conversion -Wno-enum-conversion -Wno-float-conversion -Wno-non-literal-null-conversion -Wno-objc-literal-conversion -Wshorten-64-to-32 -Wpointer-sign -Wno-newline-eof -Wno-implicit-fallthrough -isysroot /Applications/Xcode-26.4.app/Contents/Developer/Platforms/iPhoneOS.platform/Developer/SDKs/iPhoneOS26.4.sdk -fstrict-aliasing -Wdeprecated-declarations -Wno-sign-conversion -Wno-infinite-recursion -Wno-comma -Wno-block-capture-autoreleasing -Wno-strict-prototypes -Wno-semicolon-before-method-body @/Users/builder/clone/build/Build/Intermediates.noindex/swift-markdown.build/Release-iphoneos/CAtomic.build/Objects-normal/arm64/7187679823f38a2a940e0043cdf9d637-common-args.resp -MMD -MT dependencies -MF /Users/builder/clone/build/Build/Intermediates.noindex/swift-markdown.build/Release-iphoneos/CAtomic.build/Objects-normal/arm64/CAtomic.d --serialize-diagnostics /Users/builder/clone/build/Build/Intermediates.noindex/swift-markdown.build/Release-iphoneos/CAtomic.build/Objects-normal/arm64/CAtomic.dia -c /Users/builder/clone/build/SourcePackages/checkouts/swift-markdown/Sources/CAtomic/CAtomic.c -o /Users/builder/clone/build/Build/Intermediates.noindex/swift-markdown.build/Release-iphoneos/CAtomic.build/Objects-normal/arm64/CAtomic.o\n\nLd /Users/builder/clone/build/Build/Products/Release-iphoneos/CAtomic.o normal (in target 'CAtomic' from project 'swift-markdown')\n    cd /Users/builder/clone/build/SourcePackages/checkouts/swift-markdown\n    /Applications/Xcode-26.4.app/Contents/Developer/Toolchains/XcodeDefault.xctoolchain/usr/bin/clang -Xlinker -reproducible -target arm64-apple-ios12.0 -r -isysroot /Applications/Xcode-26.4.app/Contents/Developer/Platforms/iPhoneOS.platform/Developer/SDKs/iPhoneOS26.4.sdk -Os -w -F/Users/builder/clone/build/Build/Intermediates.noindex/EagerLinkingTBDs/Release-iphoneos -F/Users/builder/clone/build/Build/Products/Release-iphoneos -iframework /Applications/Xcode-26.4.app/Contents/Developer/Platforms/iPhoneOS.platform/Developer/Library/Frameworks -iframework /Applications/Xcode-26.4.app/Contents/Developer/Platforms/iPhoneOS.platform/Developer/SDKs/iPhoneOS26.4.sdk/Developer/Library/Frameworks -filelist /Users/builder/clone/build/Build/Intermediates.noindex/swift-markdown.build/Release-iphoneos/CAtomic.build/Objects-normal/arm64/CAtomic.LinkFileList -nostdlib -Xlinker -object_path_lto -Xlinker /Users/builder/clone/build/Build/Intermediates.noindex/swift-markdown.build/Release-iphoneos/CAtomic.build/Objects-normal/arm64/CAtomic_lto.o -Xlinker -dependency_info -Xlinker /Users/builder/clone/build/Build/Intermediates.noindex/swift-markdown.build/Release-iphoneos/CAtomic.build/Objects-normal/arm64/CAtomic_dependency_info.dat -o /Users/builder/clone/build/Build/Products/Release-iphoneos/CAtomic.o\n\nLd /Users/builder/clone/build/Build/Products/Release-iphoneos/WrappingHStack.o normal (in target 'WrappingHStack' from project 'WrappingHStack')\n    cd /Users/builder/clone/build/SourcePackages/checkouts/WrappingHStack\n    /Applications/Xcode-26.4.app/Contents/Developer/Toolchains/XcodeDefault.xctoolchain/usr/bin/clang -Xlinker -reproducible -target arm64-apple-ios13.0 -r -isysroot /Applications/Xcode-26.4.app/Contents/Developer/Platforms/iPhoneOS.platform/Developer/SDKs/iPhoneOS26.4.sdk -Os -w -F/Users/builder/clone/build/Build/Intermediates.noindex/EagerLinkingTBDs/Release-iphoneos -F/Users/builder/clone/build/Build/Products/Release-iphoneos -iframework /Applications/Xcode-26.4.app/Contents/Developer/Platforms/iPhoneOS.platform/Developer/Library/Frameworks -iframework /Applications/Xcode-26.4.app/Contents/Developer/Platforms/iPhoneOS.platform/Developer/SDKs/iPhoneOS26.4.sdk/Developer/Library/Frameworks -filelist /Users/builder/clone/build/Build/Intermediates.noindex/WrappingHStack.build/Release-iphoneos/WrappingHStack.build/Objects-normal/arm64/WrappingHStack.LinkFileList -nostdlib -Xlinker -object_path_lto -Xlinker /Users/builder/clone/build/Build/Intermediates.noindex/WrappingHStack.build/Release-iphoneos/WrappingHStack.build/Objects-normal/arm64/WrappingHStack_lto.o -Xlinker -dependency_info -Xlinker /Users/builder/clone/build/Build/Intermediates.noindex/WrappingHStack.build/Release-iphoneos/WrappingHStack.build/Objects-normal/arm64/WrappingHStack_dependency_info.dat -fobjc-link-runtime -L/Applications/Xcode-26.4.app/Contents/Developer/Toolchains/XcodeDefault.xctoolchain/usr/lib/swift/iphoneos -L/usr/lib/swift -Xlinker -add_ast_path -Xlinker /Users/builder/clone/build/Build/Intermediates.noindex/WrappingHStack.build/Release-iphoneos/WrappingHStack.build/Objects-normal/arm64/WrappingHStack.swiftmodule @/Users/builder/clone/build/Build/Intermediates.noindex/WrappingHStack.build/Release-iphoneos/WrappingHStack.build/Objects-normal/arm64/WrappingHStack-linker-args.resp -o /Users/builder/clone/build/Build/Products/Release-iphoneos/WrappingHStack.o\n\nLd /Users/builder/clone/build/Build/Products/Release-iphoneos/WishKitShared.o normal (in target 'WishKitShared' from project 'wishkit-ios-shared')\n    cd /Users/builder/clone/build/SourcePackages/checkouts/wishkit-ios-shared\n    /Applications/Xcode-26.4.app/Contents/Developer/Toolchains/XcodeDefault.xctoolchain/usr/bin/clang -Xlinker -reproducible -target arm64-apple-ios12.0 -r -isysroot /Applications/Xcode-26.4.app/Contents/Developer/Platforms/iPhoneOS.platform/Developer/SDKs/iPhoneOS26.4.sdk -Os -w -F/Users/builder/clone/build/Build/Intermediates.noindex/EagerLinkingTBDs/Release-iphoneos -F/Users/builder/clone/build/Build/Products/Release-iphoneos -iframework /Applications/Xcode-26.4.app/Contents/Developer/Platforms/iPhoneOS.platform/Developer/Library/Frameworks -iframework /Applications/Xcode-26.4.app/Contents/Developer/Platforms/iPhoneOS.platform/Developer/SDKs/iPhoneOS26.4.sdk/Developer/Library/Frameworks -filelist /Users/builder/clone/build/Build/Intermediates.noindex/wishkit-ios-shared.build/Release-iphoneos/WishKitShared.build/Objects-normal/arm64/WishKitShared.LinkFileList -nostdlib -Xlinker -object_path_lto -Xlinker /Users/builder/clone/build/Build/Intermediates.noindex/wishkit-ios-shared.build/Release-iphoneos/WishKitShared.build/Objects-normal/arm64/WishKitShared_lto.o -Xlinker -dependency_info -Xlinker /Users/builder/clone/build/Build/Intermediates.noindex/wishkit-ios-shared.build/Release-iphoneos/WishKitShared.build/Objects-normal/arm64/WishKitShared_dependency_info.dat -fobjc-link-runtime -L/Applications/Xcode-26.4.app/Contents/Developer/Toolchains/XcodeDefault.xctoolchain/usr/lib/swift/iphoneos -L/usr/lib/swift -Xlinker -add_ast_path -Xlinker /Users/builder/clone/build/Build/Intermediates.noindex/wishkit-ios-shared.build/Release-iphoneos/WishKitShared.build/Objects-normal/arm64/WishKitShared.swiftmodule @/Users/builder/clone/build/Build/Intermediates.noindex/wishkit-ios-shared.build/Release-iphoneos/WishKitShared.build/Objects-normal/arm64/WishKitShared-linker-args.resp -o /Users/builder/clone/build/Build/Products/Release-iphoneos/WishKitShared.o\n\nExtractAppIntentsMetadata (in target 'WrappingHStack' from project 'WrappingHStack')\n    cd /Users/builder/clone/build/SourcePackages/checkouts/WrappingHStack\n    /Applications/Xcode-26.4.app/Contents/Developer/Toolchains/XcodeDefault.xctoolchain/usr/bin/appintentsmetadataprocessor --toolchain-dir /Applications/Xcode-26.4.app/Contents/Developer/Toolchains/XcodeDefault.xctoolchain --module-name WrappingHStack --sdk-root /Applications/Xcode-26.4.app/Contents/Developer/Platforms/iPhoneOS.platform/Developer/SDKs/iPhoneOS26.4.sdk --xcode-version 17E202 --platform-family iOS --deployment-target 13.0 --bundle-identifier wrappinghstack.WrappingHStack --output /Users/builder/clone/build/Build/Products/Release-iphoneos/WrappingHStack.appintents --target-triple arm64-apple-ios13.0 --binary-file /Users/builder/clone/build/Build/Products/Release-iphoneos/WrappingHStack.o --dependency-file /Users/builder/clone/build/Build/Intermediates.noindex/WrappingHStack.build/Release-iphoneos/WrappingHStack.build/Objects-normal/arm64/WrappingHStack_dependency_info.dat --stringsdata-file /Users/builder/clone/build/Build/Intermediates.noindex/WrappingHStack.build/Release-iphoneos/WrappingHStack.build/Objects-normal/arm64/ExtractedAppShortcutsMetadata.stringsdata --source-file-list /Users/builder/clone/build/Build/Intermediates.noindex/WrappingHStack.build/Release-iphoneos/WrappingHStack.build/Objects-normal/arm64/WrappingHStack.SwiftFileList --metadata-file-list /Users/builder/clone/build/Build/Intermediates.noindex/WrappingHStack.build/Release-iphoneos/WrappingHStack.build/WrappingHStack.DependencyMetadataFileList --static-metadata-file-list /Users/builder/clone/build/Build/Intermediates.noindex/WrappingHStack.build/Release-iphoneos/WrappingHStack.build/WrappingHStack.DependencyStaticMetadataFileList --swift-const-vals-list /Users/builder/clone/build/Build/Intermediates.noindex/WrappingHStack.build/Release-iphoneos/WrappingHStack.build/Objects-normal/arm64/WrappingHStack.SwiftConstValuesFileList --force --compile-time-extraction --deployment-aware-processing --validate-assistant-intents --no-app-shortcuts-localization\n2026-09-05 04:19:16.827 appintentsmetadataprocessor[2242:17313] Starting appintentsmetadataprocessor export\n2026-09-05 04:19:16.873 appintentsmetadataprocessor[2242:17313] Extracted no relevant App Intents symbols, skipping writing output\n\nExtractAppIntentsMetadata (in target 'WishKitShared' from project 'wishkit-ios-shared')\n    cd /Users/builder/clone/build/SourcePackages/checkouts/wishkit-ios-shared\n    /Applications/Xcode-26.4.app/Contents/Developer/Toolchains/XcodeDefault.xctoolchain/usr/bin/appintentsmetadataprocessor --toolchain-dir /Applications/Xcode-26.4.app/Contents/Developer/Toolchains/XcodeDefault.xctoolchain --module-name WishKitShared --sdk-root /Applications/Xcode-26.4.app/Contents/Developer/Platforms/iPhoneOS.platform/Developer/SDKs/iPhoneOS26.4.sdk --xcode-version 17E202 --platform-family iOS --deployment-target 12.0 --bundle-identifier wishkit-ios-shared.WishKitShared --output /Users/builder/clone/build/Build/Products/Release-iphoneos/WishKitShared.appintents --target-triple arm64-apple-ios12.0 --binary-file /Users/builder/clone/build/Build/Products/Release-iphoneos/WishKitShared.o --dependency-file /Users/builder/clone/build/Build/Intermediates.noindex/wishkit-ios-shared.build/Release-iphoneos/WishKitShared.build/Objects-normal/arm64/WishKitShared_dependency_info.dat --stringsdata-file /Users/builder/clone/build/Build/Intermediates.noindex/wishkit-ios-shared.build/Release-iphoneos/WishKitShared.build/Objects-normal/arm64/ExtractedAppShortcutsMetadata.stringsdata --source-file-list /Users/builder/clone/build/Build/Intermediates.noindex/wishkit-ios-shared.build/Release-iphoneos/WishKitShared.build/Objects-normal/arm64/WishKitShared.SwiftFileList --metadata-file-list /Users/builder/clone/build/Build/Intermediates.noindex/wishkit-ios-shared.build/Release-iphoneos/WishKitShared.build/WishKitShared.DependencyMetadataFileList --static-metadata-file-list /Users/builder/clone/build/Build/Intermediates.noindex/wishkit-ios-shared.build/Release-iphoneos/WishKitShared.build/WishKitShared.DependencyStaticMetadataFileList --swift-const-vals-list /Users/builder/clone/build/Build/Intermediates.noindex/wishkit-ios-shared.build/Release-iphoneos/WishKitShared.build/Objects-normal/arm64/WishKitShared.SwiftConstValuesFileList --force --compile-time-extraction --deployment-aware-processing --validate-assistant-intents --no-app-shortcuts-localization\n2026-09-05 04:19:16.899 appintentsmetadataprocessor[2243:17317] Starting appintentsmetadataprocessor export\n2026-09-05 04:19:16.909 appintentsmetadataprocessor[2243:17317] Extracted no relevant App Intents symbols, skipping writing output\n\nRegisterExecutionPolicyException /Users/builder/clone/build/Build/Products/Release-iphoneos/cmark-gfm.o (in target 'cmark-gfm' from project 'cmark-gfm')\n    cd /Users/builder/clone/build/SourcePackages/checkouts/swift-cmark\n    builtin-RegisterExecutionPolicyException /Users/builder/clone/build/Build/Products/Release-iphoneos/cmark-gfm.o\n\nLd /Users/builder/clone/build/Build/Products/Release-iphoneos/cmark-gfm-extensions.o normal (in target 'cmark-gfm-extensions' from project 'cmark-gfm')\n    cd /Users/builder/clone/build/SourcePackages/checkouts/swift-cmark\n    /Applications/Xcode-26.4.app/Contents/Developer/Toolchains/XcodeDefault.xctoolchain/usr/bin/clang -Xlinker -reproducible -target arm64-apple-ios12.0 -r -isysroot /Applications/Xcode-26.4.app/Contents/Developer/Platforms/iPhoneOS.platform/Developer/SDKs/iPhoneOS26.4.sdk -Os -w -F/Users/builder/clone/build/Build/Intermediates.noindex/EagerLinkingTBDs/Release-iphoneos -F/Users/builder/clone/build/Build/Products/Release-iphoneos/PackageFrameworks -F/Users/builder/clone/build/Build/Products/Release-iphoneos -iframework /Applications/Xcode-26.4.app/Contents/Developer/Platforms/iPhoneOS.platform/Developer/Library/Frameworks -iframework /Applications/Xcode-26.4.app/Contents/Developer/Platforms/iPhoneOS.platform/Developer/SDKs/iPhoneOS26.4.sdk/Developer/Library/Frameworks -filelist /Users/builder/clone/build/Build/Intermediates.noindex/cmark-gfm.build/Release-iphoneos/cmark-gfm-extensions.build/Objects-normal/arm64/cmark-gfm-extensions.LinkFileList -nostdlib -Xlinker -object_path_lto -Xlinker /Users/builder/clone/build/Build/Intermediates.noindex/cmark-gfm.build/Release-iphoneos/cmark-gfm-extensions.build/Objects-normal/arm64/cmark-gfm-extensions_lto.o -Xlinker -dependency_info -Xlinker /Users/builder/clone/build/Build/Intermediates.noindex/cmark-gfm.build/Release-iphoneos/cmark-gfm-extensions.build/Objects-normal/arm64/cmark-gfm-extensions_dependency_info.dat -o /Users/builder/clone/build/Build/Products/Release-iphoneos/cmark-gfm-extensions.o\n\nRegisterExecutionPolicyException /Users/builder/clone/build/Build/Products/Release-iphoneos/WrappingHStack.o (in target 'WrappingHStack' from project 'WrappingHStack')\n    cd /Users/builder/clone/build/SourcePackages/checkouts/WrappingHStack\n    builtin-RegisterExecutionPolicyException /Users/builder/clone/build/Build/Products/Release-iphoneos/WrappingHStack.o\n\nLd /Users/builder/clone/build/Build/Products/Release-iphoneos/TelemetryDeck.o normal (in target 'TelemetryDeck' from project 'TelemetryDeck')\n    cd /Users/builder/clone/build/SourcePackages/checkouts/SwiftSDK\n    /Applications/Xcode-26.4.app/Contents/Developer/Toolchains/XcodeDefault.xctoolchain/usr/bin/clang -Xlinker -reproducible -target arm64-apple-ios12.0 -r -isysroot /Applications/Xcode-26.4.app/Contents/Developer/Platforms/iPhoneOS.platform/Developer/SDKs/iPhoneOS26.4.sdk -Os -w -F/Users/builder/clone/build/Build/Intermediates.noindex/EagerLinkingTBDs/Release-iphoneos -F/Users/builder/clone/build/Build/Products/Release-iphoneos -iframework /Applications/Xcode-26.4.app/Contents/Developer/Platforms/iPhoneOS.platform/Developer/Library/Frameworks -iframework /Applications/Xcode-26.4.app/Contents/Developer/Platforms/iPhoneOS.platform/Developer/SDKs/iPhoneOS26.4.sdk/Developer/Library/Frameworks -filelist /Users/builder/clone/build/Build/Intermediates.noindex/TelemetryDeck.build/Release-iphoneos/TelemetryDeck.build/Objects-normal/arm64/TelemetryDeck.LinkFileList -nostdlib -Xlinker -object_path_lto -Xlinker /Users/builder/clone/build/Build/Intermediates.noindex/TelemetryDeck.build/Release-iphoneos/TelemetryDeck.build/Objects-normal/arm64/TelemetryDeck_lto.o -Xlinker -dependency_info -Xlinker /Users/builder/clone/build/Build/Intermediates.noindex/TelemetryDeck.build/Release-iphoneos/TelemetryDeck.build/Objects-normal/arm64/TelemetryDeck_dependency_info.dat -fobjc-link-runtime -L/Applications/Xcode-26.4.app/Contents/Developer/Toolchains/XcodeDefault.xctoolchain/usr/lib/swift/iphoneos -L/usr/lib/swift -Xlinker -add_ast_path -Xlinker /Users/builder/clone/build/Build/Intermediates.noindex/TelemetryDeck.build/Release-iphoneos/TelemetryDeck.build/Objects-normal/arm64/TelemetryDeck.swiftmodule @/Users/builder/clone/build/Build/Intermediates.noindex/TelemetryDeck.build/Release-iphoneos/TelemetryDeck.build/Objects-normal/arm64/TelemetryDeck-linker-args.resp -o /Users/builder/clone/build/Build/Products/Release-iphoneos/TelemetryDeck.o\n\nLd /Users/builder/clone/build/Build/Products/Release-iphoneos/SwiftUIIntrospect.o normal (in target 'SwiftUIIntrospect' from project 'swiftui-introspect')\n    cd /Users/builder/clone/build/SourcePackages/checkouts/swiftui-introspect\n    /Applications/Xcode-26.4.app/Contents/Developer/Toolchains/XcodeDefault.xctoolchain/usr/bin/clang -Xlinker -reproducible -target arm64-apple-ios13.0 -r -isysroot /Applications/Xcode-26.4.app/Contents/Developer/Platforms/iPhoneOS.platform/Developer/SDKs/iPhoneOS26.4.sdk -Os -w -F/Users/builder/clone/build/Build/Intermediates.noindex/EagerLinkingTBDs/Release-iphoneos -F/Users/builder/clone/build/Build/Products/Release-iphoneos -iframework /Applications/Xcode-26.4.app/Contents/Developer/Platforms/iPhoneOS.platform/Developer/Library/Frameworks -iframework /Applications/Xcode-26.4.app/Contents/Developer/Platforms/iPhoneOS.platform/Developer/SDKs/iPhoneOS26.4.sdk/Developer/Library/Frameworks -filelist /Users/builder/clone/build/Build/Intermediates.noindex/swiftui-introspect.build/Release-iphoneos/SwiftUIIntrospect.build/Objects-normal/arm64/SwiftUIIntrospect.LinkFileList -nostdlib -Xlinker -object_path_lto -Xlinker /Users/builder/clone/build/Build/Intermediates.noindex/swiftui-introspect.build/Release-iphoneos/SwiftUIIntrospect.build/Objects-normal/arm64/SwiftUIIntrospect_lto.o -Xlinker -dependency_info -Xlinker /Users/builder/clone/build/Build/Intermediates.noindex/swiftui-introspect.build/Release-iphoneos/SwiftUIIntrospect.build/Objects-normal/arm64/SwiftUIIntrospect_dependency_info.dat -fobjc-link-runtime -L/Applications/Xcode-26.4.app/Contents/Developer/Toolchains/XcodeDefault.xctoolchain/usr/lib/swift/iphoneos -L/usr/lib/swift -Xlinker -add_ast_path -Xlinker /Users/builder/clone/build/Build/Intermediates.noindex/swiftui-introspect.build/Release-iphoneos/SwiftUIIntrospect.build/Objects-normal/arm64/SwiftUIIntrospect.swiftmodule @/Users/builder/clone/build/Build/Intermediates.noindex/swiftui-introspect.build/Release-iphoneos/SwiftUIIntrospect.build/Objects-normal/arm64/SwiftUIIntrospect-linker-args.resp -o /Users/builder/clone/build/Build/Products/Release-iphoneos/SwiftUIIntrospect.o\n\nLd /Users/builder/clone/build/Build/Products/Release-iphoneos/SQLite.o normal (in target 'SQLite' from project 'SQLite.swift')\n    cd /Users/builder/clone/build/SourcePackages/checkouts/SQLite.swift\n    /Applications/Xcode-26.4.app/Contents/Developer/Toolchains/XcodeDefault.xctoolchain/usr/bin/clang -Xlinker -reproducible -target arm64-apple-ios12.0 -r -isysroot /Applications/Xcode-26.4.app/Contents/Developer/Platforms/iPhoneOS.platform/Developer/SDKs/iPhoneOS26.4.sdk -Os -w -F/Users/builder/clone/build/Build/Intermediates.noindex/EagerLinkingTBDs/Release-iphoneos -F/Users/builder/clone/build/Build/Products/Release-iphoneos -iframework /Applications/Xcode-26.4.app/Contents/Developer/Platforms/iPhoneOS.platform/Developer/Library/Frameworks -iframework /Applications/Xcode-26.4.app/Contents/Developer/Platforms/iPhoneOS.platform/Developer/SDKs/iPhoneOS26.4.sdk/Developer/Library/Frameworks -filelist /Users/builder/clone/build/Build/Intermediates.noindex/SQLite.swift.build/Release-iphoneos/SQLite.build/Objects-normal/arm64/SQLite.LinkFileList -nostdlib -Xlinker -object_path_lto -Xlinker /Users/builder/clone/build/Build/Intermediates.noindex/SQLite.swift.build/Release-iphoneos/SQLite.build/Objects-normal/arm64/SQLite_lto.o -Xlinker -dependency_info -Xlinker /Users/builder/clone/build/Build/Intermediates.noindex/SQLite.swift.build/Release-iphoneos/SQLite.build/Objects-normal/arm64/SQLite_dependency_info.dat -fobjc-link-runtime -L/Applications/Xcode-26.4.app/Contents/Developer/Toolchains/XcodeDefault.xctoolchain/usr/lib/swift/iphoneos -L/usr/lib/swift -Xlinker -add_ast_path -Xlinker /Users/builder/clone/build/Build/Intermediates.noindex/SQLite.swift.build/Release-iphoneos/SQLite.build/Objects-normal/arm64/SQLite.swiftmodule @/Users/builder/clone/build/Build/Intermediates.noindex/SQLite.swift.build/Release-iphoneos/SQLite.build/Objects-normal/arm64/SQLite-linker-args.resp -o /Users/builder/clone/build/Build/Products/Release-iphoneos/SQLite.o\n\nLd /Users/builder/clone/build/Build/Products/Release-iphoneos/SFSafeSymbols.o normal (in target 'SFSafeSymbols' from project 'SFSafeSymbols')\n    cd /Users/builder/clone/build/SourcePackages/checkouts/SFSafeSymbols\n    /Applications/Xcode-26.4.app/Contents/Developer/Toolchains/XcodeDefault.xctoolchain/usr/bin/clang -Xlinker -reproducible -target arm64-apple-ios12.0 -r -isysroot /Applications/Xcode-26.4.app/Contents/Developer/Platforms/iPhoneOS.platform/Developer/SDKs/iPhoneOS26.4.sdk -Os -w -F/Users/builder/clone/build/Build/Intermediates.noindex/EagerLinkingTBDs/Release-iphoneos -F/Users/builder/clone/build/Build/Products/Release-iphoneos -iframework /Applications/Xcode-26.4.app/Contents/Developer/Platforms/iPhoneOS.platform/Developer/Library/Frameworks -iframework /Applications/Xcode-26.4.app/Contents/Developer/Platforms/iPhoneOS.platform/Developer/SDKs/iPhoneOS26.4.sdk/Developer/Library/Frameworks -filelist /Users/builder/clone/build/Build/Intermediates.noindex/SFSafeSymbols.build/Release-iphoneos/SFSafeSymbols.build/Objects-normal/arm64/SFSafeSymbols.LinkFileList -nostdlib -Xlinker -object_path_lto -Xlinker /Users/builder/clone/build/Build/Intermediates.noindex/SFSafeSymbols.build/Release-iphoneos/SFSafeSymbols.build/Objects-normal/arm64/SFSafeSymbols_lto.o -Xlinker -dependency_info -Xlinker /Users/builder/clone/build/Build/Intermediates.noindex/SFSafeSymbols.build/Release-iphoneos/SFSafeSymbols.build/Objects-normal/arm64/SFSafeSymbols_dependency_info.dat -fobjc-link-runtime -L/Applications/Xcode-26.4.app/Contents/Developer/Toolchains/XcodeDefault.xctoolchain/usr/lib/swift/iphoneos -L/usr/lib/swift -Xlinker -add_ast_path -Xlinker /Users/builder/clone/build/Build/Intermediates.noindex/SFSafeSymbols.build/Release-iphoneos/SFSafeSymbols.build/Objects-normal/arm64/SFSafeSymbols.swiftmodule @/Users/builder/clone/build/Build/Intermediates.noindex/SFSafeSymbols.build/Release-iphoneos/SFSafeSymbols.build/Objects-normal/arm64/SFSafeSymbols-linker-args.resp -o /Users/builder/clone/build/Build/Products/Release-iphoneos/SFSafeSymbols.o\n\nLd /Users/builder/clone/build/Build/Products/Release-iphoneos/Nuke.o normal (in target 'Nuke' from project 'Nuke')\n    cd /Users/builder/clone/build/SourcePackages/checkouts/Nuke\n    /Applications/Xcode-26.4.app/Contents/Developer/Toolchains/XcodeDefault.xctoolchain/usr/bin/clang -Xlinker -reproducible -target arm64-apple-ios15.0 -r -isysroot /Applications/Xcode-26.4.app/Contents/Developer/Platforms/iPhoneOS.platform/Developer/SDKs/iPhoneOS26.4.sdk -Os -w -F/Users/builder/clone/build/Build/Intermediates.noindex/EagerLinkingTBDs/Release-iphoneos -F/Users/builder/clone/build/Build/Products/Release-iphoneos -iframework /Applications/Xcode-26.4.app/Contents/Developer/Platforms/iPhoneOS.platform/Developer/Library/Frameworks -iframework /Applications/Xcode-26.4.app/Contents/Developer/Platforms/iPhoneOS.platform/Developer/SDKs/iPhoneOS26.4.sdk/Developer/Library/Frameworks -filelist /Users/builder/clone/build/Build/Intermediates.noindex/Nuke.build/Release-iphoneos/Nuke.build/Objects-normal/arm64/Nuke.LinkFileList -nostdlib -Xlinker -object_path_lto -Xlinker /Users/builder/clone/build/Build/Intermediates.noindex/Nuke.build/Release-iphoneos/Nuke.build/Objects-normal/arm64/Nuke_lto.o -Xlinker -dependency_info -Xlinker /Users/builder/clone/build/Build/Intermediates.noindex/Nuke.build/Release-iphoneos/Nuke.build/Objects-normal/arm64/Nuke_dependency_info.dat -fobjc-link-runtime -L/Applications/Xcode-26.4.app/Contents/Developer/Toolchains/XcodeDefault.xctoolchain/usr/lib/swift/iphoneos -L/usr/lib/swift -Xlinker -add_ast_path -Xlinker /Users/builder/clone/build/Build/Intermediates.noindex/Nuke.build/Release-iphoneos/Nuke.build/Objects-normal/arm64/Nuke.swiftmodule @/Users/builder/clone/build/Build/Intermediates.noindex/Nuke.build/Release-iphoneos/Nuke.build/Objects-normal/arm64/Nuke-linker-args.resp -o /Users/builder/clone/build/Build/Products/Release-iphoneos/Nuke.o\n\nLd /Users/builder/clone/build/Build/Products/Release-iphoneos/LRUCache.o normal (in target 'LRUCache' from project 'LRUCache')\n    cd /Users/builder/clone/build/SourcePackages/checkouts/LRUCache\n    /Applications/Xcode-26.4.app/Contents/Developer/Toolchains/XcodeDefault.xctoolchain/usr/bin/clang -Xlinker -reproducible -target arm64-apple-ios13.0 -r -isysroot /Applications/Xcode-26.4.app/Contents/Developer/Platforms/iPhoneOS.platform/Developer/SDKs/iPhoneOS26.4.sdk -Os -w -F/Users/builder/clone/build/Build/Intermediates.noindex/EagerLinkingTBDs/Release-iphoneos -F/Users/builder/clone/build/Build/Products/Release-iphoneos -iframework /Applications/Xcode-26.4.app/Contents/Developer/Platforms/iPhoneOS.platform/Developer/Library/Frameworks -iframework /Applications/Xcode-26.4.app/Contents/Developer/Platforms/iPhoneOS.platform/Developer/SDKs/iPhoneOS26.4.sdk/Developer/Library/Frameworks -filelist /Users/builder/clone/build/Build/Intermediates.noindex/LRUCache.build/Release-iphoneos/LRUCache.build/Objects-normal/arm64/LRUCache.LinkFileList -nostdlib -Xlinker -object_path_lto -Xlinker /Users/builder/clone/build/Build/Intermediates.noindex/LRUCache.build/Release-iphoneos/LRUCache.build/Objects-normal/arm64/LRUCache_lto.o -Xlinker -dependency_info -Xlinker /Users/builder/clone/build/Build/Intermediates.noindex/LRUCache.build/Release-iphoneos/LRUCache.build/Objects-normal/arm64/LRUCache_dependency_info.dat -fobjc-link-runtime -L/Applications/Xcode-26.4.app/Contents/Developer/Toolchains/XcodeDefault.xctoolchain/usr/lib/swift/iphoneos -L/usr/lib/swift -Xlinker -add_ast_path -Xlinker /Users/builder/clone/build/Build/Intermediates.noindex/LRUCache.build/Release-iphoneos/LRUCache.build/Objects-normal/arm64/LRUCache.swiftmodule @/Users/builder/clone/build/Build/Intermediates.noindex/LRUCache.build/Release-iphoneos/LRUCache.build/Objects-normal/arm64/LRUCache-linker-args.resp -o /Users/builder/clone/build/Build/Products/Release-iphoneos/LRUCache.o\n\nExtractAppIntentsMetadata (in target 'SwiftUIIntrospect' from project 'swiftui-introspect')\n    cd /Users/builder/clone/build/SourcePackages/checkouts/swiftui-introspect\n    /Applications/Xcode-26.4.app/Contents/Developer/Toolchains/XcodeDefault.xctoolchain/usr/bin/appintentsmetadataprocessor --toolchain-dir /Applications/Xcode-26.4.app/Contents/Developer/Toolchains/XcodeDefault.xctoolchain --module-name SwiftUIIntrospect --sdk-root /Applications/Xcode-26.4.app/Contents/Developer/Platforms/iPhoneOS.platform/Developer/SDKs/iPhoneOS26.4.sdk --xcode-version 17E202 --platform-family iOS --deployment-target 13.0 --bundle-identifier swiftui-introspect.SwiftUIIntrospect --output /Users/builder/clone/build/Build/Products/Release-iphoneos/SwiftUIIntrospect.appintents --target-triple arm64-apple-ios13.0 --binary-file /Users/builder/clone/build/Build/Products/Release-iphoneos/SwiftUIIntrospect.o --dependency-file /Users/builder/clone/build/Build/Intermediates.noindex/swiftui-introspect.build/Release-iphoneos/SwiftUIIntrospect.build/Objects-normal/arm64/SwiftUIIntrospect_dependency_info.dat --stringsdata-file /Users/builder/clone/build/Build/Intermediates.noindex/swiftui-introspect.build/Release-iphoneos/SwiftUIIntrospect.build/Objects-normal/arm64/ExtractedAppShortcutsMetadata.stringsdata --source-file-list /Users/builder/clone/build/Build/Intermediates.noindex/swiftui-introspect.build/Release-iphoneos/SwiftUIIntrospect.build/Objects-normal/arm64/SwiftUIIntrospect.SwiftFileList --metadata-file-list /Users/builder/clone/build/Build/Intermediates.noindex/swiftui-introspect.build/Release-iphoneos/SwiftUIIntrospect.build/SwiftUIIntrospect.DependencyMetadataFileList --static-metadata-file-list /Users/builder/clone/build/Build/Intermediates.noindex/swiftui-introspect.build/Release-iphoneos/SwiftUIIntrospect.build/SwiftUIIntrospect.DependencyStaticMetadataFileList --swift-const-vals-list /Users/builder/clone/build/Build/Intermediates.noindex/swiftui-introspect.build/Release-iphoneos/SwiftUIIntrospect.build/Objects-normal/arm64/SwiftUIIntrospect.SwiftConstValuesFileList --force --compile-time-extraction --deployment-aware-processing --validate-assistant-intents --no-app-shortcuts-localization\n2026-09-05 04:19:17.414 appintentsmetadataprocessor[2258:17370] Starting appintentsmetadataprocessor export\n2026-09-05 04:19:17.425 appintentsmetadataprocessor[2258:17370] Extracted no relevant App Intents symbols, skipping writing output\n\nExtractAppIntentsMetadata (in target 'TelemetryDeck' from project 'TelemetryDeck')\n    cd /Users/builder/clone/build/SourcePackages/checkouts/SwiftSDK\n    /Applications/Xcode-26.4.app/Contents/Developer/Toolchains/XcodeDefault.xctoolchain/usr/bin/appintentsmetadataprocessor --toolchain-dir /Applications/Xcode-26.4.app/Contents/Developer/Toolchains/XcodeDefault.xctoolchain --module-name TelemetryDeck --sdk-root /Applications/Xcode-26.4.app/Contents/Developer/Platforms/iPhoneOS.platform/Developer/SDKs/iPhoneOS26.4.sdk --xcode-version 17E202 --platform-family iOS --deployment-target 12.0 --bundle-identifier swiftsdk.TelemetryDeck --output /Users/builder/clone/build/Build/Products/Release-iphoneos/TelemetryDeck.appintents --target-triple arm64-apple-ios12.0 --binary-file /Users/builder/clone/build/Build/Products/Release-iphoneos/TelemetryDeck.o --dependency-file /Users/builder/clone/build/Build/Intermediates.noindex/TelemetryDeck.build/Release-iphoneos/TelemetryDeck.build/Objects-normal/arm64/TelemetryDeck_dependency_info.dat --stringsdata-file /Users/builder/clone/build/Build/Intermediates.noindex/TelemetryDeck.build/Release-iphoneos/TelemetryDeck.build/Objects-normal/arm64/ExtractedAppShortcutsMetadata.stringsdata --source-file-list /Users/builder/clone/build/Build/Intermediates.noindex/TelemetryDeck.build/Release-iphoneos/TelemetryDeck.build/Objects-normal/arm64/TelemetryDeck.SwiftFileList --metadata-file-list /Users/builder/clone/build/Build/Intermediates.noindex/TelemetryDeck.build/Release-iphoneos/TelemetryDeck.build/TelemetryDeck.DependencyMetadataFileList --static-metadata-file-list /Users/builder/clone/build/Build/Intermediates.noindex/TelemetryDeck.build/Release-iphoneos/TelemetryDeck.build/TelemetryDeck.DependencyStaticMetadataFileList --swift-const-vals-list /Users/builder/clone/build/Build/Intermediates.noindex/TelemetryDeck.build/Release-iphoneos/TelemetryDeck.build/Objects-normal/arm64/TelemetryDeck.SwiftConstValuesFileList --force --compile-time-extraction --deployment-aware-processing --validate-assistant-intents --no-app-shortcuts-localization\n2026-09-05 04:19:17.447 appintentsmetadataprocessor[2259:17373] Starting appintentsmetadataprocessor export\n2026-09-05 04:19:17.457 appintentsmetadataprocessor[2259:17373] Extracted no relevant App Intents symbols, skipping writing output\n\nExtractAppIntentsMetadata (in target 'SQLite' from project 'SQLite.swift')\n    cd /Users/builder/clone/build/SourcePackages/checkouts/SQLite.swift\n    /Applications/Xcode-26.4.app/Contents/Developer/Toolchains/XcodeDefault.xctoolchain/usr/bin/appintentsmetadataprocessor --toolchain-dir /Applications/Xcode-26.4.app/Contents/Developer/Toolchains/XcodeDefault.xctoolchain --module-name SQLite --sdk-root /Applications/Xcode-26.4.app/Contents/Developer/Platforms/iPhoneOS.platform/Developer/SDKs/iPhoneOS26.4.sdk --xcode-version 17E202 --platform-family iOS --deployment-target 12.0 --bundle-identifier sqlite.swift.SQLite --output /Users/builder/clone/build/Build/Products/Release-iphoneos/SQLite.appintents --target-triple arm64-apple-ios12.0 --binary-file /Users/builder/clone/build/Build/Products/Release-iphoneos/SQLite.o --dependency-file /Users/builder/clone/build/Build/Intermediates.noindex/SQLite.swift.build/Release-iphoneos/SQLite.build/Objects-normal/arm64/SQLite_dependency_info.dat --stringsdata-file /Users/builder/clone/build/Build/Intermediates.noindex/SQLite.swift.build/Release-iphoneos/SQLite.build/Objects-normal/arm64/ExtractedAppShortcutsMetadata.stringsdata --source-file-list /Users/builder/clone/build/Build/Intermediates.noindex/SQLite.swift.build/Release-iphoneos/SQLite.build/Objects-normal/arm64/SQLite.SwiftFileList --metadata-file-list /Users/builder/clone/build/Build/Intermediates.noindex/SQLite.swift.build/Release-iphoneos/SQLite.build/SQLite.DependencyMetadataFileList --static-metadata-file-list /Users/builder/clone/build/Build/Intermediates.noindex/SQLite.swift.build/Release-iphoneos/SQLite.build/SQLite.DependencyStaticMetadataFileList --swift-const-vals-list /Users/builder/clone/build/Build/Intermediates.noindex/SQLite.swift.build/Release-iphoneos/SQLite.build/Objects-normal/arm64/SQLite.SwiftConstValuesFileList --force --compile-time-extraction --deployment-aware-processing --validate-assistant-intents --no-app-shortcuts-localization\n2026-09-05 04:19:17.479 appintentsmetadataprocessor[2260:17377] Starting appintentsmetadataprocessor export\n2026-09-05 04:19:17.489 appintentsmetadataprocessor[2260:17377] Extracted no relevant App Intents symbols, skipping writing output\n\nExtractAppIntentsMetadata (in target 'SFSafeSymbols' from project 'SFSafeSymbols')\n    cd /Users/builder/clone/build/SourcePackages/checkouts/SFSafeSymbols\n    /Applications/Xcode-26.4.app/Contents/Developer/Toolchains/XcodeDefault.xctoolchain/usr/bin/appintentsmetadataprocessor --toolchain-dir /Applications/Xcode-26.4.app/Contents/Developer/Toolchains/XcodeDefault.xctoolchain --module-name SFSafeSymbols --sdk-root /Applications/Xcode-26.4.app/Contents/Developer/Platforms/iPhoneOS.platform/Developer/SDKs/iPhoneOS26.4.sdk --xcode-version 17E202 --platform-family iOS --deployment-target 12.0 --bundle-identifier sfsafesymbols.SFSafeSymbols --output /Users/builder/clone/build/Build/Products/Release-iphoneos/SFSafeSymbols.appintents --target-triple arm64-apple-ios12.0 --binary-file /Users/builder/clone/build/Build/Products/Release-iphoneos/SFSafeSymbols.o --dependency-file /Users/builder/clone/build/Build/Intermediates.noindex/SFSafeSymbols.build/Release-iphoneos/SFSafeSymbols.build/Objects-normal/arm64/SFSafeSymbols_dependency_info.dat --stringsdata-file /Users/builder/clone/build/Build/Intermediates.noindex/SFSafeSymbols.build/Release-iphoneos/SFSafeSymbols.build/Objects-normal/arm64/ExtractedAppShortcutsMetadata.stringsdata --source-file-list /Users/builder/clone/build/Build/Intermediates.noindex/SFSafeSymbols.build/Release-iphoneos/SFSafeSymbols.build/Objects-normal/arm64/SFSafeSymbols.SwiftFileList --metadata-file-list /Users/builder/clone/build/Build/Intermediates.noindex/SFSafeSymbols.build/Release-iphoneos/SFSafeSymbols.build/SFSafeSymbols.DependencyMetadataFileList --static-metadata-file-list /Users/builder/clone/build/Build/Intermediates.noindex/SFSafeSymbols.build/Release-iphoneos/SFSafeSymbols.build/SFSafeSymbols.DependencyStaticMetadataFileList --swift-const-vals-list /Users/builder/clone/build/Build/Intermediates.noindex/SFSafeSymbols.build/Release-iphoneos/SFSafeSymbols.build/Objects-normal/arm64/SFSafeSymbols.SwiftConstValuesFileList --force --compile-time-extraction --deployment-aware-processing --validate-assistant-intents --no-app-shortcuts-localization\n2026-09-05 04:19:17.512 appintentsmetadataprocessor[2261:17380] Starting appintentsmetadataprocessor export\n2026-09-05 04:19:17.522 appintentsmetadataprocessor[2261:17380] Extracted no relevant App Intents symbols, skipping writing output\n\nRegisterExecutionPolicyException /Users/builder/clone/build/Build/Products/Release-iphoneos/cmark-gfm-extensions.o (in target 'cmark-gfm-extensions' from project 'cmark-gfm')\n    cd /Users/builder/clone/build/SourcePackages/checkouts/swift-cmark\n    builtin-RegisterExecutionPolicyException /Users/builder/clone/build/Build/Products/Release-iphoneos/cmark-gfm-extensions.o\n\nSwiftDriver WishKit normal arm64 com.apple.xcode.tools.swift.compiler (in target 'WishKit' from project 'wishkit-ios')\n    cd /Users/builder/clone/IceCubesApp.xcodeproj\n    builtin-SwiftDriver -- /Applications/Xcode-26.4.app/Contents/Developer/Toolchains/XcodeDefault.xctoolchain/usr/bin/swiftc -module-name WishKit -O -whole-module-optimization @/Users/builder/clone/build/Build/Intermediates.noindex/wishkit-ios.build/Release-iphoneos/WishKit.build/Objects-normal/arm64/WishKit.SwiftFileList -DSWIFT_PACKAGE -DSWIFT_MODULE_RESOURCE_BUNDLE_AVAILABLE -DXcode -plugin-path /Applications/Xcode-26.4.app/Contents/Developer/Toolchains/XcodeDefault.xctoolchain/usr/lib/swift/host/plugins/testing -enable-experimental-feature DebugDescriptionMacro -sdk /Applications/Xcode-26.4.app/Contents/Developer/Platforms/iPhoneOS.platform/Developer/SDKs/iPhoneOS26.4.sdk -target arm64-apple-ios16.0 -g -module-cache-path /Users/builder/clone/build/ModuleCache.noindex -Xfrontend -serialize-debugging-options -suppress-warnings -swift-version 5 -I /Users/builder/clone/build/Build/Products/Release-iphoneos -Isystem /Applications/Xcode-26.4.app/Contents/Developer/Platforms/iPhoneOS.platform/Developer/usr/lib -F /Users/builder/clone/build/Build/Products/Release-iphoneos/PackageFrameworks -F /Users/builder/clone/build/Build/Products/Release-iphoneos -F /Applications/Xcode-26.4.app/Contents/Developer/Platforms/iPhoneOS.platform/Developer/Library/Frameworks -F /Applications/Xcode-26.4.app/Contents/Developer/Platforms/iPhoneOS.platform/Developer/SDKs/iPhoneOS26.4.sdk/Developer/Library/Frameworks -emit-localized-strings -emit-localized-strings-path /Users/builder/clone/build/Build/Intermediates.noindex/wishkit-ios.build/Release-iphoneos/WishKit.build/Objects-normal/arm64 -c -num-threads 3 -Xcc -ivfsstatcache -Xcc /Users/builder/clone/build/SDKStatCaches.noindex/iphoneos26.4-23E252-dc38477e7e47e42951976ad86cc01fb3.sdkstatcache -output-file-map /Users/builder/clone/build/Build/Intermediates.noindex/wishkit-ios.build/Release-iphoneos/WishKit.build/Objects-normal/arm64/WishKit-OutputFileMap.json -use-frontend-parseable-output -save-temps -no-color-diagnostics -explicit-module-build -module-cache-path /Users/builder/clone/build/Build/Intermediates.noindex/SwiftExplicitPrecompiledModules -clang-scanner-module-cache-path /Users/builder/clone/build/ModuleCache.noindex -sdk-module-cache-path /Users/builder/clone/build/ModuleCache.noindex -serialize-diagnostics -emit-dependencies -emit-module -emit-module-path /Users/builder/clone/build/Build/Intermediates.noindex/wishkit-ios.build/Release-iphoneos/WishKit.build/Objects-normal/arm64/WishKit.swiftmodule -validate-clang-modules-once -clang-build-session-file /Users/builder/clone/build/ModuleCache.noindex/Session.modulevalidation -package-name wishkit_ios -Xcc -I/Users/builder/clone/build/Build/Intermediates.noindex/wishkit-ios.build/Release-iphoneos/WishKit.build/swift-overrides.hmap -emit-const-values -Xfrontend -const-gather-protocols-file -Xfrontend /Users/builder/clone/build/Build/Intermediates.noindex/wishkit-ios.build/Release-iphoneos/WishKit.build/Objects-normal/arm64/WishKit_const_extract_protocols.json -Xcc -I/Users/builder/clone/build/Build/Products/Release-iphoneos/include -Xcc -I/Users/builder/clone/build/Build/Intermediates.noindex/wishkit-ios.build/Release-iphoneos/WishKit.build/DerivedSources-normal/arm64 -Xcc -I/Users/builder/clone/build/Build/Intermediates.noindex/wishkit-ios.build/Release-iphoneos/WishKit.build/DerivedSources/arm64 -Xcc -I/Users/builder/clone/build/Build/Intermediates.noindex/wishkit-ios.build/Release-iphoneos/WishKit.build/DerivedSources -Xcc -DSWIFT_PACKAGE -emit-objc-header -emit-objc-header-path /Users/builder/clone/build/Build/Intermediates.noindex/wishkit-ios.build/Release-iphoneos/WishKit.build/Objects-normal/arm64/WishKit-Swift.h -working-directory /Users/builder/clone/IceCubesApp.xcodeproj -no-emit-module-separately-wmo\n\nRegisterExecutionPolicyException /Users/builder/clone/build/Build/Products/Release-iphoneos/WishKitShared.o (in target 'WishKitShared' from project 'wishkit-ios-shared')\n    cd /Users/builder/clone/build/SourcePackages/checkouts/wishkit-ios-shared\n    builtin-RegisterExecutionPolicyException /Users/builder/clone/build/Build/Products/Release-iphoneos/WishKitShared.o\n\nSwiftExplicitDependencyGeneratePcm arm64 /Users/builder/clone/build/ModuleCache.noindex/Translation-DTP69YB5AC3YLB7ZKV6MYZE83.pcm\n\nSwiftExplicitDependencyGeneratePcm arm64 /Users/builder/clone/build/ModuleCache.noindex/NaturalLanguage-6KH2ROZQ9EYBBO5I5MEI9V44H.pcm\n\nSwiftDriver\\ Compilation WishKit normal arm64 com.apple.xcode.tools.swift.compiler (in target 'WishKit' from project 'wishkit-ios')\n    cd /Users/builder/clone/IceCubesApp.xcodeproj\n    builtin-Swift-Compilation -- /Applications/Xcode-26.4.app/Contents/Developer/Toolchains/XcodeDefault.xctoolchain/usr/bin/swiftc -module-name WishKit -O -whole-module-optimization @/Users/builder/clone/build/Build/Intermediates.noindex/wishkit-ios.build/Release-iphoneos/WishKit.build/Objects-normal/arm64/WishKit.SwiftFileList -DSWIFT_PACKAGE -DSWIFT_MODULE_RESOURCE_BUNDLE_AVAILABLE -DXcode -plugin-path /Applications/Xcode-26.4.app/Contents/Developer/Toolchains/XcodeDefault.xctoolchain/usr/lib/swift/host/plugins/testing -enable-experimental-feature DebugDescriptionMacro -sdk /Applications/Xcode-26.4.app/Contents/Developer/Platforms/iPhoneOS.platform/Developer/SDKs/iPhoneOS26.4.sdk -target arm64-apple-ios16.0 -g -module-cache-path /Users/builder/clone/build/ModuleCache.noindex -Xfrontend -serialize-debugging-options -suppress-warnings -swift-version 5 -I /Users/builder/clone/build/Build/Products/Release-iphoneos -Isystem /Applications/Xcode-26.4.app/Contents/Developer/Platforms/iPhoneOS.platform/Developer/usr/lib -F /Users/builder/clone/build/Build/Products/Release-iphoneos/PackageFrameworks -F /Users/builder/clone/build/Build/Products/Release-iphoneos -F /Applications/Xcode-26.4.app/Contents/Developer/Platforms/iPhoneOS.platform/Developer/Library/Frameworks -F /Applications/Xcode-26.4.app/Contents/Developer/Platforms/iPhoneOS.platform/Developer/SDKs/iPhoneOS26.4.sdk/Developer/Library/Frameworks -emit-localized-strings -emit-localized-strings-path /Users/builder/clone/build/Build/Intermediates.noindex/wishkit-ios.build/Release-iphoneos/WishKit.build/Objects-normal/arm64 -c -num-threads 3 -Xcc -ivfsstatcache -Xcc /Users/builder/clone/build/SDKStatCaches.noindex/iphoneos26.4-23E252-dc38477e7e47e42951976ad86cc01fb3.sdkstatcache -output-file-map /Users/builder/clone/build/Build/Intermediates.noindex/wishkit-ios.build/Release-iphoneos/WishKit.build/Objects-normal/arm64/WishKit-OutputFileMap.json -use-frontend-parseable-output -save-temps -no-color-diagnostics -explicit-module-build -module-cache-path /Users/builder/clone/build/Build/Intermediates.noindex/SwiftExplicitPrecompiledModules -clang-scanner-module-cache-path /Users/builder/clone/build/ModuleCache.noindex -sdk-module-cache-path /Users/builder/clone/build/ModuleCache.noindex -serialize-diagnostics -emit-dependencies -emit-module -emit-module-path /Users/builder/clone/build/Build/Intermediates.noindex/wishkit-ios.build/Release-iphoneos/WishKit.build/Objects-normal/arm64/WishKit.swiftmodule -validate-clang-modules-once -clang-build-session-file /Users/builder/clone/build/ModuleCache.noindex/Session.modulevalidation -package-name wishkit_ios -Xcc -I/Users/builder/clone/build/Build/Intermediates.noindex/wishkit-ios.build/Release-iphoneos/WishKit.build/swift-overrides.hmap -emit-const-values -Xfrontend -const-gather-protocols-file -Xfrontend /Users/builder/clone/build/Build/Intermediates.noindex/wishkit-ios.build/Release-iphoneos/WishKit.build/Objects-normal/arm64/WishKit_const_extract_protocols.json -Xcc -I/Users/builder/clone/build/Build/Products/Release-iphoneos/include -Xcc -I/Users/builder/clone/build/Build/Intermediates.noindex/wishkit-ios.build/Release-iphoneos/WishKit.build/DerivedSources-normal/arm64 -Xcc -I/Users/builder/clone/build/Build/Intermediates.noindex/wishkit-ios.build/Release-iphoneos/WishKit.build/DerivedSources/arm64 -Xcc -I/Users/builder/clone/build/Build/Intermediates.noindex/wishkit-ios.build/Release-iphoneos/WishKit.build/DerivedSources -Xcc -DSWIFT_PACKAGE -emit-objc-header -emit-objc-header-path /Users/builder/clone/build/Build/Intermediates.noindex/wishkit-ios.build/Release-iphoneos/WishKit.build/Objects-normal/arm64/WishKit-Swift.h -working-directory /Users/builder/clone/IceCubesApp.xcodeproj -no-emit-module-separately-wmo\n\nSwiftCompile normal arm64 Compiling\\ resource_bundle_accessor.swift,\\ Payment.swift,\\ RoundUp.swift,\\ Configuration.swift,\\ ConfigurationAddButton.swift,\\ ConfigurationButtons.swift,\\ ConfigurationDisplay.swift,\\ ConfigurationDoneButton.swift,\\ ConfigurationEmailField.swift,\\ ConfigurationLocalization.swift,\\ ConfigurationSegmentedControl.swift,\\ ConfigurationTabBar.swift,\\ ConfigurationTranslateButton.swift,\\ ConfigurationVoteButton.swift,\\ Bundle+AppName.swift,\\ Date+Formatted.swift,\\ View+FullWidthListSeparator.swift,\\ View+WithNavigation.swift,\\ WishResponse+Identifiable.swift,\\ AlertModel.swift,\\ AlertReason.swift,\\ LocalWishState.swift,\\ User.swift,\\ WishFiltering.swift,\\ WishFilteringLists.swift,\\ WishKitUpvoteIcon.swift,\\ WishModel.swift,\\ WishModelAccumulator.swift,\\ WishModelFilterBucket.swift,\\ WishModelFilteredLists.swift,\\ WishState+Description.swift,\\ ApiClient.swift,\\ ApiResult.swift,\\ ProjectSettings.swift,\\ RequestCreatable.swift,\\ CommentService.swift,\\ UserService.swift,\\ WishService.swift,\\ PrivateTheme.swift,\\ Theme.swift,\\ ThemeBadgeTheme.swift,\\ ThemeScheme.swift,\\ WishViewKind.swift,\\ WishVoteCountTextView.swift,\\ WishlistSkeletonView.swift,\\ AppEnvironment.swift,\\ FeedbackLanguage.swift,\\ Platform.swift,\\ Print+Precisely.swift,\\ PrintKind.swift,\\ UUIDManager.swift,\\ CreateWishSubmitOutcome.swift,\\ WishValidation.swift,\\ WishValidationEmailValidationResult.swift,\\ WishValidationNormalizedInput.swift,\\ CommentFieldView.swift,\\ CommentListView.swift,\\ SingleCommentView.swift,\\ CreateWishViewModel.swift,\\ DetailWishViewModel.swift,\\ WishlistViewModel.swift,\\ WishKit+FeedbackListView.swift,\\ WishKit.swift,\\ CreateWishView+iOS.swift,\\ Bundle+AppIcon+iOS.swift,\\ WishTranslateSection+iOS.swift,\\ WishView+iOS.swift,\\ DetailWishView+iOS.swift,\\ WishlistSegmentedControlSectionView+iOS.swift,\\ WishlistView+iOS.swift,\\ CreateWishView+macOS.swift,\\ CloseButton+macOS.swift,\\ WishView+macOS.swift,\\ DetailWishView+macOS.swift,\\ WishlistContainer+macOS.swift,\\ WishlistView+macOS.swift,\\ WishView+tvOS.swift,\\ DetailWishView+tvOS.swift,\\ WishlistFilterCycleButton+tvOS.swift,\\ WishlistView+tvOS.swift,\\ CreateWishView+visionOS.swift,\\ Bundle+AppIcon+visionOS.swift,\\ CloseButton+visionOS.swift,\\ WishView+visionOS.swift,\\ WishlistSkeletonView+visionOS.swift,\\ CommentFieldView+visionOS.swift,\\ CommentListView+visionOS.swift,\\ DetailWishView+visionOS.swift,\\ WishlistContainer+visionOS.swift,\\ WishlistView+visionOS.swift,\\ WishView+watchOS.swift,\\ DetailWishView+watchOS.swift,\\ WishlistFilterCycleButton+watchOS.swift,\\ WishlistView+watchOS.swift /Users/builder/clone/build/Build/Intermediates.noindex/wishkit-ios.build/Release-iphoneos/WishKit.build/DerivedSources/resource_bundle_accessor.swift /Users/builder/clone/build/SourcePackages/checkouts/wishkit-ios/Sources/WishKit/Shared/Billing/Payment.swift /Users/builder/clone/build/SourcePackages/checkouts/wishkit-ios/Sources/WishKit/Shared/Billing/RoundUp.swift /Users/builder/clone/build/SourcePackages/checkouts/wishkit-ios/Sources/WishKit/Shared/Configuration/Configuration.swift /Users/builder/clone/build/SourcePackages/checkouts/wishkit-ios/Sources/WishKit/Shared/Configuration/ConfigurationAddButton.swift /Users/builder/clone/build/SourcePackages/checkouts/wishkit-ios/Sources/WishKit/Shared/Configuration/ConfigurationButtons.swift /Users/builder/clone/build/SourcePackages/checkouts/wishkit-ios/Sources/WishKit/Shared/Configuration/ConfigurationDisplay.swift /Users/builder/clone/build/SourcePackages/checkouts/wishkit-ios/Sources/WishKit/Shared/Configuration/ConfigurationDoneButton.swift /Users/builder/clone/build/SourcePackages/checkouts/wishkit-ios/Sources/WishKit/Shared/Configuration/ConfigurationEmailField.swift /Users/builder/clone/build/SourcePackages/checkouts/wishkit-ios/Sources/WishKit/Shared/Configuration/ConfigurationLocalization.swift /Users/builder/clone/build/SourcePackages/checkouts/wishkit-ios/Sources/WishKit/Shared/Configuration/ConfigurationSegmentedControl.swift /Users/builder/clone/build/SourcePackages/checkouts/wishkit-ios/Sources/WishKit/Shared/Configuration/ConfigurationTabBar.swift /Users/builder/clone/build/SourcePackages/checkouts/wishkit-ios/Sources/WishKit/Shared/Configuration/ConfigurationTranslateButton.swift /Users/builder/clone/build/SourcePackages/checkouts/wishkit-ios/Sources/WishKit/Shared/Configuration/ConfigurationVoteButton.swift /Users/builder/clone/build/SourcePackages/checkouts/wishkit-ios/Sources/WishKit/Shared/Extensions/Bundle+AppName.swift /Users/builder/clone/build/SourcePackages/checkouts/wishkit-ios/Sources/WishKit/Shared/Extensions/Date+Formatted.swift /Users/builder/clone/build/SourcePackages/checkouts/wishkit-ios/Sources/WishKit/Shared/Extensions/View+FullWidthListSeparator.swift /Users/builder/clone/build/SourcePackages/checkouts/wishkit-ios/Sources/WishKit/Shared/Extensions/View+WithNavigation.swift /Users/builder/clone/build/SourcePackages/checkouts/wishkit-ios/Sources/WishKit/Shared/Extensions/WishResponse+Identifiable.swift /Users/builder/clone/build/SourcePackages/checkouts/wishkit-ios/Sources/WishKit/Shared/Model/AlertModel.swift /Users/builder/clone/build/SourcePackages/checkouts/wishkit-ios/Sources/WishKit/Shared/Model/AlertReason.swift /Users/builder/clone/build/SourcePackages/checkouts/wishkit-ios/Sources/WishKit/Shared/Model/LocalWishState.swift /Users/builder/clone/build/SourcePackages/checkouts/wishkit-ios/Sources/WishKit/Shared/Model/User.swift /Users/builder/clone/build/SourcePackages/checkouts/wishkit-ios/Sources/WishKit/Shared/Model/WishFiltering.swift /Users/builder/clone/build/SourcePackages/checkouts/wishkit-ios/Sources/WishKit/Shared/Model/WishFilteringLists.swift /Users/builder/clone/build/SourcePackages/checkouts/wishkit-ios/Sources/WishKit/Shared/Model/WishKitUpvoteIcon.swift /Users/builder/clone/build/SourcePackages/checkouts/wishkit-ios/Sources/WishKit/Shared/Model/WishModel.swift /Users/builder/clone/build/SourcePackages/checkouts/wishkit-ios/Sources/WishKit/Shared/Model/WishModelAccumulator.swift /Users/builder/clone/build/SourcePackages/checkouts/wishkit-ios/Sources/WishKit/Shared/Model/WishModelFilterBucket.swift /Users/builder/clone/build/SourcePackages/checkouts/wishkit-ios/Sources/WishKit/Shared/Model/WishModelFilteredLists.swift /Users/builder/clone/build/SourcePackages/checkouts/wishkit-ios/Sources/WishKit/Shared/Model/WishState+Description.swift /Users/builder/clone/build/SourcePackages/checkouts/wishkit-ios/Sources/WishKit/Shared/Networking/ApiClient.swift /Users/builder/clone/build/SourcePackages/checkouts/wishkit-ios/Sources/WishKit/Shared/Networking/ApiResult.swift /Users/builder/clone/build/SourcePackages/checkouts/wishkit-ios/Sources/WishKit/Shared/Networking/ProjectSettings.swift /Users/builder/clone/build/SourcePackages/checkouts/wishkit-ios/Sources/WishKit/Shared/Networking/RequestCreatable.swift /Users/builder/clone/build/SourcePackages/checkouts/wishkit-ios/Sources/WishKit/Shared/Service/CommentService.swift /Users/builder/clone/build/SourcePackages/checkouts/wishkit-ios/Sources/WishKit/Shared/Service/UserService.swift /Users/builder/clone/build/SourcePackages/checkouts/wishkit-ios/Sources/WishKit/Shared/Service/WishService.swift /Users/builder/clone/build/SourcePackages/checkouts/wishkit-ios/Sources/WishKit/Shared/Theme/PrivateTheme.swift /Users/builder/clone/build/SourcePackages/checkouts/wishkit-ios/Sources/WishKit/Shared/Theme/Theme.swift /Users/builder/clone/build/SourcePackages/checkouts/wishkit-ios/Sources/WishKit/Shared/Theme/ThemeBadgeTheme.swift /Users/builder/clone/build/SourcePackages/checkouts/wishkit-ios/Sources/WishKit/Shared/Theme/ThemeScheme.swift /Users/builder/clone/build/SourcePackages/checkouts/wishkit-ios/Sources/WishKit/Shared/UI/WishViewKind.swift /Users/builder/clone/build/SourcePackages/checkouts/wishkit-ios/Sources/WishKit/Shared/UI/WishVoteCountTextView.swift /Users/builder/clone/build/SourcePackages/checkouts/wishkit-ios/Sources/WishKit/Shared/UI/WishlistSkeletonView.swift /Users/builder/clone/build/SourcePackages/checkouts/wishkit-ios/Sources/WishKit/Shared/Utilities/AppEnvironment.swift /Users/builder/clone/build/SourcePackages/checkouts/wishkit-ios/Sources/WishKit/Shared/Utilities/FeedbackLanguage.swift /Users/builder/clone/build/SourcePackages/checkouts/wishkit-ios/Sources/WishKit/Shared/Utilities/Platform.swift /Users/builder/clone/build/SourcePackages/checkouts/wishkit-ios/Sources/WishKit/Shared/Utilities/Print+Precisely.swift /Users/builder/clone/build/SourcePackages/checkouts/wishkit-ios/Sources/WishKit/Shared/Utilities/PrintKind.swift /Users/builder/clone/build/SourcePackages/checkouts/wishkit-ios/Sources/WishKit/Shared/Utilities/UUIDManager.swift /Users/builder/clone/build/SourcePackages/checkouts/wishkit-ios/Sources/WishKit/Shared/Validation/CreateWishSubmitOutcome.swift /Users/builder/clone/build/SourcePackages/checkouts/wishkit-ios/Sources/WishKit/Shared/Validation/WishValidation.swift /Users/builder/clone/build/SourcePackages/checkouts/wishkit-ios/Sources/WishKit/Shared/Validation/WishValidationEmailValidationResult.swift /Users/builder/clone/build/SourcePackages/checkouts/wishkit-ios/Sources/WishKit/Shared/Validation/WishValidationNormalizedInput.swift /Users/builder/clone/build/SourcePackages/checkouts/wishkit-ios/Sources/WishKit/Shared/View/CommentFieldView.swift /Users/builder/clone/build/SourcePackages/checkouts/wishkit-ios/Sources/WishKit/Shared/View/CommentListView.swift /Users/builder/clone/build/SourcePackages/checkouts/wishkit-ios/Sources/WishKit/Shared/View/SingleCommentView.swift /Users/builder/clone/build/SourcePackages/checkouts/wishkit-ios/Sources/WishKit/Shared/ViewModel/CreateWishViewModel.swift /Users/builder/clone/build/SourcePackages/checkouts/wishkit-ios/Sources/WishKit/Shared/ViewModel/DetailWishViewModel.swift /Users/builder/clone/build/SourcePackages/checkouts/wishkit-ios/Sources/WishKit/Shared/ViewModel/WishlistViewModel.swift /Users/builder/clone/build/SourcePackages/checkouts/wishkit-ios/Sources/WishKit/WishKit+FeedbackListView.swift /Users/builder/clone/build/SourcePackages/checkouts/wishkit-ios/Sources/WishKit/WishKit.swift /Users/builder/clone/build/SourcePackages/checkouts/wishkit-ios/Sources/WishKit/iOS/CreateWish/View/CreateWishView+iOS.swift /Users/builder/clone/build/SourcePackages/checkouts/wishkit-ios/Sources/WishKit/iOS/Extensions/Bundle+AppIcon+iOS.swift /Users/builder/clone/build/SourcePackages/checkouts/wishkit-ios/Sources/WishKit/iOS/UI/WishTranslateSection+iOS.swift /Users/builder/clone/build/SourcePackages/checkouts/wishkit-ios/Sources/WishKit/iOS/UI/WishView+iOS.swift /Users/builder/clone/build/SourcePackages/checkouts/wishkit-ios/Sources/WishKit/iOS/WishDetail/View/DetailWishView+iOS.swift /Users/builder/clone/build/SourcePackages/checkouts/wishkit-ios/Sources/WishKit/iOS/Wishlist/View/WishlistSegmentedControlSectionView+iOS.swift /Users/builder/clone/build/SourcePackages/checkouts/wishkit-ios/Sources/WishKit/iOS/Wishlist/View/WishlistView+iOS.swift /Users/builder/clone/build/SourcePackages/checkouts/wishkit-ios/Sources/WishKit/macOS/CreateWish/View/CreateWishView+macOS.swift /Users/builder/clone/build/SourcePackages/checkouts/wishkit-ios/Sources/WishKit/macOS/UI/CloseButton+macOS.swift /Users/builder/clone/build/SourcePackages/checkouts/wishkit-ios/Sources/WishKit/macOS/UI/WishView+macOS.swift /Users/builder/clone/build/SourcePackages/checkouts/wishkit-ios/Sources/WishKit/macOS/WishDetail/View/DetailWishView+macOS.swift /Users/builder/clone/build/SourcePackages/checkouts/wishkit-ios/Sources/WishKit/macOS/Wishlist/View/WishlistContainer+macOS.swift /Users/builder/clone/build/SourcePackages/checkouts/wishkit-ios/Sources/WishKit/macOS/Wishlist/View/WishlistView+macOS.swift /Users/builder/clone/build/SourcePackages/checkouts/wishkit-ios/Sources/WishKit/tvOS/UI/WishView+tvOS.swift /Users/builder/clone/build/SourcePackages/checkouts/wishkit-ios/Sources/WishKit/tvOS/WishDetail/View/DetailWishView+tvOS.swift /Users/builder/clone/build/SourcePackages/checkouts/wishkit-ios/Sources/WishKit/tvOS/Wishlist/View/WishlistFilterCycleButton+tvOS.swift /Users/builder/clone/build/SourcePackages/checkouts/wishkit-ios/Sources/WishKit/tvOS/Wishlist/View/WishlistView+tvOS.swift /Users/builder/clone/build/SourcePackages/checkouts/wishkit-ios/Sources/WishKit/visionOS/CreateWish/View/CreateWishView+visionOS.swift /Users/builder/clone/build/SourcePackages/checkouts/wishkit-ios/Sources/WishKit/visionOS/Extensions/Bundle+AppIcon+visionOS.swift /Users/builder/clone/build/SourcePackages/checkouts/wishkit-ios/Sources/WishKit/visionOS/UI/CloseButton+visionOS.swift /Users/builder/clone/build/SourcePackages/checkouts/wishkit-ios/Sources/WishKit/visionOS/UI/WishView+visionOS.swift /Users/builder/clone/build/SourcePackages/checkouts/wishkit-ios/Sources/WishKit/visionOS/UI/WishlistSkeletonView+visionOS.swift /Users/builder/clone/build/SourcePackages/checkouts/wishkit-ios/Sources/WishKit/visionOS/View/CommentFieldView+visionOS.swift /Users/builder/clone/build/SourcePackages/checkouts/wishkit-ios/Sources/WishKit/visionOS/View/CommentListView+visionOS.swift /Users/builder/clone/build/SourcePackages/checkouts/wishkit-ios/Sources/WishKit/visionOS/WishDetail/View/DetailWishView+visionOS.swift /Users/builder/clone/build/SourcePackages/checkouts/wishkit-ios/Sources/WishKit/visionOS/Wishlist/View/WishlistContainer+visionOS.swift /Users/builder/clone/build/SourcePackages/checkouts/wishkit-ios/Sources/WishKit/visionOS/Wishlist/View/WishlistView+visionOS.swift /Users/builder/clone/build/SourcePackages/checkouts/wishkit-ios/Sources/WishKit/watchOS/UI/WishView+watchOS.swift /Users/builder/clone/build/SourcePackages/checkouts/wishkit-ios/Sources/WishKit/watchOS/WishDetail/View/DetailWishView+watchOS.swift /Users/builder/clone/build/SourcePackages/checkouts/wishkit-ios/Sources/WishKit/watchOS/Wishlist/View/WishlistFilterCycleButton+watchOS.swift /Users/builder/clone/build/SourcePackages/checkouts/wishkit-ios/Sources/WishKit/watchOS/Wishlist/View/WishlistView+watchOS.swift /Applications/Xcode-26.4.app/Contents/Developer/Toolchains/XcodeDefault.xctoolchain/usr/lib/swift/iphoneos/prebuilt-modules/26.4/Spatial.swiftmodule/arm64e-apple-ios.swiftmodule /Applications/Xcode-26.4.app/Contents/Developer/Toolchains/XcodeDefault.xctoolchain/usr/lib/swift/iphoneos/prebuilt-modules/26.4/DeveloperToolsSupport.swiftmodule/arm64e-apple-ios.swiftmodule /Applications/Xcode-26.4.app/Contents/Developer/Toolchains/XcodeDefault.xctoolchain/usr/lib/swift/iphoneos/prebuilt-modules/26.4/FileProvider.swiftmodule/arm64e-apple-ios.swiftmodule /Applications/Xcode-26.4.app/Contents/Developer/Toolchains/XcodeDefault.xctoolchain/usr/lib/swift/iphoneos/prebuilt-modules/26.4/CoreFoundation.swiftmodule/arm64e-apple-ios.swiftmodule /Applications/Xcode-26.4.app/Contents/Developer/Toolchains/XcodeDefault.xctoolchain/usr/lib/swift/iphoneos/prebuilt-modules/26.4/CoreText.swiftmodule/arm64e-apple-ios.swiftmodule /Applications/Xcode-26.4.app/Contents/Developer/Toolchains/XcodeDefault.xctoolchain/usr/lib/swift/iphoneos/prebuilt-modules/26.4/Foundation.swiftmodule/arm64e-apple-ios.swiftmodule /Applications/Xcode-26.4.app/Contents/Developer/Toolchains/XcodeDefault.xctoolchain/usr/lib/swift/iphoneos/prebuilt-modules/26.4/System.swiftmodule/arm64e-apple-ios.swiftmodule /Applications/Xcode-26.4.app/Contents/Developer/Toolchains/XcodeDefault.xctoolchain/usr/lib/swift/iphoneos/prebuilt-modules/26.4/QuartzCore.swiftmodule/arm64e-apple-ios.swiftmodule /Applications/Xcode-26.4.app/Contents/Developer/Toolchains/XcodeDefault.xctoolchain/usr/lib/swift/iphoneos/prebuilt-modules/26.4/NaturalLanguage.swiftmodule/arm64e-apple-ios.swiftmodule /Applications/Xcode-26.4.app/Contents/Developer/Toolchains/XcodeDefault.xctoolchain/usr/lib/swift/iphoneos/prebuilt-modules/26.4/Symbols.swiftmodule/arm64e-apple-ios.swiftmodule /Applications/Xcode-26.4.app/Contents/Developer/Toolchains/XcodeDefault.xctoolchain/usr/lib/swift/iphoneos/prebuilt-modules/26.4/_DarwinFoundation3.swiftmodule/arm64e-apple-ios.swiftmodule /Applications/Xcode-26.4.app/Contents/Developer/Toolchains/XcodeDefault.xctoolchain/usr/lib/swift/iphoneos/prebuilt-modules/26.4/_Translation_SwiftUI.swiftmodule/arm64e-apple-ios.swiftmodule /Applications/Xcode-26.4.app/Contents/Developer/Toolchains/XcodeDefault.xctoolchain/usr/lib/swift/iphoneos/prebuilt-modules/26.4/OSLog.swiftmodule/arm64e-apple-ios.swiftmodule /Applications/Xcode-26.4.app/Contents/Developer/Toolchains/XcodeDefault.xctoolchain/usr/lib/swift/iphoneos/prebuilt-modules/26.4/Translation.swiftmodule/arm64e-apple-ios.swiftmodule /Applications/Xcode-26.4.app/Contents/Developer/Toolchains/XcodeDefault.xctoolchain/usr/lib/swift/iphoneos/prebuilt-modules/26.4/CoreImage.swiftmodule/arm64e-apple-ios.swiftmodule /Applications/Xcode-26.4.app/Contents/Developer/Toolchains/XcodeDefault.xctoolchain/usr/lib/swift/iphoneos/prebuilt-modules/26.4/_Builtin_float.swiftmodule/arm64e-apple-ios.swiftmodule /Applications/Xcode-26.4.app/Contents/Developer/Toolchains/XcodeDefault.xctoolchain/usr/lib/swift/iphoneos/prebuilt-modules/26.4/DataDetection.swiftmodule/arm64e-apple-ios.swiftmodule /Applications/Xcode-26.4.app/Contents/Developer/Toolchains/XcodeDefault.xctoolchain/usr/lib/swift/iphoneos/prebuilt-modules/26.4/os.swiftmodule/arm64e-apple-ios.swiftmodule /Applications/Xcode-26.4.app/Contents/Developer/Toolchains/XcodeDefault.xctoolchain/usr/lib/swift/iphoneos/prebuilt-modules/26.4/_Concurrency.swiftmodule/arm64e-apple-ios.swiftmodule /Applications/Xcode-26.4.app/Contents/Developer/Toolchains/XcodeDefault.xctoolchain/usr/lib/swift/iphoneos/prebuilt-modules/26.4/Darwin.swiftmodule/arm64e-apple-ios.swiftmodule /Users/builder/clone/build/Build/Products/Release-iphoneos/WishKitShared.swiftmodule/arm64-apple-ios.swiftmodule /Applications/Xcode-26.4.app/Contents/Developer/Toolchains/XcodeDefault.xctoolchain/usr/lib/swift/iphoneos/prebuilt-modules/26.4/Swift.swiftmodule/arm64e-apple-ios.swiftmodule /Applications/Xcode-26.4.app/Contents/Developer/Toolchains/XcodeDefault.xctoolchain/usr/lib/swift/iphoneos/prebuilt-modules/26.4/_StringProcessing.swiftmodule/arm64e-apple-ios.swiftmodule /Applications/Xcode-26.4.app/Contents/Developer/Toolchains/XcodeDefault.xctoolchain/usr/lib/swift/iphoneos/prebuilt-modules/26.4/XPC.swiftmodule/arm64e-apple-ios.swiftmodule /Applications/Xcode-26.4.app/Contents/Developer/Toolchains/XcodeDefault.xctoolchain/usr/lib/swift/iphoneos/prebuilt-modules/26.4/SwiftUI.swiftmodule/arm64e-apple-ios.swiftmodule /Applications/Xcode-26.4.app/Contents/Developer/Toolchains/XcodeDefault.xctoolchain/usr/lib/swift/iphoneos/prebuilt-modules/26.4/CoreData.swiftmodule/arm64e-apple-ios.swiftmodule /Applications/Xcode-26.4.app/Contents/Developer/Toolchains/XcodeDefault.xctoolchain/usr/lib/swift/iphoneos/prebuilt-modules/26.4/CoreTransferable.swiftmodule/arm64e-apple-ios.swiftmodule /Applications/Xcode-26.4.app/Contents/Developer/Toolchains/XcodeDefault.xctoolchain/usr/lib/swift/iphoneos/prebuilt-modules/26.4/_DarwinFoundation1.swiftmodule/arm64e-apple-ios.swiftmodule /Applications/Xcode-26.4.app/Contents/Developer/Toolchains/XcodeDefault.xctoolchain/usr/lib/swift/iphoneos/prebuilt-modules/26.4/Observation.swiftmodule/arm64e-apple-ios.swiftmodule /Applications/Xcode-26.4.app/Contents/Developer/Toolchains/XcodeDefault.xctoolchain/usr/lib/swift/iphoneos/prebuilt-modules/26.4/simd.swiftmodule/arm64e-apple-ios.swiftmodule /Applications/Xcode-26.4.app/Contents/Developer/Toolchains/XcodeDefault.xctoolchain/usr/lib/swift/iphoneos/prebuilt-modules/26.4/SwiftUICore.swiftmodule/arm64e-apple-ios.swiftmodule /Applications/Xcode-26.4.app/Contents/Developer/Toolchains/XcodeDefault.xctoolchain/usr/lib/swift/iphoneos/prebuilt-modules/26.4/_DarwinFoundation2.swiftmodule/arm64e-apple-ios.swiftmodule /Applications/Xcode-26.4.app/Contents/Developer/Toolchains/XcodeDefault.xctoolchain/usr/lib/swift/iphoneos/prebuilt-modules/26.4/Metal.swiftmodule/arm64e-apple-ios.swiftmodule /Applications/Xcode-26.4.app/Contents/Developer/Toolchains/XcodeDefault.xctoolchain/usr/lib/swift/iphoneos/prebuilt-modules/26.4/Dispatch.swiftmodule/arm64e-apple-ios.swiftmodule /Applications/Xcode-26.4.app/Contents/Developer/Toolchains/XcodeDefault.xctoolchain/usr/lib/swift/iphoneos/prebuilt-modules/26.4/CoreGraphics.swiftmodule/arm64e-apple-ios.swiftmodule /Applications/Xcode-26.4.app/Contents/Developer/Toolchains/XcodeDefault.xctoolchain/usr/lib/swift/iphoneos/prebuilt-modules/26.4/UniformTypeIdentifiers.swiftmodule/arm64e-apple-ios.swiftmodule /Applications/Xcode-26.4.app/Contents/Developer/Toolchains/XcodeDefault.xctoolchain/usr/lib/swift/iphoneos/prebuilt-modules/26.4/ObjectiveC.swiftmodule/arm64e-apple-ios.swiftmodule /Applications/Xcode-26.4.app/Contents/Developer/Toolchains/XcodeDefault.xctoolchain/usr/lib/swift/iphoneos/prebuilt-modules/26.4/Combine.swiftmodule/arm64e-apple-ios.swiftmodule /Applications/Xcode-26.4.app/Contents/Developer/Toolchains/XcodeDefault.xctoolchain/usr/lib/swift/iphoneos/prebuilt-modules/26.4/CoreVideo.swiftmodule/arm64e-apple-ios.swiftmodule /Applications/Xcode-26.4.app/Contents/Developer/Toolchains/XcodeDefault.xctoolchain/usr/lib/swift/iphoneos/prebuilt-modules/26.4/UIKit.swiftmodule/arm64e-apple-ios.swiftmodule /Applications/Xcode-26.4.app/Contents/Developer/Toolchains/XcodeDefault.xctoolchain/usr/lib/swift/iphoneos/prebuilt-modules/26.4/Accessibility.swiftmodule/arm64e-apple-ios.swiftmodule /Users/builder/clone/build/ModuleCache.noindex/_Builtin_stdarg-ENGARVB1RCA82QNVX3AKNIA7I.pcm /Users/builder/clone/build/ModuleCache.noindex/sys_types-B33PJM372D4Z1NVRZM5YRD1RP.pcm /Users/builder/clone/build/ModuleCache.noindex/Metal-7YSUO0KEBD5EH9Z41AFAPQFR.pcm /Users/builder/clone/build/ModuleCache.noindex/FileProvider-2ZC8JGMP6Y5LLS2X265VONA02.pcm /Users/builder/clone/build/ModuleCache.noindex/ImageIO-6YGWHRL8SUR3EUL251BW6ZONE.pcm /Users/builder/clone/build/ModuleCache.noindex/_Builtin_limits-2GLYII2961SBP7KNDWBXKCYIU.pcm /Users/builder/clone/build/ModuleCache.noindex/UIUtilities-D9XJ7VDIG1IHLIHWVH8X8G5XO.pcm /Users/builder/clone/build/ModuleCache.noindex/_Builtin_stdint-8O3R5RESI6Q2C48CPPQ9C67AM.pcm /Users/builder/clone/build/ModuleCache.noindex/SwiftUICore-CUKWBNX4LN287VPZN9XM5S1MP.pcm /Users/builder/clone/build/ModuleCache.noindex/_DarwinFoundation2-IH2TNLDCFEU7XZQT9CTVUQ1P.pcm /Users/builder/clone/build/ModuleCache.noindex/IOSurface-4H7NGKW4G1MF61ZG9NU7XEMDR.pcm /Users/builder/clone/build/ModuleCache.noindex/_Builtin_tgmath-4TGPTBNB67ZX9LJ219K0ULBGG.pcm /Users/builder/clone/build/ModuleCache.noindex/UIKit-6C7F0NTESSX0F1EL9XK96F41K.pcm /Users/builder/clone/build/ModuleCache.noindex/CoreImage-DD8SUJZ64K9CVFIOVE5KJKHFG.pcm /Users/builder/clone/build/ModuleCache.noindex/Darwin-9JK4K57VV391ZCRL6PJKDW6QC.pcm /Users/builder/clone/build/ModuleCache.noindex/Security-3F4HC5OTFYZ17SDJMC1AFIDUH.pcm /Users/builder/clone/build/ModuleCache.noindex/_Builtin_stdbool-4CMY3LS3VS80AUOFD187RSTV6.pcm /Users/builder/clone/build/ModuleCache.noindex/_Builtin_intrinsics-68YOBLARAI3EV9PG7YHQ1CZG8.pcm /Users/builder/clone/build/ModuleCache.noindex/CoreGraphics-DHIHCZLPL10G7BENB0X8378AJ.pcm /Users/builder/clone/build/ModuleCache.noindex/simd-21NO8HAWUIWMXH9APP0YRDFQO.pcm /Users/builder/clone/build/ModuleCache.noindex/CoreData-3K2WTJJ916UCZ2MKP89W9O59Y.pcm /Users/builder/clone/build/ModuleCache.noindex/ptrauth-C60CAIU36OYOR69O7ASMTTFU8.pcm /Users/builder/clone/build/ModuleCache.noindex/UserNotifications-93CPPOUFW0O3AYEX1I7X0DI72.pcm /Users/builder/clone/build/ModuleCache.noindex/Spatial-570Y3ACNSWLPH9JH9J72TBKJD.pcm /Users/builder/clone/build/ModuleCache.noindex/os_object-5OSU1U0DEBH4XAUVWITEJ4MPR.pcm /Users/builder/clone/build/ModuleCache.noindex/DeveloperToolsSupport-ARDR2BFT1ESNNFCUSG58K5VDU.pcm /Users/builder/clone/build/ModuleCache.noindex/os-F5KWFQN3957WM4HIB2FUBIGYE.pcm /Users/builder/clone/build/ModuleCache.noindex/CoreTransferable-8FDXEPCRNEAQTE76JJB0LPFUU.pcm /Users/builder/clone/build/ModuleCache.noindex/ObjectiveC-C5YN1C0BZ7ESBGBP0B5XKM9R7.pcm /Users/builder/clone/build/ModuleCache.noindex/_SwiftConcurrencyShims-2BNDF9OPLGTNP0XB8L7VZ4LAU.pcm /Users/builder/clone/build/ModuleCache.noindex/_AvailabilityInternal-HZ0RQBGAAN0QZ99B6J54UUYW.pcm /Users/builder/clone/build/ModuleCache.noindex/_Builtin_stddef-BB4QVRWLQPKQFP8JNJD0W8GAN.pcm /Users/builder/clone/build/ModuleCache.noindex/Symbols-6YCZR2ARZG9NZRZ7VDZA78Y8Z.pcm /Users/builder/clone/build/ModuleCache.noindex/_Builtin_inttypes-84PMF3J701KL39W8XHWT9YV4L.pcm /Users/builder/clone/build/ModuleCache.noindex/DataDetection-767JSQ2PVF65S0V6ACG5TQ3Z2.pcm /Users/builder/clone/build/ModuleCache.noindex/QuartzCore-4HXPT2CNSS93YXXQSLKIKY7RA.pcm /Users/builder/clone/build/ModuleCache.noindex/CoreText-3X44K35Q1VPDBV00UMFIRMIKV.pcm /Users/builder/clone/build/ModuleCache.noindex/MachO-41JF1MHKCOEGDAH4NBS40EAV5.pcm /Users/builder/clone/build/ModuleCache.noindex/CoreFoundation-A6CZS58YETCJR8NW8HTBMP5MT.pcm /Users/builder/clone/build/ModuleCache.noindex/XPC-7DBBZ0RY9AXLIFQ1ZQNCEOL7M.pcm /Users/builder/clone/build/ModuleCache.noindex/_DarwinFoundation3-DY8NKKEJ8L2MTRNBGEHAPT5DM.pcm /Users/builder/clone/build/ModuleCache.noindex/OpenGLES-DKNU5AR9XXJ9R6V4TBYPRRYZA.pcm /Users/builder/clone/build/ModuleCache.noindex/SwiftUI-86PP5IKYH13L9AXG1NY6HYW49.pcm /Users/builder/clone/build/ModuleCache.noindex/os_workgroup-DC39T5CMKIEJIDYOY5PWYDB15.pcm /Users/builder/clone/build/ModuleCache.noindex/Foundation-8ESBZZ9N1J4PLT4Z9IWTLGEHX.pcm /Users/builder/clone/build/ModuleCache.noindex/_Builtin_stdatomic-76KDFMAXDXS2299VGGNKRYVFV.pcm /Users/builder/clone/build/ModuleCache.noindex/UniformTypeIdentifiers-6P20BIO8DDZL5ROCP8D8WGPE0.pcm /Users/builder/clone/build/ModuleCache.noindex/NaturalLanguage-6KH2ROZQ9EYBBO5I5MEI9V44H.pcm /Users/builder/clone/build/ModuleCache.noindex/CoreVideo-4XQ1TYTLBBE58YDEML7VD2Z9P.pcm /Users/builder/clone/build/ModuleCache.noindex/ptrcheck-3O5DVQU3FOAHU85DJI4YDN56T.pcm /Users/builder/clone/build/ModuleCache.noindex/CFNetwork-WBAWX6LIWV7GVTAGNWN3QVNX.pcm /Users/builder/clone/build/ModuleCache.noindex/_DarwinFoundation1-ABIHU72TA312QF6KDYFEZMWY0.pcm /Users/builder/clone/build/ModuleCache.noindex/SwiftShims-E9TKEMZXJ2MR8M3OWQ4MIGGM6.pcm /Users/builder/clone/build/ModuleCache.noindex/Translation-DTP69YB5AC3YLB7ZKV6MYZE83.pcm /Users/builder/clone/build/ModuleCache.noindex/_Builtin_float-2SCQEMQEBIDUKNY6JWCDOO11G.pcm /Users/builder/clone/build/ModuleCache.noindex/Dispatch-8GYF4EP8REEU3QEW8Z933NFUQ.pcm /Users/builder/clone/build/ModuleCache.noindex/OSLog-8KMWTEYMTYT110P4R2DM2CEA7.pcm /Users/builder/clone/build/ModuleCache.noindex/Accessibility-6CGAD9HFYBPRH52XHIXU25W3B.pcm /Users/builder/clone/build/Build/Intermediates.noindex/wishkit-ios.build/Release-iphoneos/WishKit.build/Objects-normal/arm64/WishKit-dependencies-1.json (in target 'WishKit' from project 'wishkit-ios')\n\nCompileSwift normal arm64 (in target 'WishKit' from project 'wishkit-ios')\n    cd /Users/builder/clone/IceCubesApp.xcodeproj\n    \n\nSwiftDriverJobDiscovery normal arm64 Compiling resource_bundle_accessor.swift, Payment.swift, RoundUp.swift, Configuration.swift, ConfigurationAddButton.swift, ConfigurationButtons.swift, ConfigurationDisplay.swift, ConfigurationDoneButton.swift, ConfigurationEmailField.swift, ConfigurationLocalization.swift, ConfigurationSegmentedControl.swift, ConfigurationTabBar.swift, ConfigurationTranslateButton.swift, ConfigurationVoteButton.swift, Bundle+AppName.swift, Date+Formatted.swift, View+FullWidthListSeparator.swift, View+WithNavigation.swift, WishResponse+Identifiable.swift, AlertModel.swift, AlertReason.swift, LocalWishState.swift, User.swift, WishFiltering.swift, WishFilteringLists.swift, WishKitUpvoteIcon.swift, WishModel.swift, WishModelAccumulator.swift, WishModelFilterBucket.swift, WishModelFilteredLists.swift, WishState+Description.swift, ApiClient.swift, ApiResult.swift, ProjectSettings.swift, RequestCreatable.swift, CommentService.swift, UserService.swift, WishService.swift, PrivateTheme.swift, Theme.swift, ThemeBadgeTheme.swift, ThemeScheme.swift, WishViewKind.swift, WishVoteCountTextView.swift, WishlistSkeletonView.swift, AppEnvironment.swift, FeedbackLanguage.swift, Platform.swift, Print+Precisely.swift, PrintKind.swift, UUIDManager.swift, CreateWishSubmitOutcome.swift, WishValidation.swift, WishValidationEmailValidationResult.swift, WishValidationNormalizedInput.swift, CommentFieldView.swift, CommentListView.swift, SingleCommentView.swift, CreateWishViewModel.swift, DetailWishViewModel.swift, WishlistViewModel.swift, WishKit+FeedbackListView.swift, WishKit.swift, CreateWishView+iOS.swift, Bundle+AppIcon+iOS.swift, WishTranslateSection+iOS.swift, WishView+iOS.swift, DetailWishView+iOS.swift, WishlistSegmentedControlSectionView+iOS.swift, WishlistView+iOS.swift, CreateWishView+macOS.swift, CloseButton+macOS.swift, WishView+macOS.swift, DetailWishView+macOS.swift, WishlistContainer+macOS.swift, WishlistView+macOS.swift, WishView+tvOS.swift, DetailWishView+tvOS.swift, WishlistFilterCycleButton+tvOS.swift, WishlistView+tvOS.swift, CreateWishView+visionOS.swift, Bundle+AppIcon+visionOS.swift, CloseButton+visionOS.swift, WishView+visionOS.swift, WishlistSkeletonView+visionOS.swift, CommentFieldView+visionOS.swift, CommentListView+visionOS.swift, DetailWishView+visionOS.swift, WishlistContainer+visionOS.swift, WishlistView+visionOS.swift, WishView+watchOS.swift, DetailWishView+watchOS.swift, WishlistFilterCycleButton+watchOS.swift, WishlistView+watchOS.swift (in target 'WishKit' from project 'wishkit-ios')\n\nSwiftDriver\\ Compilation\\ Requirements WishKit normal arm64 com.apple.xcode.tools.swift.compiler (in target 'WishKit' from project 'wishkit-ios')\n    cd /Users/builder/clone/IceCubesApp.xcodeproj\n    builtin-Swift-Compilation-Requirements -- /Applications/Xcode-26.4.app/Contents/Developer/Toolchains/XcodeDefault.xctoolchain/usr/bin/swiftc -module-name WishKit -O -whole-module-optimization @/Users/builder/clone/build/Build/Intermediates.noindex/wishkit-ios.build/Release-iphoneos/WishKit.build/Objects-normal/arm64/WishKit.SwiftFileList -DSWIFT_PACKAGE -DSWIFT_MODULE_RESOURCE_BUNDLE_AVAILABLE -DXcode -plugin-path /Applications/Xcode-26.4.app/Contents/Developer/Toolchains/XcodeDefault.xctoolchain/usr/lib/swift/host/plugins/testing -enable-experimental-feature DebugDescriptionMacro -sdk /Applications/Xcode-26.4.app/Contents/Developer/Platforms/iPhoneOS.platform/Developer/SDKs/iPhoneOS26.4.sdk -target arm64-apple-ios16.0 -g -module-cache-path /Users/builder/clone/build/ModuleCache.noindex -Xfrontend -serialize-debugging-options -suppress-warnings -swift-version 5 -I /Users/builder/clone/build/Build/Products/Release-iphoneos -Isystem /Applications/Xcode-26.4.app/Contents/Developer/Platforms/iPhoneOS.platform/Developer/usr/lib -F /Users/builder/clone/build/Build/Products/Release-iphoneos/PackageFrameworks -F /Users/builder/clone/build/Build/Products/Release-iphoneos -F /Applications/Xcode-26.4.app/Contents/Developer/Platforms/iPhoneOS.platform/Developer/Library/Frameworks -F /Applications/Xcode-26.4.app/Contents/Developer/Platforms/iPhoneOS.platform/Developer/SDKs/iPhoneOS26.4.sdk/Developer/Library/Frameworks -emit-localized-strings -emit-localized-strings-path /Users/builder/clone/build/Build/Intermediates.noindex/wishkit-ios.build/Release-iphoneos/WishKit.build/Objects-normal/arm64 -c -num-threads 3 -Xcc -ivfsstatcache -Xcc /Users/builder/clone/build/SDKStatCaches.noindex/iphoneos26.4-23E252-dc38477e7e47e42951976ad86cc01fb3.sdkstatcache -output-file-map /Users/builder/clone/build/Build/Intermediates.noindex/wishkit-ios.build/Release-iphoneos/WishKit.build/Objects-normal/arm64/WishKit-OutputFileMap.json -use-frontend-parseable-output -save-temps -no-color-diagnostics -explicit-module-build -module-cache-path /Users/builder/clone/build/Build/Intermediates.noindex/SwiftExplicitPrecompiledModules -clang-scanner-module-cache-path /Users/builder/clone/build/ModuleCache.noindex -sdk-module-cache-path /Users/builder/clone/build/ModuleCache.noindex -serialize-diagnostics -emit-dependencies -emit-module -emit-module-path /Users/builder/clone/build/Build/Intermediates.noindex/wishkit-ios.build/Release-iphoneos/WishKit.build/Objects-normal/arm64/WishKit.swiftmodule -validate-clang-modules-once -clang-build-session-file /Users/builder/clone/build/ModuleCache.noindex/Session.modulevalidation -package-name wishkit_ios -Xcc -I/Users/builder/clone/build/Build/Intermediates.noindex/wishkit-ios.build/Release-iphoneos/WishKit.build/swift-overrides.hmap -emit-const-values -Xfrontend -const-gather-protocols-file -Xfrontend /Users/builder/clone/build/Build/Intermediates.noindex/wishkit-ios.build/Release-iphoneos/WishKit.build/Objects-normal/arm64/WishKit_const_extract_protocols.json -Xcc -I/Users/builder/clone/build/Build/Products/Release-iphoneos/include -Xcc -I/Users/builder/clone/build/Build/Intermediates.noindex/wishkit-ios.build/Release-iphoneos/WishKit.build/DerivedSources-normal/arm64 -Xcc -I/Users/builder/clone/build/Build/Intermediates.noindex/wishkit-ios.build/Release-iphoneos/WishKit.build/DerivedSources/arm64 -Xcc -I/Users/builder/clone/build/Build/Intermediates.noindex/wishkit-ios.build/Release-iphoneos/WishKit.build/DerivedSources -Xcc -DSWIFT_PACKAGE -emit-objc-header -emit-objc-header-path /Users/builder/clone/build/Build/Intermediates.noindex/wishkit-ios.build/Release-iphoneos/WishKit.build/Objects-normal/arm64/WishKit-Swift.h -working-directory /Users/builder/clone/IceCubesApp.xcodeproj -no-emit-module-separately-wmo\n\nSwiftMergeGeneratedHeaders /Users/builder/clone/build/Build/Intermediates.noindex/GeneratedModuleMaps-iphoneos/WishKit-Swift.h /Users/builder/clone/build/Build/Intermediates.noindex/wishkit-ios.build/Release-iphoneos/WishKit.build/Objects-normal/arm64/WishKit-Swift.h (in target 'WishKit' from project 'wishkit-ios')\n    cd /Users/builder/clone/build/SourcePackages/checkouts/wishkit-ios\n    builtin-swiftHeaderTool -arch arm64 /Users/builder/clone/build/Build/Intermediates.noindex/wishkit-ios.build/Release-iphoneos/WishKit.build/Objects-normal/arm64/WishKit-Swift.h -o /Users/builder/clone/build/Build/Intermediates.noindex/GeneratedModuleMaps-iphoneos/WishKit-Swift.h\n\nCopy /Users/builder/clone/build/Build/Products/Release-iphoneos/WishKit.swiftmodule/arm64-apple-ios.swiftmodule /Users/builder/clone/build/Build/Intermediates.noindex/wishkit-ios.build/Release-iphoneos/WishKit.build/Objects-normal/arm64/WishKit.swiftmodule (in target 'WishKit' from project 'wishkit-ios')\n    cd /Users/builder/clone/build/SourcePackages/checkouts/wishkit-ios\n    builtin-copy -exclude .DS_Store -exclude CVS -exclude .svn -exclude .git -exclude .hg -strip-unsigned-binaries -strip-deterministic -strip-tool /Applications/Xcode-26.4.app/Contents/Developer/Toolchains/XcodeDefault.xctoolchain/usr/bin/strip -resolve-src-symlinks -rename /Users/builder/clone/build/Build/Intermediates.noindex/wishkit-ios.build/Release-iphoneos/WishKit.build/Objects-normal/arm64/WishKit.swiftmodule /Users/builder/clone/build/Build/Products/Release-iphoneos/WishKit.swiftmodule/arm64-apple-ios.swiftmodule\n\nCopy /Users/builder/clone/build/Build/Products/Release-iphoneos/WishKit.swiftmodule/arm64-apple-ios.swiftdoc /Users/builder/clone/build/Build/Intermediates.noindex/wishkit-ios.build/Release-iphoneos/WishKit.build/Objects-normal/arm64/WishKit.swiftdoc (in target 'WishKit' from project 'wishkit-ios')\n    cd /Users/builder/clone/build/SourcePackages/checkouts/wishkit-ios\n    builtin-copy -exclude .DS_Store -exclude CVS -exclude .svn -exclude .git -exclude .hg -strip-unsigned-binaries -strip-deterministic -strip-tool /Applications/Xcode-26.4.app/Contents/Developer/Toolchains/XcodeDefault.xctoolchain/usr/bin/strip -resolve-src-symlinks -rename /Users/builder/clone/build/Build/Intermediates.noindex/wishkit-ios.build/Release-iphoneos/WishKit.build/Objects-normal/arm64/WishKit.swiftdoc /Users/builder/clone/build/Build/Products/Release-iphoneos/WishKit.swiftmodule/arm64-apple-ios.swiftdoc\n\nCopy /Users/builder/clone/build/Build/Products/Release-iphoneos/WishKit.swiftmodule/arm64-apple-ios.abi.json /Users/builder/clone/build/Build/Intermediates.noindex/wishkit-ios.build/Release-iphoneos/WishKit.build/Objects-normal/arm64/WishKit.abi.json (in target 'WishKit' from project 'wishkit-ios')\n    cd /Users/builder/clone/build/SourcePackages/checkouts/wishkit-ios\n    builtin-copy -exclude .DS_Store -exclude CVS -exclude .svn -exclude .git -exclude .hg -strip-unsigned-binaries -strip-deterministic -strip-tool /Applications/Xcode-26.4.app/Contents/Developer/Toolchains/XcodeDefault.xctoolchain/usr/bin/strip -resolve-src-symlinks -rename /Users/builder/clone/build/Build/Intermediates.noindex/wishkit-ios.build/Release-iphoneos/WishKit.build/Objects-normal/arm64/WishKit.abi.json /Users/builder/clone/build/Build/Products/Release-iphoneos/WishKit.swiftmodule/arm64-apple-ios.abi.json\n\nCopy /Users/builder/clone/build/Build/Products/Release-iphoneos/WishKit.swiftmodule/Project/arm64-apple-ios.swiftsourceinfo /Users/builder/clone/build/Build/Intermediates.noindex/wishkit-ios.build/Release-iphoneos/WishKit.build/Objects-normal/arm64/WishKit.swiftsourceinfo (in target 'WishKit' from project 'wishkit-ios')\n    cd /Users/builder/clone/build/SourcePackages/checkouts/wishkit-ios\n    builtin-copy -exclude .DS_Store -exclude CVS -exclude .svn -exclude .git -exclude .hg -strip-unsigned-binaries -strip-deterministic -strip-tool /Applications/Xcode-26.4.app/Contents/Developer/Toolchains/XcodeDefault.xctoolchain/usr/bin/strip -resolve-src-symlinks -rename /Users/builder/clone/build/Build/Intermediates.noindex/wishkit-ios.build/Release-iphoneos/WishKit.build/Objects-normal/arm64/WishKit.swiftsourceinfo /Users/builder/clone/build/Build/Products/Release-iphoneos/WishKit.swiftmodule/Project/arm64-apple-ios.swiftsourceinfo\n\nLd /Users/builder/clone/build/Build/Products/Release-iphoneos/KeychainSwift.o normal (in target 'KeychainSwift' from project 'KeychainSwift')\n    cd /Users/builder/clone/build/SourcePackages/checkouts/keychain-swift\n    /Applications/Xcode-26.4.app/Contents/Developer/Toolchains/XcodeDefault.xctoolchain/usr/bin/clang -Xlinker -reproducible -target arm64-apple-ios12.0 -r -isysroot /Applications/Xcode-26.4.app/Contents/Developer/Platforms/iPhoneOS.platform/Developer/SDKs/iPhoneOS26.4.sdk -Os -w -F/Users/builder/clone/build/Build/Intermediates.noindex/EagerLinkingTBDs/Release-iphoneos -F/Users/builder/clone/build/Build/Products/Release-iphoneos -iframework /Applications/Xcode-26.4.app/Contents/Developer/Platforms/iPhoneOS.platform/Developer/Library/Frameworks -iframework /Applications/Xcode-26.4.app/Contents/Developer/Platforms/iPhoneOS.platform/Developer/SDKs/iPhoneOS26.4.sdk/Developer/Library/Frameworks -filelist /Users/builder/clone/build/Build/Intermediates.noindex/KeychainSwift.build/Release-iphoneos/KeychainSwift.build/Objects-normal/arm64/KeychainSwift.LinkFileList -nostdlib -Xlinker -object_path_lto -Xlinker /Users/builder/clone/build/Build/Intermediates.noindex/KeychainSwift.build/Release-iphoneos/KeychainSwift.build/Objects-normal/arm64/KeychainSwift_lto.o -Xlinker -dependency_info -Xlinker /Users/builder/clone/build/Build/Intermediates.noindex/KeychainSwift.build/Release-iphoneos/KeychainSwift.build/Objects-normal/arm64/KeychainSwift_dependency_info.dat -fobjc-link-runtime -L/Applications/Xcode-26.4.app/Contents/Developer/Toolchains/XcodeDefault.xctoolchain/usr/lib/swift/iphoneos -L/usr/lib/swift -Xlinker -add_ast_path -Xlinker /Users/builder/clone/build/Build/Intermediates.noindex/KeychainSwift.build/Release-iphoneos/KeychainSwift.build/Objects-normal/arm64/KeychainSwift.swiftmodule @/Users/builder/clone/build/Build/Intermediates.noindex/KeychainSwift.build/Release-iphoneos/KeychainSwift.build/Objects-normal/arm64/KeychainSwift-linker-args.resp -o /Users/builder/clone/build/Build/Products/Release-iphoneos/KeychainSwift.o\n\nLd /Users/builder/clone/build/Build/Products/Release-iphoneos/Gifu.o normal (in target 'Gifu' from project 'Gifu')\n    cd /Users/builder/clone/build/SourcePackages/checkouts/Gifu\n    /Applications/Xcode-26.4.app/Contents/Developer/Toolchains/XcodeDefault.xctoolchain/usr/bin/clang -Xlinker -reproducible -target arm64-apple-ios16.0 -r -isysroot /Applications/Xcode-26.4.app/Contents/Developer/Platforms/iPhoneOS.platform/Developer/SDKs/iPhoneOS26.4.sdk -Os -w -F/Users/builder/clone/build/Build/Intermediates.noindex/EagerLinkingTBDs/Release-iphoneos -F/Users/builder/clone/build/Build/Products/Release-iphoneos -iframework /Applications/Xcode-26.4.app/Contents/Developer/Platforms/iPhoneOS.platform/Developer/Library/Frameworks -iframework /Applications/Xcode-26.4.app/Contents/Developer/Platforms/iPhoneOS.platform/Developer/SDKs/iPhoneOS26.4.sdk/Developer/Library/Frameworks -filelist /Users/builder/clone/build/Build/Intermediates.noindex/Gifu.build/Release-iphoneos/Gifu.build/Objects-normal/arm64/Gifu.LinkFileList -nostdlib -Xlinker -object_path_lto -Xlinker /Users/builder/clone/build/Build/Intermediates.noindex/Gifu.build/Release-iphoneos/Gifu.build/Objects-normal/arm64/Gifu_lto.o -Xlinker -dependency_info -Xlinker /Users/builder/clone/build/Build/Intermediates.noindex/Gifu.build/Release-iphoneos/Gifu.build/Objects-normal/arm64/Gifu_dependency_info.dat -fobjc-link-runtime -L/Applications/Xcode-26.4.app/Contents/Developer/Toolchains/XcodeDefault.xctoolchain/usr/lib/swift/iphoneos -L/usr/lib/swift -Xlinker -add_ast_path -Xlinker /Users/builder/clone/build/Build/Intermediates.noindex/Gifu.build/Release-iphoneos/Gifu.build/Objects-normal/arm64/Gifu.swiftmodule @/Users/builder/clone/build/Build/Intermediates.noindex/Gifu.build/Release-iphoneos/Gifu.build/Objects-normal/arm64/Gifu-linker-args.resp -o /Users/builder/clone/build/Build/Products/Release-iphoneos/Gifu.o\n\nLd /Users/builder/clone/build/Build/Products/Release-iphoneos/ButtonKit.o normal (in target 'ButtonKit' from project 'ButtonKit')\n    cd /Users/builder/clone/build/SourcePackages/checkouts/ButtonKit\n    /Applications/Xcode-26.4.app/Contents/Developer/Toolchains/XcodeDefault.xctoolchain/usr/bin/clang -Xlinker -reproducible -target arm64-apple-ios15.0 -r -isysroot /Applications/Xcode-26.4.app/Contents/Developer/Platforms/iPhoneOS.platform/Developer/SDKs/iPhoneOS26.4.sdk -Os -w -F/Users/builder/clone/build/Build/Intermediates.noindex/EagerLinkingTBDs/Release-iphoneos -F/Users/builder/clone/build/Build/Products/Release-iphoneos -iframework /Applications/Xcode-26.4.app/Contents/Developer/Platforms/iPhoneOS.platform/Developer/Library/Frameworks -iframework /Applications/Xcode-26.4.app/Contents/Developer/Platforms/iPhoneOS.platform/Developer/SDKs/iPhoneOS26.4.sdk/Developer/Library/Frameworks -filelist /Users/builder/clone/build/Build/Intermediates.noindex/ButtonKit.build/Release-iphoneos/ButtonKit.build/Objects-normal/arm64/ButtonKit.LinkFileList -nostdlib -Xlinker -object_path_lto -Xlinker /Users/builder/clone/build/Build/Intermediates.noindex/ButtonKit.build/Release-iphoneos/ButtonKit.build/Objects-normal/arm64/ButtonKit_lto.o -Xlinker -dependency_info -Xlinker /Users/builder/clone/build/Build/Intermediates.noindex/ButtonKit.build/Release-iphoneos/ButtonKit.build/Objects-normal/arm64/ButtonKit_dependency_info.dat -fobjc-link-runtime -L/Applications/Xcode-26.4.app/Contents/Developer/Toolchains/XcodeDefault.xctoolchain/usr/lib/swift/iphoneos -L/usr/lib/swift -Xlinker -add_ast_path -Xlinker /Users/builder/clone/build/Build/Intermediates.noindex/ButtonKit.build/Release-iphoneos/ButtonKit.build/Objects-normal/arm64/ButtonKit.swiftmodule @/Users/builder/clone/build/Build/Intermediates.noindex/ButtonKit.build/Release-iphoneos/ButtonKit.build/Objects-normal/arm64/ButtonKit-linker-args.resp -o /Users/builder/clone/build/Build/Products/Release-iphoneos/ButtonKit.o\n\nExtractAppIntentsMetadata (in target 'Nuke' from project 'Nuke')\n    cd /Users/builder/clone/build/SourcePackages/checkouts/Nuke\n    /Applications/Xcode-26.4.app/Contents/Developer/Toolchains/XcodeDefault.xctoolchain/usr/bin/appintentsmetadataprocessor --toolchain-dir /Applications/Xcode-26.4.app/Contents/Developer/Toolchains/XcodeDefault.xctoolchain --module-name Nuke --sdk-root /Applications/Xcode-26.4.app/Contents/Developer/Platforms/iPhoneOS.platform/Developer/SDKs/iPhoneOS26.4.sdk --xcode-version 17E202 --platform-family iOS --deployment-target 15.0 --bundle-identifier nuke.Nuke --output /Users/builder/clone/build/Build/Products/Release-iphoneos/Nuke.appintents --target-triple arm64-apple-ios15.0 --binary-file /Users/builder/clone/build/Build/Products/Release-iphoneos/Nuke.o --dependency-file /Users/builder/clone/build/Build/Intermediates.noindex/Nuke.build/Release-iphoneos/Nuke.build/Objects-normal/arm64/Nuke_dependency_info.dat --stringsdata-file /Users/builder/clone/build/Build/Intermediates.noindex/Nuke.build/Release-iphoneos/Nuke.build/Objects-normal/arm64/ExtractedAppShortcutsMetadata.stringsdata --source-file-list /Users/builder/clone/build/Build/Intermediates.noindex/Nuke.build/Release-iphoneos/Nuke.build/Objects-normal/arm64/Nuke.SwiftFileList --metadata-file-list /Users/builder/clone/build/Build/Intermediates.noindex/Nuke.build/Release-iphoneos/Nuke.build/Nuke.DependencyMetadataFileList --static-metadata-file-list /Users/builder/clone/build/Build/Intermediates.noindex/Nuke.build/Release-iphoneos/Nuke.build/Nuke.DependencyStaticMetadataFileList --swift-const-vals-list /Users/builder/clone/build/Build/Intermediates.noindex/Nuke.build/Release-iphoneos/Nuke.build/Objects-normal/arm64/Nuke.SwiftConstValuesFileList --force --compile-time-extraction --deployment-aware-processing --validate-assistant-intents --no-app-shortcuts-localization\n2026-09-05 04:19:28.518 appintentsmetadataprocessor[2272:17497] Starting appintentsmetadataprocessor export\n2026-09-05 04:19:28.528 appintentsmetadataprocessor[2272:17497] Extracted no relevant App Intents symbols, skipping writing output\n\nExtractAppIntentsMetadata (in target 'LRUCache' from project 'LRUCache')\n    cd /Users/builder/clone/build/SourcePackages/checkouts/LRUCache\n    /Applications/Xcode-26.4.app/Contents/Developer/Toolchains/XcodeDefault.xctoolchain/usr/bin/appintentsmetadataprocessor --toolchain-dir /Applications/Xcode-26.4.app/Contents/Developer/Toolchains/XcodeDefault.xctoolchain --module-name LRUCache --sdk-root /Applications/Xcode-26.4.app/Contents/Developer/Platforms/iPhoneOS.platform/Developer/SDKs/iPhoneOS26.4.sdk --xcode-version 17E202 --platform-family iOS --deployment-target 13.0 --bundle-identifier lrucache.LRUCache --output /Users/builder/clone/build/Build/Products/Release-iphoneos/LRUCache.appintents --target-triple arm64-apple-ios13.0 --binary-file /Users/builder/clone/build/Build/Products/Release-iphoneos/LRUCache.o --dependency-file /Users/builder/clone/build/Build/Intermediates.noindex/LRUCache.build/Release-iphoneos/LRUCache.build/Objects-normal/arm64/LRUCache_dependency_info.dat --stringsdata-file /Users/builder/clone/build/Build/Intermediates.noindex/LRUCache.build/Release-iphoneos/LRUCache.build/Objects-normal/arm64/ExtractedAppShortcutsMetadata.stringsdata --source-file-list /Users/builder/clone/build/Build/Intermediates.noindex/LRUCache.build/Release-iphoneos/LRUCache.build/Objects-normal/arm64/LRUCache.SwiftFileList --metadata-file-list /Users/builder/clone/build/Build/Intermediates.noindex/LRUCache.build/Release-iphoneos/LRUCache.build/LRUCache.DependencyMetadataFileList --static-metadata-file-list /Users/builder/clone/build/Build/Intermediates.noindex/LRUCache.build/Release-iphoneos/LRUCache.build/LRUCache.DependencyStaticMetadataFileList --swift-const-vals-list /Users/builder/clone/build/Build/Intermediates.noindex/LRUCache.build/Release-iphoneos/LRUCache.build/Objects-normal/arm64/LRUCache.SwiftConstValuesFileList --force --compile-time-extraction --deployment-aware-processing --validate-assistant-intents --no-app-shortcuts-localization\n2026-09-05 04:19:28.548 appintentsmetadataprocessor[2273:17501] Starting appintentsmetadataprocessor export\n2026-09-05 04:19:28.558 appintentsmetadataprocessor[2273:17501] Extracted no relevant App Intents symbols, skipping writing output\n\nLd /Users/builder/clone/build/Build/Products/Release-iphoneos/WishKit.o normal (in target 'WishKit' from project 'wishkit-ios')\n    cd /Users/builder/clone/build/SourcePackages/checkouts/wishkit-ios\n    /Applications/Xcode-26.4.app/Contents/Developer/Toolchains/XcodeDefault.xctoolchain/usr/bin/clang -Xlinker -reproducible -target arm64-apple-ios16.0 -r -isysroot /Applications/Xcode-26.4.app/Contents/Developer/Platforms/iPhoneOS.platform/Developer/SDKs/iPhoneOS26.4.sdk -Os -w -F/Users/builder/clone/build/Build/Intermediates.noindex/EagerLinkingTBDs/Release-iphoneos -F/Users/builder/clone/build/Build/Products/Release-iphoneos/PackageFrameworks -F/Users/builder/clone/build/Build/Products/Release-iphoneos -iframework /Applications/Xcode-26.4.app/Contents/Developer/Platforms/iPhoneOS.platform/Developer/Library/Frameworks -iframework /Applications/Xcode-26.4.app/Contents/Developer/Platforms/iPhoneOS.platform/Developer/SDKs/iPhoneOS26.4.sdk/Developer/Library/Frameworks -filelist /Users/builder/clone/build/Build/Intermediates.noindex/wishkit-ios.build/Release-iphoneos/WishKit.build/Objects-normal/arm64/WishKit.LinkFileList -nostdlib -Xlinker -object_path_lto -Xlinker /Users/builder/clone/build/Build/Intermediates.noindex/wishkit-ios.build/Release-iphoneos/WishKit.build/Objects-normal/arm64/WishKit_lto.o -Xlinker -dependency_info -Xlinker /Users/builder/clone/build/Build/Intermediates.noindex/wishkit-ios.build/Release-iphoneos/WishKit.build/Objects-normal/arm64/WishKit_dependency_info.dat -fobjc-link-runtime -L/Applications/Xcode-26.4.app/Contents/Developer/Toolchains/XcodeDefault.xctoolchain/usr/lib/swift/iphoneos -L/usr/lib/swift -Xlinker -add_ast_path -Xlinker /Users/builder/clone/build/Build/Intermediates.noindex/wishkit-ios.build/Release-iphoneos/WishKit.build/Objects-normal/arm64/WishKit.swiftmodule @/Users/builder/clone/build/Build/Intermediates.noindex/wishkit-ios.build/Release-iphoneos/WishKit.build/Objects-normal/arm64/WishKit-linker-args.resp -o /Users/builder/clone/build/Build/Products/Release-iphoneos/WishKit.o\n\nExtractAppIntentsMetadata (in target 'WishKit' from project 'wishkit-ios')\n    cd /Users/builder/clone/build/SourcePackages/checkouts/wishkit-ios\n    /Applications/Xcode-26.4.app/Contents/Developer/Toolchains/XcodeDefault.xctoolchain/usr/bin/appintentsmetadataprocessor --toolchain-dir /Applications/Xcode-26.4.app/Contents/Developer/Toolchains/XcodeDefault.xctoolchain --module-name WishKit --sdk-root /Applications/Xcode-26.4.app/Contents/Developer/Platforms/iPhoneOS.platform/Developer/SDKs/iPhoneOS26.4.sdk --xcode-version 17E202 --platform-family iOS --deployment-target 16.0 --bundle-identifier wishkit-ios.WishKit --output /Users/builder/clone/build/Build/Products/Release-iphoneos/WishKit.appintents --target-triple arm64-apple-ios16.0 --binary-file /Users/builder/clone/build/Build/Products/Release-iphoneos/WishKit.o --dependency-file /Users/builder/clone/build/Build/Intermediates.noindex/wishkit-ios.build/Release-iphoneos/WishKit.build/Objects-normal/arm64/WishKit_dependency_info.dat --stringsdata-file /Users/builder/clone/build/Build/Intermediates.noindex/wishkit-ios.build/Release-iphoneos/WishKit.build/Objects-normal/arm64/ExtractedAppShortcutsMetadata.stringsdata --source-file-list /Users/builder/clone/build/Build/Intermediates.noindex/wishkit-ios.build/Release-iphoneos/WishKit.build/Objects-normal/arm64/WishKit.SwiftFileList --metadata-file-list /Users/builder/clone/build/Build/Intermediates.noindex/wishkit-ios.build/Release-iphoneos/WishKit.build/WishKit.DependencyMetadataFileList --static-metadata-file-list /Users/builder/clone/build/Build/Intermediates.noindex/wishkit-ios.build/Release-iphoneos/WishKit.build/WishKit.DependencyStaticMetadataFileList --swift-const-vals-list /Users/builder/clone/build/Build/Intermediates.noindex/wishkit-ios.build/Release-iphoneos/WishKit.build/Objects-normal/arm64/WishKit.SwiftConstValuesFileList --force --compile-time-extraction --deployment-aware-processing --validate-assistant-intents --no-app-shortcuts-localization\n2026-09-05 04:19:28.630 appintentsmetadataprocessor[2276:17511] Starting appintentsmetadataprocessor export\n2026-09-05 04:19:28.640 appintentsmetadataprocessor[2276:17511] Extracted no relevant App Intents symbols, skipping writing output\n\nRegisterExecutionPolicyException /Users/builder/clone/build/Build/Products/Release-iphoneos/TelemetryDeck.o (in target 'TelemetryDeck' from project 'TelemetryDeck')\n    cd /Users/builder/clone/build/SourcePackages/checkouts/SwiftSDK\n    builtin-RegisterExecutionPolicyException /Users/builder/clone/build/Build/Products/Release-iphoneos/TelemetryDeck.o\n\nRegisterExecutionPolicyException /Users/builder/clone/build/Build/Products/Release-iphoneos/WishKit.o (in target 'WishKit' from project 'wishkit-ios')\n    cd /Users/builder/clone/build/SourcePackages/checkouts/wishkit-ios\n    builtin-RegisterExecutionPolicyException /Users/builder/clone/build/Build/Products/Release-iphoneos/WishKit.o\n\nRegisterExecutionPolicyException /Users/builder/clone/build/Build/Products/Release-iphoneos/SwiftUIIntrospect.o (in target 'SwiftUIIntrospect' from project 'swiftui-introspect')\n    cd /Users/builder/clone/build/SourcePackages/checkouts/swiftui-introspect\n    builtin-RegisterExecutionPolicyException /Users/builder/clone/build/Build/Products/Release-iphoneos/SwiftUIIntrospect.o\n\nRegisterExecutionPolicyException /Users/builder/clone/build/Build/Products/Release-iphoneos/SQLite.o (in target 'SQLite' from project 'SQLite.swift')\n    cd /Users/builder/clone/build/SourcePackages/checkouts/SQLite.swift\n    builtin-RegisterExecutionPolicyException /Users/builder/clone/build/Build/Products/Release-iphoneos/SQLite.o\n\nSwiftDriver NukeUI normal arm64 com.apple.xcode.tools.swift.compiler (in target 'NukeUI' from project 'Nuke')\n    cd /Users/builder/clone/IceCubesApp.xcodeproj\n    builtin-SwiftDriver -- /Applications/Xcode-26.4.app/Contents/Developer/Toolchains/XcodeDefault.xctoolchain/usr/bin/swiftc -module-name NukeUI -O -whole-module-optimization @/Users/builder/clone/build/Build/Intermediates.noindex/Nuke.build/Release-iphoneos/NukeUI.build/Objects-normal/arm64/NukeUI.SwiftFileList -DSWIFT_PACKAGE -DSWIFT_MODULE_RESOURCE_BUNDLE_UNAVAILABLE -DXcode -plugin-path /Applications/Xcode-26.4.app/Contents/Developer/Toolchains/XcodeDefault.xctoolchain/usr/lib/swift/host/plugins/testing -enable-experimental-feature DebugDescriptionMacro -sdk /Applications/Xcode-26.4.app/Contents/Developer/Platforms/iPhoneOS.platform/Developer/SDKs/iPhoneOS26.4.sdk -target arm64-apple-ios15.0 -g -module-cache-path /Users/builder/clone/build/ModuleCache.noindex -Xfrontend -serialize-debugging-options -suppress-warnings -swift-version 6 -I /Users/builder/clone/build/Build/Products/Release-iphoneos -Isystem /Applications/Xcode-26.4.app/Contents/Developer/Platforms/iPhoneOS.platform/Developer/usr/lib -F /Users/builder/clone/build/Build/Products/Release-iphoneos/PackageFrameworks -F /Users/builder/clone/build/Build/Products/Release-iphoneos -F /Applications/Xcode-26.4.app/Contents/Developer/Platforms/iPhoneOS.platform/Developer/Library/Frameworks -F /Applications/Xcode-26.4.app/Contents/Developer/Platforms/iPhoneOS.platform/Developer/SDKs/iPhoneOS26.4.sdk/Developer/Library/Frameworks -c -num-threads 3 -Xcc -ivfsstatcache -Xcc /Users/builder/clone/build/SDKStatCaches.noindex/iphoneos26.4-23E252-dc38477e7e47e42951976ad86cc01fb3.sdkstatcache -output-file-map /Users/builder/clone/build/Build/Intermediates.noindex/Nuke.build/Release-iphoneos/NukeUI.build/Objects-normal/arm64/NukeUI-OutputFileMap.json -use-frontend-parseable-output -save-temps -no-color-diagnostics -explicit-module-build -module-cache-path /Users/builder/clone/build/Build/Intermediates.noindex/SwiftExplicitPrecompiledModules -clang-scanner-module-cache-path /Users/builder/clone/build/ModuleCache.noindex -sdk-module-cache-path /Users/builder/clone/build/ModuleCache.noindex -serialize-diagnostics -emit-dependencies -emit-module -emit-module-path /Users/builder/clone/build/Build/Intermediates.noindex/Nuke.build/Release-iphoneos/NukeUI.build/Objects-normal/arm64/NukeUI.swiftmodule -user-module-version 13.2.0 -validate-clang-modules-once -clang-build-session-file /Users/builder/clone/build/ModuleCache.noindex/Session.modulevalidation -package-name nuke -Xcc -I/Users/builder/clone/build/Build/Intermediates.noindex/Nuke.build/Release-iphoneos/NukeUI.build/swift-overrides.hmap -emit-const-values -Xfrontend -const-gather-protocols-file -Xfrontend /Users/builder/clone/build/Build/Intermediates.noindex/Nuke.build/Release-iphoneos/NukeUI.build/Objects-normal/arm64/NukeUI_const_extract_protocols.json -Xcc -I/Users/builder/clone/build/Build/Products/Release-iphoneos/include -Xcc -I/Users/builder/clone/build/Build/Intermediates.noindex/Nuke.build/Release-iphoneos/NukeUI.build/DerivedSources-normal/arm64 -Xcc -I/Users/builder/clone/build/Build/Intermediates.noindex/Nuke.build/Release-iphoneos/NukeUI.build/DerivedSources/arm64 -Xcc -I/Users/builder/clone/build/Build/Intermediates.noindex/Nuke.build/Release-iphoneos/NukeUI.build/DerivedSources -Xcc -DSWIFT_PACKAGE -emit-objc-header -emit-objc-header-path /Users/builder/clone/build/Build/Intermediates.noindex/Nuke.build/Release-iphoneos/NukeUI.build/Objects-normal/arm64/NukeUI-Swift.h -working-directory /Users/builder/clone/IceCubesApp.xcodeproj -no-emit-module-separately-wmo\n\nRegisterExecutionPolicyException /Users/builder/clone/build/Build/Products/Release-iphoneos/SFSafeSymbols.o (in target 'SFSafeSymbols' from project 'SFSafeSymbols')\n    cd /Users/builder/clone/build/SourcePackages/checkouts/SFSafeSymbols\n    builtin-RegisterExecutionPolicyException /Users/builder/clone/build/Build/Products/Release-iphoneos/SFSafeSymbols.o\n\nSwiftCompile normal arm64 Compiling\\ FetchImage.swift,\\ Internal.swift,\\ LazyImage.swift,\\ LazyImageState.swift,\\ LazyImageView.swift /Users/builder/clone/build/SourcePackages/checkouts/Nuke/Sources/NukeUI/FetchImage.swift /Users/builder/clone/build/SourcePackages/checkouts/Nuke/Sources/NukeUI/Internal.swift /Users/builder/clone/build/SourcePackages/checkouts/Nuke/Sources/NukeUI/LazyImage.swift /Users/builder/clone/build/SourcePackages/checkouts/Nuke/Sources/NukeUI/LazyImageState.swift /Users/builder/clone/build/SourcePackages/checkouts/Nuke/Sources/NukeUI/LazyImageView.swift /Applications/Xcode-26.4.app/Contents/Developer/Toolchains/XcodeDefault.xctoolchain/usr/lib/swift/iphoneos/prebuilt-modules/26.4/QuartzCore.swiftmodule/arm64e-apple-ios.swiftmodule /Applications/Xcode-26.4.app/Contents/Developer/Toolchains/XcodeDefault.xctoolchain/usr/lib/swift/iphoneos/prebuilt-modules/26.4/UniformTypeIdentifiers.swiftmodule/arm64e-apple-ios.swiftmodule /Applications/Xcode-26.4.app/Contents/Developer/Toolchains/XcodeDefault.xctoolchain/usr/lib/swift/iphoneos/prebuilt-modules/26.4/CoreGraphics.swiftmodule/arm64e-apple-ios.swiftmodule /Applications/Xcode-26.4.app/Contents/Developer/Toolchains/XcodeDefault.xctoolchain/usr/lib/swift/iphoneos/prebuilt-modules/26.4/_StringProcessing.swiftmodule/arm64e-apple-ios.swiftmodule /Applications/Xcode-26.4.app/Contents/Developer/Toolchains/XcodeDefault.xctoolchain/usr/lib/swift/iphoneos/prebuilt-modules/26.4/SwiftUICore.swiftmodule/arm64e-apple-ios.swiftmodule /Applications/Xcode-26.4.app/Contents/Developer/Toolchains/XcodeDefault.xctoolchain/usr/lib/swift/iphoneos/prebuilt-modules/26.4/simd.swiftmodule/arm64e-apple-ios.swiftmodule /Applications/Xcode-26.4.app/Contents/Developer/Toolchains/XcodeDefault.xctoolchain/usr/lib/swift/iphoneos/prebuilt-modules/26.4/Metal.swiftmodule/arm64e-apple-ios.swiftmodule /Applications/Xcode-26.4.app/Contents/Developer/Toolchains/XcodeDefault.xctoolchain/usr/lib/swift/iphoneos/prebuilt-modules/26.4/DataDetection.swiftmodule/arm64e-apple-ios.swiftmodule /Applications/Xcode-26.4.app/Contents/Developer/Toolchains/XcodeDefault.xctoolchain/usr/lib/swift/iphoneos/prebuilt-modules/26.4/Network.swiftmodule/arm64e-apple-ios.swiftmodule /Applications/Xcode-26.4.app/Contents/Developer/Toolchains/XcodeDefault.xctoolchain/usr/lib/swift/iphoneos/prebuilt-modules/26.4/Combine.swiftmodule/arm64e-apple-ios.swiftmodule /Applications/Xcode-26.4.app/Contents/Developer/Toolchains/XcodeDefault.xctoolchain/usr/lib/swift/iphoneos/prebuilt-modules/26.4/CoreFoundation.swiftmodule/arm64e-apple-ios.swiftmodule /Applications/Xcode-26.4.app/Contents/Developer/Toolchains/XcodeDefault.xctoolchain/usr/lib/swift/iphoneos/prebuilt-modules/26.4/_Builtin_float.swiftmodule/arm64e-apple-ios.swiftmodule /Applications/Xcode-26.4.app/Contents/Developer/Toolchains/XcodeDefault.xctoolchain/usr/lib/swift/iphoneos/prebuilt-modules/26.4/_Concurrency.swiftmodule/arm64e-apple-ios.swiftmodule /Applications/Xcode-26.4.app/Contents/Developer/Toolchains/XcodeDefault.xctoolchain/usr/lib/swift/iphoneos/prebuilt-modules/26.4/FileProvider.swiftmodule/arm64e-apple-ios.swiftmodule /Applications/Xcode-26.4.app/Contents/Developer/Toolchains/XcodeDefault.xctoolchain/usr/lib/swift/iphoneos/prebuilt-modules/26.4/AVKit.swiftmodule/arm64e-apple-ios.swiftmodule /Applications/Xcode-26.4.app/Contents/Developer/Toolchains/XcodeDefault.xctoolchain/usr/lib/swift/iphoneos/prebuilt-modules/26.4/TipKit.swiftmodule/arm64e-apple-ios.swiftmodule /Applications/Xcode-26.4.app/Contents/Developer/Toolchains/XcodeDefault.xctoolchain/usr/lib/swift/iphoneos/prebuilt-modules/26.4/Darwin.swiftmodule/arm64e-apple-ios.swiftmodule /Applications/Xcode-26.4.app/Contents/Developer/Toolchains/XcodeDefault.xctoolchain/usr/lib/swift/iphoneos/prebuilt-modules/26.4/_DarwinFoundation3.swiftmodule/arm64e-apple-ios.swiftmodule /Applications/Xcode-26.4.app/Contents/Developer/Toolchains/XcodeDefault.xctoolchain/usr/lib/swift/iphoneos/prebuilt-modules/26.4/CoreImage.swiftmodule/arm64e-apple-ios.swiftmodule /Applications/Xcode-26.4.app/Contents/Developer/Toolchains/XcodeDefault.xctoolchain/usr/lib/swift/iphoneos/prebuilt-modules/26.4/XPC.swiftmodule/arm64e-apple-ios.swiftmodule /Applications/Xcode-26.4.app/Contents/Developer/Toolchains/XcodeDefault.xctoolchain/usr/lib/swift/iphoneos/prebuilt-modules/26.4/Accelerate.swiftmodule/arm64e-apple-ios.swiftmodule /Applications/Xcode-26.4.app/Contents/Developer/Toolchains/XcodeDefault.xctoolchain/usr/lib/swift/iphoneos/prebuilt-modules/26.4/CoreData.swiftmodule/arm64e-apple-ios.swiftmodule /Applications/Xcode-26.4.app/Contents/Developer/Toolchains/XcodeDefault.xctoolchain/usr/lib/swift/iphoneos/prebuilt-modules/26.4/OSLog.swiftmodule/arm64e-apple-ios.swiftmodule /Applications/Xcode-26.4.app/Contents/Developer/Toolchains/XcodeDefault.xctoolchain/usr/lib/swift/iphoneos/prebuilt-modules/26.4/AVFAudio.swiftmodule/arm64e-apple-ios.swiftmodule /Applications/Xcode-26.4.app/Contents/Developer/Toolchains/XcodeDefault.xctoolchain/usr/lib/swift/iphoneos/prebuilt-modules/26.4/CoreMIDI.swiftmodule/arm64e-apple-ios.swiftmodule /Applications/Xcode-26.4.app/Contents/Developer/Toolchains/XcodeDefault.xctoolchain/usr/lib/swift/iphoneos/prebuilt-modules/26.4/_DarwinFoundation1.swiftmodule/arm64e-apple-ios.swiftmodule /Applications/Xcode-26.4.app/Contents/Developer/Toolchains/XcodeDefault.xctoolchain/usr/lib/swift/iphoneos/prebuilt-modules/26.4/AudioToolbox.swiftmodule/arm64e-apple-ios.swiftmodule /Applications/Xcode-26.4.app/Contents/Developer/Toolchains/XcodeDefault.xctoolchain/usr/lib/swift/iphoneos/prebuilt-modules/26.4/Spatial.swiftmodule/arm64e-apple-ios.swiftmodule /Applications/Xcode-26.4.app/Contents/Developer/Toolchains/XcodeDefault.xctoolchain/usr/lib/swift/iphoneos/prebuilt-modules/26.4/DeveloperToolsSupport.swiftmodule/arm64e-apple-ios.swiftmodule /Applications/Xcode-26.4.app/Contents/Developer/Toolchains/XcodeDefault.xctoolchain/usr/lib/swift/iphoneos/prebuilt-modules/26.4/CoreVideo.swiftmodule/arm64e-apple-ios.swiftmodule /Applications/Xcode-26.4.app/Contents/Developer/Toolchains/XcodeDefault.xctoolchain/usr/lib/swift/iphoneos/prebuilt-modules/26.4/Swift.swiftmodule/arm64e-apple-ios.swiftmodule /Applications/Xcode-26.4.app/Contents/Developer/Toolchains/XcodeDefault.xctoolchain/usr/lib/swift/iphoneos/prebuilt-modules/26.4/_DarwinFoundation2.swiftmodule/arm64e-apple-ios.swiftmodule /Applications/Xcode-26.4.app/Contents/Developer/Toolchains/XcodeDefault.xctoolchain/usr/lib/swift/iphoneos/prebuilt-modules/26.4/System.swiftmodule/arm64e-apple-ios.swiftmodule /Applications/Xcode-26.4.app/Contents/Developer/Toolchains/XcodeDefault.xctoolchain/usr/lib/swift/iphoneos/prebuilt-modules/26.4/CoreTransferable.swiftmodule/arm64e-apple-ios.swiftmodule /Applications/Xcode-26.4.app/Contents/Developer/Toolchains/XcodeDefault.xctoolchain/usr/lib/swift/iphoneos/prebuilt-modules/26.4/Synchronization.swiftmodule/arm64e-apple-ios.swiftmodule /Applications/Xcode-26.4.app/Contents/Developer/Toolchains/XcodeDefault.xctoolchain/usr/lib/swift/iphoneos/prebuilt-modules/26.4/Distributed.swiftmodule/arm64e-apple-ios.swiftmodule /Users/builder/clone/build/Build/Products/Release-iphoneos/Nuke.swiftmodule/arm64-apple-ios.swiftmodule /Applications/Xcode-26.4.app/Contents/Developer/Toolchains/XcodeDefault.xctoolchain/usr/lib/swift/iphoneos/prebuilt-modules/26.4/CoreMedia.swiftmodule/arm64e-apple-ios.swiftmodule /Applications/Xcode-26.4.app/Contents/Developer/Toolchains/XcodeDefault.xctoolchain/usr/lib/swift/iphoneos/prebuilt-modules/26.4/os.swiftmodule/arm64e-apple-ios.swiftmodule /Applications/Xcode-26.4.app/Contents/Developer/Toolchains/XcodeDefault.xctoolchain/usr/lib/swift/iphoneos/prebuilt-modules/26.4/Foundation.swiftmodule/arm64e-apple-ios.swiftmodule /Applications/Xcode-26.4.app/Contents/Developer/Toolchains/XcodeDefault.xctoolchain/usr/lib/swift/iphoneos/prebuilt-modules/26.4/MediaAccessibility.swiftmodule/arm64e-apple-ios.swiftmodule /Applications/Xcode-26.4.app/Contents/Developer/Toolchains/XcodeDefault.xctoolchain/usr/lib/swift/iphoneos/prebuilt-modules/26.4/CoreText.swiftmodule/arm64e-apple-ios.swiftmodule /Applications/Xcode-26.4.app/Contents/Developer/Toolchains/XcodeDefault.xctoolchain/usr/lib/swift/iphoneos/prebuilt-modules/26.4/CoreAudio.swiftmodule/arm64e-apple-ios.swiftmodule /Applications/Xcode-26.4.app/Contents/Developer/Toolchains/XcodeDefault.xctoolchain/usr/lib/swift/iphoneos/prebuilt-modules/26.4/LocalAuthentication.swiftmodule/arm64e-apple-ios.swiftmodule /Applications/Xcode-26.4.app/Contents/Developer/Toolchains/XcodeDefault.xctoolchain/usr/lib/swift/iphoneos/prebuilt-modules/26.4/SwiftUI.swiftmodule/arm64e-apple-ios.swiftmodule /Applications/Xcode-26.4.app/Contents/Developer/Toolchains/XcodeDefault.xctoolchain/usr/lib/swift/iphoneos/prebuilt-modules/26.4/Dispatch.swiftmodule/arm64e-apple-ios.swiftmodule /Applications/Xcode-26.4.app/Contents/Developer/Toolchains/XcodeDefault.xctoolchain/usr/lib/swift/iphoneos/prebuilt-modules/26.4/CryptoKit.swiftmodule/arm64e-apple-ios.swiftmodule /Applications/Xcode-26.4.app/Contents/Developer/Toolchains/XcodeDefault.xctoolchain/usr/lib/swift/iphoneos/prebuilt-modules/26.4/ObjectiveC.swiftmodule/arm64e-apple-ios.swiftmodule /Applications/Xcode-26.4.app/Contents/Developer/Toolchains/XcodeDefault.xctoolchain/usr/lib/swift/iphoneos/prebuilt-modules/26.4/Accessibility.swiftmodule/arm64e-apple-ios.swiftmodule /Applications/Xcode-26.4.app/Contents/Developer/Toolchains/XcodeDefault.xctoolchain/usr/lib/swift/iphoneos/prebuilt-modules/26.4/Observation.swiftmodule/arm64e-apple-ios.swiftmodule /Applications/Xcode-26.4.app/Contents/Developer/Toolchains/XcodeDefault.xctoolchain/usr/lib/swift/iphoneos/prebuilt-modules/26.4/UIKit.swiftmodule/arm64e-apple-ios.swiftmodule /Applications/Xcode-26.4.app/Contents/Developer/Toolchains/XcodeDefault.xctoolchain/usr/lib/swift/iphoneos/prebuilt-modules/26.4/AVFoundation.swiftmodule/arm64e-apple-ios.swiftmodule /Applications/Xcode-26.4.app/Contents/Developer/Toolchains/XcodeDefault.xctoolchain/usr/lib/swift/iphoneos/prebuilt-modules/26.4/Symbols.swiftmodule/arm64e-apple-ios.swiftmodule /Users/builder/clone/build/ModuleCache.noindex/XPC-83H6M22GN0LJJMP6IVF07J1T3.pcm /Users/builder/clone/build/ModuleCache.noindex/CoreFoundation-2INE8R3HT0NQOAMD08EAY60NQ.pcm /Users/builder/clone/build/ModuleCache.noindex/CoreAudioTypes-4X3LTNJW00ZV5RR46YCJMTV8K.pcm /Users/builder/clone/build/ModuleCache.noindex/Spatial-7321YNVRFT2NYPGYRS6LO6OB8.pcm /Users/builder/clone/build/ModuleCache.noindex/IOSurface-ESNQSTFGAKOFKL0AHHMLA2M7K.pcm /Users/builder/clone/build/ModuleCache.noindex/CoreGraphics-BYW19FT7DN8S5UQ65XLAXKIRB.pcm /Users/builder/clone/build/ModuleCache.noindex/simd-BSWSXRLML747D1I3MKXIS72QO.pcm /Users/builder/clone/build/ModuleCache.noindex/os-VN4E92RQR7U9PJADXD7BSCO5.pcm /Users/builder/clone/build/ModuleCache.noindex/SwiftUICore-K6N5BX0PK7EO76ERJVXDY9W5.pcm /Users/builder/clone/build/ModuleCache.noindex/Darwin-6RKUUF4EH2R721CA2RMUMBGM.pcm /Users/builder/clone/build/ModuleCache.noindex/AVFAudio-EMEC8IQBDSMT9ZPVF08D65G4R.pcm /Users/builder/clone/build/ModuleCache.noindex/CoreVideo-CAF6XWOYMNTN9TK6VWLNIH3C5.pcm /Users/builder/clone/build/ModuleCache.noindex/AudioToolbox-37K6BL3CCSU6MJSBX3FPQ6WJW.pcm /Users/builder/clone/build/ModuleCache.noindex/dnssd-A20YF3E8OGAPSTCJV52QV3FTD.pcm /Users/builder/clone/build/ModuleCache.noindex/_Builtin_inttypes-BDDTEDMVWUP4QDWT2P9QEWF54.pcm /Users/builder/clone/build/ModuleCache.noindex/_SwiftConcurrencyShims-CHQ5P6QLKPZP1WOW5JG11BOT6.pcm /Users/builder/clone/build/ModuleCache.noindex/_Builtin_stddef-8IK85O58DGRDUMM87197TSPI.pcm /Users/builder/clone/build/ModuleCache.noindex/CoreAudio-E4KLR1PCHKJAV1PIVUTEKVVIQ.pcm /Users/builder/clone/build/ModuleCache.noindex/_Builtin_stdint-BY1E7A3YMCKR9BQHIRHXF627F.pcm /Users/builder/clone/build/ModuleCache.noindex/AVRouting-72KFL8EP9SH78APBSZXW4CXTO.pcm /Users/builder/clone/build/ModuleCache.noindex/CoreImage-197CZCAPBVBNVFAAM6QMD3OAM.pcm /Users/builder/clone/build/ModuleCache.noindex/os_object-5DJUYTWMFLH6P3NXZJKLUNUPU.pcm /Users/builder/clone/build/ModuleCache.noindex/sys_types-4YSRAH9YYNB3I66HHQWOQEM6L.pcm /Users/builder/clone/build/ModuleCache.noindex/_Builtin_stdatomic-4C4KLUK64YOJ8Y6GZ37Y6UN7C.pcm /Users/builder/clone/build/ModuleCache.noindex/CoreTransferable-B5CV2GWW0SLB0OWR5YV68MGYP.pcm /Users/builder/clone/build/ModuleCache.noindex/ObjectiveC-5B0MBDYIVRE8T5RMG8FSUAJAC.pcm /Users/builder/clone/build/ModuleCache.noindex/AVKit-59ZTBFH8DYC0XNYJ427K3L618.pcm /Users/builder/clone/build/ModuleCache.noindex/OSLog-4D6PR7NKYEG76TEDB6O79JTT5.pcm /Users/builder/clone/build/ModuleCache.noindex/CFNetwork-BV2YOXQR3QGCZZC1FYZ35ME6C.pcm /Users/builder/clone/build/ModuleCache.noindex/OpenGLES-4WHAPQZ50BKGVGRE57NIPC1Q3.pcm /Users/builder/clone/build/ModuleCache.noindex/Dispatch-EKXSOI9AGDVEYYTP3JDSKW2W.pcm /Users/builder/clone/build/ModuleCache.noindex/SwiftUI-AK1XGHATEPFTJ70AWO7W6AWK9.pcm /Users/builder/clone/build/ModuleCache.noindex/MediaToolbox-2917HOP5DDQAKYY8WSXVPMU8S.pcm /Users/builder/clone/build/ModuleCache.noindex/_DarwinFoundation3-DQKFTYUE0CHO3ZH6HIURZWJNS.pcm /Users/builder/clone/build/ModuleCache.noindex/ImageIO-B333V7XDYJWJU9NTF8Y2MV80I.pcm /Users/builder/clone/build/ModuleCache.noindex/_Builtin_limits-XHLD784D8WPPZQEXHGFC55BF.pcm /Users/builder/clone/build/ModuleCache.noindex/Metal-API99ACLGVJ0LCOD8H2BFQXJW.pcm /Users/builder/clone/build/ModuleCache.noindex/CoreMIDI-ADG2I8M69LFBT9KFXB19H6E99.pcm /Users/builder/clone/build/ModuleCache.noindex/_Builtin_tgmath-5IEHEMEP25RCBXTADL8PLI512.pcm /Users/builder/clone/build/ModuleCache.noindex/DeveloperToolsSupport-6TKJ89Z9VNTO3LJSI4PGGBY39.pcm /Users/builder/clone/build/ModuleCache.noindex/SwiftShims-8FO93YKE1WBUL8ZVXE6V0W7TF.pcm /Users/builder/clone/build/ModuleCache.noindex/AVFoundation-BQY5X336LE6ZWWR1HNSR0RE7J.pcm /Users/builder/clone/build/ModuleCache.noindex/Symbols-4IY2GWUB7DFGPSE124NUDODPN.pcm /Users/builder/clone/build/ModuleCache.noindex/UIKit-EONTKDDW1VYYMIHYDJLTUSBW2.pcm /Users/builder/clone/build/ModuleCache.noindex/UserNotifications-7Q0Y5OT179CFY0A1S1OWG7EVS.pcm /Users/builder/clone/build/ModuleCache.noindex/_Builtin_float-85JALJ7TDDJVRCDY2BGUERQAS.pcm /Users/builder/clone/build/ModuleCache.noindex/_DarwinFoundation2-5VUBEIZBEOC3ULBJKT8JJE3XM.pcm /Users/builder/clone/build/ModuleCache.noindex/LocalAuthentication-BKFV3ZRCA2YKR4PRSRFJK5PKZ.pcm /Users/builder/clone/build/ModuleCache.noindex/MediaAccessibility-9O905G1XAO6NY6E1S8YLPOBLD.pcm /Users/builder/clone/build/ModuleCache.noindex/FileProvider-ES1PGXV7F10JITUURTEVQ4MOF.pcm /Users/builder/clone/build/ModuleCache.noindex/CoreMedia-R4Z9G714E53P64SLQRI4IG76.pcm /Users/builder/clone/build/ModuleCache.noindex/_Builtin_stdbool-2ILQPNNY1Q1DQQK2TZ9WXC57G.pcm /Users/builder/clone/build/ModuleCache.noindex/UniformTypeIdentifiers-NWOMNHVYXZ1L8FHFL7TN9RLG.pcm /Users/builder/clone/build/ModuleCache.noindex/os_workgroup-B4SMTMQEDV9ZG1HPU7XWJA5NQ.pcm /Users/builder/clone/build/ModuleCache.noindex/Foundation-8QW824YXXHXXCI7ILXW8ILV1G.pcm /Users/builder/clone/build/ModuleCache.noindex/Network-4IMRDGVC8RKD422IRJOYW22FL.pcm /Users/builder/clone/build/ModuleCache.noindex/_AvailabilityInternal-DFS0JW4PZLXT848C3VTWTDSUS.pcm /Users/builder/clone/build/ModuleCache.noindex/Accelerate-BXICWY5ZH75NI4STWSHJH8B4J.pcm /Users/builder/clone/build/ModuleCache.noindex/QuartzCore-82L8I9S4QDPKIBSA5DE1CX6QA.pcm /Users/builder/clone/build/ModuleCache.noindex/MachO-DZMS1HU305V4D7CIKLN8WSEFR.pcm /Users/builder/clone/build/ModuleCache.noindex/UIUtilities-6JOADBKTSE4NPC88FM5OYVU8P.pcm /Users/builder/clone/build/ModuleCache.noindex/CoreText-31JI8H8TNAKKRE4OOY1XBI0EE.pcm /Users/builder/clone/build/ModuleCache.noindex/_Builtin_intrinsics-6PL1ODUCDDBVU2XKNN1VZ5ND7.pcm /Users/builder/clone/build/ModuleCache.noindex/ptrauth-6LUUL5WAG7REBSNPZZB05FMLV.pcm /Users/builder/clone/build/ModuleCache.noindex/CoreData-DNZRGA7JMAH6GG8WDWQ4NGNR2.pcm /Users/builder/clone/build/ModuleCache.noindex/Security-5WQIKACZXTIZWZ5UPCCB04Z6K.pcm /Users/builder/clone/build/ModuleCache.noindex/_DarwinFoundation1-BY8IH101M5CDB167KVTIL0C1Z.pcm /Users/builder/clone/build/ModuleCache.noindex/ptrcheck-EOTZRFSYY3Z8DNJPOZG8CPHUK.pcm /Users/builder/clone/build/ModuleCache.noindex/Accessibility-3RX97MFHHJGQXOG4G0VI5N8UT.pcm /Users/builder/clone/build/ModuleCache.noindex/DataDetection-QZCUY58ELATMPGLV3YTCHC3Q.pcm /Users/builder/clone/build/ModuleCache.noindex/_Builtin_stdarg-5R2Y5DQ9CCCL9AXNPNWQHLN9D.pcm /Users/builder/clone/build/Build/Intermediates.noindex/Nuke.build/Release-iphoneos/NukeUI.build/Objects-normal/arm64/NukeUI-dependencies-1.json (in target 'NukeUI' from project 'Nuke')\n\nCompileSwift normal arm64 (in target 'NukeUI' from project 'Nuke')\n    cd /Users/builder/clone/IceCubesApp.xcodeproj\n    \n\nSwiftDriver\\ Compilation NukeUI normal arm64 com.apple.xcode.tools.swift.compiler (in target 'NukeUI' from project 'Nuke')\n    cd /Users/builder/clone/IceCubesApp.xcodeproj\n    builtin-Swift-Compilation -- /Applications/Xcode-26.4.app/Contents/Developer/Toolchains/XcodeDefault.xctoolchain/usr/bin/swiftc -module-name NukeUI -O -whole-module-optimization @/Users/builder/clone/build/Build/Intermediates.noindex/Nuke.build/Release-iphoneos/NukeUI.build/Objects-normal/arm64/NukeUI.SwiftFileList -DSWIFT_PACKAGE -DSWIFT_MODULE_RESOURCE_BUNDLE_UNAVAILABLE -DXcode -plugin-path /Applications/Xcode-26.4.app/Contents/Developer/Toolchains/XcodeDefault.xctoolchain/usr/lib/swift/host/plugins/testing -enable-experimental-feature DebugDescriptionMacro -sdk /Applications/Xcode-26.4.app/Contents/Developer/Platforms/iPhoneOS.platform/Developer/SDKs/iPhoneOS26.4.sdk -target arm64-apple-ios15.0 -g -module-cache-path /Users/builder/clone/build/ModuleCache.noindex -Xfrontend -serialize-debugging-options -suppress-warnings -swift-version 6 -I /Users/builder/clone/build/Build/Products/Release-iphoneos -Isystem /Applications/Xcode-26.4.app/Contents/Developer/Platforms/iPhoneOS.platform/Developer/usr/lib -F /Users/builder/clone/build/Build/Products/Release-iphoneos/PackageFrameworks -F /Users/builder/clone/build/Build/Products/Release-iphoneos -F /Applications/Xcode-26.4.app/Contents/Developer/Platforms/iPhoneOS.platform/Developer/Library/Frameworks -F /Applications/Xcode-26.4.app/Contents/Developer/Platforms/iPhoneOS.platform/Developer/SDKs/iPhoneOS26.4.sdk/Developer/Library/Frameworks -c -num-threads 3 -Xcc -ivfsstatcache -Xcc /Users/builder/clone/build/SDKStatCaches.noindex/iphoneos26.4-23E252-dc38477e7e47e42951976ad86cc01fb3.sdkstatcache -output-file-map /Users/builder/clone/build/Build/Intermediates.noindex/Nuke.build/Release-iphoneos/NukeUI.build/Objects-normal/arm64/NukeUI-OutputFileMap.json -use-frontend-parseable-output -save-temps -no-color-diagnostics -explicit-module-build -module-cache-path /Users/builder/clone/build/Build/Intermediates.noindex/SwiftExplicitPrecompiledModules -clang-scanner-module-cache-path /Users/builder/clone/build/ModuleCache.noindex -sdk-module-cache-path /Users/builder/clone/build/ModuleCache.noindex -serialize-diagnostics -emit-dependencies -emit-module -emit-module-path /Users/builder/clone/build/Build/Intermediates.noindex/Nuke.build/Release-iphoneos/NukeUI.build/Objects-normal/arm64/NukeUI.swiftmodule -user-module-version 13.2.0 -validate-clang-modules-once -clang-build-session-file /Users/builder/clone/build/ModuleCache.noindex/Session.modulevalidation -package-name nuke -Xcc -I/Users/builder/clone/build/Build/Intermediates.noindex/Nuke.build/Release-iphoneos/NukeUI.build/swift-overrides.hmap -emit-const-values -Xfrontend -const-gather-protocols-file -Xfrontend /Users/builder/clone/build/Build/Intermediates.noindex/Nuke.build/Release-iphoneos/NukeUI.build/Objects-normal/arm64/NukeUI_const_extract_protocols.json -Xcc -I/Users/builder/clone/build/Build/Products/Release-iphoneos/include -Xcc -I/Users/builder/clone/build/Build/Intermediates.noindex/Nuke.build/Release-iphoneos/NukeUI.build/DerivedSources-normal/arm64 -Xcc -I/Users/builder/clone/build/Build/Intermediates.noindex/Nuke.build/Release-iphoneos/NukeUI.build/DerivedSources/arm64 -Xcc -I/Users/builder/clone/build/Build/Intermediates.noindex/Nuke.build/Release-iphoneos/NukeUI.build/DerivedSources -Xcc -DSWIFT_PACKAGE -emit-objc-header -emit-objc-header-path /Users/builder/clone/build/Build/Intermediates.noindex/Nuke.build/Release-iphoneos/NukeUI.build/Objects-normal/arm64/NukeUI-Swift.h -working-directory /Users/builder/clone/IceCubesApp.xcodeproj -no-emit-module-separately-wmo\n\nSwiftDriverJobDiscovery normal arm64 Compiling FetchImage.swift, Internal.swift, LazyImage.swift, LazyImageState.swift, LazyImageView.swift (in target 'NukeUI' from project 'Nuke')\n\nSwiftDriver\\ Compilation\\ Requirements NukeUI normal arm64 com.apple.xcode.tools.swift.compiler (in target 'NukeUI' from project 'Nuke')\n    cd /Users/builder/clone/IceCubesApp.xcodeproj\n    builtin-Swift-Compilation-Requirements -- /Applications/Xcode-26.4.app/Contents/Developer/Toolchains/XcodeDefault.xctoolchain/usr/bin/swiftc -module-name NukeUI -O -whole-module-optimization @/Users/builder/clone/build/Build/Intermediates.noindex/Nuke.build/Release-iphoneos/NukeUI.build/Objects-normal/arm64/NukeUI.SwiftFileList -DSWIFT_PACKAGE -DSWIFT_MODULE_RESOURCE_BUNDLE_UNAVAILABLE -DXcode -plugin-path /Applications/Xcode-26.4.app/Contents/Developer/Toolchains/XcodeDefault.xctoolchain/usr/lib/swift/host/plugins/testing -enable-experimental-feature DebugDescriptionMacro -sdk /Applications/Xcode-26.4.app/Contents/Developer/Platforms/iPhoneOS.platform/Developer/SDKs/iPhoneOS26.4.sdk -target arm64-apple-ios15.0 -g -module-cache-path /Users/builder/clone/build/ModuleCache.noindex -Xfrontend -serialize-debugging-options -suppress-warnings -swift-version 6 -I /Users/builder/clone/build/Build/Products/Release-iphoneos -Isystem /Applications/Xcode-26.4.app/Contents/Developer/Platforms/iPhoneOS.platform/Developer/usr/lib -F /Users/builder/clone/build/Build/Products/Release-iphoneos/PackageFrameworks -F /Users/builder/clone/build/Build/Products/Release-iphoneos -F /Applications/Xcode-26.4.app/Contents/Developer/Platforms/iPhoneOS.platform/Developer/Library/Frameworks -F /Applications/Xcode-26.4.app/Contents/Developer/Platforms/iPhoneOS.platform/Developer/SDKs/iPhoneOS26.4.sdk/Developer/Library/Frameworks -c -num-threads 3 -Xcc -ivfsstatcache -Xcc /Users/builder/clone/build/SDKStatCaches.noindex/iphoneos26.4-23E252-dc38477e7e47e42951976ad86cc01fb3.sdkstatcache -output-file-map /Users/builder/clone/build/Build/Intermediates.noindex/Nuke.build/Release-iphoneos/NukeUI.build/Objects-normal/arm64/NukeUI-OutputFileMap.json -use-frontend-parseable-output -save-temps -no-color-diagnostics -explicit-module-build -module-cache-path /Users/builder/clone/build/Build/Intermediates.noindex/SwiftExplicitPrecompiledModules -clang-scanner-module-cache-path /Users/builder/clone/build/ModuleCache.noindex -sdk-module-cache-path /Users/builder/clone/build/ModuleCache.noindex -serialize-diagnostics -emit-dependencies -emit-module -emit-module-path /Users/builder/clone/build/Build/Intermediates.noindex/Nuke.build/Release-iphoneos/NukeUI.build/Objects-normal/arm64/NukeUI.swiftmodule -user-module-version 13.2.0 -validate-clang-modules-once -clang-build-session-file /Users/builder/clone/build/ModuleCache.noindex/Session.modulevalidation -package-name nuke -Xcc -I/Users/builder/clone/build/Build/Intermediates.noindex/Nuke.build/Release-iphoneos/NukeUI.build/swift-overrides.hmap -emit-const-values -Xfrontend -const-gather-protocols-file -Xfrontend /Users/builder/clone/build/Build/Intermediates.noindex/Nuke.build/Release-iphoneos/NukeUI.build/Objects-normal/arm64/NukeUI_const_extract_protocols.json -Xcc -I/Users/builder/clone/build/Build/Products/Release-iphoneos/include -Xcc -I/Users/builder/clone/build/Build/Intermediates.noindex/Nuke.build/Release-iphoneos/NukeUI.build/DerivedSources-normal/arm64 -Xcc -I/Users/builder/clone/build/Build/Intermediates.noindex/Nuke.build/Release-iphoneos/NukeUI.build/DerivedSources/arm64 -Xcc -I/Users/builder/clone/build/Build/Intermediates.noindex/Nuke.build/Release-iphoneos/NukeUI.build/DerivedSources -Xcc -DSWIFT_PACKAGE -emit-objc-header -emit-objc-header-path /Users/builder/clone/build/Build/Intermediates.noindex/Nuke.build/Release-iphoneos/NukeUI.build/Objects-normal/arm64/NukeUI-Swift.h -working-directory /Users/builder/clone/IceCubesApp.xcodeproj -no-emit-module-separately-wmo\n\nExtractAppIntentsMetadata (in target 'KeychainSwift' from project 'KeychainSwift')\n    cd /Users/builder/clone/build/SourcePackages/checkouts/keychain-swift\n    /Applications/Xcode-26.4.app/Contents/Developer/Toolchains/XcodeDefault.xctoolchain/usr/bin/appintentsmetadataprocessor --toolchain-dir /Applications/Xcode-26.4.app/Contents/Developer/Toolchains/XcodeDefault.xctoolchain --module-name KeychainSwift --sdk-root /Applications/Xcode-26.4.app/Contents/Developer/Platforms/iPhoneOS.platform/Developer/SDKs/iPhoneOS26.4.sdk --xcode-version 17E202 --platform-family iOS --deployment-target 12.0 --bundle-identifier keychain-swift.KeychainSwift --output /Users/builder/clone/build/Build/Products/Release-iphoneos/KeychainSwift.appintents --target-triple arm64-apple-ios12.0 --binary-file /Users/builder/clone/build/Build/Products/Release-iphoneos/KeychainSwift.o --dependency-file /Users/builder/clone/build/Build/Intermediates.noindex/KeychainSwift.build/Release-iphoneos/KeychainSwift.build/Objects-normal/arm64/KeychainSwift_dependency_info.dat --stringsdata-file /Users/builder/clone/build/Build/Intermediates.noindex/KeychainSwift.build/Release-iphoneos/KeychainSwift.build/Objects-normal/arm64/ExtractedAppShortcutsMetadata.stringsdata --source-file-list /Users/builder/clone/build/Build/Intermediates.noindex/KeychainSwift.build/Release-iphoneos/KeychainSwift.build/Objects-normal/arm64/KeychainSwift.SwiftFileList --metadata-file-list /Users/builder/clone/build/Build/Intermediates.noindex/KeychainSwift.build/Release-iphoneos/KeychainSwift.build/KeychainSwift.DependencyMetadataFileList --static-metadata-file-list /Users/builder/clone/build/Build/Intermediates.noindex/KeychainSwift.build/Release-iphoneos/KeychainSwift.build/KeychainSwift.DependencyStaticMetadataFileList --swift-const-vals-list /Users/builder/clone/build/Build/Intermediates.noindex/KeychainSwift.build/Release-iphoneos/KeychainSwift.build/Objects-normal/arm64/KeychainSwift.SwiftConstValuesFileList --force --compile-time-extraction --deployment-aware-processing --validate-assistant-intents --no-app-shortcuts-localization\n2026-09-05 04:19:31.635 appintentsmetadataprocessor[2278:17608] Starting appintentsmetadataprocessor export\n2026-09-05 04:19:31.646 appintentsmetadataprocessor[2278:17608] Extracted no relevant App Intents symbols, skipping writing output\n\nSwiftMergeGeneratedHeaders /Users/builder/clone/build/Build/Intermediates.noindex/GeneratedModuleMaps-iphoneos/NukeUI-Swift.h /Users/builder/clone/build/Build/Intermediates.noindex/Nuke.build/Release-iphoneos/NukeUI.build/Objects-normal/arm64/NukeUI-Swift.h (in target 'NukeUI' from project 'Nuke')\n    cd /Users/builder/clone/build/SourcePackages/checkouts/Nuke\n    builtin-swiftHeaderTool -arch arm64 /Users/builder/clone/build/Build/Intermediates.noindex/Nuke.build/Release-iphoneos/NukeUI.build/Objects-normal/arm64/NukeUI-Swift.h -o /Users/builder/clone/build/Build/Intermediates.noindex/GeneratedModuleMaps-iphoneos/NukeUI-Swift.h\n\nCopy /Users/builder/clone/build/Build/Products/Release-iphoneos/NukeUI.swiftmodule/arm64-apple-ios.swiftmodule /Users/builder/clone/build/Build/Intermediates.noindex/Nuke.build/Release-iphoneos/NukeUI.build/Objects-normal/arm64/NukeUI.swiftmodule (in target 'NukeUI' from project 'Nuke')\n    cd /Users/builder/clone/build/SourcePackages/checkouts/Nuke\n    builtin-copy -exclude .DS_Store -exclude CVS -exclude .svn -exclude .git -exclude .hg -strip-unsigned-binaries -strip-deterministic -strip-tool /Applications/Xcode-26.4.app/Contents/Developer/Toolchains/XcodeDefault.xctoolchain/usr/bin/strip -resolve-src-symlinks -rename /Users/builder/clone/build/Build/Intermediates.noindex/Nuke.build/Release-iphoneos/NukeUI.build/Objects-normal/arm64/NukeUI.swiftmodule /Users/builder/clone/build/Build/Products/Release-iphoneos/NukeUI.swiftmodule/arm64-apple-ios.swiftmodule\n\nCopy /Users/builder/clone/build/Build/Products/Release-iphoneos/NukeUI.swiftmodule/arm64-apple-ios.swiftdoc /Users/builder/clone/build/Build/Intermediates.noindex/Nuke.build/Release-iphoneos/NukeUI.build/Objects-normal/arm64/NukeUI.swiftdoc (in target 'NukeUI' from project 'Nuke')\n    cd /Users/builder/clone/build/SourcePackages/checkouts/Nuke\n    builtin-copy -exclude .DS_Store -exclude CVS -exclude .svn -exclude .git -exclude .hg -strip-unsigned-binaries -strip-deterministic -strip-tool /Applications/Xcode-26.4.app/Contents/Developer/Toolchains/XcodeDefault.xctoolchain/usr/bin/strip -resolve-src-symlinks -rename /Users/builder/clone/build/Build/Intermediates.noindex/Nuke.build/Release-iphoneos/NukeUI.build/Objects-normal/arm64/NukeUI.swiftdoc /Users/builder/clone/build/Build/Products/Release-iphoneos/NukeUI.swiftmodule/arm64-apple-ios.swiftdoc\n\nCopy /Users/builder/clone/build/Build/Products/Release-iphoneos/NukeUI.swiftmodule/arm64-apple-ios.abi.json /Users/builder/clone/build/Build/Intermediates.noindex/Nuke.build/Release-iphoneos/NukeUI.build/Objects-normal/arm64/NukeUI.abi.json (in target 'NukeUI' from project 'Nuke')\n    cd /Users/builder/clone/build/SourcePackages/checkouts/Nuke\n    builtin-copy -exclude .DS_Store -exclude CVS -exclude .svn -exclude .git -exclude .hg -strip-unsigned-binaries -strip-deterministic -strip-tool /Applications/Xcode-26.4.app/Contents/Developer/Toolchains/XcodeDefault.xctoolchain/usr/bin/strip -resolve-src-symlinks -rename /Users/builder/clone/build/Build/Intermediates.noindex/Nuke.build/Release-iphoneos/NukeUI.build/Objects-normal/arm64/NukeUI.abi.json /Users/builder/clone/build/Build/Products/Release-iphoneos/NukeUI.swiftmodule/arm64-apple-ios.abi.json\n\nCopy /Users/builder/clone/build/Build/Products/Release-iphoneos/NukeUI.swiftmodule/Project/arm64-apple-ios.swiftsourceinfo /Users/builder/clone/build/Build/Intermediates.noindex/Nuke.build/Release-iphoneos/NukeUI.build/Objects-normal/arm64/NukeUI.swiftsourceinfo (in target 'NukeUI' from project 'Nuke')\n    cd /Users/builder/clone/build/SourcePackages/checkouts/Nuke\n    builtin-copy -exclude .DS_Store -exclude CVS -exclude .svn -exclude .git -exclude .hg -strip-unsigned-binaries -strip-deterministic -strip-tool /Applications/Xcode-26.4.app/Contents/Developer/Toolchains/XcodeDefault.xctoolchain/usr/bin/strip -resolve-src-symlinks -rename /Users/builder/clone/build/Build/Intermediates.noindex/Nuke.build/Release-iphoneos/NukeUI.build/Objects-normal/arm64/NukeUI.swiftsourceinfo /Users/builder/clone/build/Build/Products/Release-iphoneos/NukeUI.swiftmodule/Project/arm64-apple-ios.swiftsourceinfo\n\nExtractAppIntentsMetadata (in target 'Gifu' from project 'Gifu')\n    cd /Users/builder/clone/build/SourcePackages/checkouts/Gifu\n    /Applications/Xcode-26.4.app/Contents/Developer/Toolchains/XcodeDefault.xctoolchain/usr/bin/appintentsmetadataprocessor --toolchain-dir /Applications/Xcode-26.4.app/Contents/Developer/Toolchains/XcodeDefault.xctoolchain --module-name Gifu --sdk-root /Applications/Xcode-26.4.app/Contents/Developer/Platforms/iPhoneOS.platform/Developer/SDKs/iPhoneOS26.4.sdk --xcode-version 17E202 --platform-family iOS --deployment-target 16.0 --bundle-identifier gifu.Gifu --output /Users/builder/clone/build/Build/Products/Release-iphoneos/Gifu.appintents --target-triple arm64-apple-ios16.0 --binary-file /Users/builder/clone/build/Build/Products/Release-iphoneos/Gifu.o --dependency-file /Users/builder/clone/build/Build/Intermediates.noindex/Gifu.build/Release-iphoneos/Gifu.build/Objects-normal/arm64/Gifu_dependency_info.dat --stringsdata-file /Users/builder/clone/build/Build/Intermediates.noindex/Gifu.build/Release-iphoneos/Gifu.build/Objects-normal/arm64/ExtractedAppShortcutsMetadata.stringsdata --source-file-list /Users/builder/clone/build/Build/Intermediates.noindex/Gifu.build/Release-iphoneos/Gifu.build/Objects-normal/arm64/Gifu.SwiftFileList --metadata-file-list /Users/builder/clone/build/Build/Intermediates.noindex/Gifu.build/Release-iphoneos/Gifu.build/Gifu.DependencyMetadataFileList --static-metadata-file-list /Users/builder/clone/build/Build/Intermediates.noindex/Gifu.build/Release-iphoneos/Gifu.build/Gifu.DependencyStaticMetadataFileList --swift-const-vals-list /Users/builder/clone/build/Build/Intermediates.noindex/Gifu.build/Release-iphoneos/Gifu.build/Objects-normal/arm64/Gifu.SwiftConstValuesFileList --force --compile-time-extraction --deployment-aware-processing --validate-assistant-intents --no-app-shortcuts-localization\n2026-09-05 04:19:31.676 appintentsmetadataprocessor[2279:17611] Starting appintentsmetadataprocessor export\n2026-09-05 04:19:31.686 appintentsmetadataprocessor[2279:17611] Extracted no relevant App Intents symbols, skipping writing output\n\nExtractAppIntentsMetadata (in target 'ButtonKit' from project 'ButtonKit')\n    cd /Users/builder/clone/build/SourcePackages/checkouts/ButtonKit\n    /Applications/Xcode-26.4.app/Contents/Developer/Toolchains/XcodeDefault.xctoolchain/usr/bin/appintentsmetadataprocessor --toolchain-dir /Applications/Xcode-26.4.app/Contents/Developer/Toolchains/XcodeDefault.xctoolchain --module-name ButtonKit --sdk-root /Applications/Xcode-26.4.app/Contents/Developer/Platforms/iPhoneOS.platform/Developer/SDKs/iPhoneOS26.4.sdk --xcode-version 17E202 --platform-family iOS --deployment-target 15.0 --bundle-identifier buttonkit.ButtonKit --output /Users/builder/clone/build/Build/Products/Release-iphoneos/ButtonKit.appintents --target-triple arm64-apple-ios15.0 --binary-file /Users/builder/clone/build/Build/Products/Release-iphoneos/ButtonKit.o --dependency-file /Users/builder/clone/build/Build/Intermediates.noindex/ButtonKit.build/Release-iphoneos/ButtonKit.build/Objects-normal/arm64/ButtonKit_dependency_info.dat --stringsdata-file /Users/builder/clone/build/Build/Intermediates.noindex/ButtonKit.build/Release-iphoneos/ButtonKit.build/Objects-normal/arm64/ExtractedAppShortcutsMetadata.stringsdata --source-file-list /Users/builder/clone/build/Build/Intermediates.noindex/ButtonKit.build/Release-iphoneos/ButtonKit.build/Objects-normal/arm64/ButtonKit.SwiftFileList --metadata-file-list /Users/builder/clone/build/Build/Intermediates.noindex/ButtonKit.build/Release-iphoneos/ButtonKit.build/ButtonKit.DependencyMetadataFileList --static-metadata-file-list /Users/builder/clone/build/Build/Intermediates.noindex/ButtonKit.build/Release-iphoneos/ButtonKit.build/ButtonKit.DependencyStaticMetadataFileList --swift-const-vals-list /Users/builder/clone/build/Build/Intermediates.noindex/ButtonKit.build/Release-iphoneos/ButtonKit.build/Objects-normal/arm64/ButtonKit.SwiftConstValuesFileList --force --compile-time-extraction --deployment-aware-processing --validate-assistant-intents --no-app-shortcuts-localization\n2026-09-05 04:19:31.708 appintentsmetadataprocessor[2280:17614] Starting appintentsmetadataprocessor export\n2026-09-05 04:19:31.718 appintentsmetadataprocessor[2280:17614] Extracted no relevant App Intents symbols, skipping writing output\n\nRegisterExecutionPolicyException /Users/builder/clone/build/Build/Products/Release-iphoneos/Nuke.o (in target 'Nuke' from project 'Nuke')\n    cd /Users/builder/clone/build/SourcePackages/checkouts/Nuke\n    builtin-RegisterExecutionPolicyException /Users/builder/clone/build/Build/Products/Release-iphoneos/Nuke.o\n\nRegisterExecutionPolicyException /Users/builder/clone/build/Build/Products/Release-iphoneos/LRUCache.o (in target 'LRUCache' from project 'LRUCache')\n    cd /Users/builder/clone/build/SourcePackages/checkouts/LRUCache\n    builtin-RegisterExecutionPolicyException /Users/builder/clone/build/Build/Products/Release-iphoneos/LRUCache.o\n\nLd /Users/builder/clone/build/Build/Products/Release-iphoneos/NukeUI.o normal (in target 'NukeUI' from project 'Nuke')\n    cd /Users/builder/clone/build/SourcePackages/checkouts/Nuke\n    /Applications/Xcode-26.4.app/Contents/Developer/Toolchains/XcodeDefault.xctoolchain/usr/bin/clang -Xlinker -reproducible -target arm64-apple-ios15.0 -r -isysroot /Applications/Xcode-26.4.app/Contents/Developer/Platforms/iPhoneOS.platform/Developer/SDKs/iPhoneOS26.4.sdk -Os -w -F/Users/builder/clone/build/Build/Intermediates.noindex/EagerLinkingTBDs/Release-iphoneos -F/Users/builder/clone/build/Build/Products/Release-iphoneos/PackageFrameworks -F/Users/builder/clone/build/Build/Products/Release-iphoneos -iframework /Applications/Xcode-26.4.app/Contents/Developer/Platforms/iPhoneOS.platform/Developer/Library/Frameworks -iframework /Applications/Xcode-26.4.app/Contents/Developer/Platforms/iPhoneOS.platform/Developer/SDKs/iPhoneOS26.4.sdk/Developer/Library/Frameworks -filelist /Users/builder/clone/build/Build/Intermediates.noindex/Nuke.build/Release-iphoneos/NukeUI.build/Objects-normal/arm64/NukeUI.LinkFileList -nostdlib -Xlinker -object_path_lto -Xlinker /Users/builder/clone/build/Build/Intermediates.noindex/Nuke.build/Release-iphoneos/NukeUI.build/Objects-normal/arm64/NukeUI_lto.o -Xlinker -dependency_info -Xlinker /Users/builder/clone/build/Build/Intermediates.noindex/Nuke.build/Release-iphoneos/NukeUI.build/Objects-normal/arm64/NukeUI_dependency_info.dat -fobjc-link-runtime -L/Applications/Xcode-26.4.app/Contents/Developer/Toolchains/XcodeDefault.xctoolchain/usr/lib/swift/iphoneos -L/usr/lib/swift -Xlinker -add_ast_path -Xlinker /Users/builder/clone/build/Build/Intermediates.noindex/Nuke.build/Release-iphoneos/NukeUI.build/Objects-normal/arm64/NukeUI.swiftmodule @/Users/builder/clone/build/Build/Intermediates.noindex/Nuke.build/Release-iphoneos/NukeUI.build/Objects-normal/arm64/NukeUI-linker-args.resp -o /Users/builder/clone/build/Build/Products/Release-iphoneos/NukeUI.o\n\nExtractAppIntentsMetadata (in target 'NukeUI' from project 'Nuke')\n    cd /Users/builder/clone/build/SourcePackages/checkouts/Nuke\n    /Applications/Xcode-26.4.app/Contents/Developer/Toolchains/XcodeDefault.xctoolchain/usr/bin/appintentsmetadataprocessor --toolchain-dir /Applications/Xcode-26.4.app/Contents/Developer/Toolchains/XcodeDefault.xctoolchain --module-name NukeUI --sdk-root /Applications/Xcode-26.4.app/Contents/Developer/Platforms/iPhoneOS.platform/Developer/SDKs/iPhoneOS26.4.sdk --xcode-version 17E202 --platform-family iOS --deployment-target 15.0 --bundle-identifier nuke.NukeUI --output /Users/builder/clone/build/Build/Products/Release-iphoneos/NukeUI.appintents --target-triple arm64-apple-ios15.0 --binary-file /Users/builder/clone/build/Build/Products/Release-iphoneos/NukeUI.o --dependency-file /Users/builder/clone/build/Build/Intermediates.noindex/Nuke.build/Release-iphoneos/NukeUI.build/Objects-normal/arm64/NukeUI_dependency_info.dat --stringsdata-file /Users/builder/clone/build/Build/Intermediates.noindex/Nuke.build/Release-iphoneos/NukeUI.build/Objects-normal/arm64/ExtractedAppShortcutsMetadata.stringsdata --source-file-list /Users/builder/clone/build/Build/Intermediates.noindex/Nuke.build/Release-iphoneos/NukeUI.build/Objects-normal/arm64/NukeUI.SwiftFileList --metadata-file-list /Users/builder/clone/build/Build/Intermediates.noindex/Nuke.build/Release-iphoneos/NukeUI.build/NukeUI.DependencyMetadataFileList --static-metadata-file-list /Users/builder/clone/build/Build/Intermediates.noindex/Nuke.build/Release-iphoneos/NukeUI.build/NukeUI.DependencyStaticMetadataFileList --swift-const-vals-list /Users/builder/clone/build/Build/Intermediates.noindex/Nuke.build/Release-iphoneos/NukeUI.build/Objects-normal/arm64/NukeUI.SwiftConstValuesFileList --force --compile-time-extraction --deployment-aware-processing --validate-assistant-intents --no-app-shortcuts-localization\n2026-09-05 04:19:31.794 appintentsmetadataprocessor[2283:17624] Starting appintentsmetadataprocessor export\n2026-09-05 04:19:31.803 appintentsmetadataprocessor[2283:17624] Extracted no relevant App Intents symbols, skipping writing output\n\nRegisterExecutionPolicyException /Users/builder/clone/build/Build/Products/Release-iphoneos/NukeUI.o (in target 'NukeUI' from project 'Nuke')\n    cd /Users/builder/clone/build/SourcePackages/checkouts/Nuke\n    builtin-RegisterExecutionPolicyException /Users/builder/clone/build/Build/Products/Release-iphoneos/NukeUI.o\n\nRegisterExecutionPolicyException /Users/builder/clone/build/Build/Products/Release-iphoneos/KeychainSwift.o (in target 'KeychainSwift' from project 'KeychainSwift')\n    cd /Users/builder/clone/build/SourcePackages/checkouts/keychain-swift\n    builtin-RegisterExecutionPolicyException /Users/builder/clone/build/Build/Products/Release-iphoneos/KeychainSwift.o\n\nSwiftDriver EmojiText normal arm64 com.apple.xcode.tools.swift.compiler (in target 'EmojiText' from project 'EmojiText')\n    cd /Users/builder/clone/IceCubesApp.xcodeproj\n    builtin-SwiftDriver -- /Applications/Xcode-26.4.app/Contents/Developer/Toolchains/XcodeDefault.xctoolchain/usr/bin/swiftc -module-name EmojiText -O -whole-module-optimization @/Users/builder/clone/build/Build/Intermediates.noindex/EmojiText.build/Release-iphoneos/EmojiText.build/Objects-normal/arm64/EmojiText.SwiftFileList -DSWIFT_PACKAGE -DSWIFT_MODULE_RESOURCE_BUNDLE_UNAVAILABLE -DXcode -plugin-path /Applications/Xcode-26.4.app/Contents/Developer/Toolchains/XcodeDefault.xctoolchain/usr/lib/swift/host/plugins/testing -enable-experimental-feature DebugDescriptionMacro -sdk /Applications/Xcode-26.4.app/Contents/Developer/Platforms/iPhoneOS.platform/Developer/SDKs/iPhoneOS26.4.sdk -target arm64-apple-ios15.0 -g -module-cache-path /Users/builder/clone/build/ModuleCache.noindex -Xfrontend -serialize-debugging-options -suppress-warnings -swift-version 6 -I /Users/builder/clone/build/Build/Products/Release-iphoneos -Isystem /Applications/Xcode-26.4.app/Contents/Developer/Platforms/iPhoneOS.platform/Developer/usr/lib -F /Users/builder/clone/build/Build/Products/Release-iphoneos/PackageFrameworks -F /Users/builder/clone/build/Build/Products/Release-iphoneos/PackageFrameworks -F /Users/builder/clone/build/Build/Products/Release-iphoneos/PackageFrameworks -F /Users/builder/clone/build/Build/Products/Release-iphoneos/PackageFrameworks -F /Users/builder/clone/build/Build/Products/Release-iphoneos -F /Applications/Xcode-26.4.app/Contents/Developer/Platforms/iPhoneOS.platform/Developer/Library/Frameworks -F /Applications/Xcode-26.4.app/Contents/Developer/Platforms/iPhoneOS.platform/Developer/SDKs/iPhoneOS26.4.sdk/Developer/Library/Frameworks -c -num-threads 3 -Xcc -ivfsstatcache -Xcc /Users/builder/clone/build/SDKStatCaches.noindex/iphoneos26.4-23E252-dc38477e7e47e42951976ad86cc01fb3.sdkstatcache -output-file-map /Users/builder/clone/build/Build/Intermediates.noindex/EmojiText.build/Release-iphoneos/EmojiText.build/Objects-normal/arm64/EmojiText-OutputFileMap.json -use-frontend-parseable-output -save-temps -no-color-diagnostics -explicit-module-build -module-cache-path /Users/builder/clone/build/Build/Intermediates.noindex/SwiftExplicitPrecompiledModules -clang-scanner-module-cache-path /Users/builder/clone/build/ModuleCache.noindex -sdk-module-cache-path /Users/builder/clone/build/ModuleCache.noindex -serialize-diagnostics -emit-dependencies -emit-module -emit-module-path /Users/builder/clone/build/Build/Intermediates.noindex/EmojiText.build/Release-iphoneos/EmojiText.build/Objects-normal/arm64/EmojiText.swiftmodule -validate-clang-modules-once -clang-build-session-file /Users/builder/clone/build/ModuleCache.noindex/Session.modulevalidation -package-name emojitext -Xcc -I/Users/builder/clone/build/Build/Intermediates.noindex/EmojiText.build/Release-iphoneos/EmojiText.build/swift-overrides.hmap -emit-const-values -Xfrontend -const-gather-protocols-file -Xfrontend /Users/builder/clone/build/Build/Intermediates.noindex/EmojiText.build/Release-iphoneos/EmojiText.build/Objects-normal/arm64/EmojiText_const_extract_protocols.json -Xcc -I/Users/builder/clone/build/SourcePackages/checkouts/swift-cmark/src/include -Xcc -I/Users/builder/clone/build/SourcePackages/checkouts/swift-cmark/extensions/include -Xcc -I/Users/builder/clone/build/SourcePackages/checkouts/swift-markdown/Sources/CAtomic/include -Xcc -I/Users/builder/clone/build/Build/Products/Release-iphoneos/include -Xcc -I/Users/builder/clone/build/Build/Intermediates.noindex/EmojiText.build/Release-iphoneos/EmojiText.build/DerivedSources-normal/arm64 -Xcc -I/Users/builder/clone/build/Build/Intermediates.noindex/EmojiText.build/Release-iphoneos/EmojiText.build/DerivedSources/arm64 -Xcc -I/Users/builder/clone/build/Build/Intermediates.noindex/EmojiText.build/Release-iphoneos/EmojiText.build/DerivedSources -Xcc -DSWIFT_PACKAGE -emit-objc-header -emit-objc-header-path /Users/builder/clone/build/Build/Intermediates.noindex/EmojiText.build/Release-iphoneos/EmojiText.build/Objects-normal/arm64/EmojiText-Swift.h -working-directory /Users/builder/clone/IceCubesApp.xcodeproj -no-emit-module-separately-wmo\n\nSwiftDriver\\ Compilation EmojiText normal arm64 com.apple.xcode.tools.swift.compiler (in target 'EmojiText' from project 'EmojiText')\n    cd /Users/builder/clone/IceCubesApp.xcodeproj\n    builtin-Swift-Compilation -- /Applications/Xcode-26.4.app/Contents/Developer/Toolchains/XcodeDefault.xctoolchain/usr/bin/swiftc -module-name EmojiText -O -whole-module-optimization @/Users/builder/clone/build/Build/Intermediates.noindex/EmojiText.build/Release-iphoneos/EmojiText.build/Objects-normal/arm64/EmojiText.SwiftFileList -DSWIFT_PACKAGE -DSWIFT_MODULE_RESOURCE_BUNDLE_UNAVAILABLE -DXcode -plugin-path /Applications/Xcode-26.4.app/Contents/Developer/Toolchains/XcodeDefault.xctoolchain/usr/lib/swift/host/plugins/testing -enable-experimental-feature DebugDescriptionMacro -sdk /Applications/Xcode-26.4.app/Contents/Developer/Platforms/iPhoneOS.platform/Developer/SDKs/iPhoneOS26.4.sdk -target arm64-apple-ios15.0 -g -module-cache-path /Users/builder/clone/build/ModuleCache.noindex -Xfrontend -serialize-debugging-options -suppress-warnings -swift-version 6 -I /Users/builder/clone/build/Build/Products/Release-iphoneos -Isystem /Applications/Xcode-26.4.app/Contents/Developer/Platforms/iPhoneOS.platform/Developer/usr/lib -F /Users/builder/clone/build/Build/Products/Release-iphoneos/PackageFrameworks -F /Users/builder/clone/build/Build/Products/Release-iphoneos/PackageFrameworks -F /Users/builder/clone/build/Build/Products/Release-iphoneos/PackageFrameworks -F /Users/builder/clone/build/Build/Products/Release-iphoneos/PackageFrameworks -F /Users/builder/clone/build/Build/Products/Release-iphoneos -F /Applications/Xcode-26.4.app/Contents/Developer/Platforms/iPhoneOS.platform/Developer/Library/Frameworks -F /Applications/Xcode-26.4.app/Contents/Developer/Platforms/iPhoneOS.platform/Developer/SDKs/iPhoneOS26.4.sdk/Developer/Library/Frameworks -c -num-threads 3 -Xcc -ivfsstatcache -Xcc /Users/builder/clone/build/SDKStatCaches.noindex/iphoneos26.4-23E252-dc38477e7e47e42951976ad86cc01fb3.sdkstatcache -output-file-map /Users/builder/clone/build/Build/Intermediates.noindex/EmojiText.build/Release-iphoneos/EmojiText.build/Objects-normal/arm64/EmojiText-OutputFileMap.json -use-frontend-parseable-output -save-temps -no-color-diagnostics -explicit-module-build -module-cache-path /Users/builder/clone/build/Build/Intermediates.noindex/SwiftExplicitPrecompiledModules -clang-scanner-module-cache-path /Users/builder/clone/build/ModuleCache.noindex -sdk-module-cache-path /Users/builder/clone/build/ModuleCache.noindex -serialize-diagnostics -emit-dependencies -emit-module -emit-module-path /Users/builder/clone/build/Build/Intermediates.noindex/EmojiText.build/Release-iphoneos/EmojiText.build/Objects-normal/arm64/EmojiText.swiftmodule -validate-clang-modules-once -clang-build-session-file /Users/builder/clone/build/ModuleCache.noindex/Session.modulevalidation -package-name emojitext -Xcc -I/Users/builder/clone/build/Build/Intermediates.noindex/EmojiText.build/Release-iphoneos/EmojiText.build/swift-overrides.hmap -emit-const-values -Xfrontend -const-gather-protocols-file -Xfrontend /Users/builder/clone/build/Build/Intermediates.noindex/EmojiText.build/Release-iphoneos/EmojiText.build/Objects-normal/arm64/EmojiText_const_extract_protocols.json -Xcc -I/Users/builder/clone/build/SourcePackages/checkouts/swift-cmark/src/include -Xcc -I/Users/builder/clone/build/SourcePackages/checkouts/swift-cmark/extensions/include -Xcc -I/Users/builder/clone/build/SourcePackages/checkouts/swift-markdown/Sources/CAtomic/include -Xcc -I/Users/builder/clone/build/Build/Products/Release-iphoneos/include -Xcc -I/Users/builder/clone/build/Build/Intermediates.noindex/EmojiText.build/Release-iphoneos/EmojiText.build/DerivedSources-normal/arm64 -Xcc -I/Users/builder/clone/build/Build/Intermediates.noindex/EmojiText.build/Release-iphoneos/EmojiText.build/DerivedSources/arm64 -Xcc -I/Users/builder/clone/build/Build/Intermediates.noindex/EmojiText.build/Release-iphoneos/EmojiText.build/DerivedSources -Xcc -DSWIFT_PACKAGE -emit-objc-header -emit-objc-header-path /Users/builder/clone/build/Build/Intermediates.noindex/EmojiText.build/Release-iphoneos/EmojiText.build/Objects-normal/arm64/EmojiText-Swift.h -working-directory /Users/builder/clone/IceCubesApp.xcodeproj -no-emit-module-separately-wmo\n\nSwiftExplicitDependencyGeneratePcm arm64 /Users/builder/clone/build/Build/Intermediates.noindex/SwiftExplicitPrecompiledModules/cmark_gfm-9KPHS24IIR67DA6NAJF82793R.pcm\n\nSwiftExplicitDependencyGeneratePcm arm64 /Users/builder/clone/build/Build/Intermediates.noindex/SwiftExplicitPrecompiledModules/CAtomic-9WT9GVAANW8YGX9ACI0MWTIRZ.pcm\n\nSwiftExplicitDependencyGeneratePcm arm64 /Users/builder/clone/build/Build/Intermediates.noindex/SwiftExplicitPrecompiledModules/cmark_gfm_extensions-1SR33KA1G2Q8WEKIPM9VROQ5N.pcm\n\nSwiftCompile normal arm64 Compiling\\ CADisplayLinkPublisher.swift,\\ AnimatedEmojiMode.swift,\\ AnimatedImageType.swift,\\ EmojiError.swift,\\ EmojiProviderError.swift,\\ EmojiText.swift,\\ EmojiTextEnvironmentValues.swift,\\ EmojiTextNamespace.swift,\\ Environment+Helpers.swift,\\ Environment.swift,\\ AttributedString+Extensions.swift,\\ CGImageSource+Extensions.swift,\\ Data+Extensions.swift,\\ FloatingPoint+Extensions.swift,\\ Font+Extensions.swift,\\ Image+Extensions.swift,\\ Integer+Extensions.swift,\\ Publisher+Extensions.swift,\\ String+Extensions.swift,\\ Text+Extensions.swift,\\ UIContentSizeCategory+Extensions.swift,\\ Lock.swift,\\ Logger.swift,\\ AttributedPartialstring.swift,\\ LocalEmoji.swift,\\ AsyncCustomEmoji.swift,\\ CustomEmoji.swift,\\ SyncCustomEmoji.swift,\\ RemoteEmoji.swift,\\ RenderedEmoji.swift,\\ SFSymbolEmoji.swift,\\ RawImage.swift,\\ RenderedImage.swift,\\ Preview.swift,\\ AsyncEmojiProvider.swift,\\ DefaultAsyncEmojiProvider.swift,\\ DefaultSyncEmojiProvider.swift,\\ SyncEmojiProvider.swift,\\ EmojiRenderer.swift,\\ EmojiTextRenderer.swift,\\ EmojiReplacer.swift,\\ MarkdownEmojiRenderer.swift,\\ VerbatimEmojiRenderer.swift,\\ Typealiases.swift /Users/builder/clone/build/SourcePackages/checkouts/EmojiText/Sources/EmojiText/CADisplayLinkPublisher.swift /Users/builder/clone/build/SourcePackages/checkouts/EmojiText/Sources/EmojiText/Domain/AnimatedEmojiMode.swift /Users/builder/clone/build/SourcePackages/checkouts/EmojiText/Sources/EmojiText/Domain/AnimatedImageType.swift /Users/builder/clone/build/SourcePackages/checkouts/EmojiText/Sources/EmojiText/Domain/EmojiError.swift /Users/builder/clone/build/SourcePackages/checkouts/EmojiText/Sources/EmojiText/Domain/EmojiProviderError.swift /Users/builder/clone/build/SourcePackages/checkouts/EmojiText/Sources/EmojiText/EmojiText.swift /Users/builder/clone/build/SourcePackages/checkouts/EmojiText/Sources/EmojiText/Environment/EmojiTextEnvironmentValues.swift /Users/builder/clone/build/SourcePackages/checkouts/EmojiText/Sources/EmojiText/Environment/EmojiTextNamespace.swift /Users/builder/clone/build/SourcePackages/checkouts/EmojiText/Sources/EmojiText/Environment/Environment+Helpers.swift /Users/builder/clone/build/SourcePackages/checkouts/EmojiText/Sources/EmojiText/Environment/Environment.swift /Users/builder/clone/build/SourcePackages/checkouts/EmojiText/Sources/EmojiText/Extensions/AttributedString+Extensions.swift /Users/builder/clone/build/SourcePackages/checkouts/EmojiText/Sources/EmojiText/Extensions/CGImageSource+Extensions.swift /Users/builder/clone/build/SourcePackages/checkouts/EmojiText/Sources/EmojiText/Extensions/Data+Extensions.swift /Users/builder/clone/build/SourcePackages/checkouts/EmojiText/Sources/EmojiText/Extensions/FloatingPoint+Extensions.swift /Users/builder/clone/build/SourcePackages/checkouts/EmojiText/Sources/EmojiText/Extensions/Font+Extensions.swift /Users/builder/clone/build/SourcePackages/checkouts/EmojiText/Sources/EmojiText/Extensions/Image+Extensions.swift /Users/builder/clone/build/SourcePackages/checkouts/EmojiText/Sources/EmojiText/Extensions/Integer+Extensions.swift /Users/builder/clone/build/SourcePackages/checkouts/EmojiText/Sources/EmojiText/Extensions/Publisher+Extensions.swift /Users/builder/clone/build/SourcePackages/checkouts/EmojiText/Sources/EmojiText/Extensions/String+Extensions.swift /Users/builder/clone/build/SourcePackages/checkouts/EmojiText/Sources/EmojiText/Extensions/Text+Extensions.swift /Users/builder/clone/build/SourcePackages/checkouts/EmojiText/Sources/EmojiText/Extensions/UIContentSizeCategory+Extensions.swift /Users/builder/clone/build/SourcePackages/checkouts/EmojiText/Sources/EmojiText/Lock.swift /Users/builder/clone/build/SourcePackages/checkouts/EmojiText/Sources/EmojiText/Logger.swift /Users/builder/clone/build/SourcePackages/checkouts/EmojiText/Sources/EmojiText/Model/AttributedPartialstring.swift /Users/builder/clone/build/SourcePackages/checkouts/EmojiText/Sources/EmojiText/Model/Emoji/LocalEmoji.swift /Users/builder/clone/build/SourcePackages/checkouts/EmojiText/Sources/EmojiText/Model/Emoji/Protocols/AsyncCustomEmoji.swift /Users/builder/clone/build/SourcePackages/checkouts/EmojiText/Sources/EmojiText/Model/Emoji/Protocols/CustomEmoji.swift /Users/builder/clone/build/SourcePackages/checkouts/EmojiText/Sources/EmojiText/Model/Emoji/Protocols/SyncCustomEmoji.swift /Users/builder/clone/build/SourcePackages/checkouts/EmojiText/Sources/EmojiText/Model/Emoji/RemoteEmoji.swift /Users/builder/clone/build/SourcePackages/checkouts/EmojiText/Sources/EmojiText/Model/Emoji/RenderedEmoji.swift /Users/builder/clone/build/SourcePackages/checkouts/EmojiText/Sources/EmojiText/Model/Emoji/SFSymbolEmoji.swift /Users/builder/clone/build/SourcePackages/checkouts/EmojiText/Sources/EmojiText/Model/RawImage.swift /Users/builder/clone/build/SourcePackages/checkouts/EmojiText/Sources/EmojiText/Model/RenderedImage.swift /Users/builder/clone/build/SourcePackages/checkouts/EmojiText/Sources/EmojiText/Preview\\ Content/Preview.swift /Users/builder/clone/build/SourcePackages/checkouts/EmojiText/Sources/EmojiText/Provider/AsyncEmojiProvider.swift /Users/builder/clone/build/SourcePackages/checkouts/EmojiText/Sources/EmojiText/Provider/Implementations/DefaultAsyncEmojiProvider.swift /Users/builder/clone/build/SourcePackages/checkouts/EmojiText/Sources/EmojiText/Provider/Implementations/DefaultSyncEmojiProvider.swift /Users/builder/clone/build/SourcePackages/checkouts/EmojiText/Sources/EmojiText/Provider/SyncEmojiProvider.swift /Users/builder/clone/build/SourcePackages/checkouts/EmojiText/Sources/EmojiText/Render/EmojiRenderer.swift /Users/builder/clone/build/SourcePackages/checkouts/EmojiText/Sources/EmojiText/Render/EmojiTextRenderer.swift /Users/builder/clone/build/SourcePackages/checkouts/EmojiText/Sources/EmojiText/Render/Markdown/EmojiReplacer.swift /Users/builder/clone/build/SourcePackages/checkouts/EmojiText/Sources/EmojiText/Render/Markdown/MarkdownEmojiRenderer.swift /Users/builder/clone/build/SourcePackages/checkouts/EmojiText/Sources/EmojiText/Render/VerbatimEmojiRenderer.swift /Users/builder/clone/build/SourcePackages/checkouts/EmojiText/Sources/EmojiText/Typealiases.swift /Applications/Xcode-26.4.app/Contents/Developer/Toolchains/XcodeDefault.xctoolchain/usr/lib/swift/iphoneos/prebuilt-modules/26.4/DeveloperToolsSupport.swiftmodule/arm64e-apple-ios.swiftmodule /Applications/Xcode-26.4.app/Contents/Developer/Toolchains/XcodeDefault.xctoolchain/usr/lib/swift/iphoneos/prebuilt-modules/26.4/FileProvider.swiftmodule/arm64e-apple-ios.swiftmodule /Applications/Xcode-26.4.app/Contents/Developer/Toolchains/XcodeDefault.xctoolchain/usr/lib/swift/iphoneos/prebuilt-modules/26.4/CoreText.swiftmodule/arm64e-apple-ios.swiftmodule /Applications/Xcode-26.4.app/Contents/Developer/Toolchains/XcodeDefault.xctoolchain/usr/lib/swift/iphoneos/prebuilt-modules/26.4/CoreFoundation.swiftmodule/arm64e-apple-ios.swiftmodule /Applications/Xcode-26.4.app/Contents/Developer/Toolchains/XcodeDefault.xctoolchain/usr/lib/swift/iphoneos/prebuilt-modules/26.4/Foundation.swiftmodule/arm64e-apple-ios.swiftmodule /Applications/Xcode-26.4.app/Contents/Developer/Toolchains/XcodeDefault.xctoolchain/usr/lib/swift/iphoneos/prebuilt-modules/26.4/Spatial.swiftmodule/arm64e-apple-ios.swiftmodule /Applications/Xcode-26.4.app/Contents/Developer/Toolchains/XcodeDefault.xctoolchain/usr/lib/swift/iphoneos/prebuilt-modules/26.4/System.swiftmodule/arm64e-apple-ios.swiftmodule /Applications/Xcode-26.4.app/Contents/Developer/Toolchains/XcodeDefault.xctoolchain/usr/lib/swift/iphoneos/prebuilt-modules/26.4/QuartzCore.swiftmodule/arm64e-apple-ios.swiftmodule /Applications/Xcode-26.4.app/Contents/Developer/Toolchains/XcodeDefault.xctoolchain/usr/lib/swift/iphoneos/prebuilt-modules/26.4/Symbols.swiftmodule/arm64e-apple-ios.swiftmodule /Applications/Xcode-26.4.app/Contents/Developer/Toolchains/XcodeDefault.xctoolchain/usr/lib/swift/iphoneos/prebuilt-modules/26.4/_DarwinFoundation3.swiftmodule/arm64e-apple-ios.swiftmodule /Applications/Xcode-26.4.app/Contents/Developer/Toolchains/XcodeDefault.xctoolchain/usr/lib/swift/iphoneos/prebuilt-modules/26.4/CoreImage.swiftmodule/arm64e-apple-ios.swiftmodule /Applications/Xcode-26.4.app/Contents/Developer/Toolchains/XcodeDefault.xctoolchain/usr/lib/swift/iphoneos/prebuilt-modules/26.4/OSLog.swiftmodule/arm64e-apple-ios.swiftmodule /Applications/Xcode-26.4.app/Contents/Developer/Toolchains/XcodeDefault.xctoolchain/usr/lib/swift/iphoneos/prebuilt-modules/26.4/DataDetection.swiftmodule/arm64e-apple-ios.swiftmodule /Users/builder/clone/build/Build/Products/Release-iphoneos/Markdown.swiftmodule/arm64-apple-ios.swiftmodule /Applications/Xcode-26.4.app/Contents/Developer/Toolchains/XcodeDefault.xctoolchain/usr/lib/swift/iphoneos/prebuilt-modules/26.4/_Builtin_float.swiftmodule/arm64e-apple-ios.swiftmodule /Applications/Xcode-26.4.app/Contents/Developer/Toolchains/XcodeDefault.xctoolchain/usr/lib/swift/iphoneos/prebuilt-modules/26.4/os.swiftmodule/arm64e-apple-ios.swiftmodule /Applications/Xcode-26.4.app/Contents/Developer/Toolchains/XcodeDefault.xctoolchain/usr/lib/swift/iphoneos/prebuilt-modules/26.4/_Concurrency.swiftmodule/arm64e-apple-ios.swiftmodule /Applications/Xcode-26.4.app/Contents/Developer/Toolchains/XcodeDefault.xctoolchain/usr/lib/swift/iphoneos/prebuilt-modules/26.4/Darwin.swiftmodule/arm64e-apple-ios.swiftmodule /Applications/Xcode-26.4.app/Contents/Developer/Toolchains/XcodeDefault.xctoolchain/usr/lib/swift/iphoneos/prebuilt-modules/26.4/Swift.swiftmodule/arm64e-apple-ios.swiftmodule /Applications/Xcode-26.4.app/Contents/Developer/Toolchains/XcodeDefault.xctoolchain/usr/lib/swift/iphoneos/prebuilt-modules/26.4/_StringProcessing.swiftmodule/arm64e-apple-ios.swiftmodule /Applications/Xcode-26.4.app/Contents/Developer/Toolchains/XcodeDefault.xctoolchain/usr/lib/swift/iphoneos/prebuilt-modules/26.4/XPC.swiftmodule/arm64e-apple-ios.swiftmodule /Applications/Xcode-26.4.app/Contents/Developer/Toolchains/XcodeDefault.xctoolchain/usr/lib/swift/iphoneos/prebuilt-modules/26.4/SwiftUI.swiftmodule/arm64e-apple-ios.swiftmodule /Applications/Xcode-26.4.app/Contents/Developer/Toolchains/XcodeDefault.xctoolchain/usr/lib/swift/iphoneos/prebuilt-modules/26.4/CoreData.swiftmodule/arm64e-apple-ios.swiftmodule /Applications/Xcode-26.4.app/Contents/Developer/Toolchains/XcodeDefault.xctoolchain/usr/lib/swift/iphoneos/prebuilt-modules/26.4/CoreTransferable.swiftmodule/arm64e-apple-ios.swiftmodule /Applications/Xcode-26.4.app/Contents/Developer/Toolchains/XcodeDefault.xctoolchain/usr/lib/swift/iphoneos/prebuilt-modules/26.4/_DarwinFoundation1.swiftmodule/arm64e-apple-ios.swiftmodule /Applications/Xcode-26.4.app/Contents/Developer/Toolchains/XcodeDefault.xctoolchain/usr/lib/swift/iphoneos/prebuilt-modules/26.4/Observation.swiftmodule/arm64e-apple-ios.swiftmodule /Applications/Xcode-26.4.app/Contents/Developer/Toolchains/XcodeDefault.xctoolchain/usr/lib/swift/iphoneos/prebuilt-modules/26.4/simd.swiftmodule/arm64e-apple-ios.swiftmodule /Applications/Xcode-26.4.app/Contents/Developer/Toolchains/XcodeDefault.xctoolchain/usr/lib/swift/iphoneos/prebuilt-modules/26.4/SwiftUICore.swiftmodule/arm64e-apple-ios.swiftmodule /Applications/Xcode-26.4.app/Contents/Developer/Toolchains/XcodeDefault.xctoolchain/usr/lib/swift/iphoneos/prebuilt-modules/26.4/_DarwinFoundation2.swiftmodule/arm64e-apple-ios.swiftmodule /Applications/Xcode-26.4.app/Contents/Developer/Toolchains/XcodeDefault.xctoolchain/usr/lib/swift/iphoneos/prebuilt-modules/26.4/Dispatch.swiftmodule/arm64e-apple-ios.swiftmodule /Applications/Xcode-26.4.app/Contents/Developer/Toolchains/XcodeDefault.xctoolchain/usr/lib/swift/iphoneos/prebuilt-modules/26.4/Metal.swiftmodule/arm64e-apple-ios.swiftmodule /Applications/Xcode-26.4.app/Contents/Developer/Toolchains/XcodeDefault.xctoolchain/usr/lib/swift/iphoneos/prebuilt-modules/26.4/CoreGraphics.swiftmodule/arm64e-apple-ios.swiftmodule /Applications/Xcode-26.4.app/Contents/Developer/Toolchains/XcodeDefault.xctoolchain/usr/lib/swift/iphoneos/prebuilt-modules/26.4/UniformTypeIdentifiers.swiftmodule/arm64e-apple-ios.swiftmodule /Applications/Xcode-26.4.app/Contents/Developer/Toolchains/XcodeDefault.xctoolchain/usr/lib/swift/iphoneos/prebuilt-modules/26.4/ObjectiveC.swiftmodule/arm64e-apple-ios.swiftmodule /Applications/Xcode-26.4.app/Contents/Developer/Toolchains/XcodeDefault.xctoolchain/usr/lib/swift/iphoneos/prebuilt-modules/26.4/Combine.swiftmodule/arm64e-apple-ios.swiftmodule /Applications/Xcode-26.4.app/Contents/Developer/Toolchains/XcodeDefault.xctoolchain/usr/lib/swift/iphoneos/prebuilt-modules/26.4/UIKit.swiftmodule/arm64e-apple-ios.swiftmodule /Applications/Xcode-26.4.app/Contents/Developer/Toolchains/XcodeDefault.xctoolchain/usr/lib/swift/iphoneos/prebuilt-modules/26.4/CoreVideo.swiftmodule/arm64e-apple-ios.swiftmodule /Applications/Xcode-26.4.app/Contents/Developer/Toolchains/XcodeDefault.xctoolchain/usr/lib/swift/iphoneos/prebuilt-modules/26.4/Accessibility.swiftmodule/arm64e-apple-ios.swiftmodule /Users/builder/clone/build/ModuleCache.noindex/MachO-DZMS1HU305V4D7CIKLN8WSEFR.pcm /Users/builder/clone/build/ModuleCache.noindex/CFNetwork-BV2YOXQR3QGCZZC1FYZ35ME6C.pcm /Users/builder/clone/build/ModuleCache.noindex/SwiftUI-AK1XGHATEPFTJ70AWO7W6AWK9.pcm /Users/builder/clone/build/ModuleCache.noindex/Darwin-6RKUUF4EH2R721CA2RMUMBGM.pcm /Users/builder/clone/build/ModuleCache.noindex/ptrauth-6LUUL5WAG7REBSNPZZB05FMLV.pcm /Users/builder/clone/build/ModuleCache.noindex/UIUtilities-6JOADBKTSE4NPC88FM5OYVU8P.pcm /Users/builder/clone/build/ModuleCache.noindex/CoreImage-197CZCAPBVBNVFAAM6QMD3OAM.pcm /Users/builder/clone/build/ModuleCache.noindex/UniformTypeIdentifiers-NWOMNHVYXZ1L8FHFL7TN9RLG.pcm /Users/builder/clone/build/Build/Intermediates.noindex/SwiftExplicitPrecompiledModules/CAtomic-9WT9GVAANW8YGX9ACI0MWTIRZ.pcm /Users/builder/clone/build/ModuleCache.noindex/_DarwinFoundation1-BY8IH101M5CDB167KVTIL0C1Z.pcm /Users/builder/clone/build/ModuleCache.noindex/OpenGLES-4WHAPQZ50BKGVGRE57NIPC1Q3.pcm /Users/builder/clone/build/ModuleCache.noindex/_Builtin_limits-XHLD784D8WPPZQEXHGFC55BF.pcm /Users/builder/clone/build/ModuleCache.noindex/_SwiftConcurrencyShims-CHQ5P6QLKPZP1WOW5JG11BOT6.pcm /Users/builder/clone/build/ModuleCache.noindex/_Builtin_stdatomic-4C4KLUK64YOJ8Y6GZ37Y6UN7C.pcm /Users/builder/clone/build/ModuleCache.noindex/Security-5WQIKACZXTIZWZ5UPCCB04Z6K.pcm /Users/builder/clone/build/ModuleCache.noindex/CoreText-31JI8H8TNAKKRE4OOY1XBI0EE.pcm /Users/builder/clone/build/ModuleCache.noindex/_Builtin_inttypes-BDDTEDMVWUP4QDWT2P9QEWF54.pcm /Users/builder/clone/build/ModuleCache.noindex/SwiftShims-8FO93YKE1WBUL8ZVXE6V0W7TF.pcm /Users/builder/clone/build/ModuleCache.noindex/CoreData-DNZRGA7JMAH6GG8WDWQ4NGNR2.pcm /Users/builder/clone/build/ModuleCache.noindex/simd-BSWSXRLML747D1I3MKXIS72QO.pcm /Users/builder/clone/build/ModuleCache.noindex/XPC-83H6M22GN0LJJMP6IVF07J1T3.pcm /Users/builder/clone/build/ModuleCache.noindex/FileProvider-ES1PGXV7F10JITUURTEVQ4MOF.pcm /Users/builder/clone/build/ModuleCache.noindex/_Builtin_float-85JALJ7TDDJVRCDY2BGUERQAS.pcm /Users/builder/clone/build/ModuleCache.noindex/_Builtin_stdint-BY1E7A3YMCKR9BQHIRHXF627F.pcm /Users/builder/clone/build/ModuleCache.noindex/sys_types-4YSRAH9YYNB3I66HHQWOQEM6L.pcm /Users/builder/clone/build/ModuleCache.noindex/_Builtin_tgmath-5IEHEMEP25RCBXTADL8PLI512.pcm /Users/builder/clone/build/ModuleCache.noindex/Metal-API99ACLGVJ0LCOD8H2BFQXJW.pcm /Users/builder/clone/build/ModuleCache.noindex/UIKit-EONTKDDW1VYYMIHYDJLTUSBW2.pcm /Users/builder/clone/build/ModuleCache.noindex/UserNotifications-7Q0Y5OT179CFY0A1S1OWG7EVS.pcm /Users/builder/clone/build/Build/Intermediates.noindex/SwiftExplicitPrecompiledModules/cmark_gfm_extensions-1SR33KA1G2Q8WEKIPM9VROQ5N.pcm /Users/builder/clone/build/ModuleCache.noindex/CoreVideo-CAF6XWOYMNTN9TK6VWLNIH3C5.pcm /Users/builder/clone/build/ModuleCache.noindex/_Builtin_stdbool-2ILQPNNY1Q1DQQK2TZ9WXC57G.pcm /Users/builder/clone/build/Build/Intermediates.noindex/SwiftExplicitPrecompiledModules/cmark_gfm-9KPHS24IIR67DA6NAJF82793R.pcm /Users/builder/clone/build/ModuleCache.noindex/_DarwinFoundation2-5VUBEIZBEOC3ULBJKT8JJE3XM.pcm /Users/builder/clone/build/ModuleCache.noindex/Dispatch-EKXSOI9AGDVEYYTP3JDSKW2W.pcm /Users/builder/clone/build/ModuleCache.noindex/Spatial-7321YNVRFT2NYPGYRS6LO6OB8.pcm /Users/builder/clone/build/ModuleCache.noindex/SwiftUICore-K6N5BX0PK7EO76ERJVXDY9W5.pcm /Users/builder/clone/build/ModuleCache.noindex/ObjectiveC-5B0MBDYIVRE8T5RMG8FSUAJAC.pcm /Users/builder/clone/build/ModuleCache.noindex/DataDetection-QZCUY58ELATMPGLV3YTCHC3Q.pcm /Users/builder/clone/build/ModuleCache.noindex/CoreFoundation-2INE8R3HT0NQOAMD08EAY60NQ.pcm /Users/builder/clone/build/ModuleCache.noindex/DeveloperToolsSupport-6TKJ89Z9VNTO3LJSI4PGGBY39.pcm /Users/builder/clone/build/ModuleCache.noindex/ptrcheck-EOTZRFSYY3Z8DNJPOZG8CPHUK.pcm /Users/builder/clone/build/ModuleCache.noindex/_DarwinFoundation3-DQKFTYUE0CHO3ZH6HIURZWJNS.pcm /Users/builder/clone/build/ModuleCache.noindex/_Builtin_stdarg-5R2Y5DQ9CCCL9AXNPNWQHLN9D.pcm /Users/builder/clone/build/ModuleCache.noindex/QuartzCore-82L8I9S4QDPKIBSA5DE1CX6QA.pcm /Users/builder/clone/build/ModuleCache.noindex/ImageIO-B333V7XDYJWJU9NTF8Y2MV80I.pcm /Users/builder/clone/build/ModuleCache.noindex/IOSurface-ESNQSTFGAKOFKL0AHHMLA2M7K.pcm /Users/builder/clone/build/ModuleCache.noindex/OSLog-4D6PR7NKYEG76TEDB6O79JTT5.pcm /Users/builder/clone/build/ModuleCache.noindex/_Builtin_stddef-8IK85O58DGRDUMM87197TSPI.pcm /Users/builder/clone/build/ModuleCache.noindex/CoreTransferable-B5CV2GWW0SLB0OWR5YV68MGYP.pcm /Users/builder/clone/build/ModuleCache.noindex/Accessibility-3RX97MFHHJGQXOG4G0VI5N8UT.pcm /Users/builder/clone/build/ModuleCache.noindex/_Builtin_intrinsics-6PL1ODUCDDBVU2XKNN1VZ5ND7.pcm /Users/builder/clone/build/ModuleCache.noindex/_AvailabilityInternal-DFS0JW4PZLXT848C3VTWTDSUS.pcm /Users/builder/clone/build/ModuleCache.noindex/os_object-5DJUYTWMFLH6P3NXZJKLUNUPU.pcm /Users/builder/clone/build/ModuleCache.noindex/Symbols-4IY2GWUB7DFGPSE124NUDODPN.pcm /Users/builder/clone/build/ModuleCache.noindex/os_workgroup-B4SMTMQEDV9ZG1HPU7XWJA5NQ.pcm /Users/builder/clone/build/ModuleCache.noindex/Foundation-8QW824YXXHXXCI7ILXW8ILV1G.pcm /Users/builder/clone/build/ModuleCache.noindex/CoreGraphics-BYW19FT7DN8S5UQ65XLAXKIRB.pcm /Users/builder/clone/build/ModuleCache.noindex/os-VN4E92RQR7U9PJADXD7BSCO5.pcm /Users/builder/clone/build/Build/Intermediates.noindex/EmojiText.build/Release-iphoneos/EmojiText.build/Objects-normal/arm64/EmojiText-dependencies-1.json (in target 'EmojiText' from project 'EmojiText')\n\nCompileSwift normal arm64 (in target 'EmojiText' from project 'EmojiText')\n    cd /Users/builder/clone/IceCubesApp.xcodeproj\n    \n\nSwiftDriverJobDiscovery normal arm64 Compiling CADisplayLinkPublisher.swift, AnimatedEmojiMode.swift, AnimatedImageType.swift, EmojiError.swift, EmojiProviderError.swift, EmojiText.swift, EmojiTextEnvironmentValues.swift, EmojiTextNamespace.swift, Environment+Helpers.swift, Environment.swift, AttributedString+Extensions.swift, CGImageSource+Extensions.swift, Data+Extensions.swift, FloatingPoint+Extensions.swift, Font+Extensions.swift, Image+Extensions.swift, Integer+Extensions.swift, Publisher+Extensions.swift, String+Extensions.swift, Text+Extensions.swift, UIContentSizeCategory+Extensions.swift, Lock.swift, Logger.swift, AttributedPartialstring.swift, LocalEmoji.swift, AsyncCustomEmoji.swift, CustomEmoji.swift, SyncCustomEmoji.swift, RemoteEmoji.swift, RenderedEmoji.swift, SFSymbolEmoji.swift, RawImage.swift, RenderedImage.swift, Preview.swift, AsyncEmojiProvider.swift, DefaultAsyncEmojiProvider.swift, DefaultSyncEmojiProvider.swift, SyncEmojiProvider.swift, EmojiRenderer.swift, EmojiTextRenderer.swift, EmojiReplacer.swift, MarkdownEmojiRenderer.swift, VerbatimEmojiRenderer.swift, Typealiases.swift (in target 'EmojiText' from project 'EmojiText')\n\nSwiftDriver\\ Compilation\\ Requirements EmojiText normal arm64 com.apple.xcode.tools.swift.compiler (in target 'EmojiText' from project 'EmojiText')\n    cd /Users/builder/clone/IceCubesApp.xcodeproj\n    builtin-Swift-Compilation-Requirements -- /Applications/Xcode-26.4.app/Contents/Developer/Toolchains/XcodeDefault.xctoolchain/usr/bin/swiftc -module-name EmojiText -O -whole-module-optimization @/Users/builder/clone/build/Build/Intermediates.noindex/EmojiText.build/Release-iphoneos/EmojiText.build/Objects-normal/arm64/EmojiText.SwiftFileList -DSWIFT_PACKAGE -DSWIFT_MODULE_RESOURCE_BUNDLE_UNAVAILABLE -DXcode -plugin-path /Applications/Xcode-26.4.app/Contents/Developer/Toolchains/XcodeDefault.xctoolchain/usr/lib/swift/host/plugins/testing -enable-experimental-feature DebugDescriptionMacro -sdk /Applications/Xcode-26.4.app/Contents/Developer/Platforms/iPhoneOS.platform/Developer/SDKs/iPhoneOS26.4.sdk -target arm64-apple-ios15.0 -g -module-cache-path /Users/builder/clone/build/ModuleCache.noindex -Xfrontend -serialize-debugging-options -suppress-warnings -swift-version 6 -I /Users/builder/clone/build/Build/Products/Release-iphoneos -Isystem /Applications/Xcode-26.4.app/Contents/Developer/Platforms/iPhoneOS.platform/Developer/usr/lib -F /Users/builder/clone/build/Build/Products/Release-iphoneos/PackageFrameworks -F /Users/builder/clone/build/Build/Products/Release-iphoneos/PackageFrameworks -F /Users/builder/clone/build/Build/Products/Release-iphoneos/PackageFrameworks -F /Users/builder/clone/build/Build/Products/Release-iphoneos/PackageFrameworks -F /Users/builder/clone/build/Build/Products/Release-iphoneos -F /Applications/Xcode-26.4.app/Contents/Developer/Platforms/iPhoneOS.platform/Developer/Library/Frameworks -F /Applications/Xcode-26.4.app/Contents/Developer/Platforms/iPhoneOS.platform/Developer/SDKs/iPhoneOS26.4.sdk/Developer/Library/Frameworks -c -num-threads 3 -Xcc -ivfsstatcache -Xcc /Users/builder/clone/build/SDKStatCaches.noindex/iphoneos26.4-23E252-dc38477e7e47e42951976ad86cc01fb3.sdkstatcache -output-file-map /Users/builder/clone/build/Build/Intermediates.noindex/EmojiText.build/Release-iphoneos/EmojiText.build/Objects-normal/arm64/EmojiText-OutputFileMap.json -use-frontend-parseable-output -save-temps -no-color-diagnostics -explicit-module-build -module-cache-path /Users/builder/clone/build/Build/Intermediates.noindex/SwiftExplicitPrecompiledModules -clang-scanner-module-cache-path /Users/builder/clone/build/ModuleCache.noindex -sdk-module-cache-path /Users/builder/clone/build/ModuleCache.noindex -serialize-diagnostics -emit-dependencies -emit-module -emit-module-path /Users/builder/clone/build/Build/Intermediates.noindex/EmojiText.build/Release-iphoneos/EmojiText.build/Objects-normal/arm64/EmojiText.swiftmodule -validate-clang-modules-once -clang-build-session-file /Users/builder/clone/build/ModuleCache.noindex/Session.modulevalidation -package-name emojitext -Xcc -I/Users/builder/clone/build/Build/Intermediates.noindex/EmojiText.build/Release-iphoneos/EmojiText.build/swift-overrides.hmap -emit-const-values -Xfrontend -const-gather-protocols-file -Xfrontend /Users/builder/clone/build/Build/Intermediates.noindex/EmojiText.build/Release-iphoneos/EmojiText.build/Objects-normal/arm64/EmojiText_const_extract_protocols.json -Xcc -I/Users/builder/clone/build/SourcePackages/checkouts/swift-cmark/src/include -Xcc -I/Users/builder/clone/build/SourcePackages/checkouts/swift-cmark/extensions/include -Xcc -I/Users/builder/clone/build/SourcePackages/checkouts/swift-markdown/Sources/CAtomic/include -Xcc -I/Users/builder/clone/build/Build/Products/Release-iphoneos/include -Xcc -I/Users/builder/clone/build/Build/Intermediates.noindex/EmojiText.build/Release-iphoneos/EmojiText.build/DerivedSources-normal/arm64 -Xcc -I/Users/builder/clone/build/Build/Intermediates.noindex/EmojiText.build/Release-iphoneos/EmojiText.build/DerivedSources/arm64 -Xcc -I/Users/builder/clone/build/Build/Intermediates.noindex/EmojiText.build/Release-iphoneos/EmojiText.build/DerivedSources -Xcc -DSWIFT_PACKAGE -emit-objc-header -emit-objc-header-path /Users/builder/clone/build/Build/Intermediates.noindex/EmojiText.build/Release-iphoneos/EmojiText.build/Objects-normal/arm64/EmojiText-Swift.h -working-directory /Users/builder/clone/IceCubesApp.xcodeproj -no-emit-module-separately-wmo\n\nRegisterExecutionPolicyException /Users/builder/clone/build/Build/Products/Release-iphoneos/Gifu.o (in target 'Gifu' from project 'Gifu')\n    cd /Users/builder/clone/build/SourcePackages/checkouts/Gifu\n    builtin-RegisterExecutionPolicyException /Users/builder/clone/build/Build/Products/Release-iphoneos/Gifu.o\n\nSwiftMergeGeneratedHeaders /Users/builder/clone/build/Build/Intermediates.noindex/GeneratedModuleMaps-iphoneos/EmojiText-Swift.h /Users/builder/clone/build/Build/Intermediates.noindex/EmojiText.build/Release-iphoneos/EmojiText.build/Objects-normal/arm64/EmojiText-Swift.h (in target 'EmojiText' from project 'EmojiText')\n    cd /Users/builder/clone/build/SourcePackages/checkouts/EmojiText\n    builtin-swiftHeaderTool -arch arm64 /Users/builder/clone/build/Build/Intermediates.noindex/EmojiText.build/Release-iphoneos/EmojiText.build/Objects-normal/arm64/EmojiText-Swift.h -o /Users/builder/clone/build/Build/Intermediates.noindex/GeneratedModuleMaps-iphoneos/EmojiText-Swift.h\n\nCopy /Users/builder/clone/build/Build/Products/Release-iphoneos/EmojiText.swiftmodule/arm64-apple-ios.swiftmodule /Users/builder/clone/build/Build/Intermediates.noindex/EmojiText.build/Release-iphoneos/EmojiText.build/Objects-normal/arm64/EmojiText.swiftmodule (in target 'EmojiText' from project 'EmojiText')\n    cd /Users/builder/clone/build/SourcePackages/checkouts/EmojiText\n    builtin-copy -exclude .DS_Store -exclude CVS -exclude .svn -exclude .git -exclude .hg -strip-unsigned-binaries -strip-deterministic -strip-tool /Applications/Xcode-26.4.app/Contents/Developer/Toolchains/XcodeDefault.xctoolchain/usr/bin/strip -resolve-src-symlinks -rename /Users/builder/clone/build/Build/Intermediates.noindex/EmojiText.build/Release-iphoneos/EmojiText.build/Objects-normal/arm64/EmojiText.swiftmodule /Users/builder/clone/build/Build/Products/Release-iphoneos/EmojiText.swiftmodule/arm64-apple-ios.swiftmodule\n\nCopy /Users/builder/clone/build/Build/Products/Release-iphoneos/EmojiText.swiftmodule/arm64-apple-ios.swiftdoc /Users/builder/clone/build/Build/Intermediates.noindex/EmojiText.build/Release-iphoneos/EmojiText.build/Objects-normal/arm64/EmojiText.swiftdoc (in target 'EmojiText' from project 'EmojiText')\n    cd /Users/builder/clone/build/SourcePackages/checkouts/EmojiText\n    builtin-copy -exclude .DS_Store -exclude CVS -exclude .svn -exclude .git -exclude .hg -strip-unsigned-binaries -strip-deterministic -strip-tool /Applications/Xcode-26.4.app/Contents/Developer/Toolchains/XcodeDefault.xctoolchain/usr/bin/strip -resolve-src-symlinks -rename /Users/builder/clone/build/Build/Intermediates.noindex/EmojiText.build/Release-iphoneos/EmojiText.build/Objects-normal/arm64/EmojiText.swiftdoc /Users/builder/clone/build/Build/Products/Release-iphoneos/EmojiText.swiftmodule/arm64-apple-ios.swiftdoc\n\nCopy /Users/builder/clone/build/Build/Products/Release-iphoneos/EmojiText.swiftmodule/arm64-apple-ios.abi.json /Users/builder/clone/build/Build/Intermediates.noindex/EmojiText.build/Release-iphoneos/EmojiText.build/Objects-normal/arm64/EmojiText.abi.json (in target 'EmojiText' from project 'EmojiText')\n    cd /Users/builder/clone/build/SourcePackages/checkouts/EmojiText\n    builtin-copy -exclude .DS_Store -exclude CVS -exclude .svn -exclude .git -exclude .hg -strip-unsigned-binaries -strip-deterministic -strip-tool /Applications/Xcode-26.4.app/Contents/Developer/Toolchains/XcodeDefault.xctoolchain/usr/bin/strip -resolve-src-symlinks -rename /Users/builder/clone/build/Build/Intermediates.noindex/EmojiText.build/Release-iphoneos/EmojiText.build/Objects-normal/arm64/EmojiText.abi.json /Users/builder/clone/build/Build/Products/Release-iphoneos/EmojiText.swiftmodule/arm64-apple-ios.abi.json\n\nCopy /Users/builder/clone/build/Build/Products/Release-iphoneos/EmojiText.swiftmodule/Project/arm64-apple-ios.swiftsourceinfo /Users/builder/clone/build/Build/Intermediates.noindex/EmojiText.build/Release-iphoneos/EmojiText.build/Objects-normal/arm64/EmojiText.swiftsourceinfo (in target 'EmojiText' from project 'EmojiText')\n    cd /Users/builder/clone/build/SourcePackages/checkouts/EmojiText\n    builtin-copy -exclude .DS_Store -exclude CVS -exclude .svn -exclude .git -exclude .hg -strip-unsigned-binaries -strip-deterministic -strip-tool /Applications/Xcode-26.4.app/Contents/Developer/Toolchains/XcodeDefault.xctoolchain/usr/bin/strip -resolve-src-symlinks -rename /Users/builder/clone/build/Build/Intermediates.noindex/EmojiText.build/Release-iphoneos/EmojiText.build/Objects-normal/arm64/EmojiText.swiftsourceinfo /Users/builder/clone/build/Build/Products/Release-iphoneos/EmojiText.swiftmodule/Project/arm64-apple-ios.swiftsourceinfo\n\nRegisterExecutionPolicyException /Users/builder/clone/build/Build/Products/Release-iphoneos/DesignSystem_DesignSystem.bundle (in target 'DesignSystem_DesignSystem' from project 'DesignSystem')\n    cd /Users/builder/clone/Packages/DesignSystem\n    builtin-RegisterExecutionPolicyException /Users/builder/clone/build/Build/Products/Release-iphoneos/DesignSystem_DesignSystem.bundle\n\nRegisterExecutionPolicyException /Users/builder/clone/build/Build/Products/Release-iphoneos/CAtomic.o (in target 'CAtomic' from project 'swift-markdown')\n    cd /Users/builder/clone/build/SourcePackages/checkouts/swift-markdown\n    builtin-RegisterExecutionPolicyException /Users/builder/clone/build/Build/Products/Release-iphoneos/CAtomic.o\n\nSwiftDriver Bodega normal arm64 com.apple.xcode.tools.swift.compiler (in target 'Bodega' from project 'Bodega')\n    cd /Users/builder/clone/IceCubesApp.xcodeproj\n    builtin-SwiftDriver -- /Applications/Xcode-26.4.app/Contents/Developer/Toolchains/XcodeDefault.xctoolchain/usr/bin/swiftc -module-name Bodega -O -whole-module-optimization @/Users/builder/clone/build/Build/Intermediates.noindex/Bodega.build/Release-iphoneos/Bodega.build/Objects-normal/arm64/Bodega.SwiftFileList -DSWIFT_PACKAGE -DSWIFT_MODULE_RESOURCE_BUNDLE_UNAVAILABLE -DXcode -plugin-path /Applications/Xcode-26.4.app/Contents/Developer/Toolchains/XcodeDefault.xctoolchain/usr/lib/swift/host/plugins/testing -enable-experimental-feature DebugDescriptionMacro -sdk /Applications/Xcode-26.4.app/Contents/Developer/Platforms/iPhoneOS.platform/Developer/SDKs/iPhoneOS26.4.sdk -target arm64-apple-ios13.0 -g -module-cache-path /Users/builder/clone/build/ModuleCache.noindex -Xfrontend -serialize-debugging-options -suppress-warnings -swift-version 5 -I /Users/builder/clone/build/Build/Products/Release-iphoneos -Isystem /Applications/Xcode-26.4.app/Contents/Developer/Platforms/iPhoneOS.platform/Developer/usr/lib -F /Users/builder/clone/build/Build/Products/Release-iphoneos/PackageFrameworks -F /Users/builder/clone/build/Build/Products/Release-iphoneos -F /Applications/Xcode-26.4.app/Contents/Developer/Platforms/iPhoneOS.platform/Developer/Library/Frameworks -F /Applications/Xcode-26.4.app/Contents/Developer/Platforms/iPhoneOS.platform/Developer/SDKs/iPhoneOS26.4.sdk/Developer/Library/Frameworks -c -num-threads 3 -Xcc -ivfsstatcache -Xcc /Users/builder/clone/build/SDKStatCaches.noindex/iphoneos26.4-23E252-dc38477e7e47e42951976ad86cc01fb3.sdkstatcache -output-file-map /Users/builder/clone/build/Build/Intermediates.noindex/Bodega.build/Release-iphoneos/Bodega.build/Objects-normal/arm64/Bodega-OutputFileMap.json -use-frontend-parseable-output -save-temps -no-color-diagnostics -explicit-module-build -module-cache-path /Users/builder/clone/build/Build/Intermediates.noindex/SwiftExplicitPrecompiledModules -clang-scanner-module-cache-path /Users/builder/clone/build/ModuleCache.noindex -sdk-module-cache-path /Users/builder/clone/build/ModuleCache.noindex -serialize-diagnostics -emit-dependencies -emit-module -emit-module-path /Users/builder/clone/build/Build/Intermediates.noindex/Bodega.build/Release-iphoneos/Bodega.build/Objects-normal/arm64/Bodega.swiftmodule -validate-clang-modules-once -clang-build-session-file /Users/builder/clone/build/ModuleCache.noindex/Session.modulevalidation -Xcc -I/Users/builder/clone/build/Build/Intermediates.noindex/Bodega.build/Release-iphoneos/Bodega.build/swift-overrides.hmap -emit-const-values -Xfrontend -const-gather-protocols-file -Xfrontend /Users/builder/clone/build/Build/Intermediates.noindex/Bodega.build/Release-iphoneos/Bodega.build/Objects-normal/arm64/Bodega_const_extract_protocols.json -Xcc -I/Users/builder/clone/build/Build/Products/Release-iphoneos/include -Xcc -I/Users/builder/clone/build/Build/Intermediates.noindex/Bodega.build/Release-iphoneos/Bodega.build/DerivedSources-normal/arm64 -Xcc -I/Users/builder/clone/build/Build/Intermediates.noindex/Bodega.build/Release-iphoneos/Bodega.build/DerivedSources/arm64 -Xcc -I/Users/builder/clone/build/Build/Intermediates.noindex/Bodega.build/Release-iphoneos/Bodega.build/DerivedSources -Xcc -DSWIFT_PACKAGE -emit-objc-header -emit-objc-header-path /Users/builder/clone/build/Build/Intermediates.noindex/Bodega.build/Release-iphoneos/Bodega.build/Objects-normal/arm64/Bodega-Swift.h -working-directory /Users/builder/clone/IceCubesApp.xcodeproj -no-emit-module-separately-wmo\n\nTouch /Users/builder/clone/build/Build/Products/Release-iphoneos/DesignSystem_DesignSystem.bundle (in target 'DesignSystem_DesignSystem' from project 'DesignSystem')\n    cd /Users/builder/clone/Packages/DesignSystem\n    /usr/bin/touch -c /Users/builder/clone/build/Build/Products/Release-iphoneos/DesignSystem_DesignSystem.bundle\n\nSwiftCompile normal arm64 Compiling\\ CacheKey.swift,\\ DiskStorageEngine.swift,\\ FileManager.Directory.swift,\\ ObjectStorage.swift,\\ SQLiteStorageEngine+Default.swift,\\ SQLiteStorageEngine.swift,\\ StorageEngine.swift,\\ String+Formatting.swift /Users/builder/clone/build/SourcePackages/checkouts/Bodega/Sources/Bodega/CacheKey.swift /Users/builder/clone/build/SourcePackages/checkouts/Bodega/Sources/Bodega/DiskStorageEngine.swift /Users/builder/clone/build/SourcePackages/checkouts/Bodega/Sources/Bodega/FileManager.Directory.swift /Users/builder/clone/build/SourcePackages/checkouts/Bodega/Sources/Bodega/ObjectStorage.swift /Users/builder/clone/build/SourcePackages/checkouts/Bodega/Sources/Bodega/SQLiteStorageEngine+Default.swift /Users/builder/clone/build/SourcePackages/checkouts/Bodega/Sources/Bodega/SQLiteStorageEngine.swift /Users/builder/clone/build/SourcePackages/checkouts/Bodega/Sources/Bodega/StorageEngine.swift /Users/builder/clone/build/SourcePackages/checkouts/Bodega/Sources/Bodega/String+Formatting.swift /Applications/Xcode-26.4.app/Contents/Developer/Toolchains/XcodeDefault.xctoolchain/usr/lib/swift/iphoneos/prebuilt-modules/26.4/Observation.swiftmodule/arm64e-apple-ios.swiftmodule /Applications/Xcode-26.4.app/Contents/Developer/Toolchains/XcodeDefault.xctoolchain/usr/lib/swift/iphoneos/prebuilt-modules/26.4/System.swiftmodule/arm64e-apple-ios.swiftmodule /Users/builder/clone/build/Build/Products/Release-iphoneos/SQLite.swiftmodule/arm64-apple-ios.swiftmodule /Applications/Xcode-26.4.app/Contents/Developer/Toolchains/XcodeDefault.xctoolchain/usr/lib/swift/iphoneos/prebuilt-modules/26.4/XPC.swiftmodule/arm64e-apple-ios.swiftmodule /Applications/Xcode-26.4.app/Contents/Developer/Toolchains/XcodeDefault.xctoolchain/usr/lib/swift/iphoneos/prebuilt-modules/26.4/Swift.swiftmodule/arm64e-apple-ios.swiftmodule /Applications/Xcode-26.4.app/Contents/Developer/Toolchains/XcodeDefault.xctoolchain/usr/lib/swift/iphoneos/prebuilt-modules/26.4/_DarwinFoundation2.swiftmodule/arm64e-apple-ios.swiftmodule /Applications/Xcode-26.4.app/Contents/Developer/Toolchains/XcodeDefault.xctoolchain/usr/lib/swift/iphoneos/prebuilt-modules/26.4/_DarwinFoundation1.swiftmodule/arm64e-apple-ios.swiftmodule /Applications/Xcode-26.4.app/Contents/Developer/Toolchains/XcodeDefault.xctoolchain/usr/lib/swift/iphoneos/prebuilt-modules/26.4/LocalAuthentication.swiftmodule/arm64e-apple-ios.swiftmodule /Applications/Xcode-26.4.app/Contents/Developer/Toolchains/XcodeDefault.xctoolchain/usr/lib/swift/iphoneos/prebuilt-modules/26.4/_DarwinFoundation3.swiftmodule/arm64e-apple-ios.swiftmodule /Applications/Xcode-26.4.app/Contents/Developer/Toolchains/XcodeDefault.xctoolchain/usr/lib/swift/iphoneos/prebuilt-modules/26.4/_StringProcessing.swiftmodule/arm64e-apple-ios.swiftmodule /Applications/Xcode-26.4.app/Contents/Developer/Toolchains/XcodeDefault.xctoolchain/usr/lib/swift/iphoneos/prebuilt-modules/26.4/ObjectiveC.swiftmodule/arm64e-apple-ios.swiftmodule /Applications/Xcode-26.4.app/Contents/Developer/Toolchains/XcodeDefault.xctoolchain/usr/lib/swift/iphoneos/prebuilt-modules/26.4/Foundation.swiftmodule/arm64e-apple-ios.swiftmodule /Applications/Xcode-26.4.app/Contents/Developer/Toolchains/XcodeDefault.xctoolchain/usr/lib/swift/iphoneos/prebuilt-modules/26.4/_Builtin_float.swiftmodule/arm64e-apple-ios.swiftmodule /Applications/Xcode-26.4.app/Contents/Developer/Toolchains/XcodeDefault.xctoolchain/usr/lib/swift/iphoneos/prebuilt-modules/26.4/CoreFoundation.swiftmodule/arm64e-apple-ios.swiftmodule /Applications/Xcode-26.4.app/Contents/Developer/Toolchains/XcodeDefault.xctoolchain/usr/lib/swift/iphoneos/prebuilt-modules/26.4/Darwin.swiftmodule/arm64e-apple-ios.swiftmodule /Applications/Xcode-26.4.app/Contents/Developer/Toolchains/XcodeDefault.xctoolchain/usr/lib/swift/iphoneos/prebuilt-modules/26.4/_Concurrency.swiftmodule/arm64e-apple-ios.swiftmodule /Applications/Xcode-26.4.app/Contents/Developer/Toolchains/XcodeDefault.xctoolchain/usr/lib/swift/iphoneos/prebuilt-modules/26.4/Dispatch.swiftmodule/arm64e-apple-ios.swiftmodule /Applications/Xcode-26.4.app/Contents/Developer/Toolchains/XcodeDefault.xctoolchain/usr/lib/swift/iphoneos/prebuilt-modules/26.4/Combine.swiftmodule/arm64e-apple-ios.swiftmodule /Applications/Xcode-26.4.app/Contents/Developer/Toolchains/XcodeDefault.xctoolchain/usr/lib/swift/iphoneos/prebuilt-modules/26.4/CryptoKit.swiftmodule/arm64e-apple-ios.swiftmodule /Users/builder/clone/build/ModuleCache.noindex/Foundation-8ESBZZ9N1J4PLT4Z9IWTLGEHX.pcm /Users/builder/clone/build/ModuleCache.noindex/sys_types-B33PJM372D4Z1NVRZM5YRD1RP.pcm /Users/builder/clone/build/ModuleCache.noindex/Darwin-9JK4K57VV391ZCRL6PJKDW6QC.pcm /Users/builder/clone/build/ModuleCache.noindex/CoreFoundation-A6CZS58YETCJR8NW8HTBMP5MT.pcm /Users/builder/clone/build/ModuleCache.noindex/_Builtin_limits-2GLYII2961SBP7KNDWBXKCYIU.pcm /Users/builder/clone/build/ModuleCache.noindex/_DarwinFoundation1-ABIHU72TA312QF6KDYFEZMWY0.pcm /Users/builder/clone/build/ModuleCache.noindex/ObjectiveC-C5YN1C0BZ7ESBGBP0B5XKM9R7.pcm /Users/builder/clone/build/ModuleCache.noindex/_SwiftConcurrencyShims-2BNDF9OPLGTNP0XB8L7VZ4LAU.pcm /Users/builder/clone/build/ModuleCache.noindex/ptrauth-C60CAIU36OYOR69O7ASMTTFU8.pcm /Users/builder/clone/build/ModuleCache.noindex/_Builtin_stddef-BB4QVRWLQPKQFP8JNJD0W8GAN.pcm /Users/builder/clone/build/ModuleCache.noindex/XPC-7DBBZ0RY9AXLIFQ1ZQNCEOL7M.pcm /Users/builder/clone/build/ModuleCache.noindex/Security-3F4HC5OTFYZ17SDJMC1AFIDUH.pcm /Users/builder/clone/build/ModuleCache.noindex/Dispatch-8GYF4EP8REEU3QEW8Z933NFUQ.pcm /Users/builder/clone/build/ModuleCache.noindex/_Builtin_stdarg-ENGARVB1RCA82QNVX3AKNIA7I.pcm /Users/builder/clone/build/ModuleCache.noindex/LocalAuthentication-8N83SDLXVLQDDJ6Z9OXW2CJI8.pcm /Users/builder/clone/build/ModuleCache.noindex/CFNetwork-WBAWX6LIWV7GVTAGNWN3QVNX.pcm /Users/builder/clone/build/ModuleCache.noindex/os_workgroup-DC39T5CMKIEJIDYOY5PWYDB15.pcm /Users/builder/clone/build/ModuleCache.noindex/os_object-5OSU1U0DEBH4XAUVWITEJ4MPR.pcm /Users/builder/clone/build/ModuleCache.noindex/_AvailabilityInternal-HZ0RQBGAAN0QZ99B6J54UUYW.pcm /Users/builder/clone/build/ModuleCache.noindex/_DarwinFoundation3-DY8NKKEJ8L2MTRNBGEHAPT5DM.pcm /Users/builder/clone/build/ModuleCache.noindex/_Builtin_float-2SCQEMQEBIDUKNY6JWCDOO11G.pcm /Users/builder/clone/build/ModuleCache.noindex/SwiftShims-E9TKEMZXJ2MR8M3OWQ4MIGGM6.pcm /Users/builder/clone/build/ModuleCache.noindex/_Builtin_inttypes-84PMF3J701KL39W8XHWT9YV4L.pcm /Users/builder/clone/build/ModuleCache.noindex/SQLite3-8DCJDS00TKUVJ72TZJ6FRIAXV.pcm /Users/builder/clone/build/ModuleCache.noindex/_Builtin_stdbool-4CMY3LS3VS80AUOFD187RSTV6.pcm /Users/builder/clone/build/ModuleCache.noindex/ptrcheck-3O5DVQU3FOAHU85DJI4YDN56T.pcm /Users/builder/clone/build/ModuleCache.noindex/_DarwinFoundation2-IH2TNLDCFEU7XZQT9CTVUQ1P.pcm /Users/builder/clone/build/ModuleCache.noindex/_Builtin_stdint-8O3R5RESI6Q2C48CPPQ9C67AM.pcm /Users/builder/clone/build/Build/Intermediates.noindex/Bodega.build/Release-iphoneos/Bodega.build/Objects-normal/arm64/Bodega-dependencies-1.json (in target 'Bodega' from project 'Bodega')\n\nCompileSwift normal arm64 (in target 'Bodega' from project 'Bodega')\n    cd /Users/builder/clone/IceCubesApp.xcodeproj\n    \n\nSwiftDriver\\ Compilation Bodega normal arm64 com.apple.xcode.tools.swift.compiler (in target 'Bodega' from project 'Bodega')\n    cd /Users/builder/clone/IceCubesApp.xcodeproj\n    builtin-Swift-Compilation -- /Applications/Xcode-26.4.app/Contents/Developer/Toolchains/XcodeDefault.xctoolchain/usr/bin/swiftc -module-name Bodega -O -whole-module-optimization @/Users/builder/clone/build/Build/Intermediates.noindex/Bodega.build/Release-iphoneos/Bodega.build/Objects-normal/arm64/Bodega.SwiftFileList -DSWIFT_PACKAGE -DSWIFT_MODULE_RESOURCE_BUNDLE_UNAVAILABLE -DXcode -plugin-path /Applications/Xcode-26.4.app/Contents/Developer/Toolchains/XcodeDefault.xctoolchain/usr/lib/swift/host/plugins/testing -enable-experimental-feature DebugDescriptionMacro -sdk /Applications/Xcode-26.4.app/Contents/Developer/Platforms/iPhoneOS.platform/Developer/SDKs/iPhoneOS26.4.sdk -target arm64-apple-ios13.0 -g -module-cache-path /Users/builder/clone/build/ModuleCache.noindex -Xfrontend -serialize-debugging-options -suppress-warnings -swift-version 5 -I /Users/builder/clone/build/Build/Products/Release-iphoneos -Isystem /Applications/Xcode-26.4.app/Contents/Developer/Platforms/iPhoneOS.platform/Developer/usr/lib -F /Users/builder/clone/build/Build/Products/Release-iphoneos/PackageFrameworks -F /Users/builder/clone/build/Build/Products/Release-iphoneos -F /Applications/Xcode-26.4.app/Contents/Developer/Platforms/iPhoneOS.platform/Developer/Library/Frameworks -F /Applications/Xcode-26.4.app/Contents/Developer/Platforms/iPhoneOS.platform/Developer/SDKs/iPhoneOS26.4.sdk/Developer/Library/Frameworks -c -num-threads 3 -Xcc -ivfsstatcache -Xcc /Users/builder/clone/build/SDKStatCaches.noindex/iphoneos26.4-23E252-dc38477e7e47e42951976ad86cc01fb3.sdkstatcache -output-file-map /Users/builder/clone/build/Build/Intermediates.noindex/Bodega.build/Release-iphoneos/Bodega.build/Objects-normal/arm64/Bodega-OutputFileMap.json -use-frontend-parseable-output -save-temps -no-color-diagnostics -explicit-module-build -module-cache-path /Users/builder/clone/build/Build/Intermediates.noindex/SwiftExplicitPrecompiledModules -clang-scanner-module-cache-path /Users/builder/clone/build/ModuleCache.noindex -sdk-module-cache-path /Users/builder/clone/build/ModuleCache.noindex -serialize-diagnostics -emit-dependencies -emit-module -emit-module-path /Users/builder/clone/build/Build/Intermediates.noindex/Bodega.build/Release-iphoneos/Bodega.build/Objects-normal/arm64/Bodega.swiftmodule -validate-clang-modules-once -clang-build-session-file /Users/builder/clone/build/ModuleCache.noindex/Session.modulevalidation -Xcc -I/Users/builder/clone/build/Build/Intermediates.noindex/Bodega.build/Release-iphoneos/Bodega.build/swift-overrides.hmap -emit-const-values -Xfrontend -const-gather-protocols-file -Xfrontend /Users/builder/clone/build/Build/Intermediates.noindex/Bodega.build/Release-iphoneos/Bodega.build/Objects-normal/arm64/Bodega_const_extract_protocols.json -Xcc -I/Users/builder/clone/build/Build/Products/Release-iphoneos/include -Xcc -I/Users/builder/clone/build/Build/Intermediates.noindex/Bodega.build/Release-iphoneos/Bodega.build/DerivedSources-normal/arm64 -Xcc -I/Users/builder/clone/build/Build/Intermediates.noindex/Bodega.build/Release-iphoneos/Bodega.build/DerivedSources/arm64 -Xcc -I/Users/builder/clone/build/Build/Intermediates.noindex/Bodega.build/Release-iphoneos/Bodega.build/DerivedSources -Xcc -DSWIFT_PACKAGE -emit-objc-header -emit-objc-header-path /Users/builder/clone/build/Build/Intermediates.noindex/Bodega.build/Release-iphoneos/Bodega.build/Objects-normal/arm64/Bodega-Swift.h -working-directory /Users/builder/clone/IceCubesApp.xcodeproj -no-emit-module-separately-wmo\n\nSwiftDriverJobDiscovery normal arm64 Compiling CacheKey.swift, DiskStorageEngine.swift, FileManager.Directory.swift, ObjectStorage.swift, SQLiteStorageEngine+Default.swift, SQLiteStorageEngine.swift, StorageEngine.swift, String+Formatting.swift (in target 'Bodega' from project 'Bodega')\n\nSwiftDriver\\ Compilation\\ Requirements Bodega normal arm64 com.apple.xcode.tools.swift.compiler (in target 'Bodega' from project 'Bodega')\n    cd /Users/builder/clone/IceCubesApp.xcodeproj\n    builtin-Swift-Compilation-Requirements -- /Applications/Xcode-26.4.app/Contents/Developer/Toolchains/XcodeDefault.xctoolchain/usr/bin/swiftc -module-name Bodega -O -whole-module-optimization @/Users/builder/clone/build/Build/Intermediates.noindex/Bodega.build/Release-iphoneos/Bodega.build/Objects-normal/arm64/Bodega.SwiftFileList -DSWIFT_PACKAGE -DSWIFT_MODULE_RESOURCE_BUNDLE_UNAVAILABLE -DXcode -plugin-path /Applications/Xcode-26.4.app/Contents/Developer/Toolchains/XcodeDefault.xctoolchain/usr/lib/swift/host/plugins/testing -enable-experimental-feature DebugDescriptionMacro -sdk /Applications/Xcode-26.4.app/Contents/Developer/Platforms/iPhoneOS.platform/Developer/SDKs/iPhoneOS26.4.sdk -target arm64-apple-ios13.0 -g -module-cache-path /Users/builder/clone/build/ModuleCache.noindex -Xfrontend -serialize-debugging-options -suppress-warnings -swift-version 5 -I /Users/builder/clone/build/Build/Products/Release-iphoneos -Isystem /Applications/Xcode-26.4.app/Contents/Developer/Platforms/iPhoneOS.platform/Developer/usr/lib -F /Users/builder/clone/build/Build/Products/Release-iphoneos/PackageFrameworks -F /Users/builder/clone/build/Build/Products/Release-iphoneos -F /Applications/Xcode-26.4.app/Contents/Developer/Platforms/iPhoneOS.platform/Developer/Library/Frameworks -F /Applications/Xcode-26.4.app/Contents/Developer/Platforms/iPhoneOS.platform/Developer/SDKs/iPhoneOS26.4.sdk/Developer/Library/Frameworks -c -num-threads 3 -Xcc -ivfsstatcache -Xcc /Users/builder/clone/build/SDKStatCaches.noindex/iphoneos26.4-23E252-dc38477e7e47e42951976ad86cc01fb3.sdkstatcache -output-file-map /Users/builder/clone/build/Build/Intermediates.noindex/Bodega.build/Release-iphoneos/Bodega.build/Objects-normal/arm64/Bodega-OutputFileMap.json -use-frontend-parseable-output -save-temps -no-color-diagnostics -explicit-module-build -module-cache-path /Users/builder/clone/build/Build/Intermediates.noindex/SwiftExplicitPrecompiledModules -clang-scanner-module-cache-path /Users/builder/clone/build/ModuleCache.noindex -sdk-module-cache-path /Users/builder/clone/build/ModuleCache.noindex -serialize-diagnostics -emit-dependencies -emit-module -emit-module-path /Users/builder/clone/build/Build/Intermediates.noindex/Bodega.build/Release-iphoneos/Bodega.build/Objects-normal/arm64/Bodega.swiftmodule -validate-clang-modules-once -clang-build-session-file /Users/builder/clone/build/ModuleCache.noindex/Session.modulevalidation -Xcc -I/Users/builder/clone/build/Build/Intermediates.noindex/Bodega.build/Release-iphoneos/Bodega.build/swift-overrides.hmap -emit-const-values -Xfrontend -const-gather-protocols-file -Xfrontend /Users/builder/clone/build/Build/Intermediates.noindex/Bodega.build/Release-iphoneos/Bodega.build/Objects-normal/arm64/Bodega_const_extract_protocols.json -Xcc -I/Users/builder/clone/build/Build/Products/Release-iphoneos/include -Xcc -I/Users/builder/clone/build/Build/Intermediates.noindex/Bodega.build/Release-iphoneos/Bodega.build/DerivedSources-normal/arm64 -Xcc -I/Users/builder/clone/build/Build/Intermediates.noindex/Bodega.build/Release-iphoneos/Bodega.build/DerivedSources/arm64 -Xcc -I/Users/builder/clone/build/Build/Intermediates.noindex/Bodega.build/Release-iphoneos/Bodega.build/DerivedSources -Xcc -DSWIFT_PACKAGE -emit-objc-header -emit-objc-header-path /Users/builder/clone/build/Build/Intermediates.noindex/Bodega.build/Release-iphoneos/Bodega.build/Objects-normal/arm64/Bodega-Swift.h -working-directory /Users/builder/clone/IceCubesApp.xcodeproj -no-emit-module-separately-wmo\n\nSwiftMergeGeneratedHeaders /Users/builder/clone/build/Build/Intermediates.noindex/GeneratedModuleMaps-iphoneos/Bodega-Swift.h /Users/builder/clone/build/Build/Intermediates.noindex/Bodega.build/Release-iphoneos/Bodega.build/Objects-normal/arm64/Bodega-Swift.h (in target 'Bodega' from project 'Bodega')\n    cd /Users/builder/clone/build/SourcePackages/checkouts/Bodega\n    builtin-swiftHeaderTool -arch arm64 /Users/builder/clone/build/Build/Intermediates.noindex/Bodega.build/Release-iphoneos/Bodega.build/Objects-normal/arm64/Bodega-Swift.h -o /Users/builder/clone/build/Build/Intermediates.noindex/GeneratedModuleMaps-iphoneos/Bodega-Swift.h\n\nCopy /Users/builder/clone/build/Build/Products/Release-iphoneos/Bodega.swiftmodule/arm64-apple-ios.swiftmodule /Users/builder/clone/build/Build/Intermediates.noindex/Bodega.build/Release-iphoneos/Bodega.build/Objects-normal/arm64/Bodega.swiftmodule (in target 'Bodega' from project 'Bodega')\n    cd /Users/builder/clone/build/SourcePackages/checkouts/Bodega\n    builtin-copy -exclude .DS_Store -exclude CVS -exclude .svn -exclude .git -exclude .hg -strip-unsigned-binaries -strip-deterministic -strip-tool /Applications/Xcode-26.4.app/Contents/Developer/Toolchains/XcodeDefault.xctoolchain/usr/bin/strip -resolve-src-symlinks -rename /Users/builder/clone/build/Build/Intermediates.noindex/Bodega.build/Release-iphoneos/Bodega.build/Objects-normal/arm64/Bodega.swiftmodule /Users/builder/clone/build/Build/Products/Release-iphoneos/Bodega.swiftmodule/arm64-apple-ios.swiftmodule\n\nCopy /Users/builder/clone/build/Build/Products/Release-iphoneos/Bodega.swiftmodule/arm64-apple-ios.swiftdoc /Users/builder/clone/build/Build/Intermediates.noindex/Bodega.build/Release-iphoneos/Bodega.build/Objects-normal/arm64/Bodega.swiftdoc (in target 'Bodega' from project 'Bodega')\n    cd /Users/builder/clone/build/SourcePackages/checkouts/Bodega\n    builtin-copy -exclude .DS_Store -exclude CVS -exclude .svn -exclude .git -exclude .hg -strip-unsigned-binaries -strip-deterministic -strip-tool /Applications/Xcode-26.4.app/Contents/Developer/Toolchains/XcodeDefault.xctoolchain/usr/bin/strip -resolve-src-symlinks -rename /Users/builder/clone/build/Build/Intermediates.noindex/Bodega.build/Release-iphoneos/Bodega.build/Objects-normal/arm64/Bodega.swiftdoc /Users/builder/clone/build/Build/Products/Release-iphoneos/Bodega.swiftmodule/arm64-apple-ios.swiftdoc\n\nCopy /Users/builder/clone/build/Build/Products/Release-iphoneos/Bodega.swiftmodule/arm64-apple-ios.abi.json /Users/builder/clone/build/Build/Intermediates.noindex/Bodega.build/Release-iphoneos/Bodega.build/Objects-normal/arm64/Bodega.abi.json (in target 'Bodega' from project 'Bodega')\n    cd /Users/builder/clone/build/SourcePackages/checkouts/Bodega\n    builtin-copy -exclude .DS_Store -exclude CVS -exclude .svn -exclude .git -exclude .hg -strip-unsigned-binaries -strip-deterministic -strip-tool /Applications/Xcode-26.4.app/Contents/Developer/Toolchains/XcodeDefault.xctoolchain/usr/bin/strip -resolve-src-symlinks -rename /Users/builder/clone/build/Build/Intermediates.noindex/Bodega.build/Release-iphoneos/Bodega.build/Objects-normal/arm64/Bodega.abi.json /Users/builder/clone/build/Build/Products/Release-iphoneos/Bodega.swiftmodule/arm64-apple-ios.abi.json\n\nCopy /Users/builder/clone/build/Build/Products/Release-iphoneos/Bodega.swiftmodule/Project/arm64-apple-ios.swiftsourceinfo /Users/builder/clone/build/Build/Intermediates.noindex/Bodega.build/Release-iphoneos/Bodega.build/Objects-normal/arm64/Bodega.swiftsourceinfo (in target 'Bodega' from project 'Bodega')\n    cd /Users/builder/clone/build/SourcePackages/checkouts/Bodega\n    builtin-copy -exclude .DS_Store -exclude CVS -exclude .svn -exclude .git -exclude .hg -strip-unsigned-binaries -strip-deterministic -strip-tool /Applications/Xcode-26.4.app/Contents/Developer/Toolchains/XcodeDefault.xctoolchain/usr/bin/strip -resolve-src-symlinks -rename /Users/builder/clone/build/Build/Intermediates.noindex/Bodega.build/Release-iphoneos/Bodega.build/Objects-normal/arm64/Bodega.swiftsourceinfo /Users/builder/clone/build/Build/Products/Release-iphoneos/Bodega.swiftmodule/Project/arm64-apple-ios.swiftsourceinfo\n\nRegisterExecutionPolicyException /Users/builder/clone/build/Build/Products/Release-iphoneos/ButtonKit.o (in target 'ButtonKit' from project 'ButtonKit')\n    cd /Users/builder/clone/build/SourcePackages/checkouts/ButtonKit\n    builtin-RegisterExecutionPolicyException /Users/builder/clone/build/Build/Products/Release-iphoneos/ButtonKit.o\n\nLd /Users/builder/clone/build/Build/Products/Release-iphoneos/Markdown.o normal (in target 'Markdown' from project 'swift-markdown')\n    cd /Users/builder/clone/build/SourcePackages/checkouts/swift-markdown\n    /Applications/Xcode-26.4.app/Contents/Developer/Toolchains/XcodeDefault.xctoolchain/usr/bin/clang -Xlinker -reproducible -target arm64-apple-ios12.0 -r -isysroot /Applications/Xcode-26.4.app/Contents/Developer/Platforms/iPhoneOS.platform/Developer/SDKs/iPhoneOS26.4.sdk -Os -w -F/Users/builder/clone/build/Build/Intermediates.noindex/EagerLinkingTBDs/Release-iphoneos -F/Users/builder/clone/build/Build/Products/Release-iphoneos/PackageFrameworks -F/Users/builder/clone/build/Build/Products/Release-iphoneos/PackageFrameworks -F/Users/builder/clone/build/Build/Products/Release-iphoneos/PackageFrameworks -F/Users/builder/clone/build/Build/Products/Release-iphoneos -iframework /Applications/Xcode-26.4.app/Contents/Developer/Platforms/iPhoneOS.platform/Developer/Library/Frameworks -iframework /Applications/Xcode-26.4.app/Contents/Developer/Platforms/iPhoneOS.platform/Developer/SDKs/iPhoneOS26.4.sdk/Developer/Library/Frameworks -filelist /Users/builder/clone/build/Build/Intermediates.noindex/swift-markdown.build/Release-iphoneos/Markdown.build/Objects-normal/arm64/Markdown.LinkFileList -nostdlib -Xlinker -object_path_lto -Xlinker /Users/builder/clone/build/Build/Intermediates.noindex/swift-markdown.build/Release-iphoneos/Markdown.build/Objects-normal/arm64/Markdown_lto.o -Xlinker -dependency_info -Xlinker /Users/builder/clone/build/Build/Intermediates.noindex/swift-markdown.build/Release-iphoneos/Markdown.build/Objects-normal/arm64/Markdown_dependency_info.dat -fobjc-link-runtime -L/Applications/Xcode-26.4.app/Contents/Developer/Toolchains/XcodeDefault.xctoolchain/usr/lib/swift/iphoneos -L/usr/lib/swift -Xlinker -add_ast_path -Xlinker /Users/builder/clone/build/Build/Intermediates.noindex/swift-markdown.build/Release-iphoneos/Markdown.build/Objects-normal/arm64/Markdown.swiftmodule @/Users/builder/clone/build/Build/Intermediates.noindex/swift-markdown.build/Release-iphoneos/Markdown.build/Objects-normal/arm64/Markdown-linker-args.resp -o /Users/builder/clone/build/Build/Products/Release-iphoneos/Markdown.o\n\nLd /Users/builder/clone/build/Build/Products/Release-iphoneos/Bodega.o normal (in target 'Bodega' from project 'Bodega')\n    cd /Users/builder/clone/build/SourcePackages/checkouts/Bodega\n    /Applications/Xcode-26.4.app/Contents/Developer/Toolchains/XcodeDefault.xctoolchain/usr/bin/clang -Xlinker -reproducible -target arm64-apple-ios13.0 -r -isysroot /Applications/Xcode-26.4.app/Contents/Developer/Platforms/iPhoneOS.platform/Developer/SDKs/iPhoneOS26.4.sdk -Os -w -F/Users/builder/clone/build/Build/Intermediates.noindex/EagerLinkingTBDs/Release-iphoneos -F/Users/builder/clone/build/Build/Products/Release-iphoneos/PackageFrameworks -F/Users/builder/clone/build/Build/Products/Release-iphoneos -iframework /Applications/Xcode-26.4.app/Contents/Developer/Platforms/iPhoneOS.platform/Developer/Library/Frameworks -iframework /Applications/Xcode-26.4.app/Contents/Developer/Platforms/iPhoneOS.platform/Developer/SDKs/iPhoneOS26.4.sdk/Developer/Library/Frameworks -filelist /Users/builder/clone/build/Build/Intermediates.noindex/Bodega.build/Release-iphoneos/Bodega.build/Objects-normal/arm64/Bodega.LinkFileList -nostdlib -Xlinker -object_path_lto -Xlinker /Users/builder/clone/build/Build/Intermediates.noindex/Bodega.build/Release-iphoneos/Bodega.build/Objects-normal/arm64/Bodega_lto.o -Xlinker -dependency_info -Xlinker /Users/builder/clone/build/Build/Intermediates.noindex/Bodega.build/Release-iphoneos/Bodega.build/Objects-normal/arm64/Bodega_dependency_info.dat -fobjc-link-runtime -L/Applications/Xcode-26.4.app/Contents/Developer/Toolchains/XcodeDefault.xctoolchain/usr/lib/swift/iphoneos -L/usr/lib/swift -Xlinker -add_ast_path -Xlinker /Users/builder/clone/build/Build/Intermediates.noindex/Bodega.build/Release-iphoneos/Bodega.build/Objects-normal/arm64/Bodega.swiftmodule @/Users/builder/clone/build/Build/Intermediates.noindex/Bodega.build/Release-iphoneos/Bodega.build/Objects-normal/arm64/Bodega-linker-args.resp -o /Users/builder/clone/build/Build/Products/Release-iphoneos/Bodega.o\n\nExtractAppIntentsMetadata (in target 'Markdown' from project 'swift-markdown')\n    cd /Users/builder/clone/build/SourcePackages/checkouts/swift-markdown\n    /Applications/Xcode-26.4.app/Contents/Developer/Toolchains/XcodeDefault.xctoolchain/usr/bin/appintentsmetadataprocessor --toolchain-dir /Applications/Xcode-26.4.app/Contents/Developer/Toolchains/XcodeDefault.xctoolchain --module-name Markdown --sdk-root /Applications/Xcode-26.4.app/Contents/Developer/Platforms/iPhoneOS.platform/Developer/SDKs/iPhoneOS26.4.sdk --xcode-version 17E202 --platform-family iOS --deployment-target 12.0 --bundle-identifier swift-markdown.Markdown --output /Users/builder/clone/build/Build/Products/Release-iphoneos/Markdown.appintents --target-triple arm64-apple-ios12.0 --binary-file /Users/builder/clone/build/Build/Products/Release-iphoneos/Markdown.o --dependency-file /Users/builder/clone/build/Build/Intermediates.noindex/swift-markdown.build/Release-iphoneos/Markdown.build/Objects-normal/arm64/Markdown_dependency_info.dat --stringsdata-file /Users/builder/clone/build/Build/Intermediates.noindex/swift-markdown.build/Release-iphoneos/Markdown.build/Objects-normal/arm64/ExtractedAppShortcutsMetadata.stringsdata --source-file-list /Users/builder/clone/build/Build/Intermediates.noindex/swift-markdown.build/Release-iphoneos/Markdown.build/Objects-normal/arm64/Markdown.SwiftFileList --metadata-file-list /Users/builder/clone/build/Build/Intermediates.noindex/swift-markdown.build/Release-iphoneos/Markdown.build/Markdown.DependencyMetadataFileList --static-metadata-file-list /Users/builder/clone/build/Build/Intermediates.noindex/swift-markdown.build/Release-iphoneos/Markdown.build/Markdown.DependencyStaticMetadataFileList --swift-const-vals-list /Users/builder/clone/build/Build/Intermediates.noindex/swift-markdown.build/Release-iphoneos/Markdown.build/Objects-normal/arm64/Markdown.SwiftConstValuesFileList --force --compile-time-extraction --deployment-aware-processing --validate-assistant-intents --no-app-shortcuts-localization\n2026-09-05 04:19:47.055 appintentsmetadataprocessor[2297:17799] Starting appintentsmetadataprocessor export\n2026-09-05 04:19:47.069 appintentsmetadataprocessor[2297:17799] Extracted no relevant App Intents symbols, skipping writing output\n\nExtractAppIntentsMetadata (in target 'Bodega' from project 'Bodega')\n    cd /Users/builder/clone/build/SourcePackages/checkouts/Bodega\n    /Applications/Xcode-26.4.app/Contents/Developer/Toolchains/XcodeDefault.xctoolchain/usr/bin/appintentsmetadataprocessor --toolchain-dir /Applications/Xcode-26.4.app/Contents/Developer/Toolchains/XcodeDefault.xctoolchain --module-name Bodega --sdk-root /Applications/Xcode-26.4.app/Contents/Developer/Platforms/iPhoneOS.platform/Developer/SDKs/iPhoneOS26.4.sdk --xcode-version 17E202 --platform-family iOS --deployment-target 13.0 --bundle-identifier bodega.Bodega --output /Users/builder/clone/build/Build/Products/Release-iphoneos/Bodega.appintents --target-triple arm64-apple-ios13.0 --binary-file /Users/builder/clone/build/Build/Products/Release-iphoneos/Bodega.o --dependency-file /Users/builder/clone/build/Build/Intermediates.noindex/Bodega.build/Release-iphoneos/Bodega.build/Objects-normal/arm64/Bodega_dependency_info.dat --stringsdata-file /Users/builder/clone/build/Build/Intermediates.noindex/Bodega.build/Release-iphoneos/Bodega.build/Objects-normal/arm64/ExtractedAppShortcutsMetadata.stringsdata --source-file-list /Users/builder/clone/build/Build/Intermediates.noindex/Bodega.build/Release-iphoneos/Bodega.build/Objects-normal/arm64/Bodega.SwiftFileList --metadata-file-list /Users/builder/clone/build/Build/Intermediates.noindex/Bodega.build/Release-iphoneos/Bodega.build/Bodega.DependencyMetadataFileList --static-metadata-file-list /Users/builder/clone/build/Build/Intermediates.noindex/Bodega.build/Release-iphoneos/Bodega.build/Bodega.DependencyStaticMetadataFileList --swift-const-vals-list /Users/builder/clone/build/Build/Intermediates.noindex/Bodega.build/Release-iphoneos/Bodega.build/Objects-normal/arm64/Bodega.SwiftConstValuesFileList --force --compile-time-extraction --deployment-aware-processing --validate-assistant-intents --no-app-shortcuts-localization\n2026-09-05 04:19:47.098 appintentsmetadataprocessor[2298:17802] Starting appintentsmetadataprocessor export\n2026-09-05 04:19:47.111 appintentsmetadataprocessor[2298:17802] Extracted no relevant App Intents symbols, skipping writing output\n\nRegisterExecutionPolicyException /Users/builder/clone/build/Build/Products/Release-iphoneos/Markdown.o (in target 'Markdown' from project 'swift-markdown')\n    cd /Users/builder/clone/build/SourcePackages/checkouts/swift-markdown\n    builtin-RegisterExecutionPolicyException /Users/builder/clone/build/Build/Products/Release-iphoneos/Markdown.o\n\nLd /Users/builder/clone/build/Build/Products/Release-iphoneos/EmojiText.o normal (in target 'EmojiText' from project 'EmojiText')\n    cd /Users/builder/clone/build/SourcePackages/checkouts/EmojiText\n    /Applications/Xcode-26.4.app/Contents/Developer/Toolchains/XcodeDefault.xctoolchain/usr/bin/clang -Xlinker -reproducible -target arm64-apple-ios15.0 -r -isysroot /Applications/Xcode-26.4.app/Contents/Developer/Platforms/iPhoneOS.platform/Developer/SDKs/iPhoneOS26.4.sdk -Os -w -F/Users/builder/clone/build/Build/Intermediates.noindex/EagerLinkingTBDs/Release-iphoneos -F/Users/builder/clone/build/Build/Products/Release-iphoneos/PackageFrameworks -F/Users/builder/clone/build/Build/Products/Release-iphoneos/PackageFrameworks -F/Users/builder/clone/build/Build/Products/Release-iphoneos/PackageFrameworks -F/Users/builder/clone/build/Build/Products/Release-iphoneos/PackageFrameworks -F/Users/builder/clone/build/Build/Products/Release-iphoneos -iframework /Applications/Xcode-26.4.app/Contents/Developer/Platforms/iPhoneOS.platform/Developer/Library/Frameworks -iframework /Applications/Xcode-26.4.app/Contents/Developer/Platforms/iPhoneOS.platform/Developer/SDKs/iPhoneOS26.4.sdk/Developer/Library/Frameworks -filelist /Users/builder/clone/build/Build/Intermediates.noindex/EmojiText.build/Release-iphoneos/EmojiText.build/Objects-normal/arm64/EmojiText.LinkFileList -nostdlib -Xlinker -object_path_lto -Xlinker /Users/builder/clone/build/Build/Intermediates.noindex/EmojiText.build/Release-iphoneos/EmojiText.build/Objects-normal/arm64/EmojiText_lto.o -Xlinker -dependency_info -Xlinker /Users/builder/clone/build/Build/Intermediates.noindex/EmojiText.build/Release-iphoneos/EmojiText.build/Objects-normal/arm64/EmojiText_dependency_info.dat -fobjc-link-runtime -L/Applications/Xcode-26.4.app/Contents/Developer/Toolchains/XcodeDefault.xctoolchain/usr/lib/swift/iphoneos -L/usr/lib/swift -Xlinker -add_ast_path -Xlinker /Users/builder/clone/build/Build/Intermediates.noindex/EmojiText.build/Release-iphoneos/EmojiText.build/Objects-normal/arm64/EmojiText.swiftmodule @/Users/builder/clone/build/Build/Intermediates.noindex/EmojiText.build/Release-iphoneos/EmojiText.build/Objects-normal/arm64/EmojiText-linker-args.resp -o /Users/builder/clone/build/Build/Products/Release-iphoneos/EmojiText.o\n\nRegisterExecutionPolicyException /Users/builder/clone/build/Build/Products/Release-iphoneos/Bodega.o (in target 'Bodega' from project 'Bodega')\n    cd /Users/builder/clone/build/SourcePackages/checkouts/Bodega\n    builtin-RegisterExecutionPolicyException /Users/builder/clone/build/Build/Products/Release-iphoneos/Bodega.o\n\nExtractAppIntentsMetadata (in target 'EmojiText' from project 'EmojiText')\n    cd /Users/builder/clone/build/SourcePackages/checkouts/EmojiText\n    /Applications/Xcode-26.4.app/Contents/Developer/Toolchains/XcodeDefault.xctoolchain/usr/bin/appintentsmetadataprocessor --toolchain-dir /Applications/Xcode-26.4.app/Contents/Developer/Toolchains/XcodeDefault.xctoolchain --module-name EmojiText --sdk-root /Applications/Xcode-26.4.app/Contents/Developer/Platforms/iPhoneOS.platform/Developer/SDKs/iPhoneOS26.4.sdk --xcode-version 17E202 --platform-family iOS --deployment-target 15.0 --bundle-identifier emojitext.EmojiText --output /Users/builder/clone/build/Build/Products/Release-iphoneos/EmojiText.appintents --target-triple arm64-apple-ios15.0 --binary-file /Users/builder/clone/build/Build/Products/Release-iphoneos/EmojiText.o --dependency-file /Users/builder/clone/build/Build/Intermediates.noindex/EmojiText.build/Release-iphoneos/EmojiText.build/Objects-normal/arm64/EmojiText_dependency_info.dat --stringsdata-file /Users/builder/clone/build/Build/Intermediates.noindex/EmojiText.build/Release-iphoneos/EmojiText.build/Objects-normal/arm64/ExtractedAppShortcutsMetadata.stringsdata --source-file-list /Users/builder/clone/build/Build/Intermediates.noindex/EmojiText.build/Release-iphoneos/EmojiText.build/Objects-normal/arm64/EmojiText.SwiftFileList --metadata-file-list /Users/builder/clone/build/Build/Intermediates.noindex/EmojiText.build/Release-iphoneos/EmojiText.build/EmojiText.DependencyMetadataFileList --static-metadata-file-list /Users/builder/clone/build/Build/Intermediates.noindex/EmojiText.build/Release-iphoneos/EmojiText.build/EmojiText.DependencyStaticMetadataFileList --swift-const-vals-list /Users/builder/clone/build/Build/Intermediates.noindex/EmojiText.build/Release-iphoneos/EmojiText.build/Objects-normal/arm64/EmojiText.SwiftConstValuesFileList --force --compile-time-extraction --deployment-aware-processing --validate-assistant-intents --no-app-shortcuts-localization\n2026-09-05 04:19:47.225 appintentsmetadataprocessor[2301:17811] Starting appintentsmetadataprocessor export\n2026-09-05 04:19:47.238 appintentsmetadataprocessor[2301:17811] Extracted no relevant App Intents symbols, skipping writing output\n\nRegisterExecutionPolicyException /Users/builder/clone/build/Build/Products/Release-iphoneos/EmojiText.o (in target 'EmojiText' from project 'EmojiText')\n    cd /Users/builder/clone/build/SourcePackages/checkouts/EmojiText\n    builtin-RegisterExecutionPolicyException /Users/builder/clone/build/Build/Products/Release-iphoneos/EmojiText.o\n\nSwiftDriverJobDiscovery normal arm64 Compiling resource_bundle_accessor.swift, AdTracker.swift, AdsAPI.swift, AdEvent.swift, AdEventStore.swift, AdRewardEvents.swift, AdEventsRequest.swift, AdHTTPRequestPath.swift, PostAdEventsOperation.swift, StoredAdEvent.swift, StoredAdEventSerializer.swift, AdReward.swift, EntitlementReward.swift, GetRewardVerificationStatusOperation.swift, RewardVerificationStatusCallback.swift, RewardVerificationStatusResponse.swift, Outcome.swift, Poller.swift, RewardVerification.swift, RewardVerificationPollStatus.swift, RewardVerificationResult.swift, RewardVerificationToken.swift, RewardedAdTrackingMetadata.swift, VirtualCurrencyReward.swift, ASIdManagerProxy.swift, AttributionData.swift, AttributionFetcher.swift, AttributionNetwork.swift, AttributionPoster.swift, AttributionTypeFactory.swift, TrackingManagerProxy.swift, Authentication.swift, CacheStatus.swift, Checksum.swift, DeviceCache.swift, DirectoryHelper.swift, FileRepository.swift, InMemoryCachedObject.swift, KeyedDeferredValueStore.swift, LargeItemCacheType.swift, URLWithValidation.swift, CheckpointEvent.swift, CheckpointWorkflowResolver.swift, Checkpoints.swift, PeriodType+Extensions.swift, PurchaseOwnershipType+Extensions.swift, Store+Extensions.swift, CustomerCenterConfigData.swift, CustomerCenterPresentationMode.swift, CustomerCenterEvent.swift, EventsRequest+CustomerCenter.swift, DeepLinkParser.swift, DiagnosticsEvent.swift, DiagnosticsFileHandler.swift, DiagnosticsTracker.swift, FileHandler.swift, DiagnosticsEventsRequest.swift, DiagnosticsHTTPRequestPath.swift, DiagnosticsPostOperation.swift, DiagnosticsSynchronizer.swift, EmptyFile.swift, Assertions.swift, BackendError.swift, BackendErrorCode.swift, DescribableError.swift, ErrorCode+Conformances.swift, ErrorDetails.swift, ErrorUtils.swift, PurchasesError.swift, SKError+Extensions.swift, StoreKitError+Extensions.swift, StoreKitErrorHelper.swift, EventsManager.swift, FeatureEvent.swift, FeatureEventStore.swift, FeatureEventHTTPRequestPath.swift, FeatureEventsRequest+CheckpointEvent.swift, FeatureEventsRequest+WorkflowEvent.swift, FeatureEventsRequest.swift, PostFeatureEventsOperation.swift, StoredFeatureEvent.swift, StoredFeatureEventSerializer.swift, EventsHTTPRequestPath.swift, Array+Extensions.swift, AsyncExtensions.swift, Data+Extensions.swift, Date+Extensions.swift, Decoder+Extensions.swift, Dictionary+Extensions.swift, DispatchTimeInterval+Extensions.swift, Error+Extensions.swift, Integer+Extensions.swift, Locale+Extensions.swift, NSNumber+JSON.swift, OperationQueue+Extensions.swift, Operators+Extensions.swift, Optional+Extensions.swift, Result+Extensions.swift, Set+Extensions.swift, String+Extensions.swift, TimeInterval+Extensions.swift, UIApplication+RCExtensions.swift, UserDefaults+Extensions.swift, ErrorCode.swift, CustomerInfo+ActiveDates.swift, CustomerInfo+NonSubscriptions.swift, CustomerInfo.swift, CustomerInfoManager.swift, Identity.swift, IdentityManager.swift, ProductPaidPrice.swift, SubscriptionInfo.swift, ASN1Container.swift, ASN1ObjectIdentifier.swift, AppleReceipt.swift, InAppPurchase.swift, ASN1ContainerBuilder.swift, ASN1ObjectIdentifierBuilder.swift, AppleReceiptBuilder.swift, InAppPurchaseBuilder.swift, ArraySlice_UInt8+Extensions.swift, Codable+Extensions.swift, DateFormatter+Extensions.swift, UInt8+Extensions.swift, FileReader.swift, LoggerType.swift, ProcessInfo+Extensions.swift, ReceiptParserLogger.swift, ReceiptStrings.swift, LocalReceiptFetcher.swift, PurchasesReceiptParser.swift, ReceiptParsingError.swift, DeviceDimensionProvider.swift, DimensionProvider.swift, DimensionResolver.swift, LocalRulesEvaluator.swift, RulesEngineLoggerBridge.swift, StoreDimensionProvider.swift, SubscriberAttributesDimensionProvider.swift, LogIntent.swift, Logger.swift, AdsStrings.swift, AnalyticsStrings.swift, AttributionStrings.swift, AuthenticationStrings.swift, BackendErrorStrings.swift, CacheStrings.swift, CodableStrings.swift, ConfigureStrings.swift, CustomerInfoStrings.swift, DiagnosticsStrings.swift, ETagStrings.swift, EligibilityStrings.swift, EventsManagerStrings.swift, FileRepositoryStrings.swift, IdentityStrings.swift, ManageSubscriptionsStrings.swift, NetworkStrings.swift, OfferingStrings.swift, OfflineEntitlementsStrings.swift, PaywallsStrings.swift, PurchaseStrings.swift, RemoteConfigStrings.swift, SigningStrings.swift, StoreKitStrings.swift, Strings.swift, TransactionMetadataStrings.swift, VirtualCurrencyStrings.swift, WebRedemptionStrings.swift, Box.swift, AnyCodingKey.swift, AnyDecodable.swift, AnyEncodable.swift, DefaultDecodable.swift, EnsureNonEmptyCollectionDecodable.swift, IgnoreHashable.swift, NonEmptyStringDecodable.swift, RawDataContainer.swift, Atomic.swift, DeferredTask.swift, Lock.swift, OperationDispatcher.swift, Purchases+async.swift, Purchases+nonasync.swift, SynchronizedLargeItemCache.swift, SynchronizedUserDefaults.swift, CustomVariableKeyValidator.swift, DangerousSettings.swift, Clock.swift, DateExtensions.swift, DateProvider.swift, ISODurationFormatter.swift, ISOPeriodFormatter.swift, TimingUtil.swift, Deprecations.swift, Either.swift, JWT.swift, PreferredLocalesProvider.swift, MacDevice.swift, MapAppStoreDetector.swift, Obsoletions.swift, PlatformInfo.swift, PriceFormatterProvider.swift, RateLimiter.swift, SandboxEnvironmentDetector.swift, StoreKitVersion.swift, SystemInfo.swift, APISourceFailover.swift, Audience.swift, AudiencesConfigProvider.swift, Backend.swift, BackendConfiguration.swift, CacheFetchPolicy.swift, CallbackCache.swift, CallbackCacheStatus.swift, CustomerCenterConfigCallback.swift, CustomerInfoCallback.swift, IAMCallbacks.swift, IsPurchaseAllowedByRestoreBehaviorCallback.swift, LogInCallback.swift, OfferingsCallback.swift, ProductEntitlementMappingCallback.swift, RemoteConfigCallback.swift, VirtualCurrenciesCallback.swift, WebBillingProductsCallback.swift, WebOfferingProductsCallback.swift, CheckpointRules.swift, CheckpointsConfigProvider.swift, ConnectionErrorReason.swift, CustomerAPI.swift, CustomerCenterConfigAPI.swift, GenerationGuardedCache.swift, DNSChecker.swift, ETagManager.swift, ErrorResponse.swift, HTTPClient.swift, HTTPRequest.swift, HTTPRequestBody.swift, HTTPRequestPath.swift, HTTPRequestTimeoutManager.swift, HTTPResponse.swift, HTTPResponseBody.swift, HTTPStatusCode.swift, NetworkError.swift, NetworkTimeout.swift, RedirectLoggerTaskDelegate.swift, SimpleNetworkServiceType.swift, TokenManager.swift, URLMessage+Description.swift, IdentityAPI.swift, InternalAPI.swift, OfferingsAPI.swift, OfflineEntitlementsAPI.swift, GetCustomerCenterConfigOperation.swift, GetCustomerInfoOperation.swift, GetIntroEligibilityOperation.swift, GetOfferingsOperation.swift, GetProductEntitlementMappingOperation.swift, GetRemoteConfigFallbackOperation.swift, GetRemoteConfigOperation.swift, GetVirtualCurrenciesOperation.swift, GetWebBillingProductsOperation.swift, GetWebOfferingProductsOperation.swift, CustomerInfoResponseHandler.swift, HealthOperation.swift, HealthReportAvailabilityOperation.swift, HealthReportOperation.swift, LogInOperation.swift, NetworkOperation.swift, PostAdServicesTokenOperation.swift, PostAttributionDataOperation.swift, PostIsPurchaseAllowedByRestoreBehaviorOperation.swift, PostOfferForSigningOperation.swift, PostReceiptDataOperation.swift, PostRedeemWebPurchaseOperation.swift, PostSubscriberAttributesOperation.swift, TokenOperations.swift, RCContainer+Compression.swift, RCContainer+Element.swift, RCContainer+Parser.swift, RCContainer.swift, RedeemWebPurchaseAPI.swift, RemoteConfigAPI.swift, RemoteConfigBlobDownloader.swift, RemoteConfigBlobFetcher.swift, RemoteConfigBlobRefHelpers.swift, RemoteConfigBlobStore.swift, RemoteConfigDiskCache.swift, RemoteConfigFetchContext.swift, RemoteConfigManager.swift, RemoteConfigSignatureContextProvider.swift, RemoteConfigSourceProvider.swift, RemoteConfigTopic.swift, CustomerCenterConfigResponse.swift, CustomerInfoResponse.swift, GetIntroEligibilityResponse.swift, HealthReportAvailabilityResponse.swift, HealthReportResponse.swift, IAMResponses.swift, IsPurchaseAllowedByRestoreBehaviorResponse.swift, OfferingsResponse.swift, PostOfferResponse.swift, ProductEntitlementMappingResponse.swift, RemoteConfiguration.swift, PaywallComponentsData.swift, UIConfig.swift, VirtualCurrenciesResponse.swift, WebBillingProductsResponse.swift, WebOfferingProductsResponse.swift, WorkflowsResponse.swift, SourceHealthChecker.swift, TokenAPI.swift, UiConfigProvider.swift, VirtualCurrenciesAPI.swift, WebBillingAPI.swift, WebBillingHTTPRequestPath.swift, WeightedSourceSelector.swift, WorkflowsConfigProvider.swift, CustomerInfo+OfflineEntitlements.swift, OfflineCustomerInfoCreator.swift, OfflineEntitlementsManager.swift, ProductEntitlementMapping.swift, ProductEntitlementMappingFetcher.swift, PurchasedProductsFetcher.swift, PurchasedSK2Product.swift, Background.swift, Border.swift, ComponentOverrides.swift, Dimension.swift, PaywallComponentBase.swift, PaywallComponentLocalization.swift, PaywallComponentPropertyTypes.swift, StateDeclaration.swift, StateUpdate.swift, PaywallButtonComponent.swift, PaywallCarouselComponent.swift, PaywallCountdownComponent.swift, PaywallHeaderComponent.swift, PaywallIconComponent.swift, PaywallImageComponent.swift, PaywallPackageComponent.swift, PaywallPurchaseButtonComponent.swift, PaywallStackComponent.swift, PaywallStickyFooterComponent.swift, PaywallTabsComponent.swift, PaywallTextComponent.swift, PaywallTimelineComponent.swift, PaywallV2CacheWarming.swift, PaywallVideoComponent.swift, PaywallWebViewComponent.swift, PaywallAnimation.swift, PaywallTransition.swift, CustomPaywallEvent.swift, CustomPaywallImpressionParams.swift, EventsRequest+CustomPaywallImpression.swift, EventsRequest+Paywall.swift, PaywallEvent.swift, WorkflowEvent.swift, ExitOffer.swift, Locale+Comparison.swift, PaywallCacheWarming.swift, PaywallColor.swift, PaywallData+Localization.swift, PaywallData.swift, PaywallFontManagerType.swift, PaywallSource.swift, PaywallViewMode.swift, SubscriptionHistoryTracker.swift, WebBundleEventBus.swift, WebBundleURLBatcher.swift, WebViewDataStoreIdentifierStore.swift, CachingProductsManager.swift, CachingTrialOrIntroPriceEligibilityChecker.swift, Configuration.swift, EntitlementInfo.swift, EntitlementInfos.swift, InstallmentsInfo.swift, InstallmentsInfoFactory.swift, IntroEligibility.swift, IntroEligibilityCalculator.swift, NonSubscriptionTransaction.swift, Offering.swift, Offerings.swift, OfferingsFactory.swift, OfferingsManager.swift, Package.swift, PackageType.swift, ProductRequestData+Initialization.swift, ProductRequestData.swift, ProductsManager.swift, ProductsManagerFactory.swift, ProductsManagerType.swift, ProductsRequestFactory.swift, PurchaseOwnershipType.swift, Attribution.swift, LocalTransactionMetadata.swift, LocalTransactionMetadataStore.swift, PurchaseParams.swift, Purchases.swift, PurchasesAreCompletedBy.swift, PurchasesConfiguredNotifier.swift, PurchasesDelegate.swift, PurchasesOrchestrator.swift, PurchasesType.swift, TransactionMetadataSyncHelper.swift, TransactionNotifications.swift, TransactionPoster.swift, ReceiptFetcher.swift, ReceiptRefreshPolicy.swift, SimulatedStoreProduct.swift, SimulatedStoreProductsManager.swift, SimulatedStorePurchaseHandler.swift, SimulatedStorePurchaseUI.swift, SimulatedStoreTransaction.swift, SimulatedStoreTransactionFetcher.swift, WebBillingProduct+SimulatedStoreProduct.swift, PaymentQueueWrapper.swift, ProductsFetcherSK1.swift, StoreKit1Wrapper.swift, StoreKitRequestFetcher.swift, StoreKit2ObserverModePurchaseDetector.swift, CompoundProductIdentifier.swift, CompoundProductIdentifierResolver.swift, ProductsFetcherSK2.swift, SK2AppTransaction.swift, SK2BeginRefundRequestHelper.swift, StoreKit2ConfirmInOptions.swift, StoreKit2ProductPurchaser.swift, StoreKit2PromotionalOfferPurchaseOptions.swift, StoreKit2PurchaseIntentListener.swift, StoreKit2Receipt.swift, StoreKit2StorefrontListener.swift, StoreKit2TransactionFetcher.swift, StoreKit2TransactionListener.swift, WinBackEligibilityAdapters.swift, WinBackOfferEligibilityCalculator.swift, WinBackOfferEligibilityCalculatorType.swift, BillingPlanType.swift, EncodedAppleReceipt.swift, ProductType.swift, PromotionalOffer.swift, RevocationReason.swift, SK1StoreProduct.swift, SK1StoreProductDiscount.swift, SK1StoreTransaction.swift, SK1Storefront.swift, SK2StoreProduct.swift, SK2StoreProductDiscount.swift, SK2StoreTransaction.swift, SK2Storefront.swift, StoreEnvironment.swift, StoreKitWorkarounds.swift, StoreProduct.swift, StoreProductDiscount.swift, StoreTransaction.swift, Storefront.swift, StorefrontProvider.swift, SubscriptionPeriod.swift, TestStoreProduct.swift, TestStoreProductDiscount.swift, TestStoreTransaction.swift, TransactionReason.swift, WinBackOffer.swift, TransactionsFactory.swift, TransactionsManager.swift, TrialOrIntroPriceEligibilityChecker.swift, WorkflowManager.swift, CaseOperators.swift, CustomOperators.swift, EntriesOperators.swift, LengthOperator.swift, RootVarOperator.swift, SplitOperator.swift, EvaluationError.swift, Evaluator.swift, AccessorOperators.swift, ArithmeticOperators.swift, ComparisonOperators.swift, EqualityOperators.swift, IterationOperators.swift, LogicOperators.swift, MinMaxOperators.swift, MiscOperators.swift, Operators.swift, StringArrayOperators.swift, RulesEngine.swift, RulesEngineEvaluate.swift, RulesEngineLogger.swift, Scope.swift, Value+JSON.swift, Value.swift, FakeSigning.swift, HTTPRequest+Signing.swift, HTTPRequestBody+Signing.swift, Keychain.swift, Signing+ResponseVerification.swift, Signing.swift, VerificationResult.swift, AttributionDataMigrator.swift, AttributionKey.swift, ReservedSubscriberAttributes.swift, SubscriberAttribute.swift, SubscriberAttributesManager+Appstack.swift, SubscriberAttributesManager.swift, BeginRefundRequestHelper.swift, DebugContentViews.swift, DebugView.swift, DebugViewController.swift, DebugViewModel.swift, DebugViewSheetPresentation.swift, ProductStatus+Icon.swift, SDKHealthCheckStatus+Icon.swift, SDKHealthStatus+Icon.swift, FrameworkDisambiguation.swift, HealthReport+Validate.swift, ManageSubscriptionsHelper.swift, PaymentAuthorizationProvider.swift, PaywallExtensions.swift, PurchasesDiagnostics.swift, SDKHealthError+CustomNSError.swift, SDKHealthManager.swift, StoreMessageType.swift, StoreMessagesHelper.swift, SwiftVersionCheck.swift, VirtualCurrencies.swift, VirtualCurrency.swift, VirtualCurrencyManager.swift, URL+WebPurchaseRedemption.swift, WebPurchaseRedemption.swift, WebPurchaseRedemptionHelper.swift, WebPurchaseRedemptionResult.swift (in target 'RevenueCat' from project 'RevenueCat')\n\nSwiftDriver\\ Compilation\\ Requirements RevenueCat normal arm64 com.apple.xcode.tools.swift.compiler (in target 'RevenueCat' from project 'RevenueCat')\n    cd /Users/builder/clone/IceCubesApp.xcodeproj\n    builtin-Swift-Compilation-Requirements -- /Applications/Xcode-26.4.app/Contents/Developer/Toolchains/XcodeDefault.xctoolchain/usr/bin/swiftc -module-name RevenueCat -O -whole-module-optimization @/Users/builder/clone/build/Build/Intermediates.noindex/RevenueCat.build/Release-iphoneos/RevenueCat.build/Objects-normal/arm64/RevenueCat.SwiftFileList -DSWIFT_PACKAGE -DSWIFT_MODULE_RESOURCE_BUNDLE_AVAILABLE -DXcode -plugin-path /Applications/Xcode-26.4.app/Contents/Developer/Toolchains/XcodeDefault.xctoolchain/usr/lib/swift/host/plugins/testing -enable-experimental-feature DebugDescriptionMacro -sdk /Applications/Xcode-26.4.app/Contents/Developer/Platforms/iPhoneOS.platform/Developer/SDKs/iPhoneOS26.4.sdk -target arm64-apple-ios13.0 -g -module-cache-path /Users/builder/clone/build/ModuleCache.noindex -Xfrontend -serialize-debugging-options -suppress-warnings -swift-version 5 -I /Users/builder/clone/build/Build/Products/Release-iphoneos -Isystem /Applications/Xcode-26.4.app/Contents/Developer/Platforms/iPhoneOS.platform/Developer/usr/lib -F /Users/builder/clone/build/Build/Products/Release-iphoneos -F /Applications/Xcode-26.4.app/Contents/Developer/Platforms/iPhoneOS.platform/Developer/Library/Frameworks -F /Applications/Xcode-26.4.app/Contents/Developer/Platforms/iPhoneOS.platform/Developer/SDKs/iPhoneOS26.4.sdk/Developer/Library/Frameworks -emit-localized-strings -emit-localized-strings-path /Users/builder/clone/build/Build/Intermediates.noindex/RevenueCat.build/Release-iphoneos/RevenueCat.build/Objects-normal/arm64 -c -num-threads 3 -Xcc -ivfsstatcache -Xcc /Users/builder/clone/build/SDKStatCaches.noindex/iphoneos26.4-23E252-dc38477e7e47e42951976ad86cc01fb3.sdkstatcache -output-file-map /Users/builder/clone/build/Build/Intermediates.noindex/RevenueCat.build/Release-iphoneos/RevenueCat.build/Objects-normal/arm64/RevenueCat-OutputFileMap.json -use-frontend-parseable-output -save-temps -no-color-diagnostics -explicit-module-build -module-cache-path /Users/builder/clone/build/Build/Intermediates.noindex/SwiftExplicitPrecompiledModules -clang-scanner-module-cache-path /Users/builder/clone/build/ModuleCache.noindex -sdk-module-cache-path /Users/builder/clone/build/ModuleCache.noindex -serialize-diagnostics -emit-dependencies -emit-module -emit-module-path /Users/builder/clone/build/Build/Intermediates.noindex/RevenueCat.build/Release-iphoneos/RevenueCat.build/Objects-normal/arm64/RevenueCat.swiftmodule -validate-clang-modules-once -clang-build-session-file /Users/builder/clone/build/ModuleCache.noindex/Session.modulevalidation -package-name purchases_ios_spm -Xcc -I/Users/builder/clone/build/Build/Intermediates.noindex/RevenueCat.build/Release-iphoneos/RevenueCat.build/swift-overrides.hmap -emit-const-values -Xfrontend -const-gather-protocols-file -Xfrontend /Users/builder/clone/build/Build/Intermediates.noindex/RevenueCat.build/Release-iphoneos/RevenueCat.build/Objects-normal/arm64/RevenueCat_const_extract_protocols.json -Xcc -I/Users/builder/clone/build/Build/Products/Release-iphoneos/include -Xcc -I/Users/builder/clone/build/Build/Intermediates.noindex/RevenueCat.build/Release-iphoneos/RevenueCat.build/DerivedSources-normal/arm64 -Xcc -I/Users/builder/clone/build/Build/Intermediates.noindex/RevenueCat.build/Release-iphoneos/RevenueCat.build/DerivedSources/arm64 -Xcc -I/Users/builder/clone/build/Build/Intermediates.noindex/RevenueCat.build/Release-iphoneos/RevenueCat.build/DerivedSources -Xcc -DSWIFT_PACKAGE -emit-objc-header -emit-objc-header-path /Users/builder/clone/build/Build/Intermediates.noindex/RevenueCat.build/Release-iphoneos/RevenueCat.build/Objects-normal/arm64/RevenueCat-Swift.h -working-directory /Users/builder/clone/IceCubesApp.xcodeproj -no-emit-module-separately-wmo\n\nSwiftMergeGeneratedHeaders /Users/builder/clone/build/Build/Intermediates.noindex/GeneratedModuleMaps-iphoneos/RevenueCat-Swift.h /Users/builder/clone/build/Build/Intermediates.noindex/RevenueCat.build/Release-iphoneos/RevenueCat.build/Objects-normal/arm64/RevenueCat-Swift.h (in target 'RevenueCat' from project 'RevenueCat')\n    cd /Users/builder/clone/build/SourcePackages/checkouts/purchases-ios-spm\n    builtin-swiftHeaderTool -arch arm64 /Users/builder/clone/build/Build/Intermediates.noindex/RevenueCat.build/Release-iphoneos/RevenueCat.build/Objects-normal/arm64/RevenueCat-Swift.h -o /Users/builder/clone/build/Build/Intermediates.noindex/GeneratedModuleMaps-iphoneos/RevenueCat-Swift.h\n\nCopy /Users/builder/clone/build/Build/Products/Release-iphoneos/RevenueCat.swiftmodule/arm64-apple-ios.swiftmodule /Users/builder/clone/build/Build/Intermediates.noindex/RevenueCat.build/Release-iphoneos/RevenueCat.build/Objects-normal/arm64/RevenueCat.swiftmodule (in target 'RevenueCat' from project 'RevenueCat')\n    cd /Users/builder/clone/build/SourcePackages/checkouts/purchases-ios-spm\n    builtin-copy -exclude .DS_Store -exclude CVS -exclude .svn -exclude .git -exclude .hg -strip-unsigned-binaries -strip-deterministic -strip-tool /Applications/Xcode-26.4.app/Contents/Developer/Toolchains/XcodeDefault.xctoolchain/usr/bin/strip -resolve-src-symlinks -rename /Users/builder/clone/build/Build/Intermediates.noindex/RevenueCat.build/Release-iphoneos/RevenueCat.build/Objects-normal/arm64/RevenueCat.swiftmodule /Users/builder/clone/build/Build/Products/Release-iphoneos/RevenueCat.swiftmodule/arm64-apple-ios.swiftmodule\n\nCopy /Users/builder/clone/build/Build/Products/Release-iphoneos/RevenueCat.swiftmodule/arm64-apple-ios.swiftdoc /Users/builder/clone/build/Build/Intermediates.noindex/RevenueCat.build/Release-iphoneos/RevenueCat.build/Objects-normal/arm64/RevenueCat.swiftdoc (in target 'RevenueCat' from project 'RevenueCat')\n    cd /Users/builder/clone/build/SourcePackages/checkouts/purchases-ios-spm\n    builtin-copy -exclude .DS_Store -exclude CVS -exclude .svn -exclude .git -exclude .hg -strip-unsigned-binaries -strip-deterministic -strip-tool /Applications/Xcode-26.4.app/Contents/Developer/Toolchains/XcodeDefault.xctoolchain/usr/bin/strip -resolve-src-symlinks -rename /Users/builder/clone/build/Build/Intermediates.noindex/RevenueCat.build/Release-iphoneos/RevenueCat.build/Objects-normal/arm64/RevenueCat.swiftdoc /Users/builder/clone/build/Build/Products/Release-iphoneos/RevenueCat.swiftmodule/arm64-apple-ios.swiftdoc\n\nCopy /Users/builder/clone/build/Build/Products/Release-iphoneos/RevenueCat.swiftmodule/arm64-apple-ios.abi.json /Users/builder/clone/build/Build/Intermediates.noindex/RevenueCat.build/Release-iphoneos/RevenueCat.build/Objects-normal/arm64/RevenueCat.abi.json (in target 'RevenueCat' from project 'RevenueCat')\n    cd /Users/builder/clone/build/SourcePackages/checkouts/purchases-ios-spm\n    builtin-copy -exclude .DS_Store -exclude CVS -exclude .svn -exclude .git -exclude .hg -strip-unsigned-binaries -strip-deterministic -strip-tool /Applications/Xcode-26.4.app/Contents/Developer/Toolchains/XcodeDefault.xctoolchain/usr/bin/strip -resolve-src-symlinks -rename /Users/builder/clone/build/Build/Intermediates.noindex/RevenueCat.build/Release-iphoneos/RevenueCat.build/Objects-normal/arm64/RevenueCat.abi.json /Users/builder/clone/build/Build/Products/Release-iphoneos/RevenueCat.swiftmodule/arm64-apple-ios.abi.json\n\nCopy /Users/builder/clone/build/Build/Products/Release-iphoneos/RevenueCat.swiftmodule/Project/arm64-apple-ios.swiftsourceinfo /Users/builder/clone/build/Build/Intermediates.noindex/RevenueCat.build/Release-iphoneos/RevenueCat.build/Objects-normal/arm64/RevenueCat.swiftsourceinfo (in target 'RevenueCat' from project 'RevenueCat')\n    cd /Users/builder/clone/build/SourcePackages/checkouts/purchases-ios-spm\n    builtin-copy -exclude .DS_Store -exclude CVS -exclude .svn -exclude .git -exclude .hg -strip-unsigned-binaries -strip-deterministic -strip-tool /Applications/Xcode-26.4.app/Contents/Developer/Toolchains/XcodeDefault.xctoolchain/usr/bin/strip -resolve-src-symlinks -rename /Users/builder/clone/build/Build/Intermediates.noindex/RevenueCat.build/Release-iphoneos/RevenueCat.build/Objects-normal/arm64/RevenueCat.swiftsourceinfo /Users/builder/clone/build/Build/Products/Release-iphoneos/RevenueCat.swiftmodule/Project/arm64-apple-ios.swiftsourceinfo\n\nLd /Users/builder/clone/build/Build/Products/Release-iphoneos/RevenueCat.o normal (in target 'RevenueCat' from project 'RevenueCat')\n    cd /Users/builder/clone/build/SourcePackages/checkouts/purchases-ios-spm\n    /Applications/Xcode-26.4.app/Contents/Developer/Toolchains/XcodeDefault.xctoolchain/usr/bin/clang -Xlinker -reproducible -target arm64-apple-ios13.0 -r -isysroot /Applications/Xcode-26.4.app/Contents/Developer/Platforms/iPhoneOS.platform/Developer/SDKs/iPhoneOS26.4.sdk -Os -w -F/Users/builder/clone/build/Build/Intermediates.noindex/EagerLinkingTBDs/Release-iphoneos -F/Users/builder/clone/build/Build/Products/Release-iphoneos -iframework /Applications/Xcode-26.4.app/Contents/Developer/Platforms/iPhoneOS.platform/Developer/Library/Frameworks -iframework /Applications/Xcode-26.4.app/Contents/Developer/Platforms/iPhoneOS.platform/Developer/SDKs/iPhoneOS26.4.sdk/Developer/Library/Frameworks -filelist /Users/builder/clone/build/Build/Intermediates.noindex/RevenueCat.build/Release-iphoneos/RevenueCat.build/Objects-normal/arm64/RevenueCat.LinkFileList -nostdlib -Xlinker -object_path_lto -Xlinker /Users/builder/clone/build/Build/Intermediates.noindex/RevenueCat.build/Release-iphoneos/RevenueCat.build/Objects-normal/arm64/RevenueCat_lto.o -Xlinker -dependency_info -Xlinker /Users/builder/clone/build/Build/Intermediates.noindex/RevenueCat.build/Release-iphoneos/RevenueCat.build/Objects-normal/arm64/RevenueCat_dependency_info.dat -fobjc-link-runtime -L/Applications/Xcode-26.4.app/Contents/Developer/Toolchains/XcodeDefault.xctoolchain/usr/lib/swift/iphoneos -L/usr/lib/swift -Xlinker -add_ast_path -Xlinker /Users/builder/clone/build/Build/Intermediates.noindex/RevenueCat.build/Release-iphoneos/RevenueCat.build/Objects-normal/arm64/RevenueCat.swiftmodule @/Users/builder/clone/build/Build/Intermediates.noindex/RevenueCat.build/Release-iphoneos/RevenueCat.build/Objects-normal/arm64/RevenueCat-linker-args.resp -o /Users/builder/clone/build/Build/Products/Release-iphoneos/RevenueCat.o\n\nExtractAppIntentsMetadata (in target 'RevenueCat' from project 'RevenueCat')\n    cd /Users/builder/clone/build/SourcePackages/checkouts/purchases-ios-spm\n    /Applications/Xcode-26.4.app/Contents/Developer/Toolchains/XcodeDefault.xctoolchain/usr/bin/appintentsmetadataprocessor --toolchain-dir /Applications/Xcode-26.4.app/Contents/Developer/Toolchains/XcodeDefault.xctoolchain --module-name RevenueCat --sdk-root /Applications/Xcode-26.4.app/Contents/Developer/Platforms/iPhoneOS.platform/Developer/SDKs/iPhoneOS26.4.sdk --xcode-version 17E202 --platform-family iOS --deployment-target 13.0 --bundle-identifier purchases-ios-spm.RevenueCat --output /Users/builder/clone/build/Build/Products/Release-iphoneos/RevenueCat.appintents --target-triple arm64-apple-ios13.0 --binary-file /Users/builder/clone/build/Build/Products/Release-iphoneos/RevenueCat.o --dependency-file /Users/builder/clone/build/Build/Intermediates.noindex/RevenueCat.build/Release-iphoneos/RevenueCat.build/Objects-normal/arm64/RevenueCat_dependency_info.dat --stringsdata-file /Users/builder/clone/build/Build/Intermediates.noindex/RevenueCat.build/Release-iphoneos/RevenueCat.build/Objects-normal/arm64/ExtractedAppShortcutsMetadata.stringsdata --source-file-list /Users/builder/clone/build/Build/Intermediates.noindex/RevenueCat.build/Release-iphoneos/RevenueCat.build/Objects-normal/arm64/RevenueCat.SwiftFileList --metadata-file-list /Users/builder/clone/build/Build/Intermediates.noindex/RevenueCat.build/Release-iphoneos/RevenueCat.build/RevenueCat.DependencyMetadataFileList --static-metadata-file-list /Users/builder/clone/build/Build/Intermediates.noindex/RevenueCat.build/Release-iphoneos/RevenueCat.build/RevenueCat.DependencyStaticMetadataFileList --swift-const-vals-list /Users/builder/clone/build/Build/Intermediates.noindex/RevenueCat.build/Release-iphoneos/RevenueCat.build/Objects-normal/arm64/RevenueCat.SwiftConstValuesFileList --force --compile-time-extraction --deployment-aware-processing --validate-assistant-intents --no-app-shortcuts-localization\n2026-09-05 04:20:01.047 appintentsmetadataprocessor[2306:17866] Starting appintentsmetadataprocessor export\n2026-09-05 04:20:01.062 appintentsmetadataprocessor[2306:17866] Extracted no relevant App Intents symbols, skipping writing output\n\nRegisterExecutionPolicyException /Users/builder/clone/build/Build/Products/Release-iphoneos/RevenueCat.o (in target 'RevenueCat' from project 'RevenueCat')\n    cd /Users/builder/clone/build/SourcePackages/checkouts/purchases-ios-spm\n    builtin-RegisterExecutionPolicyException /Users/builder/clone/build/Build/Products/Release-iphoneos/RevenueCat.o\n\nSwiftDriverJobDiscovery normal arm64 Compiling Attribute.swift, Attributes.swift, BinarySearch.swift, BooleanAttribute.swift, ByteSlice.swift, CharacterExt.swift, CharacterReader.swift, Cleaner.swift, Collector.swift, CombiningEvaluator.swift, Comment.swift, CssSelector.swift, DataNode.swift, DebugTrace.swift, Document.swift, DocumentType.swift, Element.swift, ElementQuery.swift, Elements.swift, Entities.swift, Evaluator.swift, Exception.swift, FormElement.swift, HtmlTreeBuilder.swift, HtmlTreeBuilderState.swift, LRUCache.swift, Mutex.swift, Node.swift, NodeTraversor.swift, NodeVisitor.swift, OrderedSet.swift, ParseError.swift, ParseErrorList.swift, ParseSettings.swift, Parser.swift, ParsingStrings.swift, Pattern.swift, Profiler.swift, QueryParser.swift, QueryParserCache.swift, SourceRange.swift, StreamReader.swift, String.swift, StringBuilder.swift, StringUtil.swift, StructuralEvaluator.swift, SwiftSoup.swift, Tag.swift, TextNode.swift, Token.swift, TokenQueue.swift, Tokeniser.swift, TokeniserState.swift, TreeBuilder.swift, UTF8Arrays.swift, UnicodeScalar.swift, Validate.swift, Whitelist.swift, XmlDeclaration.swift, XmlTreeBuilder.swift (in target 'SwiftSoup' from project 'SwiftSoup')\n\nSwiftDriver\\ Compilation\\ Requirements SwiftSoup normal arm64 com.apple.xcode.tools.swift.compiler (in target 'SwiftSoup' from project 'SwiftSoup')\n    cd /Users/builder/clone/IceCubesApp.xcodeproj\n    builtin-Swift-Compilation-Requirements -- /Applications/Xcode-26.4.app/Contents/Developer/Toolchains/XcodeDefault.xctoolchain/usr/bin/swiftc -module-name SwiftSoup -O -whole-module-optimization @/Users/builder/clone/build/Build/Intermediates.noindex/SwiftSoup.build/Release-iphoneos/SwiftSoup.build/Objects-normal/arm64/SwiftSoup.SwiftFileList -DSWIFT_PACKAGE -DSWIFT_MODULE_RESOURCE_BUNDLE_UNAVAILABLE -DXcode -plugin-path /Applications/Xcode-26.4.app/Contents/Developer/Toolchains/XcodeDefault.xctoolchain/usr/lib/swift/host/plugins/testing -enable-experimental-feature DebugDescriptionMacro -sdk /Applications/Xcode-26.4.app/Contents/Developer/Platforms/iPhoneOS.platform/Developer/SDKs/iPhoneOS26.4.sdk -target arm64-apple-ios13.0 -g -module-cache-path /Users/builder/clone/build/ModuleCache.noindex -Xfrontend -serialize-debugging-options -suppress-warnings -swift-version 6 -I /Users/builder/clone/build/Build/Products/Release-iphoneos -Isystem /Applications/Xcode-26.4.app/Contents/Developer/Platforms/iPhoneOS.platform/Developer/usr/lib -F /Users/builder/clone/build/Build/Products/Release-iphoneos -F /Applications/Xcode-26.4.app/Contents/Developer/Platforms/iPhoneOS.platform/Developer/Library/Frameworks -F /Applications/Xcode-26.4.app/Contents/Developer/Platforms/iPhoneOS.platform/Developer/SDKs/iPhoneOS26.4.sdk/Developer/Library/Frameworks -c -num-threads 3 -Xcc -ivfsstatcache -Xcc /Users/builder/clone/build/SDKStatCaches.noindex/iphoneos26.4-23E252-dc38477e7e47e42951976ad86cc01fb3.sdkstatcache -output-file-map /Users/builder/clone/build/Build/Intermediates.noindex/SwiftSoup.build/Release-iphoneos/SwiftSoup.build/Objects-normal/arm64/SwiftSoup-OutputFileMap.json -use-frontend-parseable-output -save-temps -no-color-diagnostics -explicit-module-build -module-cache-path /Users/builder/clone/build/Build/Intermediates.noindex/SwiftExplicitPrecompiledModules -clang-scanner-module-cache-path /Users/builder/clone/build/ModuleCache.noindex -sdk-module-cache-path /Users/builder/clone/build/ModuleCache.noindex -serialize-diagnostics -emit-dependencies -emit-module -emit-module-path /Users/builder/clone/build/Build/Intermediates.noindex/SwiftSoup.build/Release-iphoneos/SwiftSoup.build/Objects-normal/arm64/SwiftSoup.swiftmodule -user-module-version 2.13.7 -validate-clang-modules-once -clang-build-session-file /Users/builder/clone/build/ModuleCache.noindex/Session.modulevalidation -package-name swiftsoup -Xcc -I/Users/builder/clone/build/Build/Intermediates.noindex/SwiftSoup.build/Release-iphoneos/SwiftSoup.build/swift-overrides.hmap -emit-const-values -Xfrontend -const-gather-protocols-file -Xfrontend /Users/builder/clone/build/Build/Intermediates.noindex/SwiftSoup.build/Release-iphoneos/SwiftSoup.build/Objects-normal/arm64/SwiftSoup_const_extract_protocols.json -Xcc -I/Users/builder/clone/build/Build/Products/Release-iphoneos/include -Xcc -I/Users/builder/clone/build/Build/Intermediates.noindex/SwiftSoup.build/Release-iphoneos/SwiftSoup.build/DerivedSources-normal/arm64 -Xcc -I/Users/builder/clone/build/Build/Intermediates.noindex/SwiftSoup.build/Release-iphoneos/SwiftSoup.build/DerivedSources/arm64 -Xcc -I/Users/builder/clone/build/Build/Intermediates.noindex/SwiftSoup.build/Release-iphoneos/SwiftSoup.build/DerivedSources -Xcc -DSWIFT_PACKAGE -emit-objc-header -emit-objc-header-path /Users/builder/clone/build/Build/Intermediates.noindex/SwiftSoup.build/Release-iphoneos/SwiftSoup.build/Objects-normal/arm64/SwiftSoup-Swift.h -working-directory /Users/builder/clone/IceCubesApp.xcodeproj -no-emit-module-separately-wmo\n\nSwiftMergeGeneratedHeaders /Users/builder/clone/build/Build/Intermediates.noindex/GeneratedModuleMaps-iphoneos/SwiftSoup-Swift.h /Users/builder/clone/build/Build/Intermediates.noindex/SwiftSoup.build/Release-iphoneos/SwiftSoup.build/Objects-normal/arm64/SwiftSoup-Swift.h (in target 'SwiftSoup' from project 'SwiftSoup')\n    cd /Users/builder/clone/build/SourcePackages/checkouts/SwiftSoup\n    builtin-swiftHeaderTool -arch arm64 /Users/builder/clone/build/Build/Intermediates.noindex/SwiftSoup.build/Release-iphoneos/SwiftSoup.build/Objects-normal/arm64/SwiftSoup-Swift.h -o /Users/builder/clone/build/Build/Intermediates.noindex/GeneratedModuleMaps-iphoneos/SwiftSoup-Swift.h\n\nCopy /Users/builder/clone/build/Build/Products/Release-iphoneos/SwiftSoup.swiftmodule/arm64-apple-ios.swiftmodule /Users/builder/clone/build/Build/Intermediates.noindex/SwiftSoup.build/Release-iphoneos/SwiftSoup.build/Objects-normal/arm64/SwiftSoup.swiftmodule (in target 'SwiftSoup' from project 'SwiftSoup')\n    cd /Users/builder/clone/build/SourcePackages/checkouts/SwiftSoup\n    builtin-copy -exclude .DS_Store -exclude CVS -exclude .svn -exclude .git -exclude .hg -strip-unsigned-binaries -strip-deterministic -strip-tool /Applications/Xcode-26.4.app/Contents/Developer/Toolchains/XcodeDefault.xctoolchain/usr/bin/strip -resolve-src-symlinks -rename /Users/builder/clone/build/Build/Intermediates.noindex/SwiftSoup.build/Release-iphoneos/SwiftSoup.build/Objects-normal/arm64/SwiftSoup.swiftmodule /Users/builder/clone/build/Build/Products/Release-iphoneos/SwiftSoup.swiftmodule/arm64-apple-ios.swiftmodule\n\nCopy /Users/builder/clone/build/Build/Products/Release-iphoneos/SwiftSoup.swiftmodule/arm64-apple-ios.swiftdoc /Users/builder/clone/build/Build/Intermediates.noindex/SwiftSoup.build/Release-iphoneos/SwiftSoup.build/Objects-normal/arm64/SwiftSoup.swiftdoc (in target 'SwiftSoup' from project 'SwiftSoup')\n    cd /Users/builder/clone/build/SourcePackages/checkouts/SwiftSoup\n    builtin-copy -exclude .DS_Store -exclude CVS -exclude .svn -exclude .git -exclude .hg -strip-unsigned-binaries -strip-deterministic -strip-tool /Applications/Xcode-26.4.app/Contents/Developer/Toolchains/XcodeDefault.xctoolchain/usr/bin/strip -resolve-src-symlinks -rename /Users/builder/clone/build/Build/Intermediates.noindex/SwiftSoup.build/Release-iphoneos/SwiftSoup.build/Objects-normal/arm64/SwiftSoup.swiftdoc /Users/builder/clone/build/Build/Products/Release-iphoneos/SwiftSoup.swiftmodule/arm64-apple-ios.swiftdoc\n\nCopy /Users/builder/clone/build/Build/Products/Release-iphoneos/SwiftSoup.swiftmodule/arm64-apple-ios.abi.json /Users/builder/clone/build/Build/Intermediates.noindex/SwiftSoup.build/Release-iphoneos/SwiftSoup.build/Objects-normal/arm64/SwiftSoup.abi.json (in target 'SwiftSoup' from project 'SwiftSoup')\n    cd /Users/builder/clone/build/SourcePackages/checkouts/SwiftSoup\n    builtin-copy -exclude .DS_Store -exclude CVS -exclude .svn -exclude .git -exclude .hg -strip-unsigned-binaries -strip-deterministic -strip-tool /Applications/Xcode-26.4.app/Contents/Developer/Toolchains/XcodeDefault.xctoolchain/usr/bin/strip -resolve-src-symlinks -rename /Users/builder/clone/build/Build/Intermediates.noindex/SwiftSoup.build/Release-iphoneos/SwiftSoup.build/Objects-normal/arm64/SwiftSoup.abi.json /Users/builder/clone/build/Build/Products/Release-iphoneos/SwiftSoup.swiftmodule/arm64-apple-ios.abi.json\n\nCopy /Users/builder/clone/build/Build/Products/Release-iphoneos/SwiftSoup.swiftmodule/Project/arm64-apple-ios.swiftsourceinfo /Users/builder/clone/build/Build/Intermediates.noindex/SwiftSoup.build/Release-iphoneos/SwiftSoup.build/Objects-normal/arm64/SwiftSoup.swiftsourceinfo (in target 'SwiftSoup' from project 'SwiftSoup')\n    cd /Users/builder/clone/build/SourcePackages/checkouts/SwiftSoup\n    builtin-copy -exclude .DS_Store -exclude CVS -exclude .svn -exclude .git -exclude .hg -strip-unsigned-binaries -strip-deterministic -strip-tool /Applications/Xcode-26.4.app/Contents/Developer/Toolchains/XcodeDefault.xctoolchain/usr/bin/strip -resolve-src-symlinks -rename /Users/builder/clone/build/Build/Intermediates.noindex/SwiftSoup.build/Release-iphoneos/SwiftSoup.build/Objects-normal/arm64/SwiftSoup.swiftsourceinfo /Users/builder/clone/build/Build/Products/Release-iphoneos/SwiftSoup.swiftmodule/Project/arm64-apple-ios.swiftsourceinfo\n\nLd /Users/builder/clone/build/Build/Products/Release-iphoneos/SwiftSoup.o normal (in target 'SwiftSoup' from project 'SwiftSoup')\n    cd /Users/builder/clone/build/SourcePackages/checkouts/SwiftSoup\n    /Applications/Xcode-26.4.app/Contents/Developer/Toolchains/XcodeDefault.xctoolchain/usr/bin/clang -Xlinker -reproducible -target arm64-apple-ios13.0 -r -isysroot /Applications/Xcode-26.4.app/Contents/Developer/Platforms/iPhoneOS.platform/Developer/SDKs/iPhoneOS26.4.sdk -Os -w -F/Users/builder/clone/build/Build/Intermediates.noindex/EagerLinkingTBDs/Release-iphoneos -F/Users/builder/clone/build/Build/Products/Release-iphoneos -iframework /Applications/Xcode-26.4.app/Contents/Developer/Platforms/iPhoneOS.platform/Developer/Library/Frameworks -iframework /Applications/Xcode-26.4.app/Contents/Developer/Platforms/iPhoneOS.platform/Developer/SDKs/iPhoneOS26.4.sdk/Developer/Library/Frameworks -filelist /Users/builder/clone/build/Build/Intermediates.noindex/SwiftSoup.build/Release-iphoneos/SwiftSoup.build/Objects-normal/arm64/SwiftSoup.LinkFileList -nostdlib -Xlinker -object_path_lto -Xlinker /Users/builder/clone/build/Build/Intermediates.noindex/SwiftSoup.build/Release-iphoneos/SwiftSoup.build/Objects-normal/arm64/SwiftSoup_lto.o -Xlinker -dependency_info -Xlinker /Users/builder/clone/build/Build/Intermediates.noindex/SwiftSoup.build/Release-iphoneos/SwiftSoup.build/Objects-normal/arm64/SwiftSoup_dependency_info.dat -fobjc-link-runtime -L/Applications/Xcode-26.4.app/Contents/Developer/Toolchains/XcodeDefault.xctoolchain/usr/lib/swift/iphoneos -L/usr/lib/swift -Xlinker -add_ast_path -Xlinker /Users/builder/clone/build/Build/Intermediates.noindex/SwiftSoup.build/Release-iphoneos/SwiftSoup.build/Objects-normal/arm64/SwiftSoup.swiftmodule @/Users/builder/clone/build/Build/Intermediates.noindex/SwiftSoup.build/Release-iphoneos/SwiftSoup.build/Objects-normal/arm64/SwiftSoup-linker-args.resp -o /Users/builder/clone/build/Build/Products/Release-iphoneos/SwiftSoup.o\n\nSwiftDriver Models normal arm64 com.apple.xcode.tools.swift.compiler (in target 'Models' from project 'Models')\n    cd /Users/builder/clone/IceCubesApp.xcodeproj\n    builtin-SwiftDriver -- /Applications/Xcode-26.4.app/Contents/Developer/Toolchains/XcodeDefault.xctoolchain/usr/bin/swiftc -module-name Models -O -whole-module-optimization @/Users/builder/clone/build/Build/Intermediates.noindex/Models.build/Release-iphoneos/Models.build/Objects-normal/arm64/Models.SwiftFileList -DSWIFT_PACKAGE -DSWIFT_MODULE_RESOURCE_BUNDLE_UNAVAILABLE -DXcode -plugin-path /Applications/Xcode-26.4.app/Contents/Developer/Toolchains/XcodeDefault.xctoolchain/usr/lib/swift/host/plugins/testing -enable-experimental-feature DebugDescriptionMacro -sdk /Applications/Xcode-26.4.app/Contents/Developer/Platforms/iPhoneOS.platform/Developer/SDKs/iPhoneOS26.4.sdk -target arm64-apple-ios18.0 -g -module-cache-path /Users/builder/clone/build/ModuleCache.noindex -Xfrontend -serialize-debugging-options -swift-version 6 -I /Users/builder/clone/build/Build/Products/Release-iphoneos -Isystem /Applications/Xcode-26.4.app/Contents/Developer/Platforms/iPhoneOS.platform/Developer/usr/lib -F /Users/builder/clone/build/Build/Products/Release-iphoneos/PackageFrameworks -F /Users/builder/clone/build/Build/Products/Release-iphoneos -F /Applications/Xcode-26.4.app/Contents/Developer/Platforms/iPhoneOS.platform/Developer/Library/Frameworks -F /Applications/Xcode-26.4.app/Contents/Developer/Platforms/iPhoneOS.platform/Developer/SDKs/iPhoneOS26.4.sdk/Developer/Library/Frameworks -emit-localized-strings -emit-localized-strings-path /Users/builder/clone/build/Build/Intermediates.noindex/Models.build/Release-iphoneos/Models.build/Objects-normal/arm64 -c -num-threads 3 -Xcc -ivfsstatcache -Xcc /Users/builder/clone/build/SDKStatCaches.noindex/iphoneos26.4-23E252-dc38477e7e47e42951976ad86cc01fb3.sdkstatcache -output-file-map /Users/builder/clone/build/Build/Intermediates.noindex/Models.build/Release-iphoneos/Models.build/Objects-normal/arm64/Models-OutputFileMap.json -use-frontend-parseable-output -save-temps -no-color-diagnostics -explicit-module-build -module-cache-path /Users/builder/clone/build/Build/Intermediates.noindex/SwiftExplicitPrecompiledModules -clang-scanner-module-cache-path /Users/builder/clone/build/ModuleCache.noindex -sdk-module-cache-path /Users/builder/clone/build/ModuleCache.noindex -serialize-diagnostics -emit-dependencies -emit-module -emit-module-path /Users/builder/clone/build/Build/Intermediates.noindex/Models.build/Release-iphoneos/Models.build/Objects-normal/arm64/Models.swiftmodule -validate-clang-modules-once -clang-build-session-file /Users/builder/clone/build/ModuleCache.noindex/Session.modulevalidation -package-name models -Xcc -I/Users/builder/clone/build/Build/Intermediates.noindex/Models.build/Release-iphoneos/Models.build/swift-overrides.hmap -emit-const-values -Xfrontend -const-gather-protocols-file -Xfrontend /Users/builder/clone/build/Build/Intermediates.noindex/Models.build/Release-iphoneos/Models.build/Objects-normal/arm64/Models_const_extract_protocols.json -Xcc -I/Users/builder/clone/build/Build/Products/Release-iphoneos/include -Xcc -I/Users/builder/clone/build/Build/Intermediates.noindex/Models.build/Release-iphoneos/Models.build/DerivedSources-normal/arm64 -Xcc -I/Users/builder/clone/build/Build/Intermediates.noindex/Models.build/Release-iphoneos/Models.build/DerivedSources/arm64 -Xcc -I/Users/builder/clone/build/Build/Intermediates.noindex/Models.build/Release-iphoneos/Models.build/DerivedSources -Xcc -DSWIFT_PACKAGE -emit-objc-header -emit-objc-header-path /Users/builder/clone/build/Build/Intermediates.noindex/Models.build/Release-iphoneos/Models.build/Objects-normal/arm64/Models-Swift.h -working-directory /Users/builder/clone/IceCubesApp.xcodeproj -no-emit-module-separately-wmo\n\nExtractAppIntentsMetadata (in target 'SwiftSoup' from project 'SwiftSoup')\n    cd /Users/builder/clone/build/SourcePackages/checkouts/SwiftSoup\n    /Applications/Xcode-26.4.app/Contents/Developer/Toolchains/XcodeDefault.xctoolchain/usr/bin/appintentsmetadataprocessor --toolchain-dir /Applications/Xcode-26.4.app/Contents/Developer/Toolchains/XcodeDefault.xctoolchain --module-name SwiftSoup --sdk-root /Applications/Xcode-26.4.app/Contents/Developer/Platforms/iPhoneOS.platform/Developer/SDKs/iPhoneOS26.4.sdk --xcode-version 17E202 --platform-family iOS --deployment-target 13.0 --bundle-identifier swiftsoup.SwiftSoup --output /Users/builder/clone/build/Build/Products/Release-iphoneos/SwiftSoup.appintents --target-triple arm64-apple-ios13.0 --binary-file /Users/builder/clone/build/Build/Products/Release-iphoneos/SwiftSoup.o --dependency-file /Users/builder/clone/build/Build/Intermediates.noindex/SwiftSoup.build/Release-iphoneos/SwiftSoup.build/Objects-normal/arm64/SwiftSoup_dependency_info.dat --stringsdata-file /Users/builder/clone/build/Build/Intermediates.noindex/SwiftSoup.build/Release-iphoneos/SwiftSoup.build/Objects-normal/arm64/ExtractedAppShortcutsMetadata.stringsdata --source-file-list /Users/builder/clone/build/Build/Intermediates.noindex/SwiftSoup.build/Release-iphoneos/SwiftSoup.build/Objects-normal/arm64/SwiftSoup.SwiftFileList --metadata-file-list /Users/builder/clone/build/Build/Intermediates.noindex/SwiftSoup.build/Release-iphoneos/SwiftSoup.build/SwiftSoup.DependencyMetadataFileList --static-metadata-file-list /Users/builder/clone/build/Build/Intermediates.noindex/SwiftSoup.build/Release-iphoneos/SwiftSoup.build/SwiftSoup.DependencyStaticMetadataFileList --swift-const-vals-list /Users/builder/clone/build/Build/Intermediates.noindex/SwiftSoup.build/Release-iphoneos/SwiftSoup.build/Objects-normal/arm64/SwiftSoup.SwiftConstValuesFileList --force --compile-time-extraction --deployment-aware-processing --validate-assistant-intents --no-app-shortcuts-localization\n2026-09-05 04:20:09.382 appintentsmetadataprocessor[2310:17914] Starting appintentsmetadataprocessor export\n2026-09-05 04:20:09.394 appintentsmetadataprocessor[2310:17914] Extracted no relevant App Intents symbols, skipping writing output\n\nRegisterExecutionPolicyException /Users/builder/clone/build/Build/Products/Release-iphoneos/SwiftSoup.o (in target 'SwiftSoup' from project 'SwiftSoup')\n    cd /Users/builder/clone/build/SourcePackages/checkouts/SwiftSoup\n    builtin-RegisterExecutionPolicyException /Users/builder/clone/build/Build/Products/Release-iphoneos/SwiftSoup.o\n\nSwiftCompile normal arm64 Compiling\\ Account.swift,\\ AccountCollection.swift,\\ DateFormatterCache.swift,\\ HTMLString.swift,\\ ServerDate.swift,\\ App.swift,\\ AppAccount.swift,\\ Application.swift,\\ Card.swift,\\ ConsolidatedNotification.swift,\\ Conversation.swift,\\ Emoji.swift,\\ Filter.swift,\\ GroupedNotificationsResults.swift,\\ History.swift,\\ Instance.swift,\\ InstanceApp.swift,\\ InstanceSocial.swift,\\ Language.swift,\\ List.swift,\\ Marker.swift,\\ MastodonPushNotification.swift,\\ MediaAttachement.swift,\\ MediaStatus.swift,\\ Mention.swift,\\ Notification.swift,\\ NotificationGroup.swift,\\ NotificationsPolicy.swift,\\ NotificationsRequest.swift,\\ OauthToken.swift,\\ PartialAccountWithAvatar.swift,\\ Poll.swift,\\ PostError.swift,\\ PushSubscription.swift,\\ Quote.swift,\\ QuoteApproval.swift,\\ Relationship.swift,\\ SearchResults.swift,\\ ServerError.swift,\\ ServerFilter.swift,\\ ServerPreferences.swift,\\ Status.swift,\\ StatusContext.swift,\\ StatusHistory.swift,\\ StreamEvent.swift,\\ StreamMessage.swift,\\ Draft.swift,\\ LocalTimeline.swift,\\ MetricsNotificationGroup.swift,\\ RecentTag.swift,\\ TagGroup.swift,\\ Tag.swift,\\ TimelineItem.swift,\\ Translation.swift /Users/builder/clone/Packages/Models/Sources/Models/Account.swift /Users/builder/clone/Packages/Models/Sources/Models/AccountCollection.swift /Users/builder/clone/Packages/Models/Sources/Models/Alias/DateFormatterCache.swift /Users/builder/clone/Packages/Models/Sources/Models/Alias/HTMLString.swift /Users/builder/clone/Packages/Models/Sources/Models/Alias/ServerDate.swift /Users/builder/clone/Packages/Models/Sources/Models/App/App.swift /Users/builder/clone/Packages/Models/Sources/Models/AppAccount.swift /Users/builder/clone/Packages/Models/Sources/Models/Application.swift /Users/builder/clone/Packages/Models/Sources/Models/Card.swift /Users/builder/clone/Packages/Models/Sources/Models/ConsolidatedNotification.swift /Users/builder/clone/Packages/Models/Sources/Models/Conversation.swift /Users/builder/clone/Packages/Models/Sources/Models/Emoji.swift /Users/builder/clone/Packages/Models/Sources/Models/Filter.swift /Users/builder/clone/Packages/Models/Sources/Models/GroupedNotificationsResults.swift /Users/builder/clone/Packages/Models/Sources/Models/History.swift /Users/builder/clone/Packages/Models/Sources/Models/Instance.swift /Users/builder/clone/Packages/Models/Sources/Models/InstanceApp.swift /Users/builder/clone/Packages/Models/Sources/Models/InstanceSocial.swift /Users/builder/clone/Packages/Models/Sources/Models/Language.swift /Users/builder/clone/Packages/Models/Sources/Models/List.swift /Users/builder/clone/Packages/Models/Sources/Models/Marker.swift /Users/builder/clone/Packages/Models/Sources/Models/MastodonPushNotification.swift /Users/builder/clone/Packages/Models/Sources/Models/MediaAttachement.swift /Users/builder/clone/Packages/Models/Sources/Models/MediaStatus.swift /Users/builder/clone/Packages/Models/Sources/Models/Mention.swift /Users/builder/clone/Packages/Models/Sources/Models/Notification.swift /Users/builder/clone/Packages/Models/Sources/Models/NotificationGroup.swift /Users/builder/clone/Packages/Models/Sources/Models/NotificationsPolicy.swift /Users/builder/clone/Packages/Models/Sources/Models/NotificationsRequest.swift /Users/builder/clone/Packages/Models/Sources/Models/OauthToken.swift /Users/builder/clone/Packages/Models/Sources/Models/PartialAccountWithAvatar.swift /Users/builder/clone/Packages/Models/Sources/Models/Poll.swift /Users/builder/clone/Packages/Models/Sources/Models/PostError.swift /Users/builder/clone/Packages/Models/Sources/Models/PushSubscription.swift /Users/builder/clone/Packages/Models/Sources/Models/Quote.swift /Users/builder/clone/Packages/Models/Sources/Models/QuoteApproval.swift /Users/builder/clone/Packages/Models/Sources/Models/Relationship.swift /Users/builder/clone/Packages/Models/Sources/Models/SearchResults.swift /Users/builder/clone/Packages/Models/Sources/Models/ServerError.swift /Users/builder/clone/Packages/Models/Sources/Models/ServerFilter.swift /Users/builder/clone/Packages/Models/Sources/Models/ServerPreferences.swift /Users/builder/clone/Packages/Models/Sources/Models/Status.swift /Users/builder/clone/Packages/Models/Sources/Models/StatusContext.swift /Users/builder/clone/Packages/Models/Sources/Models/StatusHistory.swift /Users/builder/clone/Packages/Models/Sources/Models/Stream/StreamEvent.swift /Users/builder/clone/Packages/Models/Sources/Models/Stream/StreamMessage.swift /Users/builder/clone/Packages/Models/Sources/Models/SwiftData/Draft.swift /Users/builder/clone/Packages/Models/Sources/Models/SwiftData/LocalTimeline.swift /Users/builder/clone/Packages/Models/Sources/Models/SwiftData/MetricsNotificationGroup.swift /Users/builder/clone/Packages/Models/Sources/Models/SwiftData/RecentTag.swift /Users/builder/clone/Packages/Models/Sources/Models/SwiftData/TagGroup.swift /Users/builder/clone/Packages/Models/Sources/Models/Tag.swift /Users/builder/clone/Packages/Models/Sources/Models/Timeline/TimelineItem.swift /Users/builder/clone/Packages/Models/Sources/Models/Translation.swift /Applications/Xcode-26.4.app/Contents/Developer/Toolchains/XcodeDefault.xctoolchain/usr/lib/swift/iphoneos/prebuilt-modules/26.4/_DarwinFoundation3.swiftmodule/arm64e-apple-ios.swiftmodule /Applications/Xcode-26.4.app/Contents/Developer/Toolchains/XcodeDefault.xctoolchain/usr/lib/swift/iphoneos/prebuilt-modules/26.4/_SwiftData_SwiftUI.swiftmodule/arm64e-apple-ios.swiftmodule /Applications/Xcode-26.4.app/Contents/Developer/Toolchains/XcodeDefault.xctoolchain/usr/lib/swift/iphoneos/prebuilt-modules/26.4/QuartzCore.swiftmodule/arm64e-apple-ios.swiftmodule /Applications/Xcode-26.4.app/Contents/Developer/Toolchains/XcodeDefault.xctoolchain/usr/lib/swift/iphoneos/prebuilt-modules/26.4/_StringProcessing.swiftmodule/arm64e-apple-ios.swiftmodule /Applications/Xcode-26.4.app/Contents/Developer/Toolchains/XcodeDefault.xctoolchain/usr/lib/swift/iphoneos/prebuilt-modules/26.4/os.swiftmodule/arm64e-apple-ios.swiftmodule /Applications/Xcode-26.4.app/Contents/Developer/Toolchains/XcodeDefault.xctoolchain/usr/lib/swift/iphoneos/prebuilt-modules/26.4/Symbols.swiftmodule/arm64e-apple-ios.swiftmodule /Applications/Xcode-26.4.app/Contents/Developer/Toolchains/XcodeDefault.xctoolchain/usr/lib/swift/iphoneos/prebuilt-modules/26.4/CoreData.swiftmodule/arm64e-apple-ios.swiftmodule /Applications/Xcode-26.4.app/Contents/Developer/Toolchains/XcodeDefault.xctoolchain/usr/lib/swift/iphoneos/prebuilt-modules/26.4/SwiftData.swiftmodule/arm64e-apple-ios.swiftmodule /Applications/Xcode-26.4.app/Contents/Developer/Toolchains/XcodeDefault.xctoolchain/usr/lib/swift/iphoneos/prebuilt-modules/26.4/XPC.swiftmodule/arm64e-apple-ios.swiftmodule /Applications/Xcode-26.4.app/Contents/Developer/Toolchains/XcodeDefault.xctoolchain/usr/lib/swift/iphoneos/prebuilt-modules/26.4/Darwin.swiftmodule/arm64e-apple-ios.swiftmodule /Applications/Xcode-26.4.app/Contents/Developer/Toolchains/XcodeDefault.xctoolchain/usr/lib/swift/iphoneos/prebuilt-modules/26.4/Spatial.swiftmodule/arm64e-apple-ios.swiftmodule /Applications/Xcode-26.4.app/Contents/Developer/Toolchains/XcodeDefault.xctoolchain/usr/lib/swift/iphoneos/prebuilt-modules/26.4/SwiftUI.swiftmodule/arm64e-apple-ios.swiftmodule /Applications/Xcode-26.4.app/Contents/Developer/Toolchains/XcodeDefault.xctoolchain/usr/lib/swift/iphoneos/prebuilt-modules/26.4/UniformTypeIdentifiers.swiftmodule/arm64e-apple-ios.swiftmodule /Applications/Xcode-26.4.app/Contents/Developer/Toolchains/XcodeDefault.xctoolchain/usr/lib/swift/iphoneos/prebuilt-modules/26.4/CoreGraphics.swiftmodule/arm64e-apple-ios.swiftmodule /Applications/Xcode-26.4.app/Contents/Developer/Toolchains/XcodeDefault.xctoolchain/usr/lib/swift/iphoneos/prebuilt-modules/26.4/UIKit.swiftmodule/arm64e-apple-ios.swiftmodule /Applications/Xcode-26.4.app/Contents/Developer/Toolchains/XcodeDefault.xctoolchain/usr/lib/swift/iphoneos/prebuilt-modules/26.4/DeveloperToolsSupport.swiftmodule/arm64e-apple-ios.swiftmodule /Applications/Xcode-26.4.app/Contents/Developer/Toolchains/XcodeDefault.xctoolchain/usr/lib/swift/iphoneos/prebuilt-modules/26.4/Metal.swiftmodule/arm64e-apple-ios.swiftmodule /Applications/Xcode-26.4.app/Contents/Developer/Toolchains/XcodeDefault.xctoolchain/usr/lib/swift/iphoneos/prebuilt-modules/26.4/_DarwinFoundation2.swiftmodule/arm64e-apple-ios.swiftmodule /Applications/Xcode-26.4.app/Contents/Developer/Toolchains/XcodeDefault.xctoolchain/usr/lib/swift/iphoneos/prebuilt-modules/26.4/System.swiftmodule/arm64e-apple-ios.swiftmodule /Applications/Xcode-26.4.app/Contents/Developer/Toolchains/XcodeDefault.xctoolchain/usr/lib/swift/iphoneos/prebuilt-modules/26.4/CoreVideo.swiftmodule/arm64e-apple-ios.swiftmodule /Applications/Xcode-26.4.app/Contents/Developer/Toolchains/XcodeDefault.xctoolchain/usr/lib/swift/iphoneos/prebuilt-modules/26.4/SwiftUICore.swiftmodule/arm64e-apple-ios.swiftmodule /Applications/Xcode-26.4.app/Contents/Developer/Toolchains/XcodeDefault.xctoolchain/usr/lib/swift/iphoneos/prebuilt-modules/26.4/_DarwinFoundation1.swiftmodule/arm64e-apple-ios.swiftmodule /Applications/Xcode-26.4.app/Contents/Developer/Toolchains/XcodeDefault.xctoolchain/usr/lib/swift/iphoneos/prebuilt-modules/26.4/CoreText.swiftmodule/arm64e-apple-ios.swiftmodule /Applications/Xcode-26.4.app/Contents/Developer/Toolchains/XcodeDefault.xctoolchain/usr/lib/swift/iphoneos/prebuilt-modules/26.4/simd.swiftmodule/arm64e-apple-ios.swiftmodule /Applications/Xcode-26.4.app/Contents/Developer/Toolchains/XcodeDefault.xctoolchain/usr/lib/swift/iphoneos/prebuilt-modules/26.4/ObjectiveC.swiftmodule/arm64e-apple-ios.swiftmodule /Applications/Xcode-26.4.app/Contents/Developer/Toolchains/XcodeDefault.xctoolchain/usr/lib/swift/iphoneos/prebuilt-modules/26.4/Foundation.swiftmodule/arm64e-apple-ios.swiftmodule /Applications/Xcode-26.4.app/Contents/Developer/Toolchains/XcodeDefault.xctoolchain/usr/lib/swift/iphoneos/prebuilt-modules/26.4/_Builtin_float.swiftmodule/arm64e-apple-ios.swiftmodule /Applications/Xcode-26.4.app/Contents/Developer/Toolchains/XcodeDefault.xctoolchain/usr/lib/swift/iphoneos/prebuilt-modules/26.4/Observation.swiftmodule/arm64e-apple-ios.swiftmodule /Applications/Xcode-26.4.app/Contents/Developer/Toolchains/XcodeDefault.xctoolchain/usr/lib/swift/iphoneos/prebuilt-modules/26.4/_Concurrency.swiftmodule/arm64e-apple-ios.swiftmodule /Applications/Xcode-26.4.app/Contents/Developer/Toolchains/XcodeDefault.xctoolchain/usr/lib/swift/iphoneos/prebuilt-modules/26.4/FileProvider.swiftmodule/arm64e-apple-ios.swiftmodule /Applications/Xcode-26.4.app/Contents/Developer/Toolchains/XcodeDefault.xctoolchain/usr/lib/swift/iphoneos/prebuilt-modules/26.4/CoreTransferable.swiftmodule/arm64e-apple-ios.swiftmodule /Applications/Xcode-26.4.app/Contents/Developer/Toolchains/XcodeDefault.xctoolchain/usr/lib/swift/iphoneos/prebuilt-modules/26.4/OSLog.swiftmodule/arm64e-apple-ios.swiftmodule /Applications/Xcode-26.4.app/Contents/Developer/Toolchains/XcodeDefault.xctoolchain/usr/lib/swift/iphoneos/prebuilt-modules/26.4/Combine.swiftmodule/arm64e-apple-ios.swiftmodule /Applications/Xcode-26.4.app/Contents/Developer/Toolchains/XcodeDefault.xctoolchain/usr/lib/swift/iphoneos/prebuilt-modules/26.4/Dispatch.swiftmodule/arm64e-apple-ios.swiftmodule /Applications/Xcode-26.4.app/Contents/Developer/Toolchains/XcodeDefault.xctoolchain/usr/lib/swift/iphoneos/prebuilt-modules/26.4/DataDetection.swiftmodule/arm64e-apple-ios.swiftmodule /Users/builder/clone/build/Build/Products/Release-iphoneos/SwiftSoup.swiftmodule/arm64-apple-ios.swiftmodule /Applications/Xcode-26.4.app/Contents/Developer/Toolchains/XcodeDefault.xctoolchain/usr/lib/swift/iphoneos/prebuilt-modules/26.4/Swift.swiftmodule/arm64e-apple-ios.swiftmodule /Applications/Xcode-26.4.app/Contents/Developer/Toolchains/XcodeDefault.xctoolchain/usr/lib/swift/iphoneos/prebuilt-modules/26.4/Accessibility.swiftmodule/arm64e-apple-ios.swiftmodule /Applications/Xcode-26.4.app/Contents/Developer/Toolchains/XcodeDefault.xctoolchain/usr/lib/swift/iphoneos/prebuilt-modules/26.4/CoreImage.swiftmodule/arm64e-apple-ios.swiftmodule /Applications/Xcode-26.4.app/Contents/Developer/Toolchains/XcodeDefault.xctoolchain/usr/lib/swift/iphoneos/prebuilt-modules/26.4/CoreFoundation.swiftmodule/arm64e-apple-ios.swiftmodule /Users/builder/clone/build/ModuleCache.noindex/XPC-83H6M22GN0LJJMP6IVF07J1T3.pcm /Users/builder/clone/build/ModuleCache.noindex/CoreFoundation-2INE8R3HT0NQOAMD08EAY60NQ.pcm /Users/builder/clone/build/ModuleCache.noindex/Spatial-7321YNVRFT2NYPGYRS6LO6OB8.pcm /Users/builder/clone/build/ModuleCache.noindex/IOSurface-ESNQSTFGAKOFKL0AHHMLA2M7K.pcm /Users/builder/clone/build/ModuleCache.noindex/simd-BSWSXRLML747D1I3MKXIS72QO.pcm /Users/builder/clone/build/ModuleCache.noindex/CoreGraphics-BYW19FT7DN8S5UQ65XLAXKIRB.pcm /Users/builder/clone/build/ModuleCache.noindex/os-VN4E92RQR7U9PJADXD7BSCO5.pcm /Users/builder/clone/build/ModuleCache.noindex/SwiftUICore-K6N5BX0PK7EO76ERJVXDY9W5.pcm /Users/builder/clone/build/ModuleCache.noindex/Darwin-6RKUUF4EH2R721CA2RMUMBGM.pcm /Users/builder/clone/build/ModuleCache.noindex/CoreVideo-CAF6XWOYMNTN9TK6VWLNIH3C5.pcm /Users/builder/clone/build/ModuleCache.noindex/_Builtin_inttypes-BDDTEDMVWUP4QDWT2P9QEWF54.pcm /Users/builder/clone/build/ModuleCache.noindex/_SwiftConcurrencyShims-CHQ5P6QLKPZP1WOW5JG11BOT6.pcm /Users/builder/clone/build/ModuleCache.noindex/_Builtin_stddef-8IK85O58DGRDUMM87197TSPI.pcm /Users/builder/clone/build/ModuleCache.noindex/_Builtin_stdint-BY1E7A3YMCKR9BQHIRHXF627F.pcm /Users/builder/clone/build/ModuleCache.noindex/CoreImage-197CZCAPBVBNVFAAM6QMD3OAM.pcm /Users/builder/clone/build/ModuleCache.noindex/os_object-5DJUYTWMFLH6P3NXZJKLUNUPU.pcm /Users/builder/clone/build/ModuleCache.noindex/sys_types-4YSRAH9YYNB3I66HHQWOQEM6L.pcm /Users/builder/clone/build/ModuleCache.noindex/_Builtin_stdatomic-4C4KLUK64YOJ8Y6GZ37Y6UN7C.pcm /Users/builder/clone/build/ModuleCache.noindex/CoreTransferable-B5CV2GWW0SLB0OWR5YV68MGYP.pcm /Users/builder/clone/build/ModuleCache.noindex/ObjectiveC-5B0MBDYIVRE8T5RMG8FSUAJAC.pcm /Users/builder/clone/build/ModuleCache.noindex/OSLog-4D6PR7NKYEG76TEDB6O79JTT5.pcm /Users/builder/clone/build/ModuleCache.noindex/CFNetwork-BV2YOXQR3QGCZZC1FYZ35ME6C.pcm /Users/builder/clone/build/ModuleCache.noindex/OpenGLES-4WHAPQZ50BKGVGRE57NIPC1Q3.pcm /Users/builder/clone/build/ModuleCache.noindex/Dispatch-EKXSOI9AGDVEYYTP3JDSKW2W.pcm /Users/builder/clone/build/ModuleCache.noindex/SwiftUI-AK1XGHATEPFTJ70AWO7W6AWK9.pcm /Users/builder/clone/build/ModuleCache.noindex/_DarwinFoundation3-DQKFTYUE0CHO3ZH6HIURZWJNS.pcm /Users/builder/clone/build/ModuleCache.noindex/ImageIO-B333V7XDYJWJU9NTF8Y2MV80I.pcm /Users/builder/clone/build/ModuleCache.noindex/_Builtin_limits-XHLD784D8WPPZQEXHGFC55BF.pcm /Users/builder/clone/build/ModuleCache.noindex/Metal-API99ACLGVJ0LCOD8H2BFQXJW.pcm /Users/builder/clone/build/ModuleCache.noindex/_Builtin_tgmath-5IEHEMEP25RCBXTADL8PLI512.pcm /Users/builder/clone/build/ModuleCache.noindex/UIKit-EONTKDDW1VYYMIHYDJLTUSBW2.pcm /Users/builder/clone/build/ModuleCache.noindex/DeveloperToolsSupport-6TKJ89Z9VNTO3LJSI4PGGBY39.pcm /Users/builder/clone/build/ModuleCache.noindex/SwiftShims-8FO93YKE1WBUL8ZVXE6V0W7TF.pcm /Users/builder/clone/build/ModuleCache.noindex/Symbols-4IY2GWUB7DFGPSE124NUDODPN.pcm /Users/builder/clone/build/ModuleCache.noindex/FileProvider-ES1PGXV7F10JITUURTEVQ4MOF.pcm /Users/builder/clone/build/ModuleCache.noindex/UserNotifications-7Q0Y5OT179CFY0A1S1OWG7EVS.pcm /Users/builder/clone/build/ModuleCache.noindex/_Builtin_float-85JALJ7TDDJVRCDY2BGUERQAS.pcm /Users/builder/clone/build/ModuleCache.noindex/_DarwinFoundation2-5VUBEIZBEOC3ULBJKT8JJE3XM.pcm /Users/builder/clone/build/ModuleCache.noindex/_Builtin_stdbool-2ILQPNNY1Q1DQQK2TZ9WXC57G.pcm /Users/builder/clone/build/ModuleCache.noindex/os_workgroup-B4SMTMQEDV9ZG1HPU7XWJA5NQ.pcm /Users/builder/clone/build/ModuleCache.noindex/UniformTypeIdentifiers-NWOMNHVYXZ1L8FHFL7TN9RLG.pcm /Users/builder/clone/build/ModuleCache.noindex/Foundation-8QW824YXXHXXCI7ILXW8ILV1G.pcm /Users/builder/clone/build/ModuleCache.noindex/_AvailabilityInternal-DFS0JW4PZLXT848C3VTWTDSUS.pcm /Users/builder/clone/build/ModuleCache.noindex/QuartzCore-82L8I9S4QDPKIBSA5DE1CX6QA.pcm /Users/builder/clone/build/ModuleCache.noindex/CoreText-31JI8H8TNAKKRE4OOY1XBI0EE.pcm /Users/builder/clone/build/ModuleCache.noindex/UIUtilities-6JOADBKTSE4NPC88FM5OYVU8P.pcm /Users/builder/clone/build/ModuleCache.noindex/MachO-DZMS1HU305V4D7CIKLN8WSEFR.pcm /Users/builder/clone/build/ModuleCache.noindex/_Builtin_intrinsics-6PL1ODUCDDBVU2XKNN1VZ5ND7.pcm /Users/builder/clone/build/ModuleCache.noindex/ptrauth-6LUUL5WAG7REBSNPZZB05FMLV.pcm /Users/builder/clone/build/ModuleCache.noindex/_DarwinFoundation1-BY8IH101M5CDB167KVTIL0C1Z.pcm /Users/builder/clone/build/ModuleCache.noindex/CoreData-DNZRGA7JMAH6GG8WDWQ4NGNR2.pcm /Users/builder/clone/build/ModuleCache.noindex/Security-5WQIKACZXTIZWZ5UPCCB04Z6K.pcm /Users/builder/clone/build/ModuleCache.noindex/ptrcheck-EOTZRFSYY3Z8DNJPOZG8CPHUK.pcm /Users/builder/clone/build/ModuleCache.noindex/Accessibility-3RX97MFHHJGQXOG4G0VI5N8UT.pcm /Users/builder/clone/build/ModuleCache.noindex/DataDetection-QZCUY58ELATMPGLV3YTCHC3Q.pcm /Users/builder/clone/build/ModuleCache.noindex/_Builtin_stdarg-5R2Y5DQ9CCCL9AXNPNWQHLN9D.pcm /Users/builder/clone/build/Build/Intermediates.noindex/Models.build/Release-iphoneos/Models.build/Objects-normal/arm64/Models-dependencies-1.json (in target 'Models' from project 'Models')\n\nCompileSwift normal arm64 (in target 'Models' from project 'Models')\n    cd /Users/builder/clone/IceCubesApp.xcodeproj\n    \n\nSwiftDriver\\ Compilation Models normal arm64 com.apple.xcode.tools.swift.compiler (in target 'Models' from project 'Models')\n    cd /Users/builder/clone/IceCubesApp.xcodeproj\n    builtin-Swift-Compilation -- /Applications/Xcode-26.4.app/Contents/Developer/Toolchains/XcodeDefault.xctoolchain/usr/bin/swiftc -module-name Models -O -whole-module-optimization @/Users/builder/clone/build/Build/Intermediates.noindex/Models.build/Release-iphoneos/Models.build/Objects-normal/arm64/Models.SwiftFileList -DSWIFT_PACKAGE -DSWIFT_MODULE_RESOURCE_BUNDLE_UNAVAILABLE -DXcode -plugin-path /Applications/Xcode-26.4.app/Contents/Developer/Toolchains/XcodeDefault.xctoolchain/usr/lib/swift/host/plugins/testing -enable-experimental-feature DebugDescriptionMacro -sdk /Applications/Xcode-26.4.app/Contents/Developer/Platforms/iPhoneOS.platform/Developer/SDKs/iPhoneOS26.4.sdk -target arm64-apple-ios18.0 -g -module-cache-path /Users/builder/clone/build/ModuleCache.noindex -Xfrontend -serialize-debugging-options -swift-version 6 -I /Users/builder/clone/build/Build/Products/Release-iphoneos -Isystem /Applications/Xcode-26.4.app/Contents/Developer/Platforms/iPhoneOS.platform/Developer/usr/lib -F /Users/builder/clone/build/Build/Products/Release-iphoneos/PackageFrameworks -F /Users/builder/clone/build/Build/Products/Release-iphoneos -F /Applications/Xcode-26.4.app/Contents/Developer/Platforms/iPhoneOS.platform/Developer/Library/Frameworks -F /Applications/Xcode-26.4.app/Contents/Developer/Platforms/iPhoneOS.platform/Developer/SDKs/iPhoneOS26.4.sdk/Developer/Library/Frameworks -emit-localized-strings -emit-localized-strings-path /Users/builder/clone/build/Build/Intermediates.noindex/Models.build/Release-iphoneos/Models.build/Objects-normal/arm64 -c -num-threads 3 -Xcc -ivfsstatcache -Xcc /Users/builder/clone/build/SDKStatCaches.noindex/iphoneos26.4-23E252-dc38477e7e47e42951976ad86cc01fb3.sdkstatcache -output-file-map /Users/builder/clone/build/Build/Intermediates.noindex/Models.build/Release-iphoneos/Models.build/Objects-normal/arm64/Models-OutputFileMap.json -use-frontend-parseable-output -save-temps -no-color-diagnostics -explicit-module-build -module-cache-path /Users/builder/clone/build/Build/Intermediates.noindex/SwiftExplicitPrecompiledModules -clang-scanner-module-cache-path /Users/builder/clone/build/ModuleCache.noindex -sdk-module-cache-path /Users/builder/clone/build/ModuleCache.noindex -serialize-diagnostics -emit-dependencies -emit-module -emit-module-path /Users/builder/clone/build/Build/Intermediates.noindex/Models.build/Release-iphoneos/Models.build/Objects-normal/arm64/Models.swiftmodule -validate-clang-modules-once -clang-build-session-file /Users/builder/clone/build/ModuleCache.noindex/Session.modulevalidation -package-name models -Xcc -I/Users/builder/clone/build/Build/Intermediates.noindex/Models.build/Release-iphoneos/Models.build/swift-overrides.hmap -emit-const-values -Xfrontend -const-gather-protocols-file -Xfrontend /Users/builder/clone/build/Build/Intermediates.noindex/Models.build/Release-iphoneos/Models.build/Objects-normal/arm64/Models_const_extract_protocols.json -Xcc -I/Users/builder/clone/build/Build/Products/Release-iphoneos/include -Xcc -I/Users/builder/clone/build/Build/Intermediates.noindex/Models.build/Release-iphoneos/Models.build/DerivedSources-normal/arm64 -Xcc -I/Users/builder/clone/build/Build/Intermediates.noindex/Models.build/Release-iphoneos/Models.build/DerivedSources/arm64 -Xcc -I/Users/builder/clone/build/Build/Intermediates.noindex/Models.build/Release-iphoneos/Models.build/DerivedSources -Xcc -DSWIFT_PACKAGE -emit-objc-header -emit-objc-header-path /Users/builder/clone/build/Build/Intermediates.noindex/Models.build/Release-iphoneos/Models.build/Objects-normal/arm64/Models-Swift.h -working-directory /Users/builder/clone/IceCubesApp.xcodeproj -no-emit-module-separately-wmo\n\nSwiftDriverJobDiscovery normal arm64 Compiling Account.swift, AccountCollection.swift, DateFormatterCache.swift, HTMLString.swift, ServerDate.swift, App.swift, AppAccount.swift, Application.swift, Card.swift, ConsolidatedNotification.swift, Conversation.swift, Emoji.swift, Filter.swift, GroupedNotificationsResults.swift, History.swift, Instance.swift, InstanceApp.swift, InstanceSocial.swift, Language.swift, List.swift, Marker.swift, MastodonPushNotification.swift, MediaAttachement.swift, MediaStatus.swift, Mention.swift, Notification.swift, NotificationGroup.swift, NotificationsPolicy.swift, NotificationsRequest.swift, OauthToken.swift, PartialAccountWithAvatar.swift, Poll.swift, PostError.swift, PushSubscription.swift, Quote.swift, QuoteApproval.swift, Relationship.swift, SearchResults.swift, ServerError.swift, ServerFilter.swift, ServerPreferences.swift, Status.swift, StatusContext.swift, StatusHistory.swift, StreamEvent.swift, StreamMessage.swift, Draft.swift, LocalTimeline.swift, MetricsNotificationGroup.swift, RecentTag.swift, TagGroup.swift, Tag.swift, TimelineItem.swift, Translation.swift (in target 'Models' from project 'Models')\n\nSwiftDriver\\ Compilation\\ Requirements Models normal arm64 com.apple.xcode.tools.swift.compiler (in target 'Models' from project 'Models')\n    cd /Users/builder/clone/IceCubesApp.xcodeproj\n    builtin-Swift-Compilation-Requirements -- /Applications/Xcode-26.4.app/Contents/Developer/Toolchains/XcodeDefault.xctoolchain/usr/bin/swiftc -module-name Models -O -whole-module-optimization @/Users/builder/clone/build/Build/Intermediates.noindex/Models.build/Release-iphoneos/Models.build/Objects-normal/arm64/Models.SwiftFileList -DSWIFT_PACKAGE -DSWIFT_MODULE_RESOURCE_BUNDLE_UNAVAILABLE -DXcode -plugin-path /Applications/Xcode-26.4.app/Contents/Developer/Toolchains/XcodeDefault.xctoolchain/usr/lib/swift/host/plugins/testing -enable-experimental-feature DebugDescriptionMacro -sdk /Applications/Xcode-26.4.app/Contents/Developer/Platforms/iPhoneOS.platform/Developer/SDKs/iPhoneOS26.4.sdk -target arm64-apple-ios18.0 -g -module-cache-path /Users/builder/clone/build/ModuleCache.noindex -Xfrontend -serialize-debugging-options -swift-version 6 -I /Users/builder/clone/build/Build/Products/Release-iphoneos -Isystem /Applications/Xcode-26.4.app/Contents/Developer/Platforms/iPhoneOS.platform/Developer/usr/lib -F /Users/builder/clone/build/Build/Products/Release-iphoneos/PackageFrameworks -F /Users/builder/clone/build/Build/Products/Release-iphoneos -F /Applications/Xcode-26.4.app/Contents/Developer/Platforms/iPhoneOS.platform/Developer/Library/Frameworks -F /Applications/Xcode-26.4.app/Contents/Developer/Platforms/iPhoneOS.platform/Developer/SDKs/iPhoneOS26.4.sdk/Developer/Library/Frameworks -emit-localized-strings -emit-localized-strings-path /Users/builder/clone/build/Build/Intermediates.noindex/Models.build/Release-iphoneos/Models.build/Objects-normal/arm64 -c -num-threads 3 -Xcc -ivfsstatcache -Xcc /Users/builder/clone/build/SDKStatCaches.noindex/iphoneos26.4-23E252-dc38477e7e47e42951976ad86cc01fb3.sdkstatcache -output-file-map /Users/builder/clone/build/Build/Intermediates.noindex/Models.build/Release-iphoneos/Models.build/Objects-normal/arm64/Models-OutputFileMap.json -use-frontend-parseable-output -save-temps -no-color-diagnostics -explicit-module-build -module-cache-path /Users/builder/clone/build/Build/Intermediates.noindex/SwiftExplicitPrecompiledModules -clang-scanner-module-cache-path /Users/builder/clone/build/ModuleCache.noindex -sdk-module-cache-path /Users/builder/clone/build/ModuleCache.noindex -serialize-diagnostics -emit-dependencies -emit-module -emit-module-path /Users/builder/clone/build/Build/Intermediates.noindex/Models.build/Release-iphoneos/Models.build/Objects-normal/arm64/Models.swiftmodule -validate-clang-modules-once -clang-build-session-file /Users/builder/clone/build/ModuleCache.noindex/Session.modulevalidation -package-name models -Xcc -I/Users/builder/clone/build/Build/Intermediates.noindex/Models.build/Release-iphoneos/Models.build/swift-overrides.hmap -emit-const-values -Xfrontend -const-gather-protocols-file -Xfrontend /Users/builder/clone/build/Build/Intermediates.noindex/Models.build/Release-iphoneos/Models.build/Objects-normal/arm64/Models_const_extract_protocols.json -Xcc -I/Users/builder/clone/build/Build/Products/Release-iphoneos/include -Xcc -I/Users/builder/clone/build/Build/Intermediates.noindex/Models.build/Release-iphoneos/Models.build/DerivedSources-normal/arm64 -Xcc -I/Users/builder/clone/build/Build/Intermediates.noindex/Models.build/Release-iphoneos/Models.build/DerivedSources/arm64 -Xcc -I/Users/builder/clone/build/Build/Intermediates.noindex/Models.build/Release-iphoneos/Models.build/DerivedSources -Xcc -DSWIFT_PACKAGE -emit-objc-header -emit-objc-header-path /Users/builder/clone/build/Build/Intermediates.noindex/Models.build/Release-iphoneos/Models.build/Objects-normal/arm64/Models-Swift.h -working-directory /Users/builder/clone/IceCubesApp.xcodeproj -no-emit-module-separately-wmo\n\nSwiftMergeGeneratedHeaders /Users/builder/clone/build/Build/Intermediates.noindex/GeneratedModuleMaps-iphoneos/Models-Swift.h /Users/builder/clone/build/Build/Intermediates.noindex/Models.build/Release-iphoneos/Models.build/Objects-normal/arm64/Models-Swift.h (in target 'Models' from project 'Models')\n    cd /Users/builder/clone/Packages/Models\n    builtin-swiftHeaderTool -arch arm64 /Users/builder/clone/build/Build/Intermediates.noindex/Models.build/Release-iphoneos/Models.build/Objects-normal/arm64/Models-Swift.h -o /Users/builder/clone/build/Build/Intermediates.noindex/GeneratedModuleMaps-iphoneos/Models-Swift.h\n\nCopy /Users/builder/clone/build/Build/Products/Release-iphoneos/Models.swiftmodule/arm64-apple-ios.swiftdoc /Users/builder/clone/build/Build/Intermediates.noindex/Models.build/Release-iphoneos/Models.build/Objects-normal/arm64/Models.swiftdoc (in target 'Models' from project 'Models')\n    cd /Users/builder/clone/Packages/Models\n    builtin-copy -exclude .DS_Store -exclude CVS -exclude .svn -exclude .git -exclude .hg -strip-unsigned-binaries -strip-deterministic -strip-tool /Applications/Xcode-26.4.app/Contents/Developer/Toolchains/XcodeDefault.xctoolchain/usr/bin/strip -resolve-src-symlinks -rename /Users/builder/clone/build/Build/Intermediates.noindex/Models.build/Release-iphoneos/Models.build/Objects-normal/arm64/Models.swiftdoc /Users/builder/clone/build/Build/Products/Release-iphoneos/Models.swiftmodule/arm64-apple-ios.swiftdoc\n\nCopy /Users/builder/clone/build/Build/Products/Release-iphoneos/Models.swiftmodule/arm64-apple-ios.swiftmodule /Users/builder/clone/build/Build/Intermediates.noindex/Models.build/Release-iphoneos/Models.build/Objects-normal/arm64/Models.swiftmodule (in target 'Models' from project 'Models')\n    cd /Users/builder/clone/Packages/Models\n    builtin-copy -exclude .DS_Store -exclude CVS -exclude .svn -exclude .git -exclude .hg -strip-unsigned-binaries -strip-deterministic -strip-tool /Applications/Xcode-26.4.app/Contents/Developer/Toolchains/XcodeDefault.xctoolchain/usr/bin/strip -resolve-src-symlinks -rename /Users/builder/clone/build/Build/Intermediates.noindex/Models.build/Release-iphoneos/Models.build/Objects-normal/arm64/Models.swiftmodule /Users/builder/clone/build/Build/Products/Release-iphoneos/Models.swiftmodule/arm64-apple-ios.swiftmodule\n\nCopy /Users/builder/clone/build/Build/Products/Release-iphoneos/Models.swiftmodule/arm64-apple-ios.abi.json /Users/builder/clone/build/Build/Intermediates.noindex/Models.build/Release-iphoneos/Models.build/Objects-normal/arm64/Models.abi.json (in target 'Models' from project 'Models')\n    cd /Users/builder/clone/Packages/Models\n    builtin-copy -exclude .DS_Store -exclude CVS -exclude .svn -exclude .git -exclude .hg -strip-unsigned-binaries -strip-deterministic -strip-tool /Applications/Xcode-26.4.app/Contents/Developer/Toolchains/XcodeDefault.xctoolchain/usr/bin/strip -resolve-src-symlinks -rename /Users/builder/clone/build/Build/Intermediates.noindex/Models.build/Release-iphoneos/Models.build/Objects-normal/arm64/Models.abi.json /Users/builder/clone/build/Build/Products/Release-iphoneos/Models.swiftmodule/arm64-apple-ios.abi.json\n\nCopy /Users/builder/clone/build/Build/Products/Release-iphoneos/Models.swiftmodule/Project/arm64-apple-ios.swiftsourceinfo /Users/builder/clone/build/Build/Intermediates.noindex/Models.build/Release-iphoneos/Models.build/Objects-normal/arm64/Models.swiftsourceinfo (in target 'Models' from project 'Models')\n    cd /Users/builder/clone/Packages/Models\n    builtin-copy -exclude .DS_Store -exclude CVS -exclude .svn -exclude .git -exclude .hg -strip-unsigned-binaries -strip-deterministic -strip-tool /Applications/Xcode-26.4.app/Contents/Developer/Toolchains/XcodeDefault.xctoolchain/usr/bin/strip -resolve-src-symlinks -rename /Users/builder/clone/build/Build/Intermediates.noindex/Models.build/Release-iphoneos/Models.build/Objects-normal/arm64/Models.swiftsourceinfo /Users/builder/clone/build/Build/Products/Release-iphoneos/Models.swiftmodule/Project/arm64-apple-ios.swiftsourceinfo\n\nLd /Users/builder/clone/build/Build/Products/Release-iphoneos/Models.o normal (in target 'Models' from project 'Models')\n    cd /Users/builder/clone/Packages/Models\n    /Applications/Xcode-26.4.app/Contents/Developer/Toolchains/XcodeDefault.xctoolchain/usr/bin/clang -Xlinker -reproducible -target arm64-apple-ios18.0 -r -isysroot /Applications/Xcode-26.4.app/Contents/Developer/Platforms/iPhoneOS.platform/Developer/SDKs/iPhoneOS26.4.sdk -Os -F/Users/builder/clone/build/Build/Intermediates.noindex/EagerLinkingTBDs/Release-iphoneos -F/Users/builder/clone/build/Build/Products/Release-iphoneos/PackageFrameworks -F/Users/builder/clone/build/Build/Products/Release-iphoneos -iframework /Applications/Xcode-26.4.app/Contents/Developer/Platforms/iPhoneOS.platform/Developer/Library/Frameworks -iframework /Applications/Xcode-26.4.app/Contents/Developer/Platforms/iPhoneOS.platform/Developer/SDKs/iPhoneOS26.4.sdk/Developer/Library/Frameworks -filelist /Users/builder/clone/build/Build/Intermediates.noindex/Models.build/Release-iphoneos/Models.build/Objects-normal/arm64/Models.LinkFileList -nostdlib -Xlinker -object_path_lto -Xlinker /Users/builder/clone/build/Build/Intermediates.noindex/Models.build/Release-iphoneos/Models.build/Objects-normal/arm64/Models_lto.o -Xlinker -dependency_info -Xlinker /Users/builder/clone/build/Build/Intermediates.noindex/Models.build/Release-iphoneos/Models.build/Objects-normal/arm64/Models_dependency_info.dat -fobjc-link-runtime -L/Applications/Xcode-26.4.app/Contents/Developer/Toolchains/XcodeDefault.xctoolchain/usr/lib/swift/iphoneos -L/usr/lib/swift -Xlinker -add_ast_path -Xlinker /Users/builder/clone/build/Build/Intermediates.noindex/Models.build/Release-iphoneos/Models.build/Objects-normal/arm64/Models.swiftmodule @/Users/builder/clone/build/Build/Intermediates.noindex/Models.build/Release-iphoneos/Models.build/Objects-normal/arm64/Models-linker-args.resp -o /Users/builder/clone/build/Build/Products/Release-iphoneos/Models.o\n\nSwiftDriver NetworkClient normal arm64 com.apple.xcode.tools.swift.compiler (in target 'NetworkClient' from project 'NetworkClient')\n    cd /Users/builder/clone/IceCubesApp.xcodeproj\n    builtin-SwiftDriver -- /Applications/Xcode-26.4.app/Contents/Developer/Toolchains/XcodeDefault.xctoolchain/usr/bin/swiftc -module-name NetworkClient -O -whole-module-optimization @/Users/builder/clone/build/Build/Intermediates.noindex/NetworkClient.build/Release-iphoneos/NetworkClient.build/Objects-normal/arm64/NetworkClient.SwiftFileList -DSWIFT_PACKAGE -DSWIFT_MODULE_RESOURCE_BUNDLE_UNAVAILABLE -DXcode -plugin-path /Applications/Xcode-26.4.app/Contents/Developer/Toolchains/XcodeDefault.xctoolchain/usr/lib/swift/host/plugins/testing -enable-experimental-feature DebugDescriptionMacro -sdk /Applications/Xcode-26.4.app/Contents/Developer/Platforms/iPhoneOS.platform/Developer/SDKs/iPhoneOS26.4.sdk -target arm64-apple-ios18.0 -g -module-cache-path /Users/builder/clone/build/ModuleCache.noindex -Xfrontend -serialize-debugging-options -swift-version 6 -I /Users/builder/clone/build/Build/Products/Release-iphoneos -Isystem /Applications/Xcode-26.4.app/Contents/Developer/Platforms/iPhoneOS.platform/Developer/usr/lib -F /Users/builder/clone/build/Build/Products/Release-iphoneos/PackageFrameworks -F /Users/builder/clone/build/Build/Products/Release-iphoneos/PackageFrameworks -F /Users/builder/clone/build/Build/Products/Release-iphoneos -F /Applications/Xcode-26.4.app/Contents/Developer/Platforms/iPhoneOS.platform/Developer/Library/Frameworks -F /Applications/Xcode-26.4.app/Contents/Developer/Platforms/iPhoneOS.platform/Developer/SDKs/iPhoneOS26.4.sdk/Developer/Library/Frameworks -emit-localized-strings -emit-localized-strings-path /Users/builder/clone/build/Build/Intermediates.noindex/NetworkClient.build/Release-iphoneos/NetworkClient.build/Objects-normal/arm64 -c -num-threads 3 -Xcc -ivfsstatcache -Xcc /Users/builder/clone/build/SDKStatCaches.noindex/iphoneos26.4-23E252-dc38477e7e47e42951976ad86cc01fb3.sdkstatcache -output-file-map /Users/builder/clone/build/Build/Intermediates.noindex/NetworkClient.build/Release-iphoneos/NetworkClient.build/Objects-normal/arm64/NetworkClient-OutputFileMap.json -use-frontend-parseable-output -save-temps -no-color-diagnostics -explicit-module-build -module-cache-path /Users/builder/clone/build/Build/Intermediates.noindex/SwiftExplicitPrecompiledModules -clang-scanner-module-cache-path /Users/builder/clone/build/ModuleCache.noindex -sdk-module-cache-path /Users/builder/clone/build/ModuleCache.noindex -serialize-diagnostics -emit-dependencies -emit-module -emit-module-path /Users/builder/clone/build/Build/Intermediates.noindex/NetworkClient.build/Release-iphoneos/NetworkClient.build/Objects-normal/arm64/NetworkClient.swiftmodule -validate-clang-modules-once -clang-build-session-file /Users/builder/clone/build/ModuleCache.noindex/Session.modulevalidation -package-name networkclient -Xcc -I/Users/builder/clone/build/Build/Intermediates.noindex/NetworkClient.build/Release-iphoneos/NetworkClient.build/swift-overrides.hmap -emit-const-values -Xfrontend -const-gather-protocols-file -Xfrontend /Users/builder/clone/build/Build/Intermediates.noindex/NetworkClient.build/Release-iphoneos/NetworkClient.build/Objects-normal/arm64/NetworkClient_const_extract_protocols.json -Xcc -I/Users/builder/clone/build/Build/Products/Release-iphoneos/include -Xcc -I/Users/builder/clone/build/Build/Intermediates.noindex/NetworkClient.build/Release-iphoneos/NetworkClient.build/DerivedSources-normal/arm64 -Xcc -I/Users/builder/clone/build/Build/Intermediates.noindex/NetworkClient.build/Release-iphoneos/NetworkClient.build/DerivedSources/arm64 -Xcc -I/Users/builder/clone/build/Build/Intermediates.noindex/NetworkClient.build/Release-iphoneos/NetworkClient.build/DerivedSources -Xcc -DSWIFT_PACKAGE -emit-objc-header -emit-objc-header-path /Users/builder/clone/build/Build/Intermediates.noindex/NetworkClient.build/Release-iphoneos/NetworkClient.build/Objects-normal/arm64/NetworkClient-Swift.h -working-directory /Users/builder/clone/IceCubesApp.xcodeproj -no-emit-module-separately-wmo\n\nExtractAppIntentsMetadata (in target 'Models' from project 'Models')\n    cd /Users/builder/clone/Packages/Models\n    /Applications/Xcode-26.4.app/Contents/Developer/Toolchains/XcodeDefault.xctoolchain/usr/bin/appintentsmetadataprocessor --toolchain-dir /Applications/Xcode-26.4.app/Contents/Developer/Toolchains/XcodeDefault.xctoolchain --module-name Models --sdk-root /Applications/Xcode-26.4.app/Contents/Developer/Platforms/iPhoneOS.platform/Developer/SDKs/iPhoneOS26.4.sdk --xcode-version 17E202 --platform-family iOS --deployment-target 18.0 --bundle-identifier models.Models --output /Users/builder/clone/build/Build/Products/Release-iphoneos/Models.appintents --target-triple arm64-apple-ios18.0 --binary-file /Users/builder/clone/build/Build/Products/Release-iphoneos/Models.o --dependency-file /Users/builder/clone/build/Build/Intermediates.noindex/Models.build/Release-iphoneos/Models.build/Objects-normal/arm64/Models_dependency_info.dat --stringsdata-file /Users/builder/clone/build/Build/Intermediates.noindex/Models.build/Release-iphoneos/Models.build/Objects-normal/arm64/ExtractedAppShortcutsMetadata.stringsdata --source-file-list /Users/builder/clone/build/Build/Intermediates.noindex/Models.build/Release-iphoneos/Models.build/Objects-normal/arm64/Models.SwiftFileList --metadata-file-list /Users/builder/clone/build/Build/Intermediates.noindex/Models.build/Release-iphoneos/Models.build/Models.DependencyMetadataFileList --static-metadata-file-list /Users/builder/clone/build/Build/Intermediates.noindex/Models.build/Release-iphoneos/Models.build/Models.DependencyStaticMetadataFileList --swift-const-vals-list /Users/builder/clone/build/Build/Intermediates.noindex/Models.build/Release-iphoneos/Models.build/Objects-normal/arm64/Models.SwiftConstValuesFileList --force --compile-time-extraction --deployment-aware-processing --validate-assistant-intents --no-app-shortcuts-localization\n2026-09-05 04:20:18.734 appintentsmetadataprocessor[2317:18045] Starting appintentsmetadataprocessor export\n2026-09-05 04:20:18.768 appintentsmetadataprocessor[2317:18045] Extracted no relevant App Intents symbols, skipping writing output\n\nRegisterExecutionPolicyException /Users/builder/clone/build/Build/Products/Release-iphoneos/Models.o (in target 'Models' from project 'Models')\n    cd /Users/builder/clone/Packages/Models\n    builtin-RegisterExecutionPolicyException /Users/builder/clone/build/Build/Products/Release-iphoneos/Models.o\n\nSwiftCompile normal arm64 Compiling\\ DeepLClient.swift,\\ Accounts.swift,\\ Apps.swift,\\ Collections.swift,\\ Conversations.swift,\\ CustomEmojis.swift,\\ Endpoint.swift,\\ FollowRequests.swift,\\ Instances.swift,\\ Lists.swift,\\ Markers.swift,\\ Media.swift,\\ Notifications.swift,\\ Oauth.swift,\\ Polls.swift,\\ Profile.swift,\\ Push.swift,\\ Search.swift,\\ ServerFilters.swift,\\ Statuses.swift,\\ Streaming.swift,\\ Tags.swift,\\ Timelines.swift,\\ Trends.swift,\\ InstanceSocialClient.swift,\\ LinkHandler.swift,\\ MastodonClient.swift,\\ OpenAIClient.swift,\\ String.swift,\\ URLData.swift /Users/builder/clone/Packages/NetworkClient/Sources/NetworkClient/DeepLClient.swift /Users/builder/clone/Packages/NetworkClient/Sources/NetworkClient/Endpoint/Accounts.swift /Users/builder/clone/Packages/NetworkClient/Sources/NetworkClient/Endpoint/Apps.swift /Users/builder/clone/Packages/NetworkClient/Sources/NetworkClient/Endpoint/Collections.swift /Users/builder/clone/Packages/NetworkClient/Sources/NetworkClient/Endpoint/Conversations.swift /Users/builder/clone/Packages/NetworkClient/Sources/NetworkClient/Endpoint/CustomEmojis.swift /Users/builder/clone/Packages/NetworkClient/Sources/NetworkClient/Endpoint/Endpoint.swift /Users/builder/clone/Packages/NetworkClient/Sources/NetworkClient/Endpoint/FollowRequests.swift /Users/builder/clone/Packages/NetworkClient/Sources/NetworkClient/Endpoint/Instances.swift /Users/builder/clone/Packages/NetworkClient/Sources/NetworkClient/Endpoint/Lists.swift /Users/builder/clone/Packages/NetworkClient/Sources/NetworkClient/Endpoint/Markers.swift /Users/builder/clone/Packages/NetworkClient/Sources/NetworkClient/Endpoint/Media.swift /Users/builder/clone/Packages/NetworkClient/Sources/NetworkClient/Endpoint/Notifications.swift /Users/builder/clone/Packages/NetworkClient/Sources/NetworkClient/Endpoint/Oauth.swift /Users/builder/clone/Packages/NetworkClient/Sources/NetworkClient/Endpoint/Polls.swift /Users/builder/clone/Packages/NetworkClient/Sources/NetworkClient/Endpoint/Profile.swift /Users/builder/clone/Packages/NetworkClient/Sources/NetworkClient/Endpoint/Push.swift /Users/builder/clone/Packages/NetworkClient/Sources/NetworkClient/Endpoint/Search.swift /Users/builder/clone/Packages/NetworkClient/Sources/NetworkClient/Endpoint/ServerFilters.swift /Users/builder/clone/Packages/NetworkClient/Sources/NetworkClient/Endpoint/Statuses.swift /Users/builder/clone/Packages/NetworkClient/Sources/NetworkClient/Endpoint/Streaming.swift /Users/builder/clone/Packages/NetworkClient/Sources/NetworkClient/Endpoint/Tags.swift /Users/builder/clone/Packages/NetworkClient/Sources/NetworkClient/Endpoint/Timelines.swift /Users/builder/clone/Packages/NetworkClient/Sources/NetworkClient/Endpoint/Trends.swift /Users/builder/clone/Packages/NetworkClient/Sources/NetworkClient/InstanceSocialClient.swift /Users/builder/clone/Packages/NetworkClient/Sources/NetworkClient/LinkHandler.swift /Users/builder/clone/Packages/NetworkClient/Sources/NetworkClient/MastodonClient.swift /Users/builder/clone/Packages/NetworkClient/Sources/NetworkClient/OpenAIClient.swift /Users/builder/clone/Packages/NetworkClient/Sources/NetworkClient/String.swift /Users/builder/clone/Packages/NetworkClient/Sources/NetworkClient/URLData.swift /Applications/Xcode-26.4.app/Contents/Developer/Toolchains/XcodeDefault.xctoolchain/usr/lib/swift/iphoneos/prebuilt-modules/26.4/FileProvider.swiftmodule/arm64e-apple-ios.swiftmodule /Applications/Xcode-26.4.app/Contents/Developer/Toolchains/XcodeDefault.xctoolchain/usr/lib/swift/iphoneos/prebuilt-modules/26.4/CoreFoundation.swiftmodule/arm64e-apple-ios.swiftmodule /Applications/Xcode-26.4.app/Contents/Developer/Toolchains/XcodeDefault.xctoolchain/usr/lib/swift/iphoneos/prebuilt-modules/26.4/CoreText.swiftmodule/arm64e-apple-ios.swiftmodule /Applications/Xcode-26.4.app/Contents/Developer/Toolchains/XcodeDefault.xctoolchain/usr/lib/swift/iphoneos/prebuilt-modules/26.4/Spatial.swiftmodule/arm64e-apple-ios.swiftmodule /Applications/Xcode-26.4.app/Contents/Developer/Toolchains/XcodeDefault.xctoolchain/usr/lib/swift/iphoneos/prebuilt-modules/26.4/DeveloperToolsSupport.swiftmodule/arm64e-apple-ios.swiftmodule /Applications/Xcode-26.4.app/Contents/Developer/Toolchains/XcodeDefault.xctoolchain/usr/lib/swift/iphoneos/prebuilt-modules/26.4/Foundation.swiftmodule/arm64e-apple-ios.swiftmodule /Applications/Xcode-26.4.app/Contents/Developer/Toolchains/XcodeDefault.xctoolchain/usr/lib/swift/iphoneos/prebuilt-modules/26.4/System.swiftmodule/arm64e-apple-ios.swiftmodule /Applications/Xcode-26.4.app/Contents/Developer/Toolchains/XcodeDefault.xctoolchain/usr/lib/swift/iphoneos/prebuilt-modules/26.4/QuartzCore.swiftmodule/arm64e-apple-ios.swiftmodule /Applications/Xcode-26.4.app/Contents/Developer/Toolchains/XcodeDefault.xctoolchain/usr/lib/swift/iphoneos/prebuilt-modules/26.4/Symbols.swiftmodule/arm64e-apple-ios.swiftmodule /Applications/Xcode-26.4.app/Contents/Developer/Toolchains/XcodeDefault.xctoolchain/usr/lib/swift/iphoneos/prebuilt-modules/26.4/_DarwinFoundation3.swiftmodule/arm64e-apple-ios.swiftmodule /Applications/Xcode-26.4.app/Contents/Developer/Toolchains/XcodeDefault.xctoolchain/usr/lib/swift/iphoneos/prebuilt-modules/26.4/CoreImage.swiftmodule/arm64e-apple-ios.swiftmodule /Applications/Xcode-26.4.app/Contents/Developer/Toolchains/XcodeDefault.xctoolchain/usr/lib/swift/iphoneos/prebuilt-modules/26.4/OSLog.swiftmodule/arm64e-apple-ios.swiftmodule /Applications/Xcode-26.4.app/Contents/Developer/Toolchains/XcodeDefault.xctoolchain/usr/lib/swift/iphoneos/prebuilt-modules/26.4/os.swiftmodule/arm64e-apple-ios.swiftmodule /Applications/Xcode-26.4.app/Contents/Developer/Toolchains/XcodeDefault.xctoolchain/usr/lib/swift/iphoneos/prebuilt-modules/26.4/SwiftData.swiftmodule/arm64e-apple-ios.swiftmodule /Applications/Xcode-26.4.app/Contents/Developer/Toolchains/XcodeDefault.xctoolchain/usr/lib/swift/iphoneos/prebuilt-modules/26.4/_Builtin_float.swiftmodule/arm64e-apple-ios.swiftmodule /Applications/Xcode-26.4.app/Contents/Developer/Toolchains/XcodeDefault.xctoolchain/usr/lib/swift/iphoneos/prebuilt-modules/26.4/DataDetection.swiftmodule/arm64e-apple-ios.swiftmodule /Applications/Xcode-26.4.app/Contents/Developer/Toolchains/XcodeDefault.xctoolchain/usr/lib/swift/iphoneos/prebuilt-modules/26.4/_Concurrency.swiftmodule/arm64e-apple-ios.swiftmodule /Applications/Xcode-26.4.app/Contents/Developer/Toolchains/XcodeDefault.xctoolchain/usr/lib/swift/iphoneos/prebuilt-modules/26.4/Darwin.swiftmodule/arm64e-apple-ios.swiftmodule /Applications/Xcode-26.4.app/Contents/Developer/Toolchains/XcodeDefault.xctoolchain/usr/lib/swift/iphoneos/prebuilt-modules/26.4/Swift.swiftmodule/arm64e-apple-ios.swiftmodule /Applications/Xcode-26.4.app/Contents/Developer/Toolchains/XcodeDefault.xctoolchain/usr/lib/swift/iphoneos/prebuilt-modules/26.4/_StringProcessing.swiftmodule/arm64e-apple-ios.swiftmodule /Users/builder/clone/build/Build/Products/Release-iphoneos/Models.swiftmodule/arm64-apple-ios.swiftmodule /Applications/Xcode-26.4.app/Contents/Developer/Toolchains/XcodeDefault.xctoolchain/usr/lib/swift/iphoneos/prebuilt-modules/26.4/SwiftUI.swiftmodule/arm64e-apple-ios.swiftmodule /Applications/Xcode-26.4.app/Contents/Developer/Toolchains/XcodeDefault.xctoolchain/usr/lib/swift/iphoneos/prebuilt-modules/26.4/XPC.swiftmodule/arm64e-apple-ios.swiftmodule /Applications/Xcode-26.4.app/Contents/Developer/Toolchains/XcodeDefault.xctoolchain/usr/lib/swift/iphoneos/prebuilt-modules/26.4/CoreData.swiftmodule/arm64e-apple-ios.swiftmodule /Applications/Xcode-26.4.app/Contents/Developer/Toolchains/XcodeDefault.xctoolchain/usr/lib/swift/iphoneos/prebuilt-modules/26.4/CoreTransferable.swiftmodule/arm64e-apple-ios.swiftmodule /Applications/Xcode-26.4.app/Contents/Developer/Toolchains/XcodeDefault.xctoolchain/usr/lib/swift/iphoneos/prebuilt-modules/26.4/_DarwinFoundation1.swiftmodule/arm64e-apple-ios.swiftmodule /Applications/Xcode-26.4.app/Contents/Developer/Toolchains/XcodeDefault.xctoolchain/usr/lib/swift/iphoneos/prebuilt-modules/26.4/simd.swiftmodule/arm64e-apple-ios.swiftmodule /Applications/Xcode-26.4.app/Contents/Developer/Toolchains/XcodeDefault.xctoolchain/usr/lib/swift/iphoneos/prebuilt-modules/26.4/Observation.swiftmodule/arm64e-apple-ios.swiftmodule /Applications/Xcode-26.4.app/Contents/Developer/Toolchains/XcodeDefault.xctoolchain/usr/lib/swift/iphoneos/prebuilt-modules/26.4/SwiftUICore.swiftmodule/arm64e-apple-ios.swiftmodule /Users/builder/clone/build/Build/Products/Release-iphoneos/SwiftSoup.swiftmodule/arm64-apple-ios.swiftmodule /Applications/Xcode-26.4.app/Contents/Developer/Toolchains/XcodeDefault.xctoolchain/usr/lib/swift/iphoneos/prebuilt-modules/26.4/_DarwinFoundation2.swiftmodule/arm64e-apple-ios.swiftmodule /Applications/Xcode-26.4.app/Contents/Developer/Toolchains/XcodeDefault.xctoolchain/usr/lib/swift/iphoneos/prebuilt-modules/26.4/_SwiftData_SwiftUI.swiftmodule/arm64e-apple-ios.swiftmodule /Applications/Xcode-26.4.app/Contents/Developer/Toolchains/XcodeDefault.xctoolchain/usr/lib/swift/iphoneos/prebuilt-modules/26.4/Dispatch.swiftmodule/arm64e-apple-ios.swiftmodule /Applications/Xcode-26.4.app/Contents/Developer/Toolchains/XcodeDefault.xctoolchain/usr/lib/swift/iphoneos/prebuilt-modules/26.4/Metal.swiftmodule/arm64e-apple-ios.swiftmodule /Applications/Xcode-26.4.app/Contents/Developer/Toolchains/XcodeDefault.xctoolchain/usr/lib/swift/iphoneos/prebuilt-modules/26.4/CoreGraphics.swiftmodule/arm64e-apple-ios.swiftmodule /Applications/Xcode-26.4.app/Contents/Developer/Toolchains/XcodeDefault.xctoolchain/usr/lib/swift/iphoneos/prebuilt-modules/26.4/RegexBuilder.swiftmodule/arm64e-apple-ios.swiftmodule /Applications/Xcode-26.4.app/Contents/Developer/Toolchains/XcodeDefault.xctoolchain/usr/lib/swift/iphoneos/prebuilt-modules/26.4/UniformTypeIdentifiers.swiftmodule/arm64e-apple-ios.swiftmodule /Applications/Xcode-26.4.app/Contents/Developer/Toolchains/XcodeDefault.xctoolchain/usr/lib/swift/iphoneos/prebuilt-modules/26.4/ObjectiveC.swiftmodule/arm64e-apple-ios.swiftmodule /Applications/Xcode-26.4.app/Contents/Developer/Toolchains/XcodeDefault.xctoolchain/usr/lib/swift/iphoneos/prebuilt-modules/26.4/Combine.swiftmodule/arm64e-apple-ios.swiftmodule /Applications/Xcode-26.4.app/Contents/Developer/Toolchains/XcodeDefault.xctoolchain/usr/lib/swift/iphoneos/prebuilt-modules/26.4/CoreVideo.swiftmodule/arm64e-apple-ios.swiftmodule /Applications/Xcode-26.4.app/Contents/Developer/Toolchains/XcodeDefault.xctoolchain/usr/lib/swift/iphoneos/prebuilt-modules/26.4/UIKit.swiftmodule/arm64e-apple-ios.swiftmodule /Applications/Xcode-26.4.app/Contents/Developer/Toolchains/XcodeDefault.xctoolchain/usr/lib/swift/iphoneos/prebuilt-modules/26.4/Accessibility.swiftmodule/arm64e-apple-ios.swiftmodule /Users/builder/clone/build/ModuleCache.noindex/XPC-83H6M22GN0LJJMP6IVF07J1T3.pcm /Users/builder/clone/build/ModuleCache.noindex/CoreFoundation-2INE8R3HT0NQOAMD08EAY60NQ.pcm /Users/builder/clone/build/ModuleCache.noindex/Spatial-7321YNVRFT2NYPGYRS6LO6OB8.pcm /Users/builder/clone/build/ModuleCache.noindex/IOSurface-ESNQSTFGAKOFKL0AHHMLA2M7K.pcm /Users/builder/clone/build/ModuleCache.noindex/simd-BSWSXRLML747D1I3MKXIS72QO.pcm /Users/builder/clone/build/ModuleCache.noindex/CoreGraphics-BYW19FT7DN8S5UQ65XLAXKIRB.pcm /Users/builder/clone/build/ModuleCache.noindex/os-VN4E92RQR7U9PJADXD7BSCO5.pcm /Users/builder/clone/build/ModuleCache.noindex/SwiftUICore-K6N5BX0PK7EO76ERJVXDY9W5.pcm /Users/builder/clone/build/ModuleCache.noindex/Darwin-6RKUUF4EH2R721CA2RMUMBGM.pcm /Users/builder/clone/build/ModuleCache.noindex/CoreVideo-CAF6XWOYMNTN9TK6VWLNIH3C5.pcm /Users/builder/clone/build/ModuleCache.noindex/_Builtin_inttypes-BDDTEDMVWUP4QDWT2P9QEWF54.pcm /Users/builder/clone/build/ModuleCache.noindex/_SwiftConcurrencyShims-CHQ5P6QLKPZP1WOW5JG11BOT6.pcm /Users/builder/clone/build/ModuleCache.noindex/_Builtin_stdint-BY1E7A3YMCKR9BQHIRHXF627F.pcm /Users/builder/clone/build/ModuleCache.noindex/_Builtin_stddef-8IK85O58DGRDUMM87197TSPI.pcm /Users/builder/clone/build/ModuleCache.noindex/CoreImage-197CZCAPBVBNVFAAM6QMD3OAM.pcm /Users/builder/clone/build/ModuleCache.noindex/os_object-5DJUYTWMFLH6P3NXZJKLUNUPU.pcm /Users/builder/clone/build/ModuleCache.noindex/sys_types-4YSRAH9YYNB3I66HHQWOQEM6L.pcm /Users/builder/clone/build/ModuleCache.noindex/_Builtin_stdatomic-4C4KLUK64YOJ8Y6GZ37Y6UN7C.pcm /Users/builder/clone/build/ModuleCache.noindex/CoreTransferable-B5CV2GWW0SLB0OWR5YV68MGYP.pcm /Users/builder/clone/build/ModuleCache.noindex/ObjectiveC-5B0MBDYIVRE8T5RMG8FSUAJAC.pcm /Users/builder/clone/build/ModuleCache.noindex/CFNetwork-BV2YOXQR3QGCZZC1FYZ35ME6C.pcm /Users/builder/clone/build/ModuleCache.noindex/OSLog-4D6PR7NKYEG76TEDB6O79JTT5.pcm /Users/builder/clone/build/ModuleCache.noindex/OpenGLES-4WHAPQZ50BKGVGRE57NIPC1Q3.pcm /Users/builder/clone/build/ModuleCache.noindex/Dispatch-EKXSOI9AGDVEYYTP3JDSKW2W.pcm /Users/builder/clone/build/ModuleCache.noindex/SwiftUI-AK1XGHATEPFTJ70AWO7W6AWK9.pcm /Users/builder/clone/build/ModuleCache.noindex/_DarwinFoundation3-DQKFTYUE0CHO3ZH6HIURZWJNS.pcm /Users/builder/clone/build/ModuleCache.noindex/ImageIO-B333V7XDYJWJU9NTF8Y2MV80I.pcm /Users/builder/clone/build/ModuleCache.noindex/Metal-API99ACLGVJ0LCOD8H2BFQXJW.pcm /Users/builder/clone/build/ModuleCache.noindex/UIKit-EONTKDDW1VYYMIHYDJLTUSBW2.pcm /Users/builder/clone/build/ModuleCache.noindex/_Builtin_tgmath-5IEHEMEP25RCBXTADL8PLI512.pcm /Users/builder/clone/build/ModuleCache.noindex/_Builtin_limits-XHLD784D8WPPZQEXHGFC55BF.pcm /Users/builder/clone/build/ModuleCache.noindex/SwiftShims-8FO93YKE1WBUL8ZVXE6V0W7TF.pcm /Users/builder/clone/build/ModuleCache.noindex/DeveloperToolsSupport-6TKJ89Z9VNTO3LJSI4PGGBY39.pcm /Users/builder/clone/build/ModuleCache.noindex/FileProvider-ES1PGXV7F10JITUURTEVQ4MOF.pcm /Users/builder/clone/build/ModuleCache.noindex/Symbols-4IY2GWUB7DFGPSE124NUDODPN.pcm /Users/builder/clone/build/ModuleCache.noindex/UserNotifications-7Q0Y5OT179CFY0A1S1OWG7EVS.pcm /Users/builder/clone/build/ModuleCache.noindex/_Builtin_float-85JALJ7TDDJVRCDY2BGUERQAS.pcm /Users/builder/clone/build/ModuleCache.noindex/_DarwinFoundation2-5VUBEIZBEOC3ULBJKT8JJE3XM.pcm /Users/builder/clone/build/ModuleCache.noindex/_Builtin_stdbool-2ILQPNNY1Q1DQQK2TZ9WXC57G.pcm /Users/builder/clone/build/ModuleCache.noindex/os_workgroup-B4SMTMQEDV9ZG1HPU7XWJA5NQ.pcm /Users/builder/clone/build/ModuleCache.noindex/UniformTypeIdentifiers-NWOMNHVYXZ1L8FHFL7TN9RLG.pcm /Users/builder/clone/build/ModuleCache.noindex/Foundation-8QW824YXXHXXCI7ILXW8ILV1G.pcm /Users/builder/clone/build/ModuleCache.noindex/_AvailabilityInternal-DFS0JW4PZLXT848C3VTWTDSUS.pcm /Users/builder/clone/build/ModuleCache.noindex/QuartzCore-82L8I9S4QDPKIBSA5DE1CX6QA.pcm /Users/builder/clone/build/ModuleCache.noindex/CoreText-31JI8H8TNAKKRE4OOY1XBI0EE.pcm /Users/builder/clone/build/ModuleCache.noindex/UIUtilities-6JOADBKTSE4NPC88FM5OYVU8P.pcm /Users/builder/clone/build/ModuleCache.noindex/MachO-DZMS1HU305V4D7CIKLN8WSEFR.pcm /Users/builder/clone/build/ModuleCache.noindex/_Builtin_intrinsics-6PL1ODUCDDBVU2XKNN1VZ5ND7.pcm /Users/builder/clone/build/ModuleCache.noindex/ptrauth-6LUUL5WAG7REBSNPZZB05FMLV.pcm /Users/builder/clone/build/ModuleCache.noindex/_DarwinFoundation1-BY8IH101M5CDB167KVTIL0C1Z.pcm /Users/builder/clone/build/ModuleCache.noindex/Security-5WQIKACZXTIZWZ5UPCCB04Z6K.pcm /Users/builder/clone/build/ModuleCache.noindex/CoreData-DNZRGA7JMAH6GG8WDWQ4NGNR2.pcm /Users/builder/clone/build/ModuleCache.noindex/ptrcheck-EOTZRFSYY3Z8DNJPOZG8CPHUK.pcm /Users/builder/clone/build/ModuleCache.noindex/Accessibility-3RX97MFHHJGQXOG4G0VI5N8UT.pcm /Users/builder/clone/build/ModuleCache.noindex/DataDetection-QZCUY58ELATMPGLV3YTCHC3Q.pcm /Users/builder/clone/build/ModuleCache.noindex/_Builtin_stdarg-5R2Y5DQ9CCCL9AXNPNWQHLN9D.pcm /Users/builder/clone/build/Build/Intermediates.noindex/NetworkClient.build/Release-iphoneos/NetworkClient.build/Objects-normal/arm64/NetworkClient-dependencies-1.json (in target 'NetworkClient' from project 'NetworkClient')\n\nCompileSwift normal arm64 (in target 'NetworkClient' from project 'NetworkClient')\n    cd /Users/builder/clone/IceCubesApp.xcodeproj\n    \n\nSwiftDriver\\ Compilation NetworkClient normal arm64 com.apple.xcode.tools.swift.compiler (in target 'NetworkClient' from project 'NetworkClient')\n    cd /Users/builder/clone/IceCubesApp.xcodeproj\n    builtin-Swift-Compilation -- /Applications/Xcode-26.4.app/Contents/Developer/Toolchains/XcodeDefault.xctoolchain/usr/bin/swiftc -module-name NetworkClient -O -whole-module-optimization @/Users/builder/clone/build/Build/Intermediates.noindex/NetworkClient.build/Release-iphoneos/NetworkClient.build/Objects-normal/arm64/NetworkClient.SwiftFileList -DSWIFT_PACKAGE -DSWIFT_MODULE_RESOURCE_BUNDLE_UNAVAILABLE -DXcode -plugin-path /Applications/Xcode-26.4.app/Contents/Developer/Toolchains/XcodeDefault.xctoolchain/usr/lib/swift/host/plugins/testing -enable-experimental-feature DebugDescriptionMacro -sdk /Applications/Xcode-26.4.app/Contents/Developer/Platforms/iPhoneOS.platform/Developer/SDKs/iPhoneOS26.4.sdk -target arm64-apple-ios18.0 -g -module-cache-path /Users/builder/clone/build/ModuleCache.noindex -Xfrontend -serialize-debugging-options -swift-version 6 -I /Users/builder/clone/build/Build/Products/Release-iphoneos -Isystem /Applications/Xcode-26.4.app/Contents/Developer/Platforms/iPhoneOS.platform/Developer/usr/lib -F /Users/builder/clone/build/Build/Products/Release-iphoneos/PackageFrameworks -F /Users/builder/clone/build/Build/Products/Release-iphoneos/PackageFrameworks -F /Users/builder/clone/build/Build/Products/Release-iphoneos -F /Applications/Xcode-26.4.app/Contents/Developer/Platforms/iPhoneOS.platform/Developer/Library/Frameworks -F /Applications/Xcode-26.4.app/Contents/Developer/Platforms/iPhoneOS.platform/Developer/SDKs/iPhoneOS26.4.sdk/Developer/Library/Frameworks -emit-localized-strings -emit-localized-strings-path /Users/builder/clone/build/Build/Intermediates.noindex/NetworkClient.build/Release-iphoneos/NetworkClient.build/Objects-normal/arm64 -c -num-threads 3 -Xcc -ivfsstatcache -Xcc /Users/builder/clone/build/SDKStatCaches.noindex/iphoneos26.4-23E252-dc38477e7e47e42951976ad86cc01fb3.sdkstatcache -output-file-map /Users/builder/clone/build/Build/Intermediates.noindex/NetworkClient.build/Release-iphoneos/NetworkClient.build/Objects-normal/arm64/NetworkClient-OutputFileMap.json -use-frontend-parseable-output -save-temps -no-color-diagnostics -explicit-module-build -module-cache-path /Users/builder/clone/build/Build/Intermediates.noindex/SwiftExplicitPrecompiledModules -clang-scanner-module-cache-path /Users/builder/clone/build/ModuleCache.noindex -sdk-module-cache-path /Users/builder/clone/build/ModuleCache.noindex -serialize-diagnostics -emit-dependencies -emit-module -emit-module-path /Users/builder/clone/build/Build/Intermediates.noindex/NetworkClient.build/Release-iphoneos/NetworkClient.build/Objects-normal/arm64/NetworkClient.swiftmodule -validate-clang-modules-once -clang-build-session-file /Users/builder/clone/build/ModuleCache.noindex/Session.modulevalidation -package-name networkclient -Xcc -I/Users/builder/clone/build/Build/Intermediates.noindex/NetworkClient.build/Release-iphoneos/NetworkClient.build/swift-overrides.hmap -emit-const-values -Xfrontend -const-gather-protocols-file -Xfrontend /Users/builder/clone/build/Build/Intermediates.noindex/NetworkClient.build/Release-iphoneos/NetworkClient.build/Objects-normal/arm64/NetworkClient_const_extract_protocols.json -Xcc -I/Users/builder/clone/build/Build/Products/Release-iphoneos/include -Xcc -I/Users/builder/clone/build/Build/Intermediates.noindex/NetworkClient.build/Release-iphoneos/NetworkClient.build/DerivedSources-normal/arm64 -Xcc -I/Users/builder/clone/build/Build/Intermediates.noindex/NetworkClient.build/Release-iphoneos/NetworkClient.build/DerivedSources/arm64 -Xcc -I/Users/builder/clone/build/Build/Intermediates.noindex/NetworkClient.build/Release-iphoneos/NetworkClient.build/DerivedSources -Xcc -DSWIFT_PACKAGE -emit-objc-header -emit-objc-header-path /Users/builder/clone/build/Build/Intermediates.noindex/NetworkClient.build/Release-iphoneos/NetworkClient.build/Objects-normal/arm64/NetworkClient-Swift.h -working-directory /Users/builder/clone/IceCubesApp.xcodeproj -no-emit-module-separately-wmo\n\nSwiftDriverJobDiscovery normal arm64 Compiling DeepLClient.swift, Accounts.swift, Apps.swift, Collections.swift, Conversations.swift, CustomEmojis.swift, Endpoint.swift, FollowRequests.swift, Instances.swift, Lists.swift, Markers.swift, Media.swift, Notifications.swift, Oauth.swift, Polls.swift, Profile.swift, Push.swift, Search.swift, ServerFilters.swift, Statuses.swift, Streaming.swift, Tags.swift, Timelines.swift, Trends.swift, InstanceSocialClient.swift, LinkHandler.swift, MastodonClient.swift, OpenAIClient.swift, String.swift, URLData.swift (in target 'NetworkClient' from project 'NetworkClient')\n\nSwiftDriver\\ Compilation\\ Requirements NetworkClient normal arm64 com.apple.xcode.tools.swift.compiler (in target 'NetworkClient' from project 'NetworkClient')\n    cd /Users/builder/clone/IceCubesApp.xcodeproj\n    builtin-Swift-Compilation-Requirements -- /Applications/Xcode-26.4.app/Contents/Developer/Toolchains/XcodeDefault.xctoolchain/usr/bin/swiftc -module-name NetworkClient -O -whole-module-optimization @/Users/builder/clone/build/Build/Intermediates.noindex/NetworkClient.build/Release-iphoneos/NetworkClient.build/Objects-normal/arm64/NetworkClient.SwiftFileList -DSWIFT_PACKAGE -DSWIFT_MODULE_RESOURCE_BUNDLE_UNAVAILABLE -DXcode -plugin-path /Applications/Xcode-26.4.app/Contents/Developer/Toolchains/XcodeDefault.xctoolchain/usr/lib/swift/host/plugins/testing -enable-experimental-feature DebugDescriptionMacro -sdk /Applications/Xcode-26.4.app/Contents/Developer/Platforms/iPhoneOS.platform/Developer/SDKs/iPhoneOS26.4.sdk -target arm64-apple-ios18.0 -g -module-cache-path /Users/builder/clone/build/ModuleCache.noindex -Xfrontend -serialize-debugging-options -swift-version 6 -I /Users/builder/clone/build/Build/Products/Release-iphoneos -Isystem /Applications/Xcode-26.4.app/Contents/Developer/Platforms/iPhoneOS.platform/Developer/usr/lib -F /Users/builder/clone/build/Build/Products/Release-iphoneos/PackageFrameworks -F /Users/builder/clone/build/Build/Products/Release-iphoneos/PackageFrameworks -F /Users/builder/clone/build/Build/Products/Release-iphoneos -F /Applications/Xcode-26.4.app/Contents/Developer/Platforms/iPhoneOS.platform/Developer/Library/Frameworks -F /Applications/Xcode-26.4.app/Contents/Developer/Platforms/iPhoneOS.platform/Developer/SDKs/iPhoneOS26.4.sdk/Developer/Library/Frameworks -emit-localized-strings -emit-localized-strings-path /Users/builder/clone/build/Build/Intermediates.noindex/NetworkClient.build/Release-iphoneos/NetworkClient.build/Objects-normal/arm64 -c -num-threads 3 -Xcc -ivfsstatcache -Xcc /Users/builder/clone/build/SDKStatCaches.noindex/iphoneos26.4-23E252-dc38477e7e47e42951976ad86cc01fb3.sdkstatcache -output-file-map /Users/builder/clone/build/Build/Intermediates.noindex/NetworkClient.build/Release-iphoneos/NetworkClient.build/Objects-normal/arm64/NetworkClient-OutputFileMap.json -use-frontend-parseable-output -save-temps -no-color-diagnostics -explicit-module-build -module-cache-path /Users/builder/clone/build/Build/Intermediates.noindex/SwiftExplicitPrecompiledModules -clang-scanner-module-cache-path /Users/builder/clone/build/ModuleCache.noindex -sdk-module-cache-path /Users/builder/clone/build/ModuleCache.noindex -serialize-diagnostics -emit-dependencies -emit-module -emit-module-path /Users/builder/clone/build/Build/Intermediates.noindex/NetworkClient.build/Release-iphoneos/NetworkClient.build/Objects-normal/arm64/NetworkClient.swiftmodule -validate-clang-modules-once -clang-build-session-file /Users/builder/clone/build/ModuleCache.noindex/Session.modulevalidation -package-name networkclient -Xcc -I/Users/builder/clone/build/Build/Intermediates.noindex/NetworkClient.build/Release-iphoneos/NetworkClient.build/swift-overrides.hmap -emit-const-values -Xfrontend -const-gather-protocols-file -Xfrontend /Users/builder/clone/build/Build/Intermediates.noindex/NetworkClient.build/Release-iphoneos/NetworkClient.build/Objects-normal/arm64/NetworkClient_const_extract_protocols.json -Xcc -I/Users/builder/clone/build/Build/Products/Release-iphoneos/include -Xcc -I/Users/builder/clone/build/Build/Intermediates.noindex/NetworkClient.build/Release-iphoneos/NetworkClient.build/DerivedSources-normal/arm64 -Xcc -I/Users/builder/clone/build/Build/Intermediates.noindex/NetworkClient.build/Release-iphoneos/NetworkClient.build/DerivedSources/arm64 -Xcc -I/Users/builder/clone/build/Build/Intermediates.noindex/NetworkClient.build/Release-iphoneos/NetworkClient.build/DerivedSources -Xcc -DSWIFT_PACKAGE -emit-objc-header -emit-objc-header-path /Users/builder/clone/build/Build/Intermediates.noindex/NetworkClient.build/Release-iphoneos/NetworkClient.build/Objects-normal/arm64/NetworkClient-Swift.h -working-directory /Users/builder/clone/IceCubesApp.xcodeproj -no-emit-module-separately-wmo\n\nSwiftMergeGeneratedHeaders /Users/builder/clone/build/Build/Intermediates.noindex/GeneratedModuleMaps-iphoneos/NetworkClient-Swift.h /Users/builder/clone/build/Build/Intermediates.noindex/NetworkClient.build/Release-iphoneos/NetworkClient.build/Objects-normal/arm64/NetworkClient-Swift.h (in target 'NetworkClient' from project 'NetworkClient')\n    cd /Users/builder/clone/Packages/NetworkClient\n    builtin-swiftHeaderTool -arch arm64 /Users/builder/clone/build/Build/Intermediates.noindex/NetworkClient.build/Release-iphoneos/NetworkClient.build/Objects-normal/arm64/NetworkClient-Swift.h -o /Users/builder/clone/build/Build/Intermediates.noindex/GeneratedModuleMaps-iphoneos/NetworkClient-Swift.h\n\nCopy /Users/builder/clone/build/Build/Products/Release-iphoneos/NetworkClient.swiftmodule/arm64-apple-ios.swiftdoc /Users/builder/clone/build/Build/Intermediates.noindex/NetworkClient.build/Release-iphoneos/NetworkClient.build/Objects-normal/arm64/NetworkClient.swiftdoc (in target 'NetworkClient' from project 'NetworkClient')\n    cd /Users/builder/clone/Packages/NetworkClient\n    builtin-copy -exclude .DS_Store -exclude CVS -exclude .svn -exclude .git -exclude .hg -strip-unsigned-binaries -strip-deterministic -strip-tool /Applications/Xcode-26.4.app/Contents/Developer/Toolchains/XcodeDefault.xctoolchain/usr/bin/strip -resolve-src-symlinks -rename /Users/builder/clone/build/Build/Intermediates.noindex/NetworkClient.build/Release-iphoneos/NetworkClient.build/Objects-normal/arm64/NetworkClient.swiftdoc /Users/builder/clone/build/Build/Products/Release-iphoneos/NetworkClient.swiftmodule/arm64-apple-ios.swiftdoc\n\nCopy /Users/builder/clone/build/Build/Products/Release-iphoneos/NetworkClient.swiftmodule/arm64-apple-ios.swiftmodule /Users/builder/clone/build/Build/Intermediates.noindex/NetworkClient.build/Release-iphoneos/NetworkClient.build/Objects-normal/arm64/NetworkClient.swiftmodule (in target 'NetworkClient' from project 'NetworkClient')\n    cd /Users/builder/clone/Packages/NetworkClient\n    builtin-copy -exclude .DS_Store -exclude CVS -exclude .svn -exclude .git -exclude .hg -strip-unsigned-binaries -strip-deterministic -strip-tool /Applications/Xcode-26.4.app/Contents/Developer/Toolchains/XcodeDefault.xctoolchain/usr/bin/strip -resolve-src-symlinks -rename /Users/builder/clone/build/Build/Intermediates.noindex/NetworkClient.build/Release-iphoneos/NetworkClient.build/Objects-normal/arm64/NetworkClient.swiftmodule /Users/builder/clone/build/Build/Products/Release-iphoneos/NetworkClient.swiftmodule/arm64-apple-ios.swiftmodule\n\nCopy /Users/builder/clone/build/Build/Products/Release-iphoneos/NetworkClient.swiftmodule/arm64-apple-ios.abi.json /Users/builder/clone/build/Build/Intermediates.noindex/NetworkClient.build/Release-iphoneos/NetworkClient.build/Objects-normal/arm64/NetworkClient.abi.json (in target 'NetworkClient' from project 'NetworkClient')\n    cd /Users/builder/clone/Packages/NetworkClient\n    builtin-copy -exclude .DS_Store -exclude CVS -exclude .svn -exclude .git -exclude .hg -strip-unsigned-binaries -strip-deterministic -strip-tool /Applications/Xcode-26.4.app/Contents/Developer/Toolchains/XcodeDefault.xctoolchain/usr/bin/strip -resolve-src-symlinks -rename /Users/builder/clone/build/Build/Intermediates.noindex/NetworkClient.build/Release-iphoneos/NetworkClient.build/Objects-normal/arm64/NetworkClient.abi.json /Users/builder/clone/build/Build/Products/Release-iphoneos/NetworkClient.swiftmodule/arm64-apple-ios.abi.json\n\nCopy /Users/builder/clone/build/Build/Products/Release-iphoneos/NetworkClient.swiftmodule/Project/arm64-apple-ios.swiftsourceinfo /Users/builder/clone/build/Build/Intermediates.noindex/NetworkClient.build/Release-iphoneos/NetworkClient.build/Objects-normal/arm64/NetworkClient.swiftsourceinfo (in target 'NetworkClient' from project 'NetworkClient')\n    cd /Users/builder/clone/Packages/NetworkClient\n    builtin-copy -exclude .DS_Store -exclude CVS -exclude .svn -exclude .git -exclude .hg -strip-unsigned-binaries -strip-deterministic -strip-tool /Applications/Xcode-26.4.app/Contents/Developer/Toolchains/XcodeDefault.xctoolchain/usr/bin/strip -resolve-src-symlinks -rename /Users/builder/clone/build/Build/Intermediates.noindex/NetworkClient.build/Release-iphoneos/NetworkClient.build/Objects-normal/arm64/NetworkClient.swiftsourceinfo /Users/builder/clone/build/Build/Products/Release-iphoneos/NetworkClient.swiftmodule/Project/arm64-apple-ios.swiftsourceinfo\n\nLd /Users/builder/clone/build/Build/Products/Release-iphoneos/NetworkClient.o normal (in target 'NetworkClient' from project 'NetworkClient')\n    cd /Users/builder/clone/Packages/NetworkClient\n    /Applications/Xcode-26.4.app/Contents/Developer/Toolchains/XcodeDefault.xctoolchain/usr/bin/clang -Xlinker -reproducible -target arm64-apple-ios18.0 -r -isysroot /Applications/Xcode-26.4.app/Contents/Developer/Platforms/iPhoneOS.platform/Developer/SDKs/iPhoneOS26.4.sdk -Os -F/Users/builder/clone/build/Build/Intermediates.noindex/EagerLinkingTBDs/Release-iphoneos -F/Users/builder/clone/build/Build/Products/Release-iphoneos/PackageFrameworks -F/Users/builder/clone/build/Build/Products/Release-iphoneos/PackageFrameworks -F/Users/builder/clone/build/Build/Products/Release-iphoneos -iframework /Applications/Xcode-26.4.app/Contents/Developer/Platforms/iPhoneOS.platform/Developer/Library/Frameworks -iframework /Applications/Xcode-26.4.app/Contents/Developer/Platforms/iPhoneOS.platform/Developer/SDKs/iPhoneOS26.4.sdk/Developer/Library/Frameworks -filelist /Users/builder/clone/build/Build/Intermediates.noindex/NetworkClient.build/Release-iphoneos/NetworkClient.build/Objects-normal/arm64/NetworkClient.LinkFileList -nostdlib -Xlinker -object_path_lto -Xlinker /Users/builder/clone/build/Build/Intermediates.noindex/NetworkClient.build/Release-iphoneos/NetworkClient.build/Objects-normal/arm64/NetworkClient_lto.o -Xlinker -dependency_info -Xlinker /Users/builder/clone/build/Build/Intermediates.noindex/NetworkClient.build/Release-iphoneos/NetworkClient.build/Objects-normal/arm64/NetworkClient_dependency_info.dat -fobjc-link-runtime -L/Applications/Xcode-26.4.app/Contents/Developer/Toolchains/XcodeDefault.xctoolchain/usr/lib/swift/iphoneos -L/usr/lib/swift -Xlinker -add_ast_path -Xlinker /Users/builder/clone/build/Build/Intermediates.noindex/NetworkClient.build/Release-iphoneos/NetworkClient.build/Objects-normal/arm64/NetworkClient.swiftmodule @/Users/builder/clone/build/Build/Intermediates.noindex/NetworkClient.build/Release-iphoneos/NetworkClient.build/Objects-normal/arm64/NetworkClient-linker-args.resp -o /Users/builder/clone/build/Build/Products/Release-iphoneos/NetworkClient.o\n\nMkDir /Users/builder/clone/build/Build/Intermediates.noindex/IceCubesApp.build/Release-iphoneos/IceCubesActionExtension.build/assetcatalog_output/thinned (in target 'IceCubesActionExtension' from project 'IceCubesApp')\n    cd /Users/builder/clone\n    /bin/mkdir -p /Users/builder/clone/build/Build/Intermediates.noindex/IceCubesApp.build/Release-iphoneos/IceCubesActionExtension.build/assetcatalog_output/thinned\n\nMkDir /Users/builder/clone/build/Build/Intermediates.noindex/IceCubesApp.build/Release-iphoneos/IceCubesActionExtension.build/assetcatalog_output/unthinned (in target 'IceCubesActionExtension' from project 'IceCubesApp')\n    cd /Users/builder/clone\n    /bin/mkdir -p /Users/builder/clone/build/Build/Intermediates.noindex/IceCubesApp.build/Release-iphoneos/IceCubesActionExtension.build/assetcatalog_output/unthinned\n\nSwiftDriver Env normal arm64 com.apple.xcode.tools.swift.compiler (in target 'Env' from project 'Env')\n    cd /Users/builder/clone/IceCubesApp.xcodeproj\n    builtin-SwiftDriver -- /Applications/Xcode-26.4.app/Contents/Developer/Toolchains/XcodeDefault.xctoolchain/usr/bin/swiftc -module-name Env -O -whole-module-optimization @/Users/builder/clone/build/Build/Intermediates.noindex/Env.build/Release-iphoneos/Env.build/Objects-normal/arm64/Env.SwiftFileList -DSWIFT_PACKAGE -DSWIFT_MODULE_RESOURCE_BUNDLE_UNAVAILABLE -DXcode -plugin-path /Applications/Xcode-26.4.app/Contents/Developer/Toolchains/XcodeDefault.xctoolchain/usr/lib/swift/host/plugins/testing -enable-experimental-feature DebugDescriptionMacro -sdk /Applications/Xcode-26.4.app/Contents/Developer/Platforms/iPhoneOS.platform/Developer/SDKs/iPhoneOS26.4.sdk -target arm64-apple-ios18.0 -g -module-cache-path /Users/builder/clone/build/ModuleCache.noindex -Xfrontend -serialize-debugging-options -swift-version 6 -I /Users/builder/clone/build/Build/Products/Release-iphoneos -Isystem /Applications/Xcode-26.4.app/Contents/Developer/Platforms/iPhoneOS.platform/Developer/usr/lib -F /Users/builder/clone/build/Build/Products/Release-iphoneos/PackageFrameworks -F /Users/builder/clone/build/Build/Products/Release-iphoneos/PackageFrameworks -F /Users/builder/clone/build/Build/Products/Release-iphoneos/PackageFrameworks -F /Users/builder/clone/build/Build/Products/Release-iphoneos/PackageFrameworks -F /Users/builder/clone/build/Build/Products/Release-iphoneos/PackageFrameworks -F /Users/builder/clone/build/Build/Products/Release-iphoneos -F /Applications/Xcode-26.4.app/Contents/Developer/Platforms/iPhoneOS.platform/Developer/Library/Frameworks -F /Applications/Xcode-26.4.app/Contents/Developer/Platforms/iPhoneOS.platform/Developer/SDKs/iPhoneOS26.4.sdk/Developer/Library/Frameworks -emit-localized-strings -emit-localized-strings-path /Users/builder/clone/build/Build/Intermediates.noindex/Env.build/Release-iphoneos/Env.build/Objects-normal/arm64 -c -num-threads 3 -Xcc -ivfsstatcache -Xcc /Users/builder/clone/build/SDKStatCaches.noindex/iphoneos26.4-23E252-dc38477e7e47e42951976ad86cc01fb3.sdkstatcache -output-file-map /Users/builder/clone/build/Build/Intermediates.noindex/Env.build/Release-iphoneos/Env.build/Objects-normal/arm64/Env-OutputFileMap.json -use-frontend-parseable-output -save-temps -no-color-diagnostics -explicit-module-build -module-cache-path /Users/builder/clone/build/Build/Intermediates.noindex/SwiftExplicitPrecompiledModules -clang-scanner-module-cache-path /Users/builder/clone/build/ModuleCache.noindex -sdk-module-cache-path /Users/builder/clone/build/ModuleCache.noindex -serialize-diagnostics -emit-dependencies -emit-module -emit-module-path /Users/builder/clone/build/Build/Intermediates.noindex/Env.build/Release-iphoneos/Env.build/Objects-normal/arm64/Env.swiftmodule -validate-clang-modules-once -clang-build-session-file /Users/builder/clone/build/ModuleCache.noindex/Session.modulevalidation -package-name env -Xcc -I/Users/builder/clone/build/Build/Intermediates.noindex/Env.build/Release-iphoneos/Env.build/swift-overrides.hmap -emit-const-values -Xfrontend -const-gather-protocols-file -Xfrontend /Users/builder/clone/build/Build/Intermediates.noindex/Env.build/Release-iphoneos/Env.build/Objects-normal/arm64/Env_const_extract_protocols.json -Xcc -I/Users/builder/clone/build/Build/Products/Release-iphoneos/include -Xcc -I/Users/builder/clone/build/Build/Intermediates.noindex/Env.build/Release-iphoneos/Env.build/DerivedSources-normal/arm64 -Xcc -I/Users/builder/clone/build/Build/Intermediates.noindex/Env.build/Release-iphoneos/Env.build/DerivedSources/arm64 -Xcc -I/Users/builder/clone/build/Build/Intermediates.noindex/Env.build/Release-iphoneos/Env.build/DerivedSources -Xcc -DSWIFT_PACKAGE -emit-objc-header -emit-objc-header-path /Users/builder/clone/build/Build/Intermediates.noindex/Env.build/Release-iphoneos/Env.build/Objects-normal/arm64/Env-Swift.h -working-directory /Users/builder/clone/IceCubesApp.xcodeproj -no-emit-module-separately-wmo\n\nGenerateAssetSymbols /Users/builder/clone/IceCubesActionExtension/Assets.xcassets (in target 'IceCubesActionExtension' from project 'IceCubesApp')\n    cd /Users/builder/clone\n    /Applications/Xcode-26.4.app/Contents/Developer/usr/bin/actool /Users/builder/clone/IceCubesActionExtension/Assets.xcassets --compile /Users/builder/clone/build/Build/Products/Release-iphoneos/IceCubesActionExtension.appex --output-format human-readable-text --notices --warnings --export-dependency-info /Users/builder/clone/build/Build/Intermediates.noindex/IceCubesApp.build/Release-iphoneos/IceCubesActionExtension.build/assetcatalog_dependencies --output-partial-info-plist /Users/builder/clone/build/Build/Intermediates.noindex/IceCubesApp.build/Release-iphoneos/IceCubesActionExtension.build/assetcatalog_generated_info.plist --app-icon ActionIcon --compress-pngs --enable-on-demand-resources NO --standalone-icon-behavior all --development-region en --target-device iphone --target-device ipad --minimum-deployment-target 18.5 --platform iphoneos --bundle-identifier com.thomasricouard.IceCubesApp.IceCubesActionExtension --generate-swift-asset-symbols /Users/builder/clone/build/Build/Intermediates.noindex/IceCubesApp.build/Release-iphoneos/IceCubesActionExtension.build/DerivedSources/GeneratedAssetSymbols.swift --generate-objc-asset-symbols /Users/builder/clone/build/Build/Intermediates.noindex/IceCubesApp.build/Release-iphoneos/IceCubesActionExtension.build/DerivedSources/GeneratedAssetSymbols.h --generate-asset-symbol-index /Users/builder/clone/build/Build/Intermediates.noindex/IceCubesApp.build/Release-iphoneos/IceCubesActionExtension.build/DerivedSources/GeneratedAssetSymbols-Index.plist\n/* com.apple.actool.compilation-results */\n/Users/builder/clone/build/Build/Intermediates.noindex/IceCubesApp.build/Release-iphoneos/IceCubesActionExtension.build/DerivedSources/GeneratedAssetSymbols-Index.plist\n/Users/builder/clone/build/Build/Intermediates.noindex/IceCubesApp.build/Release-iphoneos/IceCubesActionExtension.build/DerivedSources/GeneratedAssetSymbols.h\n/Users/builder/clone/build/Build/Intermediates.noindex/IceCubesApp.build/Release-iphoneos/IceCubesActionExtension.build/DerivedSources/GeneratedAssetSymbols.swift\n\n\nCompileAssetCatalogVariant thinned /Users/builder/clone/build/Build/Products/Release-iphoneos/IceCubesActionExtension.appex /Users/builder/clone/IceCubesActionExtension/Assets.xcassets (in target 'IceCubesActionExtension' from project 'IceCubesApp')\n    cd /Users/builder/clone\n    /Applications/Xcode-26.4.app/Contents/Developer/usr/bin/actool /Users/builder/clone/IceCubesActionExtension/Assets.xcassets --compile /Users/builder/clone/build/Build/Intermediates.noindex/IceCubesApp.build/Release-iphoneos/IceCubesActionExtension.build/assetcatalog_output/thinned --output-format human-readable-text --notices --warnings --export-dependency-info /Users/builder/clone/build/Build/Intermediates.noindex/IceCubesApp.build/Release-iphoneos/IceCubesActionExtension.build/assetcatalog_dependencies_thinned --output-partial-info-plist /Users/builder/clone/build/Build/Intermediates.noindex/IceCubesApp.build/Release-iphoneos/IceCubesActionExtension.build/assetcatalog_generated_info.plist_thinned --app-icon ActionIcon --compress-pngs --enable-on-demand-resources NO --standalone-icon-behavior all --development-region en --target-device iphone --target-device ipad --minimum-deployment-target 18.5 --platform iphoneos\n/* com.apple.actool.compilation-results */\n/Users/builder/clone/build/Build/Intermediates.noindex/IceCubesApp.build/Release-iphoneos/IceCubesActionExtension.build/assetcatalog_generated_info.plist_thinned\n/Users/builder/clone/build/Build/Intermediates.noindex/IceCubesApp.build/Release-iphoneos/IceCubesActionExtension.build/assetcatalog_output/thinned/ActionIcon60x60@2x.png\n/Users/builder/clone/build/Build/Intermediates.noindex/IceCubesApp.build/Release-iphoneos/IceCubesActionExtension.build/assetcatalog_output/thinned/ActionIcon76x76@2x~ipad.png\n/Users/builder/clone/build/Build/Intermediates.noindex/IceCubesApp.build/Release-iphoneos/IceCubesActionExtension.build/assetcatalog_output/thinned/Assets.car\n\n\nSwiftDriver\\ Compilation Env normal arm64 com.apple.xcode.tools.swift.compiler (in target 'Env' from project 'Env')\n    cd /Users/builder/clone/IceCubesApp.xcodeproj\n    builtin-Swift-Compilation -- /Applications/Xcode-26.4.app/Contents/Developer/Toolchains/XcodeDefault.xctoolchain/usr/bin/swiftc -module-name Env -O -whole-module-optimization @/Users/builder/clone/build/Build/Intermediates.noindex/Env.build/Release-iphoneos/Env.build/Objects-normal/arm64/Env.SwiftFileList -DSWIFT_PACKAGE -DSWIFT_MODULE_RESOURCE_BUNDLE_UNAVAILABLE -DXcode -plugin-path /Applications/Xcode-26.4.app/Contents/Developer/Toolchains/XcodeDefault.xctoolchain/usr/lib/swift/host/plugins/testing -enable-experimental-feature DebugDescriptionMacro -sdk /Applications/Xcode-26.4.app/Contents/Developer/Platforms/iPhoneOS.platform/Developer/SDKs/iPhoneOS26.4.sdk -target arm64-apple-ios18.0 -g -module-cache-path /Users/builder/clone/build/ModuleCache.noindex -Xfrontend -serialize-debugging-options -swift-version 6 -I /Users/builder/clone/build/Build/Products/Release-iphoneos -Isystem /Applications/Xcode-26.4.app/Contents/Developer/Platforms/iPhoneOS.platform/Developer/usr/lib -F /Users/builder/clone/build/Build/Products/Release-iphoneos/PackageFrameworks -F /Users/builder/clone/build/Build/Products/Release-iphoneos/PackageFrameworks -F /Users/builder/clone/build/Build/Products/Release-iphoneos/PackageFrameworks -F /Users/builder/clone/build/Build/Products/Release-iphoneos/PackageFrameworks -F /Users/builder/clone/build/Build/Products/Release-iphoneos/PackageFrameworks -F /Users/builder/clone/build/Build/Products/Release-iphoneos -F /Applications/Xcode-26.4.app/Contents/Developer/Platforms/iPhoneOS.platform/Developer/Library/Frameworks -F /Applications/Xcode-26.4.app/Contents/Developer/Platforms/iPhoneOS.platform/Developer/SDKs/iPhoneOS26.4.sdk/Developer/Library/Frameworks -emit-localized-strings -emit-localized-strings-path /Users/builder/clone/build/Build/Intermediates.noindex/Env.build/Release-iphoneos/Env.build/Objects-normal/arm64 -c -num-threads 3 -Xcc -ivfsstatcache -Xcc /Users/builder/clone/build/SDKStatCaches.noindex/iphoneos26.4-23E252-dc38477e7e47e42951976ad86cc01fb3.sdkstatcache -output-file-map /Users/builder/clone/build/Build/Intermediates.noindex/Env.build/Release-iphoneos/Env.build/Objects-normal/arm64/Env-OutputFileMap.json -use-frontend-parseable-output -save-temps -no-color-diagnostics -explicit-module-build -module-cache-path /Users/builder/clone/build/Build/Intermediates.noindex/SwiftExplicitPrecompiledModules -clang-scanner-module-cache-path /Users/builder/clone/build/ModuleCache.noindex -sdk-module-cache-path /Users/builder/clone/build/ModuleCache.noindex -serialize-diagnostics -emit-dependencies -emit-module -emit-module-path /Users/builder/clone/build/Build/Intermediates.noindex/Env.build/Release-iphoneos/Env.build/Objects-normal/arm64/Env.swiftmodule -validate-clang-modules-once -clang-build-session-file /Users/builder/clone/build/ModuleCache.noindex/Session.modulevalidation -package-name env -Xcc -I/Users/builder/clone/build/Build/Intermediates.noindex/Env.build/Release-iphoneos/Env.build/swift-overrides.hmap -emit-const-values -Xfrontend -const-gather-protocols-file -Xfrontend /Users/builder/clone/build/Build/Intermediates.noindex/Env.build/Release-iphoneos/Env.build/Objects-normal/arm64/Env_const_extract_protocols.json -Xcc -I/Users/builder/clone/build/Build/Products/Release-iphoneos/include -Xcc -I/Users/builder/clone/build/Build/Intermediates.noindex/Env.build/Release-iphoneos/Env.build/DerivedSources-normal/arm64 -Xcc -I/Users/builder/clone/build/Build/Intermediates.noindex/Env.build/Release-iphoneos/Env.build/DerivedSources/arm64 -Xcc -I/Users/builder/clone/build/Build/Intermediates.noindex/Env.build/Release-iphoneos/Env.build/DerivedSources -Xcc -DSWIFT_PACKAGE -emit-objc-header -emit-objc-header-path /Users/builder/clone/build/Build/Intermediates.noindex/Env.build/Release-iphoneos/Env.build/Objects-normal/arm64/Env-Swift.h -working-directory /Users/builder/clone/IceCubesApp.xcodeproj -no-emit-module-separately-wmo\n\nSwiftExplicitDependencyGeneratePcm arm64 /Users/builder/clone/build/ModuleCache.noindex/CoreHaptics-ARFABVWACCA02LKJYITGZU9Q7.pcm\n\nSwiftExplicitDependencyGeneratePcm arm64 /Users/builder/clone/build/ModuleCache.noindex/ExtensionKit-3DVMFT4SL8PNTPMUW6ZAYM1XF.pcm\n\nSwiftExplicitDependencyGeneratePcm arm64 /Users/builder/clone/build/ModuleCache.noindex/BackgroundAssets-4L8K9PCT7QBMOCIQYS3DDT95B.pcm\n\nSwiftExplicitDependencyGeneratePcm arm64 /Users/builder/clone/build/ModuleCache.noindex/PDFKit-BN30FIC0YEG34Y5KRXG4V3ZI4.pcm\n\nSwiftExplicitDependencyGeneratePcm arm64 /Users/builder/clone/build/ModuleCache.noindex/QuickLookThumbnailing-DD1AR46MBQ64RIZ3WINDIXQYV.pcm\n\nSwiftExplicitDependencyGeneratePcm arm64 /Users/builder/clone/build/ModuleCache.noindex/StoreKit-7IHRTN3TY9UL6WEWDLRXTWAU5.pcm\n\nSwiftExplicitDependencyGeneratePcm arm64 /Users/builder/clone/build/ModuleCache.noindex/CommonCrypto-4XT2IR46ZZ2W7K1LTMEYXK19S.pcm\n\nSwiftExplicitDependencyGeneratePcm arm64 /Users/builder/clone/build/ModuleCache.noindex/Translation-7HT51FRM4MBYMLZ7TQTZSGIR3.pcm\n\nSwiftExplicitDependencyGeneratePcm arm64 /Users/builder/clone/build/ModuleCache.noindex/QuickLook-2CWX0NQJOC3OTFB3E654QFI2A.pcm\n\nExtractAppIntentsMetadata (in target 'NetworkClient' from project 'NetworkClient')\n    cd /Users/builder/clone/Packages/NetworkClient\n    /Applications/Xcode-26.4.app/Contents/Developer/Toolchains/XcodeDefault.xctoolchain/usr/bin/appintentsmetadataprocessor --toolchain-dir /Applications/Xcode-26.4.app/Contents/Developer/Toolchains/XcodeDefault.xctoolchain --module-name NetworkClient --sdk-root /Applications/Xcode-26.4.app/Contents/Developer/Platforms/iPhoneOS.platform/Developer/SDKs/iPhoneOS26.4.sdk --xcode-version 17E202 --platform-family iOS --deployment-target 18.0 --bundle-identifier networkclient.NetworkClient --output /Users/builder/clone/build/Build/Products/Release-iphoneos/NetworkClient.appintents --target-triple arm64-apple-ios18.0 --binary-file /Users/builder/clone/build/Build/Products/Release-iphoneos/NetworkClient.o --dependency-file /Users/builder/clone/build/Build/Intermediates.noindex/NetworkClient.build/Release-iphoneos/NetworkClient.build/Objects-normal/arm64/NetworkClient_dependency_info.dat --stringsdata-file /Users/builder/clone/build/Build/Intermediates.noindex/NetworkClient.build/Release-iphoneos/NetworkClient.build/Objects-normal/arm64/ExtractedAppShortcutsMetadata.stringsdata --source-file-list /Users/builder/clone/build/Build/Intermediates.noindex/NetworkClient.build/Release-iphoneos/NetworkClient.build/Objects-normal/arm64/NetworkClient.SwiftFileList --metadata-file-list /Users/builder/clone/build/Build/Intermediates.noindex/NetworkClient.build/Release-iphoneos/NetworkClient.build/NetworkClient.DependencyMetadataFileList --static-metadata-file-list /Users/builder/clone/build/Build/Intermediates.noindex/NetworkClient.build/Release-iphoneos/NetworkClient.build/NetworkClient.DependencyStaticMetadataFileList --swift-const-vals-list /Users/builder/clone/build/Build/Intermediates.noindex/NetworkClient.build/Release-iphoneos/NetworkClient.build/Objects-normal/arm64/NetworkClient.SwiftConstValuesFileList --force --compile-time-extraction --deployment-aware-processing --validate-assistant-intents --no-app-shortcuts-localization\n2026-09-05 04:20:27.384 appintentsmetadataprocessor[2338:18322] Starting appintentsmetadataprocessor export\n2026-09-05 04:20:27.395 appintentsmetadataprocessor[2338:18322] Extracted no relevant App Intents symbols, skipping writing output\n\nSwiftCompile normal arm64 Compiling\\ CurrentAccount.swift,\\ CurrentInstance.swift,\\ CustomEmojiCache.swift,\\ CustomEnvValues.swift,\\ DeepLUserAPIHandler.swift,\\ Duration.swift,\\ ErrorService.swift,\\ AppStorage.swift,\\ TranslationView.swift,\\ HapticManager.swift,\\ NotificationsName.swift,\\ PollPreferences.swift,\\ PreferredBoostButtonBehavior.swift,\\ PreferredBrowser.swift,\\ PreferredShareButtonBehavior.swift,\\ PreviewEnv.swift,\\ PushNotificationsService.swift,\\ QuickLook.swift,\\ Router.swift,\\ SeenPostsManager.swift,\\ SoundEffectManager.swift,\\ StatusAction.swift,\\ StatusDataController.swift,\\ StatusEmbedCache.swift,\\ StreamWatcher.swift,\\ Telemetry.swift,\\ ToastCenter.swift,\\ TranslationType.swift,\\ UserPreferences.swift /Users/builder/clone/Packages/Env/Sources/Env/CurrentAccount.swift /Users/builder/clone/Packages/Env/Sources/Env/CurrentInstance.swift /Users/builder/clone/Packages/Env/Sources/Env/CustomEmojiCache.swift /Users/builder/clone/Packages/Env/Sources/Env/CustomEnvValues.swift /Users/builder/clone/Packages/Env/Sources/Env/DeepLUserAPIHandler.swift /Users/builder/clone/Packages/Env/Sources/Env/Duration.swift /Users/builder/clone/Packages/Env/Sources/Env/ErrorService.swift /Users/builder/clone/Packages/Env/Sources/Env/Ext/AppStorage.swift /Users/builder/clone/Packages/Env/Sources/Env/Ext/TranslationView.swift /Users/builder/clone/Packages/Env/Sources/Env/HapticManager.swift /Users/builder/clone/Packages/Env/Sources/Env/NotificationsName.swift /Users/builder/clone/Packages/Env/Sources/Env/PollPreferences.swift /Users/builder/clone/Packages/Env/Sources/Env/PreferredBoostButtonBehavior.swift /Users/builder/clone/Packages/Env/Sources/Env/PreferredBrowser.swift /Users/builder/clone/Packages/Env/Sources/Env/PreferredShareButtonBehavior.swift /Users/builder/clone/Packages/Env/Sources/Env/PreviewEnv.swift /Users/builder/clone/Packages/Env/Sources/Env/PushNotificationsService.swift /Users/builder/clone/Packages/Env/Sources/Env/QuickLook.swift /Users/builder/clone/Packages/Env/Sources/Env/Router.swift /Users/builder/clone/Packages/Env/Sources/Env/SeenPostsManager.swift /Users/builder/clone/Packages/Env/Sources/Env/SoundEffectManager.swift /Users/builder/clone/Packages/Env/Sources/Env/StatusAction.swift /Users/builder/clone/Packages/Env/Sources/Env/StatusDataController.swift /Users/builder/clone/Packages/Env/Sources/Env/StatusEmbedCache.swift /Users/builder/clone/Packages/Env/Sources/Env/StreamWatcher.swift /Users/builder/clone/Packages/Env/Sources/Env/Telemetry.swift /Users/builder/clone/Packages/Env/Sources/Env/ToastCenter.swift /Users/builder/clone/Packages/Env/Sources/Env/TranslationType.swift /Users/builder/clone/Packages/Env/Sources/Env/UserPreferences.swift /Users/builder/clone/build/Build/Products/Release-iphoneos/TelemetryDeck.swiftmodule/arm64-apple-ios.swiftmodule /Applications/Xcode-26.4.app/Contents/Developer/Toolchains/XcodeDefault.xctoolchain/usr/lib/swift/iphoneos/prebuilt-modules/26.4/DeveloperToolsSupport.swiftmodule/arm64e-apple-ios.swiftmodule /Applications/Xcode-26.4.app/Contents/Developer/Toolchains/XcodeDefault.xctoolchain/usr/lib/swift/iphoneos/prebuilt-modules/26.4/CoreImage.swiftmodule/arm64e-apple-ios.swiftmodule /Applications/Xcode-26.4.app/Contents/Developer/Toolchains/XcodeDefault.xctoolchain/usr/lib/swift/iphoneos/prebuilt-modules/26.4/LightweightCodeRequirements.swiftmodule/arm64e-apple-ios.swiftmodule /Applications/Xcode-26.4.app/Contents/Developer/Toolchains/XcodeDefault.xctoolchain/usr/lib/swift/iphoneos/prebuilt-modules/26.4/CoreMIDI.swiftmodule/arm64e-apple-ios.swiftmodule /Applications/Xcode-26.4.app/Contents/Developer/Toolchains/XcodeDefault.xctoolchain/usr/lib/swift/iphoneos/prebuilt-modules/26.4/SwiftUICore.swiftmodule/arm64e-apple-ios.swiftmodule /Applications/Xcode-26.4.app/Contents/Developer/Toolchains/XcodeDefault.xctoolchain/usr/lib/swift/iphoneos/prebuilt-modules/26.4/ExtensionFoundation.swiftmodule/arm64e-apple-ios.swiftmodule /Applications/Xcode-26.4.app/Contents/Developer/Toolchains/XcodeDefault.xctoolchain/usr/lib/swift/iphoneos/prebuilt-modules/26.4/UIKit.swiftmodule/arm64e-apple-ios.swiftmodule /Applications/Xcode-26.4.app/Contents/Developer/Toolchains/XcodeDefault.xctoolchain/usr/lib/swift/iphoneos/prebuilt-modules/26.4/OSLog.swiftmodule/arm64e-apple-ios.swiftmodule /Users/builder/clone/build/Build/Products/Release-iphoneos/Models.swiftmodule/arm64-apple-ios.swiftmodule /Applications/Xcode-26.4.app/Contents/Developer/Toolchains/XcodeDefault.xctoolchain/usr/lib/swift/iphoneos/prebuilt-modules/26.4/QuickLook.swiftmodule/arm64e-apple-ios.swiftmodule /Applications/Xcode-26.4.app/Contents/Developer/Toolchains/XcodeDefault.xctoolchain/usr/lib/swift/iphoneos/prebuilt-modules/26.4/Combine.swiftmodule/arm64e-apple-ios.swiftmodule /Applications/Xcode-26.4.app/Contents/Developer/Toolchains/XcodeDefault.xctoolchain/usr/lib/swift/iphoneos/prebuilt-modules/26.4/simd.swiftmodule/arm64e-apple-ios.swiftmodule /Applications/Xcode-26.4.app/Contents/Developer/Toolchains/XcodeDefault.xctoolchain/usr/lib/swift/iphoneos/prebuilt-modules/26.4/_QuickLook_SwiftUI.swiftmodule/arm64e-apple-ios.swiftmodule /Applications/Xcode-26.4.app/Contents/Developer/Toolchains/XcodeDefault.xctoolchain/usr/lib/swift/iphoneos/prebuilt-modules/26.4/ObjectiveC.swiftmodule/arm64e-apple-ios.swiftmodule /Applications/Xcode-26.4.app/Contents/Developer/Toolchains/XcodeDefault.xctoolchain/usr/lib/swift/iphoneos/prebuilt-modules/26.4/Swift.swiftmodule/arm64e-apple-ios.swiftmodule /Applications/Xcode-26.4.app/Contents/Developer/Toolchains/XcodeDefault.xctoolchain/usr/lib/swift/iphoneos/prebuilt-modules/26.4/QuartzCore.swiftmodule/arm64e-apple-ios.swiftmodule /Applications/Xcode-26.4.app/Contents/Developer/Toolchains/XcodeDefault.xctoolchain/usr/lib/swift/iphoneos/prebuilt-modules/26.4/DataDetection.swiftmodule/arm64e-apple-ios.swiftmodule /Applications/Xcode-26.4.app/Contents/Developer/Toolchains/XcodeDefault.xctoolchain/usr/lib/swift/iphoneos/prebuilt-modules/26.4/Dispatch.swiftmodule/arm64e-apple-ios.swiftmodule /Applications/Xcode-26.4.app/Contents/Developer/Toolchains/XcodeDefault.xctoolchain/usr/lib/swift/iphoneos/prebuilt-modules/26.4/CoreData.swiftmodule/arm64e-apple-ios.swiftmodule /Applications/Xcode-26.4.app/Contents/Developer/Toolchains/XcodeDefault.xctoolchain/usr/lib/swift/iphoneos/prebuilt-modules/26.4/TipKit.swiftmodule/arm64e-apple-ios.swiftmodule /Applications/Xcode-26.4.app/Contents/Developer/Toolchains/XcodeDefault.xctoolchain/usr/lib/swift/iphoneos/prebuilt-modules/26.4/Metal.swiftmodule/arm64e-apple-ios.swiftmodule /Applications/Xcode-26.4.app/Contents/Developer/Toolchains/XcodeDefault.xctoolchain/usr/lib/swift/iphoneos/prebuilt-modules/26.4/Translation.swiftmodule/arm64e-apple-ios.swiftmodule /Applications/Xcode-26.4.app/Contents/Developer/Toolchains/XcodeDefault.xctoolchain/usr/lib/swift/iphoneos/prebuilt-modules/26.4/Observation.swiftmodule/arm64e-apple-ios.swiftmodule /Applications/Xcode-26.4.app/Contents/Developer/Toolchains/XcodeDefault.xctoolchain/usr/lib/swift/iphoneos/prebuilt-modules/26.4/_DarwinFoundation2.swiftmodule/arm64e-apple-ios.swiftmodule /Applications/Xcode-26.4.app/Contents/Developer/Toolchains/XcodeDefault.xctoolchain/usr/lib/swift/iphoneos/prebuilt-modules/26.4/QuickLookThumbnailing.swiftmodule/arm64e-apple-ios.swiftmodule /Users/builder/clone/build/Build/Products/Release-iphoneos/KeychainSwift.swiftmodule/arm64-apple-ios.swiftmodule /Applications/Xcode-26.4.app/Contents/Developer/Toolchains/XcodeDefault.xctoolchain/usr/lib/swift/iphoneos/prebuilt-modules/26.4/Synchronization.swiftmodule/arm64e-apple-ios.swiftmodule /Applications/Xcode-26.4.app/Contents/Developer/Toolchains/XcodeDefault.xctoolchain/usr/lib/swift/iphoneos/prebuilt-modules/26.4/Spatial.swiftmodule/arm64e-apple-ios.swiftmodule /Applications/Xcode-26.4.app/Contents/Developer/Toolchains/XcodeDefault.xctoolchain/usr/lib/swift/iphoneos/prebuilt-modules/26.4/UniformTypeIdentifiers.swiftmodule/arm64e-apple-ios.swiftmodule /Applications/Xcode-26.4.app/Contents/Developer/Toolchains/XcodeDefault.xctoolchain/usr/lib/swift/iphoneos/prebuilt-modules/26.4/CoreFoundation.swiftmodule/arm64e-apple-ios.swiftmodule /Applications/Xcode-26.4.app/Contents/Developer/Toolchains/XcodeDefault.xctoolchain/usr/lib/swift/iphoneos/prebuilt-modules/26.4/RegexBuilder.swiftmodule/arm64e-apple-ios.swiftmodule /Applications/Xcode-26.4.app/Contents/Developer/Toolchains/XcodeDefault.xctoolchain/usr/lib/swift/iphoneos/prebuilt-modules/26.4/XPC.swiftmodule/arm64e-apple-ios.swiftmodule /Applications/Xcode-26.4.app/Contents/Developer/Toolchains/XcodeDefault.xctoolchain/usr/lib/swift/iphoneos/prebuilt-modules/26.4/Foundation.swiftmodule/arm64e-apple-ios.swiftmodule /Applications/Xcode-26.4.app/Contents/Developer/Toolchains/XcodeDefault.xctoolchain/usr/lib/swift/iphoneos/prebuilt-modules/26.4/AVFAudio.swiftmodule/arm64e-apple-ios.swiftmodule /Applications/Xcode-26.4.app/Contents/Developer/Toolchains/XcodeDefault.xctoolchain/usr/lib/swift/iphoneos/prebuilt-modules/26.4/_StringProcessing.swiftmodule/arm64e-apple-ios.swiftmodule /Applications/Xcode-26.4.app/Contents/Developer/Toolchains/XcodeDefault.xctoolchain/usr/lib/swift/iphoneos/prebuilt-modules/26.4/CryptoKit.swiftmodule/arm64e-apple-ios.swiftmodule /Applications/Xcode-26.4.app/Contents/Developer/Toolchains/XcodeDefault.xctoolchain/usr/lib/swift/iphoneos/prebuilt-modules/26.4/MediaAccessibility.swiftmodule/arm64e-apple-ios.swiftmodule /Applications/Xcode-26.4.app/Contents/Developer/Toolchains/XcodeDefault.xctoolchain/usr/lib/swift/iphoneos/prebuilt-modules/26.4/AudioToolbox.swiftmodule/arm64e-apple-ios.swiftmodule /Applications/Xcode-26.4.app/Contents/Developer/Toolchains/XcodeDefault.xctoolchain/usr/lib/swift/iphoneos/prebuilt-modules/26.4/ExtensionKit.swiftmodule/arm64e-apple-ios.swiftmodule /Applications/Xcode-26.4.app/Contents/Developer/Toolchains/XcodeDefault.xctoolchain/usr/lib/swift/iphoneos/prebuilt-modules/26.4/Darwin.swiftmodule/arm64e-apple-ios.swiftmodule /Applications/Xcode-26.4.app/Contents/Developer/Toolchains/XcodeDefault.xctoolchain/usr/lib/swift/iphoneos/prebuilt-modules/26.4/StoreKit.swiftmodule/arm64e-apple-ios.swiftmodule /Applications/Xcode-26.4.app/Contents/Developer/Toolchains/XcodeDefault.xctoolchain/usr/lib/swift/iphoneos/prebuilt-modules/26.4/Network.swiftmodule/arm64e-apple-ios.swiftmodule /Applications/Xcode-26.4.app/Contents/Developer/Toolchains/XcodeDefault.xctoolchain/usr/lib/swift/iphoneos/prebuilt-modules/26.4/_SwiftData_SwiftUI.swiftmodule/arm64e-apple-ios.swiftmodule /Applications/Xcode-26.4.app/Contents/Developer/Toolchains/XcodeDefault.xctoolchain/usr/lib/swift/iphoneos/prebuilt-modules/26.4/System.swiftmodule/arm64e-apple-ios.swiftmodule /Applications/Xcode-26.4.app/Contents/Developer/Toolchains/XcodeDefault.xctoolchain/usr/lib/swift/iphoneos/prebuilt-modules/26.4/CoreTransferable.swiftmodule/arm64e-apple-ios.swiftmodule /Applications/Xcode-26.4.app/Contents/Developer/Toolchains/XcodeDefault.xctoolchain/usr/lib/swift/iphoneos/prebuilt-modules/26.4/Accessibility.swiftmodule/arm64e-apple-ios.swiftmodule /Applications/Xcode-26.4.app/Contents/Developer/Toolchains/XcodeDefault.xctoolchain/usr/lib/swift/iphoneos/prebuilt-modules/26.4/CoreGraphics.swiftmodule/arm64e-apple-ios.swiftmodule /Users/builder/clone/build/Build/Products/Release-iphoneos/SwiftSoup.swiftmodule/arm64-apple-ios.swiftmodule /Applications/Xcode-26.4.app/Contents/Developer/Toolchains/XcodeDefault.xctoolchain/usr/lib/swift/iphoneos/prebuilt-modules/26.4/PDFKit.swiftmodule/arm64e-apple-ios.swiftmodule /Applications/Xcode-26.4.app/Contents/Developer/Toolchains/XcodeDefault.xctoolchain/usr/lib/swift/iphoneos/prebuilt-modules/26.4/BackgroundAssets.swiftmodule/arm64e-apple-ios.swiftmodule /Applications/Xcode-26.4.app/Contents/Developer/Toolchains/XcodeDefault.xctoolchain/usr/lib/swift/iphoneos/prebuilt-modules/26.4/FileProvider.swiftmodule/arm64e-apple-ios.swiftmodule /Applications/Xcode-26.4.app/Contents/Developer/Toolchains/XcodeDefault.xctoolchain/usr/lib/swift/iphoneos/prebuilt-modules/26.4/LocalAuthentication.swiftmodule/arm64e-apple-ios.swiftmodule /Applications/Xcode-26.4.app/Contents/Developer/Toolchains/XcodeDefault.xctoolchain/usr/lib/swift/iphoneos/prebuilt-modules/26.4/os.swiftmodule/arm64e-apple-ios.swiftmodule /Applications/Xcode-26.4.app/Contents/Developer/Toolchains/XcodeDefault.xctoolchain/usr/lib/swift/iphoneos/prebuilt-modules/26.4/CoreVideo.swiftmodule/arm64e-apple-ios.swiftmodule /Applications/Xcode-26.4.app/Contents/Developer/Toolchains/XcodeDefault.xctoolchain/usr/lib/swift/iphoneos/prebuilt-modules/26.4/CoreMedia.swiftmodule/arm64e-apple-ios.swiftmodule /Applications/Xcode-26.4.app/Contents/Developer/Toolchains/XcodeDefault.xctoolchain/usr/lib/swift/iphoneos/prebuilt-modules/26.4/_DarwinFoundation3.swiftmodule/arm64e-apple-ios.swiftmodule /Applications/Xcode-26.4.app/Contents/Developer/Toolchains/XcodeDefault.xctoolchain/usr/lib/swift/iphoneos/prebuilt-modules/26.4/SwiftUI.swiftmodule/arm64e-apple-ios.swiftmodule /Applications/Xcode-26.4.app/Contents/Developer/Toolchains/XcodeDefault.xctoolchain/usr/lib/swift/iphoneos/prebuilt-modules/26.4/Symbols.swiftmodule/arm64e-apple-ios.swiftmodule /Applications/Xcode-26.4.app/Contents/Developer/Toolchains/XcodeDefault.xctoolchain/usr/lib/swift/iphoneos/prebuilt-modules/26.4/Distributed.swiftmodule/arm64e-apple-ios.swiftmodule /Applications/Xcode-26.4.app/Contents/Developer/Toolchains/XcodeDefault.xctoolchain/usr/lib/swift/iphoneos/prebuilt-modules/26.4/CoreText.swiftmodule/arm64e-apple-ios.swiftmodule /Applications/Xcode-26.4.app/Contents/Developer/Toolchains/XcodeDefault.xctoolchain/usr/lib/swift/iphoneos/prebuilt-modules/26.4/_Concurrency.swiftmodule/arm64e-apple-ios.swiftmodule /Applications/Xcode-26.4.app/Contents/Developer/Toolchains/XcodeDefault.xctoolchain/usr/lib/swift/iphoneos/prebuilt-modules/26.4/_Builtin_float.swiftmodule/arm64e-apple-ios.swiftmodule /Applications/Xcode-26.4.app/Contents/Developer/Toolchains/XcodeDefault.xctoolchain/usr/lib/swift/iphoneos/prebuilt-modules/26.4/AVKit.swiftmodule/arm64e-apple-ios.swiftmodule /Applications/Xcode-26.4.app/Contents/Developer/Toolchains/XcodeDefault.xctoolchain/usr/lib/swift/iphoneos/prebuilt-modules/26.4/_Translation_SwiftUI.swiftmodule/arm64e-apple-ios.swiftmodule /Users/builder/clone/build/Build/Products/Release-iphoneos/NetworkClient.swiftmodule/arm64-apple-ios.swiftmodule /Applications/Xcode-26.4.app/Contents/Developer/Toolchains/XcodeDefault.xctoolchain/usr/lib/swift/iphoneos/prebuilt-modules/26.4/SwiftData.swiftmodule/arm64e-apple-ios.swiftmodule /Applications/Xcode-26.4.app/Contents/Developer/Toolchains/XcodeDefault.xctoolchain/usr/lib/swift/iphoneos/prebuilt-modules/26.4/CoreAudio.swiftmodule/arm64e-apple-ios.swiftmodule /Applications/Xcode-26.4.app/Contents/Developer/Toolchains/XcodeDefault.xctoolchain/usr/lib/swift/iphoneos/prebuilt-modules/26.4/_DarwinFoundation1.swiftmodule/arm64e-apple-ios.swiftmodule /Applications/Xcode-26.4.app/Contents/Developer/Toolchains/XcodeDefault.xctoolchain/usr/lib/swift/iphoneos/prebuilt-modules/26.4/AVFoundation.swiftmodule/arm64e-apple-ios.swiftmodule /Users/builder/clone/build/ModuleCache.noindex/_SwiftConcurrencyShims-CHQ5P6QLKPZP1WOW5JG11BOT6.pcm /Users/builder/clone/build/ModuleCache.noindex/CoreAudioTypes-4X3LTNJW00ZV5RR46YCJMTV8K.pcm /Users/builder/clone/build/ModuleCache.noindex/SwiftUI-AK1XGHATEPFTJ70AWO7W6AWK9.pcm /Users/builder/clone/build/ModuleCache.noindex/DeveloperToolsSupport-6TKJ89Z9VNTO3LJSI4PGGBY39.pcm /Users/builder/clone/build/ModuleCache.noindex/IOSurface-ESNQSTFGAKOFKL0AHHMLA2M7K.pcm /Users/builder/clone/build/ModuleCache.noindex/_DarwinFoundation3-DQKFTYUE0CHO3ZH6HIURZWJNS.pcm /Users/builder/clone/build/ModuleCache.noindex/SwiftShims-8FO93YKE1WBUL8ZVXE6V0W7TF.pcm /Users/builder/clone/build/ModuleCache.noindex/Translation-7HT51FRM4MBYMLZ7TQTZSGIR3.pcm /Users/builder/clone/build/ModuleCache.noindex/ptrcheck-EOTZRFSYY3Z8DNJPOZG8CPHUK.pcm /Users/builder/clone/build/ModuleCache.noindex/StoreKit-7IHRTN3TY9UL6WEWDLRXTWAU5.pcm /Users/builder/clone/build/ModuleCache.noindex/AVFAudio-EMEC8IQBDSMT9ZPVF08D65G4R.pcm /Users/builder/clone/build/ModuleCache.noindex/Darwin-6RKUUF4EH2R721CA2RMUMBGM.pcm /Users/builder/clone/build/ModuleCache.noindex/ObjectiveC-5B0MBDYIVRE8T5RMG8FSUAJAC.pcm /Users/builder/clone/build/ModuleCache.noindex/SwiftUICore-K6N5BX0PK7EO76ERJVXDY9W5.pcm /Users/builder/clone/build/ModuleCache.noindex/_DarwinFoundation2-5VUBEIZBEOC3ULBJKT8JJE3XM.pcm /Users/builder/clone/build/ModuleCache.noindex/CoreMIDI-ADG2I8M69LFBT9KFXB19H6E99.pcm /Users/builder/clone/build/ModuleCache.noindex/UIKit-EONTKDDW1VYYMIHYDJLTUSBW2.pcm /Users/builder/clone/build/ModuleCache.noindex/AVFoundation-BQY5X336LE6ZWWR1HNSR0RE7J.pcm /Users/builder/clone/build/ModuleCache.noindex/Symbols-4IY2GWUB7DFGPSE124NUDODPN.pcm /Users/builder/clone/build/ModuleCache.noindex/CoreAudio-E4KLR1PCHKJAV1PIVUTEKVVIQ.pcm /Users/builder/clone/build/ModuleCache.noindex/QuickLookThumbnailing-DD1AR46MBQ64RIZ3WINDIXQYV.pcm /Users/builder/clone/build/ModuleCache.noindex/_Builtin_stdint-BY1E7A3YMCKR9BQHIRHXF627F.pcm /Users/builder/clone/build/ModuleCache.noindex/Spatial-7321YNVRFT2NYPGYRS6LO6OB8.pcm /Users/builder/clone/build/ModuleCache.noindex/BackgroundAssets-4L8K9PCT7QBMOCIQYS3DDT95B.pcm /Users/builder/clone/build/ModuleCache.noindex/CoreText-31JI8H8TNAKKRE4OOY1XBI0EE.pcm /Users/builder/clone/build/ModuleCache.noindex/_Builtin_inttypes-BDDTEDMVWUP4QDWT2P9QEWF54.pcm /Users/builder/clone/build/ModuleCache.noindex/ExtensionKit-3DVMFT4SL8PNTPMUW6ZAYM1XF.pcm /Users/builder/clone/build/ModuleCache.noindex/MediaToolbox-2917HOP5DDQAKYY8WSXVPMU8S.pcm /Users/builder/clone/build/ModuleCache.noindex/QuartzCore-82L8I9S4QDPKIBSA5DE1CX6QA.pcm /Users/builder/clone/build/ModuleCache.noindex/CFNetwork-BV2YOXQR3QGCZZC1FYZ35ME6C.pcm /Users/builder/clone/build/ModuleCache.noindex/CoreVideo-CAF6XWOYMNTN9TK6VWLNIH3C5.pcm /Users/builder/clone/build/ModuleCache.noindex/Network-4IMRDGVC8RKD422IRJOYW22FL.pcm /Users/builder/clone/build/ModuleCache.noindex/Security-5WQIKACZXTIZWZ5UPCCB04Z6K.pcm /Users/builder/clone/build/ModuleCache.noindex/ExtensionFoundation-AZLN79YMMB34CT31CBR4JDML5.pcm /Users/builder/clone/build/ModuleCache.noindex/dnssd-A20YF3E8OGAPSTCJV52QV3FTD.pcm /Users/builder/clone/build/ModuleCache.noindex/QuickLook-2CWX0NQJOC3OTFB3E654QFI2A.pcm /Users/builder/clone/build/ModuleCache.noindex/_Builtin_intrinsics-6PL1ODUCDDBVU2XKNN1VZ5ND7.pcm /Users/builder/clone/build/ModuleCache.noindex/sys_types-4YSRAH9YYNB3I66HHQWOQEM6L.pcm /Users/builder/clone/build/ModuleCache.noindex/_Builtin_stdarg-5R2Y5DQ9CCCL9AXNPNWQHLN9D.pcm /Users/builder/clone/build/ModuleCache.noindex/AVRouting-72KFL8EP9SH78APBSZXW4CXTO.pcm /Users/builder/clone/build/ModuleCache.noindex/os_object-5DJUYTWMFLH6P3NXZJKLUNUPU.pcm /Users/builder/clone/build/ModuleCache.noindex/CoreImage-197CZCAPBVBNVFAAM6QMD3OAM.pcm /Users/builder/clone/build/ModuleCache.noindex/Accessibility-3RX97MFHHJGQXOG4G0VI5N8UT.pcm /Users/builder/clone/build/ModuleCache.noindex/ptrauth-6LUUL5WAG7REBSNPZZB05FMLV.pcm /Users/builder/clone/build/ModuleCache.noindex/_Builtin_stdbool-2ILQPNNY1Q1DQQK2TZ9WXC57G.pcm /Users/builder/clone/build/ModuleCache.noindex/_Builtin_stddef-8IK85O58DGRDUMM87197TSPI.pcm /Users/builder/clone/build/ModuleCache.noindex/XPC-83H6M22GN0LJJMP6IVF07J1T3.pcm /Users/builder/clone/build/ModuleCache.noindex/CommonCrypto-4XT2IR46ZZ2W7K1LTMEYXK19S.pcm /Users/builder/clone/build/ModuleCache.noindex/Foundation-8QW824YXXHXXCI7ILXW8ILV1G.pcm /Users/builder/clone/build/ModuleCache.noindex/PDFKit-BN30FIC0YEG34Y5KRXG4V3ZI4.pcm /Users/builder/clone/build/ModuleCache.noindex/_Builtin_float-85JALJ7TDDJVRCDY2BGUERQAS.pcm /Users/builder/clone/build/ModuleCache.noindex/LocalAuthentication-BKFV3ZRCA2YKR4PRSRFJK5PKZ.pcm /Users/builder/clone/build/ModuleCache.noindex/UIUtilities-6JOADBKTSE4NPC88FM5OYVU8P.pcm /Users/builder/clone/build/ModuleCache.noindex/Dispatch-EKXSOI9AGDVEYYTP3JDSKW2W.pcm /Users/builder/clone/build/ModuleCache.noindex/CoreHaptics-ARFABVWACCA02LKJYITGZU9Q7.pcm /Users/builder/clone/build/ModuleCache.noindex/_AvailabilityInternal-DFS0JW4PZLXT848C3VTWTDSUS.pcm /Users/builder/clone/build/ModuleCache.noindex/CoreMedia-R4Z9G714E53P64SLQRI4IG76.pcm /Users/builder/clone/build/ModuleCache.noindex/FileProvider-ES1PGXV7F10JITUURTEVQ4MOF.pcm /Users/builder/clone/build/ModuleCache.noindex/OpenGLES-4WHAPQZ50BKGVGRE57NIPC1Q3.pcm /Users/builder/clone/build/ModuleCache.noindex/DataDetection-QZCUY58ELATMPGLV3YTCHC3Q.pcm /Users/builder/clone/build/ModuleCache.noindex/Metal-API99ACLGVJ0LCOD8H2BFQXJW.pcm /Users/builder/clone/build/ModuleCache.noindex/CoreFoundation-2INE8R3HT0NQOAMD08EAY60NQ.pcm /Users/builder/clone/build/ModuleCache.noindex/CoreData-DNZRGA7JMAH6GG8WDWQ4NGNR2.pcm /Users/builder/clone/build/ModuleCache.noindex/ImageIO-B333V7XDYJWJU9NTF8Y2MV80I.pcm /Users/builder/clone/build/ModuleCache.noindex/UniformTypeIdentifiers-NWOMNHVYXZ1L8FHFL7TN9RLG.pcm /Users/builder/clone/build/ModuleCache.noindex/MediaAccessibility-9O905G1XAO6NY6E1S8YLPOBLD.pcm /Users/builder/clone/build/ModuleCache.noindex/OSLog-4D6PR7NKYEG76TEDB6O79JTT5.pcm /Users/builder/clone/build/ModuleCache.noindex/simd-BSWSXRLML747D1I3MKXIS72QO.pcm /Users/builder/clone/build/ModuleCache.noindex/UserNotifications-7Q0Y5OT179CFY0A1S1OWG7EVS.pcm /Users/builder/clone/build/ModuleCache.noindex/_DarwinFoundation1-BY8IH101M5CDB167KVTIL0C1Z.pcm /Users/builder/clone/build/ModuleCache.noindex/_Builtin_stdatomic-4C4KLUK64YOJ8Y6GZ37Y6UN7C.pcm /Users/builder/clone/build/ModuleCache.noindex/_Builtin_tgmath-5IEHEMEP25RCBXTADL8PLI512.pcm /Users/builder/clone/build/ModuleCache.noindex/AVKit-59ZTBFH8DYC0XNYJ427K3L618.pcm /Users/builder/clone/build/ModuleCache.noindex/MachO-DZMS1HU305V4D7CIKLN8WSEFR.pcm /Users/builder/clone/build/ModuleCache.noindex/os_workgroup-B4SMTMQEDV9ZG1HPU7XWJA5NQ.pcm /Users/builder/clone/build/ModuleCache.noindex/CoreGraphics-BYW19FT7DN8S5UQ65XLAXKIRB.pcm /Users/builder/clone/build/ModuleCache.noindex/CoreTransferable-B5CV2GWW0SLB0OWR5YV68MGYP.pcm /Users/builder/clone/build/ModuleCache.noindex/_Builtin_limits-XHLD784D8WPPZQEXHGFC55BF.pcm /Users/builder/clone/build/ModuleCache.noindex/AudioToolbox-37K6BL3CCSU6MJSBX3FPQ6WJW.pcm /Users/builder/clone/build/ModuleCache.noindex/os-VN4E92RQR7U9PJADXD7BSCO5.pcm /Users/builder/clone/build/Build/Intermediates.noindex/Env.build/Release-iphoneos/Env.build/Objects-normal/arm64/Env-dependencies-1.json (in target 'Env' from project 'Env')\nCompileSwift normal arm64 (in target 'Env' from project 'Env')\n    cd /Users/builder/clone/IceCubesApp.xcodeproj\n    \n\nSwiftDriver IceCubesActionExtension normal arm64 com.apple.xcode.tools.swift.compiler (in target 'IceCubesActionExtension' from project 'IceCubesApp')\n    cd /Users/builder/clone\n    builtin-SwiftDriver -- /Applications/Xcode-26.4.app/Contents/Developer/Toolchains/XcodeDefault.xctoolchain/usr/bin/swiftc -module-name IceCubesActionExtension -O -whole-module-optimization @/Users/builder/clone/build/Build/Intermediates.noindex/IceCubesApp.build/Release-iphoneos/IceCubesActionExtension.build/Objects-normal/arm64/IceCubesActionExtension.SwiftFileList -default-isolation\\=MainActor -enable-upcoming-feature InferIsolatedConformances -enable-upcoming-feature NonisolatedNonsendingByDefault -enable-experimental-feature DebugDescriptionMacro -sdk /Applications/Xcode-26.4.app/Contents/Developer/Platforms/iPhoneOS.platform/Developer/SDKs/iPhoneOS26.4.sdk -target arm64-apple-ios18.5 -g -module-cache-path /Users/builder/clone/build/ModuleCache.noindex -Xfrontend -serialize-debugging-options -application-extension -swift-version 6 -I /Users/builder/clone/build/Build/Products/Release-iphoneos -F /Users/builder/clone/build/Build/Products/Release-iphoneos/PackageFrameworks -F /Users/builder/clone/build/Build/Products/Release-iphoneos/PackageFrameworks -F /Users/builder/clone/build/Build/Products/Release-iphoneos/PackageFrameworks -F /Users/builder/clone/build/Build/Products/Release-iphoneos -emit-localized-strings -emit-localized-strings-path /Users/builder/clone/build/Build/Intermediates.noindex/IceCubesApp.build/Release-iphoneos/IceCubesActionExtension.build/Objects-normal/arm64 -c -num-threads 3 -Xcc -ivfsstatcache -Xcc /Users/builder/clone/build/SDKStatCaches.noindex/iphoneos26.4-23E252-dc38477e7e47e42951976ad86cc01fb3.sdkstatcache -output-file-map /Users/builder/clone/build/Build/Intermediates.noindex/IceCubesApp.build/Release-iphoneos/IceCubesActionExtension.build/Objects-normal/arm64/IceCubesActionExtension-OutputFileMap.json -use-frontend-parseable-output -save-temps -no-color-diagnostics -explicit-module-build -module-cache-path /Users/builder/clone/build/Build/Intermediates.noindex/SwiftExplicitPrecompiledModules -clang-scanner-module-cache-path /Users/builder/clone/build/ModuleCache.noindex -sdk-module-cache-path /Users/builder/clone/build/ModuleCache.noindex -serialize-diagnostics -emit-dependencies -emit-module -emit-module-path /Users/builder/clone/build/Build/Intermediates.noindex/IceCubesApp.build/Release-iphoneos/IceCubesActionExtension.build/Objects-normal/arm64/IceCubesActionExtension.swiftmodule -validate-clang-modules-once -clang-build-session-file /Users/builder/clone/build/ModuleCache.noindex/Session.modulevalidation -Xcc -I/Users/builder/clone/build/Build/Intermediates.noindex/IceCubesApp.build/Release-iphoneos/IceCubesActionExtension.build/swift-overrides.hmap -emit-const-values -Xfrontend -const-gather-protocols-file -Xfrontend /Users/builder/clone/build/Build/Intermediates.noindex/IceCubesApp.build/Release-iphoneos/IceCubesActionExtension.build/Objects-normal/arm64/IceCubesActionExtension_const_extract_protocols.json -Xcc -iquote -Xcc /Users/builder/clone/build/Build/Intermediates.noindex/IceCubesApp.build/Release-iphoneos/IceCubesActionExtension.build/IceCubesActionExtension-generated-files.hmap -Xcc -I/Users/builder/clone/build/Build/Intermediates.noindex/IceCubesApp.build/Release-iphoneos/IceCubesActionExtension.build/IceCubesActionExtension-own-target-headers.hmap -Xcc -I/Users/builder/clone/build/Build/Intermediates.noindex/IceCubesApp.build/Release-iphoneos/IceCubesActionExtension.build/IceCubesActionExtension-all-non-framework-target-headers.hmap -Xcc -ivfsoverlay -Xcc /Users/builder/clone/build/Build/Intermediates.noindex/IceCubesApp.build/Release-iphoneos/IceCubesApp-0bec147ec38eb387bcc21016dc53d315-VFS-iphoneos/all-product-headers.yaml -Xcc -iquote -Xcc /Users/builder/clone/build/Build/Intermediates.noindex/IceCubesApp.build/Release-iphoneos/IceCubesActionExtension.build/IceCubesActionExtension-project-headers.hmap -Xcc -I/Users/builder/clone/build/Build/Products/Release-iphoneos/include -Xcc -I/Users/builder/clone/build/Build/Intermediates.noindex/IceCubesApp.build/Release-iphoneos/IceCubesActionExtension.build/DerivedSources-normal/arm64 -Xcc -I/Users/builder/clone/build/Build/Intermediates.noindex/IceCubesApp.build/Release-iphoneos/IceCubesActionExtension.build/DerivedSources/arm64 -Xcc -I/Users/builder/clone/build/Build/Intermediates.noindex/IceCubesApp.build/Release-iphoneos/IceCubesActionExtension.build/DerivedSources -emit-objc-header -emit-objc-header-path /Users/builder/clone/build/Build/Intermediates.noindex/IceCubesApp.build/Release-iphoneos/IceCubesActionExtension.build/Objects-normal/arm64/IceCubesActionExtension-Swift.h -working-directory /Users/builder/clone -no-emit-module-separately-wmo\n\nSwiftDriver\\ Compilation IceCubesActionExtension normal arm64 com.apple.xcode.tools.swift.compiler (in target 'IceCubesActionExtension' from project 'IceCubesApp')\n    cd /Users/builder/clone\n    builtin-Swift-Compilation -- /Applications/Xcode-26.4.app/Contents/Developer/Toolchains/XcodeDefault.xctoolchain/usr/bin/swiftc -module-name IceCubesActionExtension -O -whole-module-optimization @/Users/builder/clone/build/Build/Intermediates.noindex/IceCubesApp.build/Release-iphoneos/IceCubesActionExtension.build/Objects-normal/arm64/IceCubesActionExtension.SwiftFileList -default-isolation\\=MainActor -enable-upcoming-feature InferIsolatedConformances -enable-upcoming-feature NonisolatedNonsendingByDefault -enable-experimental-feature DebugDescriptionMacro -sdk /Applications/Xcode-26.4.app/Contents/Developer/Platforms/iPhoneOS.platform/Developer/SDKs/iPhoneOS26.4.sdk -target arm64-apple-ios18.5 -g -module-cache-path /Users/builder/clone/build/ModuleCache.noindex -Xfrontend -serialize-debugging-options -application-extension -swift-version 6 -I /Users/builder/clone/build/Build/Products/Release-iphoneos -F /Users/builder/clone/build/Build/Products/Release-iphoneos/PackageFrameworks -F /Users/builder/clone/build/Build/Products/Release-iphoneos/PackageFrameworks -F /Users/builder/clone/build/Build/Products/Release-iphoneos/PackageFrameworks -F /Users/builder/clone/build/Build/Products/Release-iphoneos -emit-localized-strings -emit-localized-strings-path /Users/builder/clone/build/Build/Intermediates.noindex/IceCubesApp.build/Release-iphoneos/IceCubesActionExtension.build/Objects-normal/arm64 -c -num-threads 3 -Xcc -ivfsstatcache -Xcc /Users/builder/clone/build/SDKStatCaches.noindex/iphoneos26.4-23E252-dc38477e7e47e42951976ad86cc01fb3.sdkstatcache -output-file-map /Users/builder/clone/build/Build/Intermediates.noindex/IceCubesApp.build/Release-iphoneos/IceCubesActionExtension.build/Objects-normal/arm64/IceCubesActionExtension-OutputFileMap.json -use-frontend-parseable-output -save-temps -no-color-diagnostics -explicit-module-build -module-cache-path /Users/builder/clone/build/Build/Intermediates.noindex/SwiftExplicitPrecompiledModules -clang-scanner-module-cache-path /Users/builder/clone/build/ModuleCache.noindex -sdk-module-cache-path /Users/builder/clone/build/ModuleCache.noindex -serialize-diagnostics -emit-dependencies -emit-module -emit-module-path /Users/builder/clone/build/Build/Intermediates.noindex/IceCubesApp.build/Release-iphoneos/IceCubesActionExtension.build/Objects-normal/arm64/IceCubesActionExtension.swiftmodule -validate-clang-modules-once -clang-build-session-file /Users/builder/clone/build/ModuleCache.noindex/Session.modulevalidation -Xcc -I/Users/builder/clone/build/Build/Intermediates.noindex/IceCubesApp.build/Release-iphoneos/IceCubesActionExtension.build/swift-overrides.hmap -emit-const-values -Xfrontend -const-gather-protocols-file -Xfrontend /Users/builder/clone/build/Build/Intermediates.noindex/IceCubesApp.build/Release-iphoneos/IceCubesActionExtension.build/Objects-normal/arm64/IceCubesActionExtension_const_extract_protocols.json -Xcc -iquote -Xcc /Users/builder/clone/build/Build/Intermediates.noindex/IceCubesApp.build/Release-iphoneos/IceCubesActionExtension.build/IceCubesActionExtension-generated-files.hmap -Xcc -I/Users/builder/clone/build/Build/Intermediates.noindex/IceCubesApp.build/Release-iphoneos/IceCubesActionExtension.build/IceCubesActionExtension-own-target-headers.hmap -Xcc -I/Users/builder/clone/build/Build/Intermediates.noindex/IceCubesApp.build/Release-iphoneos/IceCubesActionExtension.build/IceCubesActionExtension-all-non-framework-target-headers.hmap -Xcc -ivfsoverlay -Xcc /Users/builder/clone/build/Build/Intermediates.noindex/IceCubesApp.build/Release-iphoneos/IceCubesApp-0bec147ec38eb387bcc21016dc53d315-VFS-iphoneos/all-product-headers.yaml -Xcc -iquote -Xcc /Users/builder/clone/build/Build/Intermediates.noindex/IceCubesApp.build/Release-iphoneos/IceCubesActionExtension.build/IceCubesActionExtension-project-headers.hmap -Xcc -I/Users/builder/clone/build/Build/Products/Release-iphoneos/include -Xcc -I/Users/builder/clone/build/Build/Intermediates.noindex/IceCubesApp.build/Release-iphoneos/IceCubesActionExtension.build/DerivedSources-normal/arm64 -Xcc -I/Users/builder/clone/build/Build/Intermediates.noindex/IceCubesApp.build/Release-iphoneos/IceCubesActionExtension.build/DerivedSources/arm64 -Xcc -I/Users/builder/clone/build/Build/Intermediates.noindex/IceCubesApp.build/Release-iphoneos/IceCubesActionExtension.build/DerivedSources -emit-objc-header -emit-objc-header-path /Users/builder/clone/build/Build/Intermediates.noindex/IceCubesApp.build/Release-iphoneos/IceCubesActionExtension.build/Objects-normal/arm64/IceCubesActionExtension-Swift.h -working-directory /Users/builder/clone -no-emit-module-separately-wmo\n\nSwiftExplicitDependencyGeneratePcm arm64 /Users/builder/clone/build/ModuleCache.noindex/_SwiftConcurrencyShims-C3N93S2XCWPQBDQCO21EKS2VY.pcm\n\nSwiftExplicitDependencyGeneratePcm arm64 /Users/builder/clone/build/ModuleCache.noindex/_AvailabilityInternal-2BOB80MDKPK4VGY50ZRIQJRRU.pcm\n\nSwiftExplicitDependencyGeneratePcm arm64 /Users/builder/clone/build/ModuleCache.noindex/ptrcheck-ANRLA1OQ4XG1T7MR1338QF91A.pcm\n\nSwiftExplicitDependencyGeneratePcm arm64 /Users/builder/clone/build/ModuleCache.noindex/_Builtin_float-3AW6YNBW76AS8FQV01VP6RPCS.pcm\n\nSwiftExplicitDependencyGeneratePcm arm64 /Users/builder/clone/build/ModuleCache.noindex/SwiftShims-E1FZPNE702CAQJ5XVMQDMGNRV.pcm\n\nSwiftExplicitDependencyGeneratePcm arm64 /Users/builder/clone/build/ModuleCache.noindex/_Builtin_stddef-ETXQSPX795487X58V1Y6PEWHG.pcm\n\nSwiftExplicitDependencyGeneratePcm arm64 /Users/builder/clone/build/ModuleCache.noindex/DeveloperToolsSupport-6IRCA7FLKBBXIDD0NPWMEF06G.pcm\n\nSwiftExplicitDependencyGeneratePcm arm64 /Users/builder/clone/build/ModuleCache.noindex/_DarwinFoundation1-1CCLWUK5SGGIMTBFYY2DTS0PR.pcm\n\nSwiftExplicitDependencyGeneratePcm arm64 /Users/builder/clone/build/ModuleCache.noindex/ptrauth-9E1PHIIBD5E7CPL98FCIU7549.pcm\n\nSwiftExplicitDependencyGeneratePcm arm64 /Users/builder/clone/build/ModuleCache.noindex/_Builtin_limits-660R15UY3VAEJCXLABAVQ4GWD.pcm\n\nSwiftExplicitDependencyGeneratePcm arm64 /Users/builder/clone/build/ModuleCache.noindex/_Builtin_stdbool-7JFYI6HN311575K5BAK40CNPH.pcm\n\nSwiftExplicitDependencyGeneratePcm arm64 /Users/builder/clone/build/ModuleCache.noindex/_Builtin_stdarg-97UML6FXA1ZMICXJRRUFBEEZ0.pcm\n\nSwiftExplicitDependencyGeneratePcm arm64 /Users/builder/clone/build/ModuleCache.noindex/_DarwinFoundation2-8HSXUPTGY6QQ2Q18FPE93JUUC.pcm\n\nSwiftExplicitDependencyGeneratePcm arm64 /Users/builder/clone/build/ModuleCache.noindex/_Builtin_tgmath-1VHWLY5E2Q645KUNPSV29UXY2.pcm\n\nSwiftExplicitDependencyGeneratePcm arm64 /Users/builder/clone/build/ModuleCache.noindex/sys_types-APUMQCXT4NAVUPGVXOGT35I37.pcm\n\nSwiftExplicitDependencyGeneratePcm arm64 /Users/builder/clone/build/ModuleCache.noindex/_Builtin_stdint-4D933MW8PCK7XSA5G6L2DVXVU.pcm\n\nSwiftExplicitDependencyGeneratePcm arm64 /Users/builder/clone/build/ModuleCache.noindex/_Builtin_intrinsics-EO4GIZ14SXYPV0JC3ASZ6M8M.pcm\n\nSwiftExplicitDependencyGeneratePcm arm64 /Users/builder/clone/build/ModuleCache.noindex/_DarwinFoundation3-5KDZXDNPCDUQM56ESDV1K4CA6.pcm\n\nSwiftExplicitDependencyGeneratePcm arm64 /Users/builder/clone/build/ModuleCache.noindex/simd-327XU0GHI75HL8OYJ26LYM1DZ.pcm\n\nSwiftExplicitDependencyGeneratePcm arm64 /Users/builder/clone/build/ModuleCache.noindex/_Builtin_inttypes-1XNM3HL8FBSIHEX867556Q3SH.pcm\n\nSwiftExplicitDependencyGeneratePcm arm64 /Users/builder/clone/build/ModuleCache.noindex/Spatial-ERZ4V8VBIZ0C7VJ9FFMO9NMPN.pcm\n\nSwiftExplicitDependencyGeneratePcm arm64 /Users/builder/clone/build/ModuleCache.noindex/Darwin-36VUZJONKAQXVB9HB5Z850DR0.pcm\n\nSwiftExplicitDependencyGeneratePcm arm64 /Users/builder/clone/build/ModuleCache.noindex/_Builtin_stdatomic-14MH62S531QF8OAK6AAFOE8O2.pcm\n\nSwiftExplicitDependencyGeneratePcm arm64 /Users/builder/clone/build/ModuleCache.noindex/ObjectiveC-8UUSPPEGA0MRYIWIBLYBSK1CN.pcm\n\nSwiftExplicitDependencyGeneratePcm arm64 /Users/builder/clone/build/ModuleCache.noindex/MachO-5WDDEOWYF2ZOS3M8VTC842K53.pcm\n\nSwiftExplicitDependencyGeneratePcm arm64 /Users/builder/clone/build/ModuleCache.noindex/os_object-5Y3LTSUV8KF2ZA6WB2WQILZ0W.pcm\n\nSwiftExplicitDependencyGeneratePcm arm64 /Users/builder/clone/build/ModuleCache.noindex/os_workgroup-A2587WQ1I8JTPA1SCMMUXE6N6.pcm\n\nSwiftExplicitDependencyGeneratePcm arm64 /Users/builder/clone/build/ModuleCache.noindex/Dispatch-3CVGIH4UGGL1J0SYKXQU132G1.pcm\n\nSwiftExplicitDependencyGeneratePcm arm64 /Users/builder/clone/build/ModuleCache.noindex/XPC-BB9X3ECHRMF4WIV52GZQ2G699.pcm\n\nSwiftExplicitDependencyGeneratePcm arm64 /Users/builder/clone/build/ModuleCache.noindex/CoreFoundation-51XZIA2R8CC6KBZY29KENMHSE.pcm\n\nSwiftExplicitDependencyGeneratePcm arm64 /Users/builder/clone/build/ModuleCache.noindex/os-7P3BAD6PT3X02VY2529RIX0NI.pcm\n\nSwiftExplicitDependencyGeneratePcm arm64 /Users/builder/clone/build/ModuleCache.noindex/CFNetwork-7ROC7HWYR8RUINW1792DVBLVF.pcm\n\nSwiftExplicitDependencyGeneratePcm arm64 /Users/builder/clone/build/ModuleCache.noindex/CoreServices-8B3V4394BT86SLYX1N6YA6N8M.pcm\n\nSwiftExplicitDependencyGeneratePcm arm64 /Users/builder/clone/build/ModuleCache.noindex/Security-6298J9Z27E44DNVDRWI75ZW0U.pcm\n\nSwiftExplicitDependencyGeneratePcm arm64 /Users/builder/clone/build/ModuleCache.noindex/MobileCoreServices-3QXABDKJ9MCPRI5XN3WHN2PIP.pcm\n\nSwiftExplicitDependencyGeneratePcm arm64 /Users/builder/clone/build/ModuleCache.noindex/Foundation-1VMEU56A5S33G8YI054ROH1F5.pcm\n\nSwiftExplicitDependencyGeneratePcm arm64 /Users/builder/clone/build/ModuleCache.noindex/CoreGraphics-31XIKKL69I2ZNNMQXG2ZV4KCM.pcm\n\nSwiftExplicitDependencyGeneratePcm arm64 /Users/builder/clone/build/ModuleCache.noindex/UniformTypeIdentifiers-5ECU6Q42IG8UEZQ09U1T31NJA.pcm\n\nSwiftExplicitDependencyGeneratePcm arm64 /Users/builder/clone/build/ModuleCache.noindex/IOSurface-COH707BGSB6EYX91N8M0DDJEN.pcm\n\nSwiftExplicitDependencyGeneratePcm arm64 /Users/builder/clone/build/ModuleCache.noindex/FileProvider-BO6K7UWVJZBY60WCLVK1VJA04.pcm\n\nSwiftExplicitDependencyGeneratePcm arm64 /Users/builder/clone/build/ModuleCache.noindex/UIUtilities-4SEPZ7S9GNQSSJBXFU3QIJIUW.pcm\n\nSwiftExplicitDependencyGeneratePcm arm64 /Users/builder/clone/build/ModuleCache.noindex/CoreData-6F8MB5U0AYG7YFL5G3BW0PHY7.pcm\n\nSwiftExplicitDependencyGeneratePcm arm64 /Users/builder/clone/build/ModuleCache.noindex/Accessibility-DH14E94CXLKAU2E694WGBXKWR.pcm\n\nSwiftExplicitDependencyGeneratePcm arm64 /Users/builder/clone/build/ModuleCache.noindex/CoreTransferable-4BIZ3F97NUN02JAPI7LYV8AVL.pcm\n\nSwiftExplicitDependencyGeneratePcm arm64 /Users/builder/clone/build/ModuleCache.noindex/ImageIO-86CF5I3YUJYZ1WZC7G8N1FAIO.pcm\n\nSwiftExplicitDependencyGeneratePcm arm64 /Users/builder/clone/build/ModuleCache.noindex/DataDetection-2VAMNXQBX3AOFYST4WSRTYC4.pcm\n\nSwiftExplicitDependencyGeneratePcm arm64 /Users/builder/clone/build/ModuleCache.noindex/OpenGLES-8ELY4DMXJ5JCQYK7HOWJRJB3H.pcm\n\nSwiftExplicitDependencyGeneratePcm arm64 /Users/builder/clone/build/ModuleCache.noindex/OSLog-1D66S1EFDIU1H2CGOS9J0K898.pcm\n\nSwiftExplicitDependencyGeneratePcm arm64 /Users/builder/clone/build/ModuleCache.noindex/Symbols-4U6I8HCKJ3D0QARP6BVLURVTE.pcm\n\nSwiftExplicitDependencyGeneratePcm arm64 /Users/builder/clone/build/ModuleCache.noindex/CoreText-8GWVLH1UXUCNQY04I4NJCZKS0.pcm\n\nSwiftExplicitDependencyGeneratePcm arm64 /Users/builder/clone/build/ModuleCache.noindex/Metal-BMR8N6HX4RQSSNFDUFUZOTMV5.pcm\n\nSwiftExplicitDependencyGeneratePcm arm64 /Users/builder/clone/build/ModuleCache.noindex/UserNotifications-8DN1LO1AN5LI7E75JLJ2Z7WBX.pcm\n\nSwiftExplicitDependencyGeneratePcm arm64 /Users/builder/clone/build/ModuleCache.noindex/CoreVideo-7A9B1W035NTE4ZU3G93AIBQKY.pcm\n\nSwiftExplicitDependencyGeneratePcm arm64 /Users/builder/clone/build/ModuleCache.noindex/CoreImage-5C9YX0TZDQ9HYWAL568W2CGRL.pcm\n\nSwiftExplicitDependencyGeneratePcm arm64 /Users/builder/clone/build/ModuleCache.noindex/QuartzCore-6UGUV3F3WED9RF18XKR4UMAAS.pcm\n\nRegisterExecutionPolicyException /Users/builder/clone/build/Build/Products/Release-iphoneos/NetworkClient.o (in target 'NetworkClient' from project 'NetworkClient')\n    cd /Users/builder/clone/Packages/NetworkClient\n    builtin-RegisterExecutionPolicyException /Users/builder/clone/build/Build/Products/Release-iphoneos/NetworkClient.o\n\nSwiftExplicitDependencyGeneratePcm arm64 /Users/builder/clone/build/ModuleCache.noindex/SwiftUICore-EZ6DB66D16ENWPU2BWUCQ2GOS.pcm\n\nSwiftExplicitDependencyGeneratePcm arm64 /Users/builder/clone/build/ModuleCache.noindex/UIKit-4YAD9S81T4SU0Q7E3U4ZPN8TM.pcm\n\nLinkAssetCatalog /Users/builder/clone/IceCubesActionExtension/Assets.xcassets (in target 'IceCubesActionExtension' from project 'IceCubesApp')\n    cd /Users/builder/clone\n    builtin-linkAssetCatalog --thinned /Users/builder/clone/build/Build/Intermediates.noindex/IceCubesApp.build/Release-iphoneos/IceCubesActionExtension.build/assetcatalog_output/thinned --thinned-dependencies /Users/builder/clone/build/Build/Intermediates.noindex/IceCubesApp.build/Release-iphoneos/IceCubesActionExtension.build/assetcatalog_dependencies_thinned --thinned-info-plist-content /Users/builder/clone/build/Build/Intermediates.noindex/IceCubesApp.build/Release-iphoneos/IceCubesActionExtension.build/assetcatalog_generated_info.plist_thinned --unthinned /Users/builder/clone/build/Build/Intermediates.noindex/IceCubesApp.build/Release-iphoneos/IceCubesActionExtension.build/assetcatalog_output/unthinned --unthinned-dependencies /Users/builder/clone/build/Build/Intermediates.noindex/IceCubesApp.build/Release-iphoneos/IceCubesActionExtension.build/assetcatalog_dependencies_unthinned --unthinned-info-plist-content /Users/builder/clone/build/Build/Intermediates.noindex/IceCubesApp.build/Release-iphoneos/IceCubesActionExtension.build/assetcatalog_generated_info.plist_unthinned --output /Users/builder/clone/build/Build/Products/Release-iphoneos/IceCubesActionExtension.appex --plist-output /Users/builder/clone/build/Build/Intermediates.noindex/IceCubesApp.build/Release-iphoneos/IceCubesActionExtension.build/assetcatalog_generated_info.plist\nnote: Emplaced /Users/builder/clone/build/Build/Products/Release-iphoneos/IceCubesActionExtension.appex/ActionIcon76x76@2x~ipad.png (in target 'IceCubesActionExtension' from project 'IceCubesApp')\nnote: Emplaced /Users/builder/clone/build/Build/Products/Release-iphoneos/IceCubesActionExtension.appex/Assets.car (in target 'IceCubesActionExtension' from project 'IceCubesApp')\nnote: Emplaced /Users/builder/clone/build/Build/Products/Release-iphoneos/IceCubesActionExtension.appex/ActionIcon60x60@2x.png (in target 'IceCubesActionExtension' from project 'IceCubesApp')\n\nProcessInfoPlistFile /Users/builder/clone/build/Build/Products/Release-iphoneos/IceCubesActionExtension.appex/Info.plist /Users/builder/clone/IceCubesActionExtension/Info.plist (in target 'IceCubesActionExtension' from project 'IceCubesApp')\n    cd /Users/builder/clone\n    builtin-infoPlistUtility /Users/builder/clone/IceCubesActionExtension/Info.plist -producttype com.apple.product-type.app-extension -expandbuildsettings -format binary -platform iphoneos -additionalcontentfile /Users/builder/clone/build/Build/Intermediates.noindex/IceCubesApp.build/Release-iphoneos/IceCubesActionExtension.build/assetcatalog_generated_info.plist -requiredArchitecture arm64 -o /Users/builder/clone/build/Build/Products/Release-iphoneos/IceCubesActionExtension.appex/Info.plist\n\nCpResource /Users/builder/clone/build/Build/Products/Release-iphoneos/IceCubesActionExtension.appex/Action.js /Users/builder/clone/IceCubesActionExtension/Action.js (in target 'IceCubesActionExtension' from project 'IceCubesApp')\n    cd /Users/builder/clone\n    builtin-copy -exclude .DS_Store -exclude CVS -exclude .svn -exclude .git -exclude .hg -resolve-src-symlinks /Users/builder/clone/IceCubesActionExtension/Action.js /Users/builder/clone/build/Build/Products/Release-iphoneos/IceCubesActionExtension.appex\n\nCopyStringsFile /Users/builder/clone/build/Build/Products/Release-iphoneos/IceCubesActionExtension.appex/zh-Hant.lproj/InfoPlist.strings /Users/builder/clone/IceCubesActionExtension/zh-Hant.lproj/InfoPlist.strings (in target 'IceCubesActionExtension' from project 'IceCubesApp')\n    cd /Users/builder/clone\n    builtin-copyStrings --validate --outputencoding binary --outfilename InfoPlist.strings --outdir /Users/builder/clone/build/Build/Products/Release-iphoneos/IceCubesActionExtension.appex/zh-Hant.lproj -- /Users/builder/clone/IceCubesActionExtension/zh-Hant.lproj/InfoPlist.strings\n/Users/builder/clone/IceCubesActionExtension/zh-Hant.lproj/InfoPlist.strings:1:1: note: detected encoding of input file as Unicode (UTF-8) (in target 'IceCubesActionExtension' from project 'IceCubesApp')\n\nCopyStringsFile /Users/builder/clone/build/Build/Products/Release-iphoneos/IceCubesActionExtension.appex/zh-Hans.lproj/InfoPlist.strings /Users/builder/clone/IceCubesActionExtension/zh-Hans.lproj/InfoPlist.strings (in target 'IceCubesActionExtension' from project 'IceCubesApp')\n    cd /Users/builder/clone\n    builtin-copyStrings --validate --outputencoding binary --outfilename InfoPlist.strings --outdir /Users/builder/clone/build/Build/Products/Release-iphoneos/IceCubesActionExtension.appex/zh-Hans.lproj -- /Users/builder/clone/IceCubesActionExtension/zh-Hans.lproj/InfoPlist.strings\n/Users/builder/clone/IceCubesActionExtension/zh-Hans.lproj/InfoPlist.strings:1:1: note: detected encoding of input file as Unicode (UTF-8) (in target 'IceCubesActionExtension' from project 'IceCubesApp')\n\nCopyStringsFile /Users/builder/clone/build/Build/Products/Release-iphoneos/IceCubesActionExtension.appex/uk.lproj/InfoPlist.strings /Users/builder/clone/IceCubesActionExtension/uk.lproj/InfoPlist.strings (in target 'IceCubesActionExtension' from project 'IceCubesApp')\n    cd /Users/builder/clone\n    builtin-copyStrings --validate --outputencoding binary --outfilename InfoPlist.strings --outdir /Users/builder/clone/build/Build/Products/Release-iphoneos/IceCubesActionExtension.appex/uk.lproj -- /Users/builder/clone/IceCubesActionExtension/uk.lproj/InfoPlist.strings\n/Users/builder/clone/IceCubesActionExtension/uk.lproj/InfoPlist.strings:1:1: note: detected encoding of input file as Unicode (UTF-8) (in target 'IceCubesActionExtension' from project 'IceCubesApp')\n\nCopyStringsFile /Users/builder/clone/build/Build/Products/Release-iphoneos/IceCubesActionExtension.appex/pl.lproj/InfoPlist.strings /Users/builder/clone/IceCubesActionExtension/pl.lproj/InfoPlist.strings (in target 'IceCubesActionExtension' from project 'IceCubesApp')\n    cd /Users/builder/clone\n    builtin-copyStrings --validate --outputencoding binary --outfilename InfoPlist.strings --outdir /Users/builder/clone/build/Build/Products/Release-iphoneos/IceCubesActionExtension.appex/pl.lproj -- /Users/builder/clone/IceCubesActionExtension/pl.lproj/InfoPlist.strings\n/Users/builder/clone/IceCubesActionExtension/pl.lproj/InfoPlist.strings:1:1: note: detected encoding of input file as Unicode (UTF-8) (in target 'IceCubesActionExtension' from project 'IceCubesApp')\n\nCopyStringsFile /Users/builder/clone/build/Build/Products/Release-iphoneos/IceCubesActionExtension.appex/nb.lproj/InfoPlist.strings /Users/builder/clone/IceCubesActionExtension/nb.lproj/InfoPlist.strings (in target 'IceCubesActionExtension' from project 'IceCubesApp')\n    cd /Users/builder/clone\n    builtin-copyStrings --validate --outputencoding binary --outfilename InfoPlist.strings --outdir /Users/builder/clone/build/Build/Products/Release-iphoneos/IceCubesActionExtension.appex/nb.lproj -- /Users/builder/clone/IceCubesActionExtension/nb.lproj/InfoPlist.strings\n/Users/builder/clone/IceCubesActionExtension/nb.lproj/InfoPlist.strings:1:1: note: detected encoding of input file as Unicode (UTF-8) (in target 'IceCubesActionExtension' from project 'IceCubesApp')\n\nCopyStringsFile /Users/builder/clone/build/Build/Products/Release-iphoneos/IceCubesActionExtension.appex/ko.lproj/InfoPlist.strings /Users/builder/clone/IceCubesActionExtension/ko.lproj/InfoPlist.strings (in target 'IceCubesActionExtension' from project 'IceCubesApp')\n    cd /Users/builder/clone\n    builtin-copyStrings --validate --outputencoding binary --outfilename InfoPlist.strings --outdir /Users/builder/clone/build/Build/Products/Release-iphoneos/IceCubesActionExtension.appex/ko.lproj -- /Users/builder/clone/IceCubesActionExtension/ko.lproj/InfoPlist.strings\n/Users/builder/clone/IceCubesActionExtension/ko.lproj/InfoPlist.strings:1:1: note: detected encoding of input file as Unicode (UTF-8) (in target 'IceCubesActionExtension' from project 'IceCubesApp')\n\nCopyStringsFile /Users/builder/clone/build/Build/Products/Release-iphoneos/IceCubesActionExtension.appex/eu.lproj/InfoPlist.strings /Users/builder/clone/IceCubesActionExtension/eu.lproj/InfoPlist.strings (in target 'IceCubesActionExtension' from project 'IceCubesApp')\n    cd /Users/builder/clone\n    builtin-copyStrings --validate --outputencoding binary --outfilename InfoPlist.strings --outdir /Users/builder/clone/build/Build/Products/Release-iphoneos/IceCubesActionExtension.appex/eu.lproj -- /Users/builder/clone/IceCubesActionExtension/eu.lproj/InfoPlist.strings\n/Users/builder/clone/IceCubesActionExtension/eu.lproj/InfoPlist.strings:1:1: note: detected encoding of input file as Unicode (UTF-8) (in target 'IceCubesActionExtension' from project 'IceCubesApp')\n\nCopyStringsFile /Users/builder/clone/build/Build/Products/Release-iphoneos/IceCubesActionExtension.appex/es.lproj/InfoPlist.strings /Users/builder/clone/IceCubesActionExtension/es.lproj/InfoPlist.strings (in target 'IceCubesActionExtension' from project 'IceCubesApp')\n    cd /Users/builder/clone\n    builtin-copyStrings --validate --outputencoding binary --outfilename InfoPlist.strings --outdir /Users/builder/clone/build/Build/Products/Release-iphoneos/IceCubesActionExtension.appex/es.lproj -- /Users/builder/clone/IceCubesActionExtension/es.lproj/InfoPlist.strings\n/Users/builder/clone/IceCubesActionExtension/es.lproj/InfoPlist.strings:1:1: note: detected encoding of input file as Unicode (UTF-8) (in target 'IceCubesActionExtension' from project 'IceCubesApp')\n\nCopyStringsFile /Users/builder/clone/build/Build/Products/Release-iphoneos/IceCubesActionExtension.appex/en.lproj/InfoPlist.strings /Users/builder/clone/IceCubesActionExtension/en.lproj/InfoPlist.strings (in target 'IceCubesActionExtension' from project 'IceCubesApp')\n    cd /Users/builder/clone\n    builtin-copyStrings --validate --outputencoding binary --outfilename InfoPlist.strings --outdir /Users/builder/clone/build/Build/Products/Release-iphoneos/IceCubesActionExtension.appex/en.lproj -- /Users/builder/clone/IceCubesActionExtension/en.lproj/InfoPlist.strings\n/Users/builder/clone/IceCubesActionExtension/en.lproj/InfoPlist.strings:1:1: note: detected encoding of input file as Unicode (UTF-8) (in target 'IceCubesActionExtension' from project 'IceCubesApp')\n\nCopyStringsFile /Users/builder/clone/build/Build/Products/Release-iphoneos/IceCubesActionExtension.appex/en-GB.lproj/InfoPlist.strings /Users/builder/clone/IceCubesActionExtension/en-GB.lproj/InfoPlist.strings (in target 'IceCubesActionExtension' from project 'IceCubesApp')\n    cd /Users/builder/clone\n    builtin-copyStrings --validate --outputencoding binary --outfilename InfoPlist.strings --outdir /Users/builder/clone/build/Build/Products/Release-iphoneos/IceCubesActionExtension.appex/en-GB.lproj -- /Users/builder/clone/IceCubesActionExtension/en-GB.lproj/InfoPlist.strings\n/Users/builder/clone/IceCubesActionExtension/en-GB.lproj/InfoPlist.strings:1:1: note: detected encoding of input file as Unicode (UTF-8) (in target 'IceCubesActionExtension' from project 'IceCubesApp')\n\nCopyStringsFile /Users/builder/clone/build/Build/Products/Release-iphoneos/IceCubesActionExtension.appex/ca.lproj/InfoPlist.strings /Users/builder/clone/IceCubesActionExtension/ca.lproj/InfoPlist.strings (in target 'IceCubesActionExtension' from project 'IceCubesApp')\n    cd /Users/builder/clone\n    builtin-copyStrings --validate --outputencoding binary --outfilename InfoPlist.strings --outdir /Users/builder/clone/build/Build/Products/Release-iphoneos/IceCubesActionExtension.appex/ca.lproj -- /Users/builder/clone/IceCubesActionExtension/ca.lproj/InfoPlist.strings\n/Users/builder/clone/IceCubesActionExtension/ca.lproj/InfoPlist.strings:1:1: note: detected encoding of input file as Unicode (UTF-8) (in target 'IceCubesActionExtension' from project 'IceCubesApp')\n\nCopyStringsFile /Users/builder/clone/build/Build/Products/Release-iphoneos/IceCubesActionExtension.appex/be.lproj/InfoPlist.strings /Users/builder/clone/IceCubesActionExtension/be.lproj/InfoPlist.strings (in target 'IceCubesActionExtension' from project 'IceCubesApp')\n    cd /Users/builder/clone\n    builtin-copyStrings --validate --outputencoding binary --outfilename InfoPlist.strings --outdir /Users/builder/clone/build/Build/Products/Release-iphoneos/IceCubesActionExtension.appex/be.lproj -- /Users/builder/clone/IceCubesActionExtension/be.lproj/InfoPlist.strings\n/Users/builder/clone/IceCubesActionExtension/be.lproj/InfoPlist.strings:1:1: note: detected encoding of input file as Unicode (UTF-8) (in target 'IceCubesActionExtension' from project 'IceCubesApp')\n\nSwiftExplicitDependencyGeneratePcm arm64 /Users/builder/clone/build/ModuleCache.noindex/SwiftUI-3ATWBFQF1JE995B3I8B4XNFVV.pcm\n\nSwiftCompile normal arm64 Compiling\\ ActionRequestHandler.swift,\\ GeneratedAssetSymbols.swift /Users/builder/clone/IceCubesActionExtension/ActionRequestHandler.swift /Users/builder/clone/build/Build/Intermediates.noindex/IceCubesApp.build/Release-iphoneos/IceCubesActionExtension.build/DerivedSources/GeneratedAssetSymbols.swift /Applications/Xcode-26.4.app/Contents/Developer/Toolchains/XcodeDefault.xctoolchain/usr/lib/swift/iphoneos/prebuilt-modules/26.4/CoreFoundation.swiftmodule/arm64e-apple-ios.swiftmodule /Applications/Xcode-26.4.app/Contents/Developer/Toolchains/XcodeDefault.xctoolchain/usr/lib/swift/iphoneos/prebuilt-modules/26.4/FileProvider.swiftmodule/arm64e-apple-ios.swiftmodule /Applications/Xcode-26.4.app/Contents/Developer/Toolchains/XcodeDefault.xctoolchain/usr/lib/swift/iphoneos/prebuilt-modules/26.4/CoreText.swiftmodule/arm64e-apple-ios.swiftmodule /Applications/Xcode-26.4.app/Contents/Developer/Toolchains/XcodeDefault.xctoolchain/usr/lib/swift/iphoneos/prebuilt-modules/26.4/DeveloperToolsSupport.swiftmodule/arm64e-apple-ios.swiftmodule /Applications/Xcode-26.4.app/Contents/Developer/Toolchains/XcodeDefault.xctoolchain/usr/lib/swift/iphoneos/prebuilt-modules/26.4/Foundation.swiftmodule/arm64e-apple-ios.swiftmodule /Applications/Xcode-26.4.app/Contents/Developer/Toolchains/XcodeDefault.xctoolchain/usr/lib/swift/iphoneos/prebuilt-modules/26.4/Spatial.swiftmodule/arm64e-apple-ios.swiftmodule /Applications/Xcode-26.4.app/Contents/Developer/Toolchains/XcodeDefault.xctoolchain/usr/lib/swift/iphoneos/prebuilt-modules/26.4/System.swiftmodule/arm64e-apple-ios.swiftmodule /Applications/Xcode-26.4.app/Contents/Developer/Toolchains/XcodeDefault.xctoolchain/usr/lib/swift/iphoneos/prebuilt-modules/26.4/QuartzCore.swiftmodule/arm64e-apple-ios.swiftmodule /Applications/Xcode-26.4.app/Contents/Developer/Toolchains/XcodeDefault.xctoolchain/usr/lib/swift/iphoneos/prebuilt-modules/26.4/Symbols.swiftmodule/arm64e-apple-ios.swiftmodule /Applications/Xcode-26.4.app/Contents/Developer/Toolchains/XcodeDefault.xctoolchain/usr/lib/swift/iphoneos/prebuilt-modules/26.4/_DarwinFoundation3.swiftmodule/arm64e-apple-ios.swiftmodule /Applications/Xcode-26.4.app/Contents/Developer/Toolchains/XcodeDefault.xctoolchain/usr/lib/swift/iphoneos/prebuilt-modules/26.4/CoreImage.swiftmodule/arm64e-apple-ios.swiftmodule /Applications/Xcode-26.4.app/Contents/Developer/Toolchains/XcodeDefault.xctoolchain/usr/lib/swift/iphoneos/prebuilt-modules/26.4/OSLog.swiftmodule/arm64e-apple-ios.swiftmodule /Applications/Xcode-26.4.app/Contents/Developer/Toolchains/XcodeDefault.xctoolchain/usr/lib/swift/iphoneos/prebuilt-modules/26.4/DataDetection.swiftmodule/arm64e-apple-ios.swiftmodule /Applications/Xcode-26.4.app/Contents/Developer/Toolchains/XcodeDefault.xctoolchain/usr/lib/swift/iphoneos/prebuilt-modules/26.4/SwiftData.swiftmodule/arm64e-apple-ios.swiftmodule /Applications/Xcode-26.4.app/Contents/Developer/Toolchains/XcodeDefault.xctoolchain/usr/lib/swift/iphoneos/prebuilt-modules/26.4/_Builtin_float.swiftmodule/arm64e-apple-ios.swiftmodule /Applications/Xcode-26.4.app/Contents/Developer/Toolchains/XcodeDefault.xctoolchain/usr/lib/swift/iphoneos/prebuilt-modules/26.4/os.swiftmodule/arm64e-apple-ios.swiftmodule /Applications/Xcode-26.4.app/Contents/Developer/Toolchains/XcodeDefault.xctoolchain/usr/lib/swift/iphoneos/prebuilt-modules/26.4/_Concurrency.swiftmodule/arm64e-apple-ios.swiftmodule /Applications/Xcode-26.4.app/Contents/Developer/Toolchains/XcodeDefault.xctoolchain/usr/lib/swift/iphoneos/prebuilt-modules/26.4/Darwin.swiftmodule/arm64e-apple-ios.swiftmodule /Applications/Xcode-26.4.app/Contents/Developer/Toolchains/XcodeDefault.xctoolchain/usr/lib/swift/iphoneos/prebuilt-modules/26.4/Swift.swiftmodule/arm64e-apple-ios.swiftmodule /Applications/Xcode-26.4.app/Contents/Developer/Toolchains/XcodeDefault.xctoolchain/usr/lib/swift/iphoneos/prebuilt-modules/26.4/_StringProcessing.swiftmodule/arm64e-apple-ios.swiftmodule /Applications/Xcode-26.4.app/Contents/Developer/Toolchains/XcodeDefault.xctoolchain/usr/lib/swift/iphoneos/prebuilt-modules/26.4/XPC.swiftmodule/arm64e-apple-ios.swiftmodule /Users/builder/clone/build/Build/Products/Release-iphoneos/Models.swiftmodule/arm64-apple-ios.swiftmodule /Applications/Xcode-26.4.app/Contents/Developer/Toolchains/XcodeDefault.xctoolchain/usr/lib/swift/iphoneos/prebuilt-modules/26.4/SwiftUI.swiftmodule/arm64e-apple-ios.swiftmodule /Applications/Xcode-26.4.app/Contents/Developer/Toolchains/XcodeDefault.xctoolchain/usr/lib/swift/iphoneos/prebuilt-modules/26.4/CoreTransferable.swiftmodule/arm64e-apple-ios.swiftmodule /Applications/Xcode-26.4.app/Contents/Developer/Toolchains/XcodeDefault.xctoolchain/usr/lib/swift/iphoneos/prebuilt-modules/26.4/CoreData.swiftmodule/arm64e-apple-ios.swiftmodule /Applications/Xcode-26.4.app/Contents/Developer/Toolchains/XcodeDefault.xctoolchain/usr/lib/swift/iphoneos/prebuilt-modules/26.4/_DarwinFoundation1.swiftmodule/arm64e-apple-ios.swiftmodule /Applications/Xcode-26.4.app/Contents/Developer/Toolchains/XcodeDefault.xctoolchain/usr/lib/swift/iphoneos/prebuilt-modules/26.4/Observation.swiftmodule/arm64e-apple-ios.swiftmodule /Applications/Xcode-26.4.app/Contents/Developer/Toolchains/XcodeDefault.xctoolchain/usr/lib/swift/iphoneos/prebuilt-modules/26.4/simd.swiftmodule/arm64e-apple-ios.swiftmodule /Applications/Xcode-26.4.app/Contents/Developer/Toolchains/XcodeDefault.xctoolchain/usr/lib/swift/iphoneos/prebuilt-modules/26.4/SwiftUICore.swiftmodule/arm64e-apple-ios.swiftmodule /Users/builder/clone/build/Build/Products/Release-iphoneos/SwiftSoup.swiftmodule/arm64-apple-ios.swiftmodule /Applications/Xcode-26.4.app/Contents/Developer/Toolchains/XcodeDefault.xctoolchain/usr/lib/swift/iphoneos/prebuilt-modules/26.4/_DarwinFoundation2.swiftmodule/arm64e-apple-ios.swiftmodule /Users/builder/clone/build/Build/Products/Release-iphoneos/NetworkClient.swiftmodule/arm64-apple-ios.swiftmodule /Applications/Xcode-26.4.app/Contents/Developer/Toolchains/XcodeDefault.xctoolchain/usr/lib/swift/iphoneos/prebuilt-modules/26.4/Metal.swiftmodule/arm64e-apple-ios.swiftmodule /Applications/Xcode-26.4.app/Contents/Developer/Toolchains/XcodeDefault.xctoolchain/usr/lib/swift/iphoneos/prebuilt-modules/26.4/_SwiftData_SwiftUI.swiftmodule/arm64e-apple-ios.swiftmodule /Applications/Xcode-26.4.app/Contents/Developer/Toolchains/XcodeDefault.xctoolchain/usr/lib/swift/iphoneos/prebuilt-modules/26.4/CoreGraphics.swiftmodule/arm64e-apple-ios.swiftmodule /Applications/Xcode-26.4.app/Contents/Developer/Toolchains/XcodeDefault.xctoolchain/usr/lib/swift/iphoneos/prebuilt-modules/26.4/RegexBuilder.swiftmodule/arm64e-apple-ios.swiftmodule /Applications/Xcode-26.4.app/Contents/Developer/Toolchains/XcodeDefault.xctoolchain/usr/lib/swift/iphoneos/prebuilt-modules/26.4/Dispatch.swiftmodule/arm64e-apple-ios.swiftmodule /Applications/Xcode-26.4.app/Contents/Developer/Toolchains/XcodeDefault.xctoolchain/usr/lib/swift/iphoneos/prebuilt-modules/26.4/UniformTypeIdentifiers.swiftmodule/arm64e-apple-ios.swiftmodule /Applications/Xcode-26.4.app/Contents/Developer/Toolchains/XcodeDefault.xctoolchain/usr/lib/swift/iphoneos/prebuilt-modules/26.4/ObjectiveC.swiftmodule/arm64e-apple-ios.swiftmodule /Applications/Xcode-26.4.app/Contents/Developer/Toolchains/XcodeDefault.xctoolchain/usr/lib/swift/iphoneos/prebuilt-modules/26.4/Combine.swiftmodule/arm64e-apple-ios.swiftmodule /Applications/Xcode-26.4.app/Contents/Developer/Toolchains/XcodeDefault.xctoolchain/usr/lib/swift/iphoneos/prebuilt-modules/26.4/UIKit.swiftmodule/arm64e-apple-ios.swiftmodule /Applications/Xcode-26.4.app/Contents/Developer/Toolchains/XcodeDefault.xctoolchain/usr/lib/swift/iphoneos/prebuilt-modules/26.4/CoreVideo.swiftmodule/arm64e-apple-ios.swiftmodule /Applications/Xcode-26.4.app/Contents/Developer/Toolchains/XcodeDefault.xctoolchain/usr/lib/swift/iphoneos/prebuilt-modules/26.4/Accessibility.swiftmodule/arm64e-apple-ios.swiftmodule /Users/builder/clone/build/ModuleCache.noindex/UserNotifications-8DN1LO1AN5LI7E75JLJ2Z7WBX.pcm /Users/builder/clone/build/ModuleCache.noindex/_Builtin_stdbool-7JFYI6HN311575K5BAK40CNPH.pcm /Users/builder/clone/build/ModuleCache.noindex/_DarwinFoundation1-1CCLWUK5SGGIMTBFYY2DTS0PR.pcm /Users/builder/clone/build/ModuleCache.noindex/SwiftUI-3ATWBFQF1JE995B3I8B4XNFVV.pcm /Users/builder/clone/build/ModuleCache.noindex/_Builtin_stddef-ETXQSPX795487X58V1Y6PEWHG.pcm /Users/builder/clone/build/ModuleCache.noindex/CoreServices-8B3V4394BT86SLYX1N6YA6N8M.pcm /Users/builder/clone/build/ModuleCache.noindex/FileProvider-BO6K7UWVJZBY60WCLVK1VJA04.pcm /Users/builder/clone/build/ModuleCache.noindex/SwiftShims-E1FZPNE702CAQJ5XVMQDMGNRV.pcm /Users/builder/clone/build/ModuleCache.noindex/_Builtin_stdatomic-14MH62S531QF8OAK6AAFOE8O2.pcm /Users/builder/clone/build/ModuleCache.noindex/Symbols-4U6I8HCKJ3D0QARP6BVLURVTE.pcm /Users/builder/clone/build/ModuleCache.noindex/MobileCoreServices-3QXABDKJ9MCPRI5XN3WHN2PIP.pcm /Users/builder/clone/build/ModuleCache.noindex/XPC-BB9X3ECHRMF4WIV52GZQ2G699.pcm /Users/builder/clone/build/ModuleCache.noindex/ptrauth-9E1PHIIBD5E7CPL98FCIU7549.pcm /Users/builder/clone/build/ModuleCache.noindex/Dispatch-3CVGIH4UGGL1J0SYKXQU132G1.pcm /Users/builder/clone/build/ModuleCache.noindex/CoreImage-5C9YX0TZDQ9HYWAL568W2CGRL.pcm /Users/builder/clone/build/ModuleCache.noindex/Accessibility-DH14E94CXLKAU2E694WGBXKWR.pcm /Users/builder/clone/build/ModuleCache.noindex/CoreData-6F8MB5U0AYG7YFL5G3BW0PHY7.pcm /Users/builder/clone/build/ModuleCache.noindex/_Builtin_inttypes-1XNM3HL8FBSIHEX867556Q3SH.pcm /Users/builder/clone/build/ModuleCache.noindex/_Builtin_tgmath-1VHWLY5E2Q645KUNPSV29UXY2.pcm /Users/builder/clone/build/ModuleCache.noindex/_DarwinFoundation2-8HSXUPTGY6QQ2Q18FPE93JUUC.pcm /Users/builder/clone/build/ModuleCache.noindex/Metal-BMR8N6HX4RQSSNFDUFUZOTMV5.pcm /Users/builder/clone/build/ModuleCache.noindex/_SwiftConcurrencyShims-C3N93S2XCWPQBDQCO21EKS2VY.pcm /Users/builder/clone/build/ModuleCache.noindex/UIUtilities-4SEPZ7S9GNQSSJBXFU3QIJIUW.pcm /Users/builder/clone/build/ModuleCache.noindex/sys_types-APUMQCXT4NAVUPGVXOGT35I37.pcm /Users/builder/clone/build/ModuleCache.noindex/Security-6298J9Z27E44DNVDRWI75ZW0U.pcm /Users/builder/clone/build/ModuleCache.noindex/CoreFoundation-51XZIA2R8CC6KBZY29KENMHSE.pcm /Users/builder/clone/build/ModuleCache.noindex/ptrcheck-ANRLA1OQ4XG1T7MR1338QF91A.pcm /Users/builder/clone/build/ModuleCache.noindex/os_object-5Y3LTSUV8KF2ZA6WB2WQILZ0W.pcm /Users/builder/clone/build/ModuleCache.noindex/MachO-5WDDEOWYF2ZOS3M8VTC842K53.pcm /Users/builder/clone/build/ModuleCache.noindex/_Builtin_limits-660R15UY3VAEJCXLABAVQ4GWD.pcm /Users/builder/clone/build/ModuleCache.noindex/_Builtin_float-3AW6YNBW76AS8FQV01VP6RPCS.pcm /Users/builder/clone/build/ModuleCache.noindex/Foundation-1VMEU56A5S33G8YI054ROH1F5.pcm /Users/builder/clone/build/ModuleCache.noindex/CoreTransferable-4BIZ3F97NUN02JAPI7LYV8AVL.pcm /Users/builder/clone/build/ModuleCache.noindex/OSLog-1D66S1EFDIU1H2CGOS9J0K898.pcm /Users/builder/clone/build/ModuleCache.noindex/ImageIO-86CF5I3YUJYZ1WZC7G8N1FAIO.pcm /Users/builder/clone/build/ModuleCache.noindex/CoreText-8GWVLH1UXUCNQY04I4NJCZKS0.pcm /Users/builder/clone/build/ModuleCache.noindex/simd-327XU0GHI75HL8OYJ26LYM1DZ.pcm /Users/builder/clone/build/ModuleCache.noindex/_Builtin_intrinsics-EO4GIZ14SXYPV0JC3ASZ6M8M.pcm /Users/builder/clone/build/ModuleCache.noindex/os-7P3BAD6PT3X02VY2529RIX0NI.pcm /Users/builder/clone/build/ModuleCache.noindex/_DarwinFoundation3-5KDZXDNPCDUQM56ESDV1K4CA6.pcm /Users/builder/clone/build/ModuleCache.noindex/CoreVideo-7A9B1W035NTE4ZU3G93AIBQKY.pcm /Users/builder/clone/build/ModuleCache.noindex/CoreGraphics-31XIKKL69I2ZNNMQXG2ZV4KCM.pcm /Users/builder/clone/build/ModuleCache.noindex/IOSurface-COH707BGSB6EYX91N8M0DDJEN.pcm /Users/builder/clone/build/ModuleCache.noindex/QuartzCore-6UGUV3F3WED9RF18XKR4UMAAS.pcm /Users/builder/clone/build/ModuleCache.noindex/os_workgroup-A2587WQ1I8JTPA1SCMMUXE6N6.pcm /Users/builder/clone/build/ModuleCache.noindex/SwiftUICore-EZ6DB66D16ENWPU2BWUCQ2GOS.pcm /Users/builder/clone/build/ModuleCache.noindex/UniformTypeIdentifiers-5ECU6Q42IG8UEZQ09U1T31NJA.pcm /Users/builder/clone/build/ModuleCache.noindex/UIKit-4YAD9S81T4SU0Q7E3U4ZPN8TM.pcm /Users/builder/clone/build/ModuleCache.noindex/DataDetection-2VAMNXQBX3AOFYST4WSRTYC4.pcm /Users/builder/clone/build/ModuleCache.noindex/DeveloperToolsSupport-6IRCA7FLKBBXIDD0NPWMEF06G.pcm /Users/builder/clone/build/ModuleCache.noindex/Spatial-ERZ4V8VBIZ0C7VJ9FFMO9NMPN.pcm /Users/builder/clone/build/ModuleCache.noindex/ObjectiveC-8UUSPPEGA0MRYIWIBLYBSK1CN.pcm /Users/builder/clone/build/ModuleCache.noindex/_Builtin_stdarg-97UML6FXA1ZMICXJRRUFBEEZ0.pcm /Users/builder/clone/build/ModuleCache.noindex/Darwin-36VUZJONKAQXVB9HB5Z850DR0.pcm /Users/builder/clone/build/ModuleCache.noindex/OpenGLES-8ELY4DMXJ5JCQYK7HOWJRJB3H.pcm /Users/builder/clone/build/ModuleCache.noindex/CFNetwork-7ROC7HWYR8RUINW1792DVBLVF.pcm /Users/builder/clone/build/ModuleCache.noindex/_Builtin_stdint-4D933MW8PCK7XSA5G6L2DVXVU.pcm /Users/builder/clone/build/ModuleCache.noindex/_AvailabilityInternal-2BOB80MDKPK4VGY50ZRIQJRRU.pcm /Users/builder/clone/build/Build/Intermediates.noindex/IceCubesApp.build/Release-iphoneos/IceCubesActionExtension.build/Objects-normal/arm64/IceCubesActionExtension-dependencies-1.json (in target 'IceCubesActionExtension' from project 'IceCubesApp')\n\nCompileSwift normal arm64 (in target 'IceCubesActionExtension' from project 'IceCubesApp')\n    cd /Users/builder/clone\n    \n\nSwiftDriverJobDiscovery normal arm64 Compiling ActionRequestHandler.swift, GeneratedAssetSymbols.swift (in target 'IceCubesActionExtension' from project 'IceCubesApp')\n\nSwiftDriver\\ Compilation\\ Requirements IceCubesActionExtension normal arm64 com.apple.xcode.tools.swift.compiler (in target 'IceCubesActionExtension' from project 'IceCubesApp')\n    cd /Users/builder/clone\n    builtin-Swift-Compilation-Requirements -- /Applications/Xcode-26.4.app/Contents/Developer/Toolchains/XcodeDefault.xctoolchain/usr/bin/swiftc -module-name IceCubesActionExtension -O -whole-module-optimization @/Users/builder/clone/build/Build/Intermediates.noindex/IceCubesApp.build/Release-iphoneos/IceCubesActionExtension.build/Objects-normal/arm64/IceCubesActionExtension.SwiftFileList -default-isolation\\=MainActor -enable-upcoming-feature InferIsolatedConformances -enable-upcoming-feature NonisolatedNonsendingByDefault -enable-experimental-feature DebugDescriptionMacro -sdk /Applications/Xcode-26.4.app/Contents/Developer/Platforms/iPhoneOS.platform/Developer/SDKs/iPhoneOS26.4.sdk -target arm64-apple-ios18.5 -g -module-cache-path /Users/builder/clone/build/ModuleCache.noindex -Xfrontend -serialize-debugging-options -application-extension -swift-version 6 -I /Users/builder/clone/build/Build/Products/Release-iphoneos -F /Users/builder/clone/build/Build/Products/Release-iphoneos/PackageFrameworks -F /Users/builder/clone/build/Build/Products/Release-iphoneos/PackageFrameworks -F /Users/builder/clone/build/Build/Products/Release-iphoneos/PackageFrameworks -F /Users/builder/clone/build/Build/Products/Release-iphoneos -emit-localized-strings -emit-localized-strings-path /Users/builder/clone/build/Build/Intermediates.noindex/IceCubesApp.build/Release-iphoneos/IceCubesActionExtension.build/Objects-normal/arm64 -c -num-threads 3 -Xcc -ivfsstatcache -Xcc /Users/builder/clone/build/SDKStatCaches.noindex/iphoneos26.4-23E252-dc38477e7e47e42951976ad86cc01fb3.sdkstatcache -output-file-map /Users/builder/clone/build/Build/Intermediates.noindex/IceCubesApp.build/Release-iphoneos/IceCubesActionExtension.build/Objects-normal/arm64/IceCubesActionExtension-OutputFileMap.json -use-frontend-parseable-output -save-temps -no-color-diagnostics -explicit-module-build -module-cache-path /Users/builder/clone/build/Build/Intermediates.noindex/SwiftExplicitPrecompiledModules -clang-scanner-module-cache-path /Users/builder/clone/build/ModuleCache.noindex -sdk-module-cache-path /Users/builder/clone/build/ModuleCache.noindex -serialize-diagnostics -emit-dependencies -emit-module -emit-module-path /Users/builder/clone/build/Build/Intermediates.noindex/IceCubesApp.build/Release-iphoneos/IceCubesActionExtension.build/Objects-normal/arm64/IceCubesActionExtension.swiftmodule -validate-clang-modules-once -clang-build-session-file /Users/builder/clone/build/ModuleCache.noindex/Session.modulevalidation -Xcc -I/Users/builder/clone/build/Build/Intermediates.noindex/IceCubesApp.build/Release-iphoneos/IceCubesActionExtension.build/swift-overrides.hmap -emit-const-values -Xfrontend -const-gather-protocols-file -Xfrontend /Users/builder/clone/build/Build/Intermediates.noindex/IceCubesApp.build/Release-iphoneos/IceCubesActionExtension.build/Objects-normal/arm64/IceCubesActionExtension_const_extract_protocols.json -Xcc -iquote -Xcc /Users/builder/clone/build/Build/Intermediates.noindex/IceCubesApp.build/Release-iphoneos/IceCubesActionExtension.build/IceCubesActionExtension-generated-files.hmap -Xcc -I/Users/builder/clone/build/Build/Intermediates.noindex/IceCubesApp.build/Release-iphoneos/IceCubesActionExtension.build/IceCubesActionExtension-own-target-headers.hmap -Xcc -I/Users/builder/clone/build/Build/Intermediates.noindex/IceCubesApp.build/Release-iphoneos/IceCubesActionExtension.build/IceCubesActionExtension-all-non-framework-target-headers.hmap -Xcc -ivfsoverlay -Xcc /Users/builder/clone/build/Build/Intermediates.noindex/IceCubesApp.build/Release-iphoneos/IceCubesApp-0bec147ec38eb387bcc21016dc53d315-VFS-iphoneos/all-product-headers.yaml -Xcc -iquote -Xcc /Users/builder/clone/build/Build/Intermediates.noindex/IceCubesApp.build/Release-iphoneos/IceCubesActionExtension.build/IceCubesActionExtension-project-headers.hmap -Xcc -I/Users/builder/clone/build/Build/Products/Release-iphoneos/include -Xcc -I/Users/builder/clone/build/Build/Intermediates.noindex/IceCubesApp.build/Release-iphoneos/IceCubesActionExtension.build/DerivedSources-normal/arm64 -Xcc -I/Users/builder/clone/build/Build/Intermediates.noindex/IceCubesApp.build/Release-iphoneos/IceCubesActionExtension.build/DerivedSources/arm64 -Xcc -I/Users/builder/clone/build/Build/Intermediates.noindex/IceCubesApp.build/Release-iphoneos/IceCubesActionExtension.build/DerivedSources -emit-objc-header -emit-objc-header-path /Users/builder/clone/build/Build/Intermediates.noindex/IceCubesApp.build/Release-iphoneos/IceCubesActionExtension.build/Objects-normal/arm64/IceCubesActionExtension-Swift.h -working-directory /Users/builder/clone -no-emit-module-separately-wmo\n\nSwiftMergeGeneratedHeaders /Users/builder/clone/build/Build/Intermediates.noindex/IceCubesApp.build/Release-iphoneos/IceCubesActionExtension.build/DerivedSources/IceCubesActionExtension-Swift.h /Users/builder/clone/build/Build/Intermediates.noindex/IceCubesApp.build/Release-iphoneos/IceCubesActionExtension.build/Objects-normal/arm64/IceCubesActionExtension-Swift.h (in target 'IceCubesActionExtension' from project 'IceCubesApp')\n    cd /Users/builder/clone\n    builtin-swiftHeaderTool -arch arm64 /Users/builder/clone/build/Build/Intermediates.noindex/IceCubesApp.build/Release-iphoneos/IceCubesActionExtension.build/Objects-normal/arm64/IceCubesActionExtension-Swift.h -o /Users/builder/clone/build/Build/Intermediates.noindex/IceCubesApp.build/Release-iphoneos/IceCubesActionExtension.build/DerivedSources/IceCubesActionExtension-Swift.h\n\nCopy /Users/builder/clone/build/Build/Products/Release-iphoneos/IceCubesActionExtension.swiftmodule/arm64-apple-ios.swiftmodule /Users/builder/clone/build/Build/Intermediates.noindex/IceCubesApp.build/Release-iphoneos/IceCubesActionExtension.build/Objects-normal/arm64/IceCubesActionExtension.swiftmodule (in target 'IceCubesActionExtension' from project 'IceCubesApp')\n    cd /Users/builder/clone\n    builtin-copy -exclude .DS_Store -exclude CVS -exclude .svn -exclude .git -exclude .hg -resolve-src-symlinks -rename /Users/builder/clone/build/Build/Intermediates.noindex/IceCubesApp.build/Release-iphoneos/IceCubesActionExtension.build/Objects-normal/arm64/IceCubesActionExtension.swiftmodule /Users/builder/clone/build/Build/Products/Release-iphoneos/IceCubesActionExtension.swiftmodule/arm64-apple-ios.swiftmodule\n\nCopy /Users/builder/clone/build/Build/Products/Release-iphoneos/IceCubesActionExtension.swiftmodule/arm64-apple-ios.swiftdoc /Users/builder/clone/build/Build/Intermediates.noindex/IceCubesApp.build/Release-iphoneos/IceCubesActionExtension.build/Objects-normal/arm64/IceCubesActionExtension.swiftdoc (in target 'IceCubesActionExtension' from project 'IceCubesApp')\n    cd /Users/builder/clone\n    builtin-copy -exclude .DS_Store -exclude CVS -exclude .svn -exclude .git -exclude .hg -resolve-src-symlinks -rename /Users/builder/clone/build/Build/Intermediates.noindex/IceCubesApp.build/Release-iphoneos/IceCubesActionExtension.build/Objects-normal/arm64/IceCubesActionExtension.swiftdoc /Users/builder/clone/build/Build/Products/Release-iphoneos/IceCubesActionExtension.swiftmodule/arm64-apple-ios.swiftdoc\n\nCopy /Users/builder/clone/build/Build/Products/Release-iphoneos/IceCubesActionExtension.swiftmodule/arm64-apple-ios.abi.json /Users/builder/clone/build/Build/Intermediates.noindex/IceCubesApp.build/Release-iphoneos/IceCubesActionExtension.build/Objects-normal/arm64/IceCubesActionExtension.abi.json (in target 'IceCubesActionExtension' from project 'IceCubesApp')\n    cd /Users/builder/clone\n    builtin-copy -exclude .DS_Store -exclude CVS -exclude .svn -exclude .git -exclude .hg -resolve-src-symlinks -rename /Users/builder/clone/build/Build/Intermediates.noindex/IceCubesApp.build/Release-iphoneos/IceCubesActionExtension.build/Objects-normal/arm64/IceCubesActionExtension.abi.json /Users/builder/clone/build/Build/Products/Release-iphoneos/IceCubesActionExtension.swiftmodule/arm64-apple-ios.abi.json\n\nCopy /Users/builder/clone/build/Build/Products/Release-iphoneos/IceCubesActionExtension.swiftmodule/Project/arm64-apple-ios.swiftsourceinfo /Users/builder/clone/build/Build/Intermediates.noindex/IceCubesApp.build/Release-iphoneos/IceCubesActionExtension.build/Objects-normal/arm64/IceCubesActionExtension.swiftsourceinfo (in target 'IceCubesActionExtension' from project 'IceCubesApp')\n    cd /Users/builder/clone\n    builtin-copy -exclude .DS_Store -exclude CVS -exclude .svn -exclude .git -exclude .hg -resolve-src-symlinks -rename /Users/builder/clone/build/Build/Intermediates.noindex/IceCubesApp.build/Release-iphoneos/IceCubesActionExtension.build/Objects-normal/arm64/IceCubesActionExtension.swiftsourceinfo /Users/builder/clone/build/Build/Products/Release-iphoneos/IceCubesActionExtension.swiftmodule/Project/arm64-apple-ios.swiftsourceinfo\n\nLd /Users/builder/clone/build/Build/Products/Release-iphoneos/IceCubesActionExtension.appex/IceCubesActionExtension normal (in target 'IceCubesActionExtension' from project 'IceCubesApp')\n    cd /Users/builder/clone\n    /Applications/Xcode-26.4.app/Contents/Developer/Toolchains/XcodeDefault.xctoolchain/usr/bin/clang -Xlinker -reproducible -target arm64-apple-ios18.5 -isysroot /Applications/Xcode-26.4.app/Contents/Developer/Platforms/iPhoneOS.platform/Developer/SDKs/iPhoneOS26.4.sdk -Os -L/Users/builder/clone/build/Build/Intermediates.noindex/EagerLinkingTBDs/Release-iphoneos -L/Users/builder/clone/build/Build/Products/Release-iphoneos -F/Users/builder/clone/build/Build/Intermediates.noindex/EagerLinkingTBDs/Release-iphoneos -F/Users/builder/clone/build/Build/Products/Release-iphoneos/PackageFrameworks -F/Users/builder/clone/build/Build/Products/Release-iphoneos/PackageFrameworks -F/Users/builder/clone/build/Build/Products/Release-iphoneos/PackageFrameworks -F/Users/builder/clone/build/Build/Products/Release-iphoneos -filelist /Users/builder/clone/build/Build/Intermediates.noindex/IceCubesApp.build/Release-iphoneos/IceCubesActionExtension.build/Objects-normal/arm64/IceCubesActionExtension.LinkFileList -Xlinker -rpath -Xlinker /usr/lib/swift -Xlinker -rpath -Xlinker @executable_path/Frameworks -Xlinker -rpath -Xlinker @executable_path/../../Frameworks -Xlinker -dead_strip -Xlinker -object_path_lto -Xlinker /Users/builder/clone/build/Build/Intermediates.noindex/IceCubesApp.build/Release-iphoneos/IceCubesActionExtension.build/Objects-normal/arm64/IceCubesActionExtension_lto.o -Xlinker -dependency_info -Xlinker /Users/builder/clone/build/Build/Intermediates.noindex/IceCubesApp.build/Release-iphoneos/IceCubesActionExtension.build/Objects-normal/arm64/IceCubesActionExtension_dependency_info.dat -e _NSExtensionMain -fapplication-extension -fobjc-link-runtime -L/Applications/Xcode-26.4.app/Contents/Developer/Toolchains/XcodeDefault.xctoolchain/usr/lib/swift/iphoneos -L/usr/lib/swift -Xlinker -add_ast_path -Xlinker /Users/builder/clone/build/Build/Intermediates.noindex/IceCubesApp.build/Release-iphoneos/IceCubesActionExtension.build/Objects-normal/arm64/IceCubesActionExtension.swiftmodule @/Users/builder/clone/build/Build/Intermediates.noindex/IceCubesApp.build/Release-iphoneos/IceCubesActionExtension.build/Objects-normal/arm64/IceCubesActionExtension-linker-args.resp -Wl,-no_warn_duplicate_libraries -Wl,-no_warn_duplicate_libraries -Wl,-no_warn_duplicate_libraries -framework UniformTypeIdentifiers -o /Users/builder/clone/build/Build/Products/Release-iphoneos/IceCubesActionExtension.appex/IceCubesActionExtension -Xlinker -add_ast_path -Xlinker /Users/builder/clone/build/Build/Intermediates.noindex/NetworkClient.build/Release-iphoneos/NetworkClient.build/Objects-normal/arm64/NetworkClient.swiftmodule @/Users/builder/clone/build/Build/Intermediates.noindex/NetworkClient.build/Release-iphoneos/NetworkClient.build/Objects-normal/arm64/NetworkClient-linker-args.resp -Xlinker -add_ast_path -Xlinker /Users/builder/clone/build/Build/Intermediates.noindex/Models.build/Release-iphoneos/Models.build/Objects-normal/arm64/Models.swiftmodule @/Users/builder/clone/build/Build/Intermediates.noindex/Models.build/Release-iphoneos/Models.build/Objects-normal/arm64/Models-linker-args.resp -Xlinker -add_ast_path -Xlinker /Users/builder/clone/build/Build/Intermediates.noindex/SwiftSoup.build/Release-iphoneos/SwiftSoup.build/Objects-normal/arm64/SwiftSoup.swiftmodule @/Users/builder/clone/build/Build/Intermediates.noindex/SwiftSoup.build/Release-iphoneos/SwiftSoup.build/Objects-normal/arm64/SwiftSoup-linker-args.resp\n\nExtractAppIntentsMetadata (in target 'IceCubesActionExtension' from project 'IceCubesApp')\n    cd /Users/builder/clone\n    /Applications/Xcode-26.4.app/Contents/Developer/Toolchains/XcodeDefault.xctoolchain/usr/bin/appintentsmetadataprocessor --toolchain-dir /Applications/Xcode-26.4.app/Contents/Developer/Toolchains/XcodeDefault.xctoolchain --module-name IceCubesActionExtension --sdk-root /Applications/Xcode-26.4.app/Contents/Developer/Platforms/iPhoneOS.platform/Developer/SDKs/iPhoneOS26.4.sdk --xcode-version 17E202 --platform-family iOS --deployment-target 18.5 --bundle-identifier com.thomasricouard.IceCubesApp.IceCubesActionExtension --output /Users/builder/clone/build/Build/Products/Release-iphoneos/IceCubesActionExtension.appex --target-triple arm64-apple-ios18.5 --binary-file /Users/builder/clone/build/Build/Products/Release-iphoneos/IceCubesActionExtension.appex/IceCubesActionExtension --dependency-file /Users/builder/clone/build/Build/Intermediates.noindex/IceCubesApp.build/Release-iphoneos/IceCubesActionExtension.build/Objects-normal/arm64/IceCubesActionExtension_dependency_info.dat --stringsdata-file /Users/builder/clone/build/Build/Intermediates.noindex/IceCubesApp.build/Release-iphoneos/IceCubesActionExtension.build/Objects-normal/arm64/ExtractedAppShortcutsMetadata.stringsdata --source-file-list /Users/builder/clone/build/Build/Intermediates.noindex/IceCubesApp.build/Release-iphoneos/IceCubesActionExtension.build/Objects-normal/arm64/IceCubesActionExtension.SwiftFileList --metadata-file-list /Users/builder/clone/build/Build/Intermediates.noindex/IceCubesApp.build/Release-iphoneos/IceCubesActionExtension.build/IceCubesActionExtension.DependencyMetadataFileList --static-metadata-file-list /Users/builder/clone/build/Build/Intermediates.noindex/IceCubesApp.build/Release-iphoneos/IceCubesActionExtension.build/IceCubesActionExtension.DependencyStaticMetadataFileList --swift-const-vals-list /Users/builder/clone/build/Build/Intermediates.noindex/IceCubesApp.build/Release-iphoneos/IceCubesActionExtension.build/Objects-normal/arm64/IceCubesActionExtension.SwiftConstValuesFileList --compile-time-extraction --deployment-aware-processing --validate-assistant-intents --no-app-shortcuts-localization\n2026-09-05 04:20:38.445 appintentsmetadataprocessor[2406:18610] Starting appintentsmetadataprocessor export\n2026-09-05 04:20:38.447 appintentsmetadataprocessor[2406:18610] warning: Metadata extraction skipped. No AppIntents.framework dependency found.\n\nAppIntentsSSUTraining (in target 'IceCubesActionExtension' from project 'IceCubesApp')\n    cd /Users/builder/clone\n    /Applications/Xcode-26.4.app/Contents/Developer/Toolchains/XcodeDefault.xctoolchain/usr/bin/appintentsnltrainingprocessor --infoplist-path /Users/builder/clone/build/Build/Products/Release-iphoneos/IceCubesActionExtension.appex/Info.plist --temp-dir-path /Users/builder/clone/build/Build/Intermediates.noindex/IceCubesApp.build/Release-iphoneos/IceCubesActionExtension.build/ssu --bundle-id com.thomasricouard.IceCubesApp.IceCubesActionExtension --product-path /Users/builder/clone/build/Build/Products/Release-iphoneos/IceCubesActionExtension.appex --extracted-metadata-path /Users/builder/clone/build/Build/Products/Release-iphoneos/IceCubesActionExtension.appex/Metadata.appintents --metadata-file-list /Users/builder/clone/build/Build/Intermediates.noindex/IceCubesApp.build/Release-iphoneos/IceCubesActionExtension.build/IceCubesActionExtension.DependencyMetadataFileList --source-file /Users/builder/clone/build/Build/Products/Release-iphoneos/IceCubesActionExtension.appex/Info.plist --archive-ssu-assets\n2026-09-05 04:20:38.491 appintentsnltrainingprocessor[2407:18611] Parsing options for appintentsnltrainingprocessor\n2026-09-05 04:20:38.491 appintentsnltrainingprocessor[2407:18611] Starting AppIntents SSU YAML Generation\n2026-09-05 04:20:38.493 appintentsnltrainingprocessor[2407:18611] No AppShortcuts found - Skipping.\n\nRegisterExecutionPolicyException /Users/builder/clone/build/Build/Products/Release-iphoneos/IceCubesActionExtension.appex (in target 'IceCubesActionExtension' from project 'IceCubesApp')\n    cd /Users/builder/clone\n    builtin-RegisterExecutionPolicyException /Users/builder/clone/build/Build/Products/Release-iphoneos/IceCubesActionExtension.appex\n\nTouch /Users/builder/clone/build/Build/Products/Release-iphoneos/IceCubesActionExtension.appex (in target 'IceCubesActionExtension' from project 'IceCubesApp')\n    cd /Users/builder/clone\n    /usr/bin/touch -c /Users/builder/clone/build/Build/Products/Release-iphoneos/IceCubesActionExtension.appex\n\nSwiftDriverJobDiscovery normal arm64 Compiling CurrentAccount.swift, CurrentInstance.swift, CustomEmojiCache.swift, CustomEnvValues.swift, DeepLUserAPIHandler.swift, Duration.swift, ErrorService.swift, AppStorage.swift, TranslationView.swift, HapticManager.swift, NotificationsName.swift, PollPreferences.swift, PreferredBoostButtonBehavior.swift, PreferredBrowser.swift, PreferredShareButtonBehavior.swift, PreviewEnv.swift, PushNotificationsService.swift, QuickLook.swift, Router.swift, SeenPostsManager.swift, SoundEffectManager.swift, StatusAction.swift, StatusDataController.swift, StatusEmbedCache.swift, StreamWatcher.swift, Telemetry.swift, ToastCenter.swift, TranslationType.swift, UserPreferences.swift (in target 'Env' from project 'Env')\n\nSwiftDriver\\ Compilation\\ Requirements Env normal arm64 com.apple.xcode.tools.swift.compiler (in target 'Env' from project 'Env')\n    cd /Users/builder/clone/IceCubesApp.xcodeproj\n    builtin-Swift-Compilation-Requirements -- /Applications/Xcode-26.4.app/Contents/Developer/Toolchains/XcodeDefault.xctoolchain/usr/bin/swiftc -module-name Env -O -whole-module-optimization @/Users/builder/clone/build/Build/Intermediates.noindex/Env.build/Release-iphoneos/Env.build/Objects-normal/arm64/Env.SwiftFileList -DSWIFT_PACKAGE -DSWIFT_MODULE_RESOURCE_BUNDLE_UNAVAILABLE -DXcode -plugin-path /Applications/Xcode-26.4.app/Contents/Developer/Toolchains/XcodeDefault.xctoolchain/usr/lib/swift/host/plugins/testing -enable-experimental-feature DebugDescriptionMacro -sdk /Applications/Xcode-26.4.app/Contents/Developer/Platforms/iPhoneOS.platform/Developer/SDKs/iPhoneOS26.4.sdk -target arm64-apple-ios18.0 -g -module-cache-path /Users/builder/clone/build/ModuleCache.noindex -Xfrontend -serialize-debugging-options -swift-version 6 -I /Users/builder/clone/build/Build/Products/Release-iphoneos -Isystem /Applications/Xcode-26.4.app/Contents/Developer/Platforms/iPhoneOS.platform/Developer/usr/lib -F /Users/builder/clone/build/Build/Products/Release-iphoneos/PackageFrameworks -F /Users/builder/clone/build/Build/Products/Release-iphoneos/PackageFrameworks -F /Users/builder/clone/build/Build/Products/Release-iphoneos/PackageFrameworks -F /Users/builder/clone/build/Build/Products/Release-iphoneos/PackageFrameworks -F /Users/builder/clone/build/Build/Products/Release-iphoneos/PackageFrameworks -F /Users/builder/clone/build/Build/Products/Release-iphoneos -F /Applications/Xcode-26.4.app/Contents/Developer/Platforms/iPhoneOS.platform/Developer/Library/Frameworks -F /Applications/Xcode-26.4.app/Contents/Developer/Platforms/iPhoneOS.platform/Developer/SDKs/iPhoneOS26.4.sdk/Developer/Library/Frameworks -emit-localized-strings -emit-localized-strings-path /Users/builder/clone/build/Build/Intermediates.noindex/Env.build/Release-iphoneos/Env.build/Objects-normal/arm64 -c -num-threads 3 -Xcc -ivfsstatcache -Xcc /Users/builder/clone/build/SDKStatCaches.noindex/iphoneos26.4-23E252-dc38477e7e47e42951976ad86cc01fb3.sdkstatcache -output-file-map /Users/builder/clone/build/Build/Intermediates.noindex/Env.build/Release-iphoneos/Env.build/Objects-normal/arm64/Env-OutputFileMap.json -use-frontend-parseable-output -save-temps -no-color-diagnostics -explicit-module-build -module-cache-path /Users/builder/clone/build/Build/Intermediates.noindex/SwiftExplicitPrecompiledModules -clang-scanner-module-cache-path /Users/builder/clone/build/ModuleCache.noindex -sdk-module-cache-path /Users/builder/clone/build/ModuleCache.noindex -serialize-diagnostics -emit-dependencies -emit-module -emit-module-path /Users/builder/clone/build/Build/Intermediates.noindex/Env.build/Release-iphoneos/Env.build/Objects-normal/arm64/Env.swiftmodule -validate-clang-modules-once -clang-build-session-file /Users/builder/clone/build/ModuleCache.noindex/Session.modulevalidation -package-name env -Xcc -I/Users/builder/clone/build/Build/Intermediates.noindex/Env.build/Release-iphoneos/Env.build/swift-overrides.hmap -emit-const-values -Xfrontend -const-gather-protocols-file -Xfrontend /Users/builder/clone/build/Build/Intermediates.noindex/Env.build/Release-iphoneos/Env.build/Objects-normal/arm64/Env_const_extract_protocols.json -Xcc -I/Users/builder/clone/build/Build/Products/Release-iphoneos/include -Xcc -I/Users/builder/clone/build/Build/Intermediates.noindex/Env.build/Release-iphoneos/Env.build/DerivedSources-normal/arm64 -Xcc -I/Users/builder/clone/build/Build/Intermediates.noindex/Env.build/Release-iphoneos/Env.build/DerivedSources/arm64 -Xcc -I/Users/builder/clone/build/Build/Intermediates.noindex/Env.build/Release-iphoneos/Env.build/DerivedSources -Xcc -DSWIFT_PACKAGE -emit-objc-header -emit-objc-header-path /Users/builder/clone/build/Build/Intermediates.noindex/Env.build/Release-iphoneos/Env.build/Objects-normal/arm64/Env-Swift.h -working-directory /Users/builder/clone/IceCubesApp.xcodeproj -no-emit-module-separately-wmo\n\nSwiftMergeGeneratedHeaders /Users/builder/clone/build/Build/Intermediates.noindex/GeneratedModuleMaps-iphoneos/Env-Swift.h /Users/builder/clone/build/Build/Intermediates.noindex/Env.build/Release-iphoneos/Env.build/Objects-normal/arm64/Env-Swift.h (in target 'Env' from project 'Env')\n    cd /Users/builder/clone/Packages/Env\n    builtin-swiftHeaderTool -arch arm64 /Users/builder/clone/build/Build/Intermediates.noindex/Env.build/Release-iphoneos/Env.build/Objects-normal/arm64/Env-Swift.h -o /Users/builder/clone/build/Build/Intermediates.noindex/GeneratedModuleMaps-iphoneos/Env-Swift.h\n\nCopy /Users/builder/clone/build/Build/Products/Release-iphoneos/Env.swiftmodule/arm64-apple-ios.swiftmodule /Users/builder/clone/build/Build/Intermediates.noindex/Env.build/Release-iphoneos/Env.build/Objects-normal/arm64/Env.swiftmodule (in target 'Env' from project 'Env')\n    cd /Users/builder/clone/Packages/Env\n    builtin-copy -exclude .DS_Store -exclude CVS -exclude .svn -exclude .git -exclude .hg -strip-unsigned-binaries -strip-deterministic -strip-tool /Applications/Xcode-26.4.app/Contents/Developer/Toolchains/XcodeDefault.xctoolchain/usr/bin/strip -resolve-src-symlinks -rename /Users/builder/clone/build/Build/Intermediates.noindex/Env.build/Release-iphoneos/Env.build/Objects-normal/arm64/Env.swiftmodule /Users/builder/clone/build/Build/Products/Release-iphoneos/Env.swiftmodule/arm64-apple-ios.swiftmodule\n\nCopy /Users/builder/clone/build/Build/Products/Release-iphoneos/Env.swiftmodule/arm64-apple-ios.swiftdoc /Users/builder/clone/build/Build/Intermediates.noindex/Env.build/Release-iphoneos/Env.build/Objects-normal/arm64/Env.swiftdoc (in target 'Env' from project 'Env')\n    cd /Users/builder/clone/Packages/Env\n    builtin-copy -exclude .DS_Store -exclude CVS -exclude .svn -exclude .git -exclude .hg -strip-unsigned-binaries -strip-deterministic -strip-tool /Applications/Xcode-26.4.app/Contents/Developer/Toolchains/XcodeDefault.xctoolchain/usr/bin/strip -resolve-src-symlinks -rename /Users/builder/clone/build/Build/Intermediates.noindex/Env.build/Release-iphoneos/Env.build/Objects-normal/arm64/Env.swiftdoc /Users/builder/clone/build/Build/Products/Release-iphoneos/Env.swiftmodule/arm64-apple-ios.swiftdoc\n\nCopy /Users/builder/clone/build/Build/Products/Release-iphoneos/Env.swiftmodule/arm64-apple-ios.abi.json /Users/builder/clone/build/Build/Intermediates.noindex/Env.build/Release-iphoneos/Env.build/Objects-normal/arm64/Env.abi.json (in target 'Env' from project 'Env')\n    cd /Users/builder/clone/Packages/Env\n    builtin-copy -exclude .DS_Store -exclude CVS -exclude .svn -exclude .git -exclude .hg -strip-unsigned-binaries -strip-deterministic -strip-tool /Applications/Xcode-26.4.app/Contents/Developer/Toolchains/XcodeDefault.xctoolchain/usr/bin/strip -resolve-src-symlinks -rename /Users/builder/clone/build/Build/Intermediates.noindex/Env.build/Release-iphoneos/Env.build/Objects-normal/arm64/Env.abi.json /Users/builder/clone/build/Build/Products/Release-iphoneos/Env.swiftmodule/arm64-apple-ios.abi.json\n\nCopy /Users/builder/clone/build/Build/Products/Release-iphoneos/Env.swiftmodule/Project/arm64-apple-ios.swiftsourceinfo /Users/builder/clone/build/Build/Intermediates.noindex/Env.build/Release-iphoneos/Env.build/Objects-normal/arm64/Env.swiftsourceinfo (in target 'Env' from project 'Env')\n    cd /Users/builder/clone/Packages/Env\n    builtin-copy -exclude .DS_Store -exclude CVS -exclude .svn -exclude .git -exclude .hg -strip-unsigned-binaries -strip-deterministic -strip-tool /Applications/Xcode-26.4.app/Contents/Developer/Toolchains/XcodeDefault.xctoolchain/usr/bin/strip -resolve-src-symlinks -rename /Users/builder/clone/build/Build/Intermediates.noindex/Env.build/Release-iphoneos/Env.build/Objects-normal/arm64/Env.swiftsourceinfo /Users/builder/clone/build/Build/Products/Release-iphoneos/Env.swiftmodule/Project/arm64-apple-ios.swiftsourceinfo\n\nLd /Users/builder/clone/build/Build/Products/Release-iphoneos/Env.o normal (in target 'Env' from project 'Env')\n    cd /Users/builder/clone/Packages/Env\n    /Applications/Xcode-26.4.app/Contents/Developer/Toolchains/XcodeDefault.xctoolchain/usr/bin/clang -Xlinker -reproducible -target arm64-apple-ios18.0 -r -isysroot /Applications/Xcode-26.4.app/Contents/Developer/Platforms/iPhoneOS.platform/Developer/SDKs/iPhoneOS26.4.sdk -Os -F/Users/builder/clone/build/Build/Intermediates.noindex/EagerLinkingTBDs/Release-iphoneos -F/Users/builder/clone/build/Build/Products/Release-iphoneos/PackageFrameworks -F/Users/builder/clone/build/Build/Products/Release-iphoneos/PackageFrameworks -F/Users/builder/clone/build/Build/Products/Release-iphoneos/PackageFrameworks -F/Users/builder/clone/build/Build/Products/Release-iphoneos/PackageFrameworks -F/Users/builder/clone/build/Build/Products/Release-iphoneos/PackageFrameworks -F/Users/builder/clone/build/Build/Products/Release-iphoneos -iframework /Applications/Xcode-26.4.app/Contents/Developer/Platforms/iPhoneOS.platform/Developer/Library/Frameworks -iframework /Applications/Xcode-26.4.app/Contents/Developer/Platforms/iPhoneOS.platform/Developer/SDKs/iPhoneOS26.4.sdk/Developer/Library/Frameworks -filelist /Users/builder/clone/build/Build/Intermediates.noindex/Env.build/Release-iphoneos/Env.build/Objects-normal/arm64/Env.LinkFileList -nostdlib -Xlinker -object_path_lto -Xlinker /Users/builder/clone/build/Build/Intermediates.noindex/Env.build/Release-iphoneos/Env.build/Objects-normal/arm64/Env_lto.o -Xlinker -dependency_info -Xlinker /Users/builder/clone/build/Build/Intermediates.noindex/Env.build/Release-iphoneos/Env.build/Objects-normal/arm64/Env_dependency_info.dat -fobjc-link-runtime -L/Applications/Xcode-26.4.app/Contents/Developer/Toolchains/XcodeDefault.xctoolchain/usr/lib/swift/iphoneos -L/usr/lib/swift -Xlinker -add_ast_path -Xlinker /Users/builder/clone/build/Build/Intermediates.noindex/Env.build/Release-iphoneos/Env.build/Objects-normal/arm64/Env.swiftmodule @/Users/builder/clone/build/Build/Intermediates.noindex/Env.build/Release-iphoneos/Env.build/Objects-normal/arm64/Env-linker-args.resp -o /Users/builder/clone/build/Build/Products/Release-iphoneos/Env.o\n\nGenerateAssetSymbols /Users/builder/clone/Packages/DesignSystem/Sources/DesignSystem/Resources/Colors.xcassets (in target 'DesignSystem' from project 'DesignSystem')\n    cd /Users/builder/clone/Packages/DesignSystem\n    /Applications/Xcode-26.4.app/Contents/Developer/usr/bin/actool /Users/builder/clone/Packages/DesignSystem/Sources/DesignSystem/Resources/Colors.xcassets --compile /Users/builder/clone/build/Build/Products/Release-iphoneos --output-format human-readable-text --notices --warnings --export-dependency-info /Users/builder/clone/build/Build/Intermediates.noindex/DesignSystem.build/Release-iphoneos/DesignSystem.build/assetcatalog_dependencies --output-partial-info-plist /Users/builder/clone/build/Build/Intermediates.noindex/DesignSystem.build/Release-iphoneos/DesignSystem.build/assetcatalog_generated_info.plist --compress-pngs --enable-on-demand-resources NO --development-region en --target-device iphone --target-device ipad --minimum-deployment-target 18.0 --platform iphoneos --bundle-identifier designsystem.DesignSystem --generate-swift-asset-symbol-extensions NO --generate-swift-asset-symbols /Users/builder/clone/build/Build/Intermediates.noindex/DesignSystem.build/Release-iphoneos/DesignSystem.build/DerivedSources/GeneratedAssetSymbols.swift --generate-objc-asset-symbols /Users/builder/clone/build/Build/Intermediates.noindex/DesignSystem.build/Release-iphoneos/DesignSystem.build/DerivedSources/GeneratedAssetSymbols.h --generate-asset-symbol-index /Users/builder/clone/build/Build/Intermediates.noindex/DesignSystem.build/Release-iphoneos/DesignSystem.build/DerivedSources/GeneratedAssetSymbols-Index.plist\n/* com.apple.actool.compilation-results */\n/Users/builder/clone/build/Build/Intermediates.noindex/DesignSystem.build/Release-iphoneos/DesignSystem.build/DerivedSources/GeneratedAssetSymbols-Index.plist\n/Users/builder/clone/build/Build/Intermediates.noindex/DesignSystem.build/Release-iphoneos/DesignSystem.build/DerivedSources/GeneratedAssetSymbols.h\n/Users/builder/clone/build/Build/Intermediates.noindex/DesignSystem.build/Release-iphoneos/DesignSystem.build/DerivedSources/GeneratedAssetSymbols.swift\n\n\nExtractAppIntentsMetadata (in target 'Env' from project 'Env')\n    cd /Users/builder/clone/Packages/Env\n    /Applications/Xcode-26.4.app/Contents/Developer/Toolchains/XcodeDefault.xctoolchain/usr/bin/appintentsmetadataprocessor --toolchain-dir /Applications/Xcode-26.4.app/Contents/Developer/Toolchains/XcodeDefault.xctoolchain --module-name Env --sdk-root /Applications/Xcode-26.4.app/Contents/Developer/Platforms/iPhoneOS.platform/Developer/SDKs/iPhoneOS26.4.sdk --xcode-version 17E202 --platform-family iOS --deployment-target 18.0 --bundle-identifier env.Env --output /Users/builder/clone/build/Build/Products/Release-iphoneos/Env.appintents --target-triple arm64-apple-ios18.0 --binary-file /Users/builder/clone/build/Build/Products/Release-iphoneos/Env.o --dependency-file /Users/builder/clone/build/Build/Intermediates.noindex/Env.build/Release-iphoneos/Env.build/Objects-normal/arm64/Env_dependency_info.dat --stringsdata-file /Users/builder/clone/build/Build/Intermediates.noindex/Env.build/Release-iphoneos/Env.build/Objects-normal/arm64/ExtractedAppShortcutsMetadata.stringsdata --source-file-list /Users/builder/clone/build/Build/Intermediates.noindex/Env.build/Release-iphoneos/Env.build/Objects-normal/arm64/Env.SwiftFileList --metadata-file-list /Users/builder/clone/build/Build/Intermediates.noindex/Env.build/Release-iphoneos/Env.build/Env.DependencyMetadataFileList --static-metadata-file-list /Users/builder/clone/build/Build/Intermediates.noindex/Env.build/Release-iphoneos/Env.build/Env.DependencyStaticMetadataFileList --swift-const-vals-list /Users/builder/clone/build/Build/Intermediates.noindex/Env.build/Release-iphoneos/Env.build/Objects-normal/arm64/Env.SwiftConstValuesFileList --force --compile-time-extraction --deployment-aware-processing --validate-assistant-intents --no-app-shortcuts-localization\n2026-09-05 04:20:41.668 appintentsmetadataprocessor[2413:18629] Starting appintentsmetadataprocessor export\n2026-09-05 04:20:41.679 appintentsmetadataprocessor[2413:18629] Extracted no relevant App Intents symbols, skipping writing output\n\nRegisterExecutionPolicyException /Users/builder/clone/build/Build/Products/Release-iphoneos/Env.o (in target 'Env' from project 'Env')\n    cd /Users/builder/clone/Packages/Env\n    builtin-RegisterExecutionPolicyException /Users/builder/clone/build/Build/Products/Release-iphoneos/Env.o\n\nSwiftDriver DesignSystem normal arm64 com.apple.xcode.tools.swift.compiler (in target 'DesignSystem' from project 'DesignSystem')\n    cd /Users/builder/clone/IceCubesApp.xcodeproj\n    builtin-SwiftDriver -- /Applications/Xcode-26.4.app/Contents/Developer/Toolchains/XcodeDefault.xctoolchain/usr/bin/swiftc -module-name DesignSystem -O -whole-module-optimization @/Users/builder/clone/build/Build/Intermediates.noindex/DesignSystem.build/Release-iphoneos/DesignSystem.build/Objects-normal/arm64/DesignSystem.SwiftFileList -DSWIFT_PACKAGE -DSWIFT_MODULE_RESOURCE_BUNDLE_AVAILABLE -DXcode -default-isolation MainActor -plugin-path /Applications/Xcode-26.4.app/Contents/Developer/Toolchains/XcodeDefault.xctoolchain/usr/lib/swift/host/plugins/testing -enable-experimental-feature DebugDescriptionMacro -sdk /Applications/Xcode-26.4.app/Contents/Developer/Platforms/iPhoneOS.platform/Developer/SDKs/iPhoneOS26.4.sdk -target arm64-apple-ios18.0 -g -module-cache-path /Users/builder/clone/build/ModuleCache.noindex -Xfrontend -serialize-debugging-options -swift-version 6 -I /Users/builder/clone/build/Build/Products/Release-iphoneos -Isystem /Applications/Xcode-26.4.app/Contents/Developer/Platforms/iPhoneOS.platform/Developer/usr/lib -F /Users/builder/clone/build/Build/Products/Release-iphoneos/PackageFrameworks -F /Users/builder/clone/build/Build/Products/Release-iphoneos/PackageFrameworks -F /Users/builder/clone/build/Build/Products/Release-iphoneos/PackageFrameworks -F /Users/builder/clone/build/Build/Products/Release-iphoneos/PackageFrameworks -F /Users/builder/clone/build/Build/Products/Release-iphoneos/PackageFrameworks -F /Users/builder/clone/build/Build/Products/Release-iphoneos/PackageFrameworks -F /Users/builder/clone/build/Build/Products/Release-iphoneos/PackageFrameworks -F /Users/builder/clone/build/Build/Products/Release-iphoneos/PackageFrameworks -F /Users/builder/clone/build/Build/Products/Release-iphoneos/PackageFrameworks -F /Users/builder/clone/build/Build/Products/Release-iphoneos/PackageFrameworks -F /Users/builder/clone/build/Build/Products/Release-iphoneos/PackageFrameworks -F /Users/builder/clone/build/Build/Products/Release-iphoneos/PackageFrameworks -F /Users/builder/clone/build/Build/Products/Release-iphoneos/PackageFrameworks -F /Users/builder/clone/build/Build/Products/Release-iphoneos/PackageFrameworks -F /Users/builder/clone/build/Build/Products/Release-iphoneos -F /Applications/Xcode-26.4.app/Contents/Developer/Platforms/iPhoneOS.platform/Developer/Library/Frameworks -F /Applications/Xcode-26.4.app/Contents/Developer/Platforms/iPhoneOS.platform/Developer/SDKs/iPhoneOS26.4.sdk/Developer/Library/Frameworks -emit-localized-strings -emit-localized-strings-path /Users/builder/clone/build/Build/Intermediates.noindex/DesignSystem.build/Release-iphoneos/DesignSystem.build/Objects-normal/arm64 -c -num-threads 3 -Xcc -ivfsstatcache -Xcc /Users/builder/clone/build/SDKStatCaches.noindex/iphoneos26.4-23E252-dc38477e7e47e42951976ad86cc01fb3.sdkstatcache -output-file-map /Users/builder/clone/build/Build/Intermediates.noindex/DesignSystem.build/Release-iphoneos/DesignSystem.build/Objects-normal/arm64/DesignSystem-OutputFileMap.json -use-frontend-parseable-output -save-temps -no-color-diagnostics -explicit-module-build -module-cache-path /Users/builder/clone/build/Build/Intermediates.noindex/SwiftExplicitPrecompiledModules -clang-scanner-module-cache-path /Users/builder/clone/build/ModuleCache.noindex -sdk-module-cache-path /Users/builder/clone/build/ModuleCache.noindex -serialize-diagnostics -emit-dependencies -emit-module -emit-module-path /Users/builder/clone/build/Build/Intermediates.noindex/DesignSystem.build/Release-iphoneos/DesignSystem.build/Objects-normal/arm64/DesignSystem.swiftmodule -validate-clang-modules-once -clang-build-session-file /Users/builder/clone/build/ModuleCache.noindex/Session.modulevalidation -package-name designsystem -Xcc -I/Users/builder/clone/build/Build/Intermediates.noindex/DesignSystem.build/Release-iphoneos/DesignSystem.build/swift-overrides.hmap -emit-const-values -Xfrontend -const-gather-protocols-file -Xfrontend /Users/builder/clone/build/Build/Intermediates.noindex/DesignSystem.build/Release-iphoneos/DesignSystem.build/Objects-normal/arm64/DesignSystem_const_extract_protocols.json -Xcc -I/Users/builder/clone/build/SourcePackages/checkouts/swift-cmark/src/include -Xcc -I/Users/builder/clone/build/SourcePackages/checkouts/swift-cmark/extensions/include -Xcc -I/Users/builder/clone/build/SourcePackages/checkouts/swift-markdown/Sources/CAtomic/include -Xcc -I/Users/builder/clone/build/Build/Products/Release-iphoneos/include -Xcc -I/Users/builder/clone/build/Build/Intermediates.noindex/DesignSystem.build/Release-iphoneos/DesignSystem.build/DerivedSources-normal/arm64 -Xcc -I/Users/builder/clone/build/Build/Intermediates.noindex/DesignSystem.build/Release-iphoneos/DesignSystem.build/DerivedSources/arm64 -Xcc -I/Users/builder/clone/build/Build/Intermediates.noindex/DesignSystem.build/Release-iphoneos/DesignSystem.build/DerivedSources -Xcc -DSWIFT_PACKAGE -emit-objc-header -emit-objc-header-path /Users/builder/clone/build/Build/Intermediates.noindex/DesignSystem.build/Release-iphoneos/DesignSystem.build/Objects-normal/arm64/DesignSystem-Swift.h -working-directory /Users/builder/clone/IceCubesApp.xcodeproj -no-emit-module-separately-wmo\n\nSwiftCompile normal arm64 Compiling\\ resource_bundle_accessor.swift,\\ AccountExt.swift,\\ CardBackgroundModifier.swift,\\ ColorSet.swift,\\ ConditionalModifier.swift,\\ DesignSystem.swift,\\ Font.swift,\\ Colors.swift,\\ SFSymbols.swift,\\ SceneDelegate.swift,\\ Theme.swift,\\ ThemeApplier.swift,\\ ThemeStorage.swift,\\ CancelToolbarItem.swift,\\ CloseToolbarItem.swift,\\ AccountPopoverView.swift,\\ AvatarView.swift,\\ EmojiText.swift,\\ ErrorView.swift,\\ FollowRequestButtons.swift,\\ GifView.swift,\\ LazyResizableImage.swift,\\ NextPageView.swift,\\ PlaceholderView.swift,\\ ScrollToView.swift,\\ StatusEditorToolbarItem.swift,\\ TagChartView.swift,\\ TagRowView.swift,\\ ThemePreviewView.swift,\\ ToastOverlayView.swift,\\ GeneratedAssetSymbols.swift /Users/builder/clone/build/Build/Intermediates.noindex/DesignSystem.build/Release-iphoneos/DesignSystem.build/DerivedSources/resource_bundle_accessor.swift /Users/builder/clone/Packages/DesignSystem/Sources/DesignSystem/AccountExt.swift /Users/builder/clone/Packages/DesignSystem/Sources/DesignSystem/CardBackgroundModifier.swift /Users/builder/clone/Packages/DesignSystem/Sources/DesignSystem/ColorSet.swift /Users/builder/clone/Packages/DesignSystem/Sources/DesignSystem/ConditionalModifier.swift /Users/builder/clone/Packages/DesignSystem/Sources/DesignSystem/DesignSystem.swift /Users/builder/clone/Packages/DesignSystem/Sources/DesignSystem/Font.swift /Users/builder/clone/Packages/DesignSystem/Sources/DesignSystem/Resources/Colors.swift /Users/builder/clone/Packages/DesignSystem/Sources/DesignSystem/SFSymbols.swift /Users/builder/clone/Packages/DesignSystem/Sources/DesignSystem/SceneDelegate.swift /Users/builder/clone/Packages/DesignSystem/Sources/DesignSystem/Theme.swift /Users/builder/clone/Packages/DesignSystem/Sources/DesignSystem/ThemeApplier.swift /Users/builder/clone/Packages/DesignSystem/Sources/DesignSystem/ThemeStorage.swift /Users/builder/clone/Packages/DesignSystem/Sources/DesignSystem/ToolbarItem/CancelToolbarItem.swift /Users/builder/clone/Packages/DesignSystem/Sources/DesignSystem/ToolbarItem/CloseToolbarItem.swift /Users/builder/clone/Packages/DesignSystem/Sources/DesignSystem/Views/AccountPopoverView.swift /Users/builder/clone/Packages/DesignSystem/Sources/DesignSystem/Views/AvatarView.swift /Users/builder/clone/Packages/DesignSystem/Sources/DesignSystem/Views/EmojiText.swift /Users/builder/clone/Packages/DesignSystem/Sources/DesignSystem/Views/ErrorView.swift /Users/builder/clone/Packages/DesignSystem/Sources/DesignSystem/Views/FollowRequestButtons.swift /Users/builder/clone/Packages/DesignSystem/Sources/DesignSystem/Views/GifView.swift /Users/builder/clone/Packages/DesignSystem/Sources/DesignSystem/Views/LazyResizableImage.swift /Users/builder/clone/Packages/DesignSystem/Sources/DesignSystem/Views/NextPageView.swift /Users/builder/clone/Packages/DesignSystem/Sources/DesignSystem/Views/PlaceholderView.swift /Users/builder/clone/Packages/DesignSystem/Sources/DesignSystem/Views/ScrollToView.swift /Users/builder/clone/Packages/DesignSystem/Sources/DesignSystem/Views/StatusEditorToolbarItem.swift /Users/builder/clone/Packages/DesignSystem/Sources/DesignSystem/Views/TagChartView.swift /Users/builder/clone/Packages/DesignSystem/Sources/DesignSystem/Views/TagRowView.swift /Users/builder/clone/Packages/DesignSystem/Sources/DesignSystem/Views/ThemePreviewView.swift /Users/builder/clone/Packages/DesignSystem/Sources/DesignSystem/Views/ToastOverlayView.swift /Users/builder/clone/build/Build/Intermediates.noindex/DesignSystem.build/Release-iphoneos/DesignSystem.build/DerivedSources/GeneratedAssetSymbols.swift /Users/builder/clone/build/Build/Products/Release-iphoneos/TelemetryDeck.swiftmodule/arm64-apple-ios.swiftmodule /Applications/Xcode-26.4.app/Contents/Developer/Toolchains/XcodeDefault.xctoolchain/usr/lib/swift/iphoneos/prebuilt-modules/26.4/DeveloperToolsSupport.swiftmodule/arm64e-apple-ios.swiftmodule /Applications/Xcode-26.4.app/Contents/Developer/Toolchains/XcodeDefault.xctoolchain/usr/lib/swift/iphoneos/prebuilt-modules/26.4/Charts.swiftmodule/arm64e-apple-ios.swiftmodule /Applications/Xcode-26.4.app/Contents/Developer/Toolchains/XcodeDefault.xctoolchain/usr/lib/swift/iphoneos/prebuilt-modules/26.4/CoreImage.swiftmodule/arm64e-apple-ios.swiftmodule /Applications/Xcode-26.4.app/Contents/Developer/Toolchains/XcodeDefault.xctoolchain/usr/lib/swift/iphoneos/prebuilt-modules/26.4/LightweightCodeRequirements.swiftmodule/arm64e-apple-ios.swiftmodule /Applications/Xcode-26.4.app/Contents/Developer/Toolchains/XcodeDefault.xctoolchain/usr/lib/swift/iphoneos/prebuilt-modules/26.4/CoreMIDI.swiftmodule/arm64e-apple-ios.swiftmodule /Applications/Xcode-26.4.app/Contents/Developer/Toolchains/XcodeDefault.xctoolchain/usr/lib/swift/iphoneos/prebuilt-modules/26.4/SwiftUICore.swiftmodule/arm64e-apple-ios.swiftmodule /Applications/Xcode-26.4.app/Contents/Developer/Toolchains/XcodeDefault.xctoolchain/usr/lib/swift/iphoneos/prebuilt-modules/26.4/ExtensionFoundation.swiftmodule/arm64e-apple-ios.swiftmodule /Applications/Xcode-26.4.app/Contents/Developer/Toolchains/XcodeDefault.xctoolchain/usr/lib/swift/iphoneos/prebuilt-modules/26.4/UIKit.swiftmodule/arm64e-apple-ios.swiftmodule /Users/builder/clone/build/Build/Products/Release-iphoneos/Models.swiftmodule/arm64-apple-ios.swiftmodule /Applications/Xcode-26.4.app/Contents/Developer/Toolchains/XcodeDefault.xctoolchain/usr/lib/swift/iphoneos/prebuilt-modules/26.4/OSLog.swiftmodule/arm64e-apple-ios.swiftmodule /Applications/Xcode-26.4.app/Contents/Developer/Toolchains/XcodeDefault.xctoolchain/usr/lib/swift/iphoneos/prebuilt-modules/26.4/Combine.swiftmodule/arm64e-apple-ios.swiftmodule /Applications/Xcode-26.4.app/Contents/Developer/Toolchains/XcodeDefault.xctoolchain/usr/lib/swift/iphoneos/prebuilt-modules/26.4/QuickLook.swiftmodule/arm64e-apple-ios.swiftmodule /Applications/Xcode-26.4.app/Contents/Developer/Toolchains/XcodeDefault.xctoolchain/usr/lib/swift/iphoneos/prebuilt-modules/26.4/simd.swiftmodule/arm64e-apple-ios.swiftmodule /Applications/Xcode-26.4.app/Contents/Developer/Toolchains/XcodeDefault.xctoolchain/usr/lib/swift/iphoneos/prebuilt-modules/26.4/Swift.swiftmodule/arm64e-apple-ios.swiftmodule /Applications/Xcode-26.4.app/Contents/Developer/Toolchains/XcodeDefault.xctoolchain/usr/lib/swift/iphoneos/prebuilt-modules/26.4/ObjectiveC.swiftmodule/arm64e-apple-ios.swiftmodule /Applications/Xcode-26.4.app/Contents/Developer/Toolchains/XcodeDefault.xctoolchain/usr/lib/swift/iphoneos/prebuilt-modules/26.4/_QuickLook_SwiftUI.swiftmodule/arm64e-apple-ios.swiftmodule /Applications/Xcode-26.4.app/Contents/Developer/Toolchains/XcodeDefault.xctoolchain/usr/lib/swift/iphoneos/prebuilt-modules/26.4/QuartzCore.swiftmodule/arm64e-apple-ios.swiftmodule /Applications/Xcode-26.4.app/Contents/Developer/Toolchains/XcodeDefault.xctoolchain/usr/lib/swift/iphoneos/prebuilt-modules/26.4/Accelerate.swiftmodule/arm64e-apple-ios.swiftmodule /Applications/Xcode-26.4.app/Contents/Developer/Toolchains/XcodeDefault.xctoolchain/usr/lib/swift/iphoneos/prebuilt-modules/26.4/DataDetection.swiftmodule/arm64e-apple-ios.swiftmodule /Applications/Xcode-26.4.app/Contents/Developer/Toolchains/XcodeDefault.xctoolchain/usr/lib/swift/iphoneos/prebuilt-modules/26.4/Dispatch.swiftmodule/arm64e-apple-ios.swiftmodule /Applications/Xcode-26.4.app/Contents/Developer/Toolchains/XcodeDefault.xctoolchain/usr/lib/swift/iphoneos/prebuilt-modules/26.4/CoreData.swiftmodule/arm64e-apple-ios.swiftmodule /Applications/Xcode-26.4.app/Contents/Developer/Toolchains/XcodeDefault.xctoolchain/usr/lib/swift/iphoneos/prebuilt-modules/26.4/TipKit.swiftmodule/arm64e-apple-ios.swiftmodule /Applications/Xcode-26.4.app/Contents/Developer/Toolchains/XcodeDefault.xctoolchain/usr/lib/swift/iphoneos/prebuilt-modules/26.4/Metal.swiftmodule/arm64e-apple-ios.swiftmodule /Applications/Xcode-26.4.app/Contents/Developer/Toolchains/XcodeDefault.xctoolchain/usr/lib/swift/iphoneos/prebuilt-modules/26.4/Observation.swiftmodule/arm64e-apple-ios.swiftmodule /Applications/Xcode-26.4.app/Contents/Developer/Toolchains/XcodeDefault.xctoolchain/usr/lib/swift/iphoneos/prebuilt-modules/26.4/Translation.swiftmodule/arm64e-apple-ios.swiftmodule /Applications/Xcode-26.4.app/Contents/Developer/Toolchains/XcodeDefault.xctoolchain/usr/lib/swift/iphoneos/prebuilt-modules/26.4/_DarwinFoundation2.swiftmodule/arm64e-apple-ios.swiftmodule /Applications/Xcode-26.4.app/Contents/Developer/Toolchains/XcodeDefault.xctoolchain/usr/lib/swift/iphoneos/prebuilt-modules/26.4/Synchronization.swiftmodule/arm64e-apple-ios.swiftmodule /Users/builder/clone/build/Build/Products/Release-iphoneos/KeychainSwift.swiftmodule/arm64-apple-ios.swiftmodule /Applications/Xcode-26.4.app/Contents/Developer/Toolchains/XcodeDefault.xctoolchain/usr/lib/swift/iphoneos/prebuilt-modules/26.4/QuickLookThumbnailing.swiftmodule/arm64e-apple-ios.swiftmodule /Applications/Xcode-26.4.app/Contents/Developer/Toolchains/XcodeDefault.xctoolchain/usr/lib/swift/iphoneos/prebuilt-modules/26.4/Spatial.swiftmodule/arm64e-apple-ios.swiftmodule /Applications/Xcode-26.4.app/Contents/Developer/Toolchains/XcodeDefault.xctoolchain/usr/lib/swift/iphoneos/prebuilt-modules/26.4/UniformTypeIdentifiers.swiftmodule/arm64e-apple-ios.swiftmodule /Applications/Xcode-26.4.app/Contents/Developer/Toolchains/XcodeDefault.xctoolchain/usr/lib/swift/iphoneos/prebuilt-modules/26.4/CoreFoundation.swiftmodule/arm64e-apple-ios.swiftmodule /Applications/Xcode-26.4.app/Contents/Developer/Toolchains/XcodeDefault.xctoolchain/usr/lib/swift/iphoneos/prebuilt-modules/26.4/RegexBuilder.swiftmodule/arm64e-apple-ios.swiftmodule /Users/builder/clone/build/Build/Products/Release-iphoneos/EmojiText.swiftmodule/arm64-apple-ios.swiftmodule /Applications/Xcode-26.4.app/Contents/Developer/Toolchains/XcodeDefault.xctoolchain/usr/lib/swift/iphoneos/prebuilt-modules/26.4/XPC.swiftmodule/arm64e-apple-ios.swiftmodule /Applications/Xcode-26.4.app/Contents/Developer/Toolchains/XcodeDefault.xctoolchain/usr/lib/swift/iphoneos/prebuilt-modules/26.4/Foundation.swiftmodule/arm64e-apple-ios.swiftmodule /Users/builder/clone/build/Build/Products/Release-iphoneos/Gifu.swiftmodule/arm64-apple-ios.swiftmodule /Applications/Xcode-26.4.app/Contents/Developer/Toolchains/XcodeDefault.xctoolchain/usr/lib/swift/iphoneos/prebuilt-modules/26.4/AVFAudio.swiftmodule/arm64e-apple-ios.swiftmodule /Applications/Xcode-26.4.app/Contents/Developer/Toolchains/XcodeDefault.xctoolchain/usr/lib/swift/iphoneos/prebuilt-modules/26.4/_StringProcessing.swiftmodule/arm64e-apple-ios.swiftmodule /Users/builder/clone/build/Build/Products/Release-iphoneos/Nuke.swiftmodule/arm64-apple-ios.swiftmodule /Applications/Xcode-26.4.app/Contents/Developer/Toolchains/XcodeDefault.xctoolchain/usr/lib/swift/iphoneos/prebuilt-modules/26.4/CryptoKit.swiftmodule/arm64e-apple-ios.swiftmodule /Applications/Xcode-26.4.app/Contents/Developer/Toolchains/XcodeDefault.xctoolchain/usr/lib/swift/iphoneos/prebuilt-modules/26.4/MediaAccessibility.swiftmodule/arm64e-apple-ios.swiftmodule /Applications/Xcode-26.4.app/Contents/Developer/Toolchains/XcodeDefault.xctoolchain/usr/lib/swift/iphoneos/prebuilt-modules/26.4/AudioToolbox.swiftmodule/arm64e-apple-ios.swiftmodule /Applications/Xcode-26.4.app/Contents/Developer/Toolchains/XcodeDefault.xctoolchain/usr/lib/swift/iphoneos/prebuilt-modules/26.4/Darwin.swiftmodule/arm64e-apple-ios.swiftmodule /Applications/Xcode-26.4.app/Contents/Developer/Toolchains/XcodeDefault.xctoolchain/usr/lib/swift/iphoneos/prebuilt-modules/26.4/ExtensionKit.swiftmodule/arm64e-apple-ios.swiftmodule /Applications/Xcode-26.4.app/Contents/Developer/Toolchains/XcodeDefault.xctoolchain/usr/lib/swift/iphoneos/prebuilt-modules/26.4/StoreKit.swiftmodule/arm64e-apple-ios.swiftmodule /Users/builder/clone/build/Build/Products/Release-iphoneos/SwiftSoup.swiftmodule/arm64-apple-ios.swiftmodule /Applications/Xcode-26.4.app/Contents/Developer/Toolchains/XcodeDefault.xctoolchain/usr/lib/swift/iphoneos/prebuilt-modules/26.4/_SwiftData_SwiftUI.swiftmodule/arm64e-apple-ios.swiftmodule /Applications/Xcode-26.4.app/Contents/Developer/Toolchains/XcodeDefault.xctoolchain/usr/lib/swift/iphoneos/prebuilt-modules/26.4/System.swiftmodule/arm64e-apple-ios.swiftmodule /Applications/Xcode-26.4.app/Contents/Developer/Toolchains/XcodeDefault.xctoolchain/usr/lib/swift/iphoneos/prebuilt-modules/26.4/Network.swiftmodule/arm64e-apple-ios.swiftmodule /Applications/Xcode-26.4.app/Contents/Developer/Toolchains/XcodeDefault.xctoolchain/usr/lib/swift/iphoneos/prebuilt-modules/26.4/Accessibility.swiftmodule/arm64e-apple-ios.swiftmodule /Applications/Xcode-26.4.app/Contents/Developer/Toolchains/XcodeDefault.xctoolchain/usr/lib/swift/iphoneos/prebuilt-modules/26.4/CoreGraphics.swiftmodule/arm64e-apple-ios.swiftmodule /Users/builder/clone/build/Build/Products/Release-iphoneos/Env.swiftmodule/arm64-apple-ios.swiftmodule /Applications/Xcode-26.4.app/Contents/Developer/Toolchains/XcodeDefault.xctoolchain/usr/lib/swift/iphoneos/prebuilt-modules/26.4/PDFKit.swiftmodule/arm64e-apple-ios.swiftmodule /Applications/Xcode-26.4.app/Contents/Developer/Toolchains/XcodeDefault.xctoolchain/usr/lib/swift/iphoneos/prebuilt-modules/26.4/BackgroundAssets.swiftmodule/arm64e-apple-ios.swiftmodule /Applications/Xcode-26.4.app/Contents/Developer/Toolchains/XcodeDefault.xctoolchain/usr/lib/swift/iphoneos/prebuilt-modules/26.4/FileProvider.swiftmodule/arm64e-apple-ios.swiftmodule /Applications/Xcode-26.4.app/Contents/Developer/Toolchains/XcodeDefault.xctoolchain/usr/lib/swift/iphoneos/prebuilt-modules/26.4/LocalAuthentication.swiftmodule/arm64e-apple-ios.swiftmodule /Applications/Xcode-26.4.app/Contents/Developer/Toolchains/XcodeDefault.xctoolchain/usr/lib/swift/iphoneos/prebuilt-modules/26.4/CoreTransferable.swiftmodule/arm64e-apple-ios.swiftmodule /Users/builder/clone/build/Build/Products/Release-iphoneos/NukeUI.swiftmodule/arm64-apple-ios.swiftmodule /Applications/Xcode-26.4.app/Contents/Developer/Toolchains/XcodeDefault.xctoolchain/usr/lib/swift/iphoneos/prebuilt-modules/26.4/os.swiftmodule/arm64e-apple-ios.swiftmodule /Applications/Xcode-26.4.app/Contents/Developer/Toolchains/XcodeDefault.xctoolchain/usr/lib/swift/iphoneos/prebuilt-modules/26.4/CoreVideo.swiftmodule/arm64e-apple-ios.swiftmodule /Applications/Xcode-26.4.app/Contents/Developer/Toolchains/XcodeDefault.xctoolchain/usr/lib/swift/iphoneos/prebuilt-modules/26.4/CoreMedia.swiftmodule/arm64e-apple-ios.swiftmodule /Applications/Xcode-26.4.app/Contents/Developer/Toolchains/XcodeDefault.xctoolchain/usr/lib/swift/iphoneos/prebuilt-modules/26.4/SwiftUI.swiftmodule/arm64e-apple-ios.swiftmodule /Applications/Xcode-26.4.app/Contents/Developer/Toolchains/XcodeDefault.xctoolchain/usr/lib/swift/iphoneos/prebuilt-modules/26.4/Distributed.swiftmodule/arm64e-apple-ios.swiftmodule /Applications/Xcode-26.4.app/Contents/Developer/Toolchains/XcodeDefault.xctoolchain/usr/lib/swift/iphoneos/prebuilt-modules/26.4/Symbols.swiftmodule/arm64e-apple-ios.swiftmodule /Applications/Xcode-26.4.app/Contents/Developer/Toolchains/XcodeDefault.xctoolchain/usr/lib/swift/iphoneos/prebuilt-modules/26.4/_DarwinFoundation1.swiftmodule/arm64e-apple-ios.swiftmodule /Applications/Xcode-26.4.app/Contents/Developer/Toolchains/XcodeDefault.xctoolchain/usr/lib/swift/iphoneos/prebuilt-modules/26.4/CoreText.swiftmodule/arm64e-apple-ios.swiftmodule /Applications/Xcode-26.4.app/Contents/Developer/Toolchains/XcodeDefault.xctoolchain/usr/lib/swift/iphoneos/prebuilt-modules/26.4/CoreAudio.swiftmodule/arm64e-apple-ios.swiftmodule /Users/builder/clone/build/Build/Products/Release-iphoneos/NetworkClient.swiftmodule/arm64-apple-ios.swiftmodule /Applications/Xcode-26.4.app/Contents/Developer/Toolchains/XcodeDefault.xctoolchain/usr/lib/swift/iphoneos/prebuilt-modules/26.4/AVKit.swiftmodule/arm64e-apple-ios.swiftmodule /Applications/Xcode-26.4.app/Contents/Developer/Toolchains/XcodeDefault.xctoolchain/usr/lib/swift/iphoneos/prebuilt-modules/26.4/_Builtin_float.swiftmodule/arm64e-apple-ios.swiftmodule /Applications/Xcode-26.4.app/Contents/Developer/Toolchains/XcodeDefault.xctoolchain/usr/lib/swift/iphoneos/prebuilt-modules/26.4/_DarwinFoundation3.swiftmodule/arm64e-apple-ios.swiftmodule /Applications/Xcode-26.4.app/Contents/Developer/Toolchains/XcodeDefault.xctoolchain/usr/lib/swift/iphoneos/prebuilt-modules/26.4/SwiftData.swiftmodule/arm64e-apple-ios.swiftmodule /Applications/Xcode-26.4.app/Contents/Developer/Toolchains/XcodeDefault.xctoolchain/usr/lib/swift/iphoneos/prebuilt-modules/26.4/_Translation_SwiftUI.swiftmodule/arm64e-apple-ios.swiftmodule /Applications/Xcode-26.4.app/Contents/Developer/Toolchains/XcodeDefault.xctoolchain/usr/lib/swift/iphoneos/prebuilt-modules/26.4/_Concurrency.swiftmodule/arm64e-apple-ios.swiftmodule /Applications/Xcode-26.4.app/Contents/Developer/Toolchains/XcodeDefault.xctoolchain/usr/lib/swift/iphoneos/prebuilt-modules/26.4/AVFoundation.swiftmodule/arm64e-apple-ios.swiftmodule /Users/builder/clone/build/Build/Products/Release-iphoneos/Markdown.swiftmodule/arm64-apple-ios.swiftmodule /Users/builder/clone/build/ModuleCache.noindex/_Builtin_float-85JALJ7TDDJVRCDY2BGUERQAS.pcm /Users/builder/clone/build/ModuleCache.noindex/IOSurface-ESNQSTFGAKOFKL0AHHMLA2M7K.pcm /Users/builder/clone/build/ModuleCache.noindex/CoreMedia-R4Z9G714E53P64SLQRI4IG76.pcm /Users/builder/clone/build/ModuleCache.noindex/QuickLook-2CWX0NQJOC3OTFB3E654QFI2A.pcm /Users/builder/clone/build/ModuleCache.noindex/Network-4IMRDGVC8RKD422IRJOYW22FL.pcm /Users/builder/clone/build/ModuleCache.noindex/AVFAudio-EMEC8IQBDSMT9ZPVF08D65G4R.pcm /Users/builder/clone/build/ModuleCache.noindex/Foundation-8QW824YXXHXXCI7ILXW8ILV1G.pcm /Users/builder/clone/build/ModuleCache.noindex/OSLog-4D6PR7NKYEG76TEDB6O79JTT5.pcm /Users/builder/clone/build/ModuleCache.noindex/simd-BSWSXRLML747D1I3MKXIS72QO.pcm /Users/builder/clone/build/ModuleCache.noindex/CFNetwork-BV2YOXQR3QGCZZC1FYZ35ME6C.pcm /Users/builder/clone/build/Build/Intermediates.noindex/SwiftExplicitPrecompiledModules/cmark_gfm-9KPHS24IIR67DA6NAJF82793R.pcm /Users/builder/clone/build/ModuleCache.noindex/QuickLookThumbnailing-DD1AR46MBQ64RIZ3WINDIXQYV.pcm /Users/builder/clone/build/ModuleCache.noindex/UIKit-EONTKDDW1VYYMIHYDJLTUSBW2.pcm /Users/builder/clone/build/ModuleCache.noindex/Accelerate-BXICWY5ZH75NI4STWSHJH8B4J.pcm /Users/builder/clone/build/ModuleCache.noindex/PDFKit-BN30FIC0YEG34Y5KRXG4V3ZI4.pcm /Users/builder/clone/build/ModuleCache.noindex/_Builtin_stdbool-2ILQPNNY1Q1DQQK2TZ9WXC57G.pcm /Users/builder/clone/build/ModuleCache.noindex/QuartzCore-82L8I9S4QDPKIBSA5DE1CX6QA.pcm /Users/builder/clone/build/ModuleCache.noindex/ImageIO-B333V7XDYJWJU9NTF8Y2MV80I.pcm /Users/builder/clone/build/ModuleCache.noindex/AVFoundation-BQY5X336LE6ZWWR1HNSR0RE7J.pcm /Users/builder/clone/build/ModuleCache.noindex/Dispatch-EKXSOI9AGDVEYYTP3JDSKW2W.pcm /Users/builder/clone/build/ModuleCache.noindex/Security-5WQIKACZXTIZWZ5UPCCB04Z6K.pcm /Users/builder/clone/build/ModuleCache.noindex/_DarwinFoundation2-5VUBEIZBEOC3ULBJKT8JJE3XM.pcm /Users/builder/clone/build/ModuleCache.noindex/CoreData-DNZRGA7JMAH6GG8WDWQ4NGNR2.pcm /Users/builder/clone/build/ModuleCache.noindex/Symbols-4IY2GWUB7DFGPSE124NUDODPN.pcm /Users/builder/clone/build/ModuleCache.noindex/AVKit-59ZTBFH8DYC0XNYJ427K3L618.pcm /Users/builder/clone/build/ModuleCache.noindex/_Builtin_stdint-BY1E7A3YMCKR9BQHIRHXF627F.pcm /Users/builder/clone/build/ModuleCache.noindex/CoreAudio-E4KLR1PCHKJAV1PIVUTEKVVIQ.pcm /Users/builder/clone/build/ModuleCache.noindex/_Builtin_stddef-8IK85O58DGRDUMM87197TSPI.pcm /Users/builder/clone/build/ModuleCache.noindex/AudioToolbox-37K6BL3CCSU6MJSBX3FPQ6WJW.pcm /Users/builder/clone/build/ModuleCache.noindex/LocalAuthentication-BKFV3ZRCA2YKR4PRSRFJK5PKZ.pcm /Users/builder/clone/build/ModuleCache.noindex/MachO-DZMS1HU305V4D7CIKLN8WSEFR.pcm /Users/builder/clone/build/ModuleCache.noindex/ptrauth-6LUUL5WAG7REBSNPZZB05FMLV.pcm /Users/builder/clone/build/ModuleCache.noindex/CommonCrypto-4XT2IR46ZZ2W7K1LTMEYXK19S.pcm /Users/builder/clone/build/ModuleCache.noindex/_Builtin_tgmath-5IEHEMEP25RCBXTADL8PLI512.pcm /Users/builder/clone/build/Build/Intermediates.noindex/SwiftExplicitPrecompiledModules/cmark_gfm_extensions-1SR33KA1G2Q8WEKIPM9VROQ5N.pcm /Users/builder/clone/build/ModuleCache.noindex/SwiftShims-8FO93YKE1WBUL8ZVXE6V0W7TF.pcm /Users/builder/clone/build/ModuleCache.noindex/_Builtin_intrinsics-6PL1ODUCDDBVU2XKNN1VZ5ND7.pcm /Users/builder/clone/build/ModuleCache.noindex/_DarwinFoundation3-DQKFTYUE0CHO3ZH6HIURZWJNS.pcm /Users/builder/clone/build/ModuleCache.noindex/_Builtin_inttypes-BDDTEDMVWUP4QDWT2P9QEWF54.pcm /Users/builder/clone/build/ModuleCache.noindex/_DarwinFoundation1-BY8IH101M5CDB167KVTIL0C1Z.pcm /Users/builder/clone/build/ModuleCache.noindex/CoreAudioTypes-4X3LTNJW00ZV5RR46YCJMTV8K.pcm /Users/builder/clone/build/Build/Intermediates.noindex/SwiftExplicitPrecompiledModules/CAtomic-9WT9GVAANW8YGX9ACI0MWTIRZ.pcm /Users/builder/clone/build/ModuleCache.noindex/_AvailabilityInternal-DFS0JW4PZLXT848C3VTWTDSUS.pcm /Users/builder/clone/build/ModuleCache.noindex/_Builtin_stdarg-5R2Y5DQ9CCCL9AXNPNWQHLN9D.pcm /Users/builder/clone/build/ModuleCache.noindex/ExtensionKit-3DVMFT4SL8PNTPMUW6ZAYM1XF.pcm /Users/builder/clone/build/ModuleCache.noindex/_SwiftConcurrencyShims-CHQ5P6QLKPZP1WOW5JG11BOT6.pcm /Users/builder/clone/build/ModuleCache.noindex/sys_types-4YSRAH9YYNB3I66HHQWOQEM6L.pcm /Users/builder/clone/build/ModuleCache.noindex/Metal-API99ACLGVJ0LCOD8H2BFQXJW.pcm /Users/builder/clone/build/ModuleCache.noindex/CoreImage-197CZCAPBVBNVFAAM6QMD3OAM.pcm /Users/builder/clone/build/ModuleCache.noindex/SwiftUICore-K6N5BX0PK7EO76ERJVXDY9W5.pcm /Users/builder/clone/build/ModuleCache.noindex/Translation-7HT51FRM4MBYMLZ7TQTZSGIR3.pcm /Users/builder/clone/build/ModuleCache.noindex/FileProvider-ES1PGXV7F10JITUURTEVQ4MOF.pcm /Users/builder/clone/build/ModuleCache.noindex/StoreKit-7IHRTN3TY9UL6WEWDLRXTWAU5.pcm /Users/builder/clone/build/ModuleCache.noindex/Darwin-6RKUUF4EH2R721CA2RMUMBGM.pcm /Users/builder/clone/build/ModuleCache.noindex/UIUtilities-6JOADBKTSE4NPC88FM5OYVU8P.pcm /Users/builder/clone/build/ModuleCache.noindex/_Builtin_limits-XHLD784D8WPPZQEXHGFC55BF.pcm /Users/builder/clone/build/ModuleCache.noindex/AVRouting-72KFL8EP9SH78APBSZXW4CXTO.pcm /Users/builder/clone/build/ModuleCache.noindex/CoreVideo-CAF6XWOYMNTN9TK6VWLNIH3C5.pcm /Users/builder/clone/build/ModuleCache.noindex/ExtensionFoundation-AZLN79YMMB34CT31CBR4JDML5.pcm /Users/builder/clone/build/ModuleCache.noindex/UniformTypeIdentifiers-NWOMNHVYXZ1L8FHFL7TN9RLG.pcm /Users/builder/clone/build/ModuleCache.noindex/CoreTransferable-B5CV2GWW0SLB0OWR5YV68MGYP.pcm /Users/builder/clone/build/ModuleCache.noindex/os-VN4E92RQR7U9PJADXD7BSCO5.pcm /Users/builder/clone/build/ModuleCache.noindex/ptrcheck-EOTZRFSYY3Z8DNJPOZG8CPHUK.pcm /Users/builder/clone/build/ModuleCache.noindex/MediaToolbox-2917HOP5DDQAKYY8WSXVPMU8S.pcm /Users/builder/clone/build/ModuleCache.noindex/MediaAccessibility-9O905G1XAO6NY6E1S8YLPOBLD.pcm /Users/builder/clone/build/ModuleCache.noindex/SwiftUI-AK1XGHATEPFTJ70AWO7W6AWK9.pcm /Users/builder/clone/build/ModuleCache.noindex/Accessibility-3RX97MFHHJGQXOG4G0VI5N8UT.pcm /Users/builder/clone/build/ModuleCache.noindex/dnssd-A20YF3E8OGAPSTCJV52QV3FTD.pcm /Users/builder/clone/build/ModuleCache.noindex/MobileCoreServices-3B3VHY6TRY4ZRYEA2N0BT0H7Y.pcm /Users/builder/clone/build/ModuleCache.noindex/UserNotifications-7Q0Y5OT179CFY0A1S1OWG7EVS.pcm /Users/builder/clone/build/ModuleCache.noindex/DeveloperToolsSupport-6TKJ89Z9VNTO3LJSI4PGGBY39.pcm /Users/builder/clone/build/ModuleCache.noindex/CoreFoundation-2INE8R3HT0NQOAMD08EAY60NQ.pcm /Users/builder/clone/build/ModuleCache.noindex/CoreMIDI-ADG2I8M69LFBT9KFXB19H6E99.pcm /Users/builder/clone/build/ModuleCache.noindex/os_object-5DJUYTWMFLH6P3NXZJKLUNUPU.pcm /Users/builder/clone/build/ModuleCache.noindex/XPC-83H6M22GN0LJJMP6IVF07J1T3.pcm /Users/builder/clone/build/ModuleCache.noindex/CoreGraphics-BYW19FT7DN8S5UQ65XLAXKIRB.pcm /Users/builder/clone/build/ModuleCache.noindex/CoreHaptics-ARFABVWACCA02LKJYITGZU9Q7.pcm /Users/builder/clone/build/ModuleCache.noindex/Spatial-7321YNVRFT2NYPGYRS6LO6OB8.pcm /Users/builder/clone/build/ModuleCache.noindex/CoreServices-ER8FU223TPE46UYFNEUZANNZ0.pcm /Users/builder/clone/build/ModuleCache.noindex/os_workgroup-B4SMTMQEDV9ZG1HPU7XWJA5NQ.pcm /Users/builder/clone/build/ModuleCache.noindex/_Builtin_stdatomic-4C4KLUK64YOJ8Y6GZ37Y6UN7C.pcm /Users/builder/clone/build/ModuleCache.noindex/BackgroundAssets-4L8K9PCT7QBMOCIQYS3DDT95B.pcm /Users/builder/clone/build/ModuleCache.noindex/CoreText-31JI8H8TNAKKRE4OOY1XBI0EE.pcm /Users/builder/clone/build/ModuleCache.noindex/DataDetection-QZCUY58ELATMPGLV3YTCHC3Q.pcm /Users/builder/clone/build/ModuleCache.noindex/ObjectiveC-5B0MBDYIVRE8T5RMG8FSUAJAC.pcm /Users/builder/clone/build/ModuleCache.noindex/OpenGLES-4WHAPQZ50BKGVGRE57NIPC1Q3.pcm /Users/builder/clone/build/Build/Intermediates.noindex/DesignSystem.build/Release-iphoneos/DesignSystem.build/Objects-normal/arm64/DesignSystem-dependencies-1.json (in target 'DesignSystem' from project 'DesignSystem')\n\nCompileSwift normal arm64 (in target 'DesignSystem' from project 'DesignSystem')\n    cd /Users/builder/clone/IceCubesApp.xcodeproj\n    \n\nSwiftDriver\\ Compilation DesignSystem normal arm64 com.apple.xcode.tools.swift.compiler (in target 'DesignSystem' from project 'DesignSystem')\n    cd /Users/builder/clone/IceCubesApp.xcodeproj\n    builtin-Swift-Compilation -- /Applications/Xcode-26.4.app/Contents/Developer/Toolchains/XcodeDefault.xctoolchain/usr/bin/swiftc -module-name DesignSystem -O -whole-module-optimization @/Users/builder/clone/build/Build/Intermediates.noindex/DesignSystem.build/Release-iphoneos/DesignSystem.build/Objects-normal/arm64/DesignSystem.SwiftFileList -DSWIFT_PACKAGE -DSWIFT_MODULE_RESOURCE_BUNDLE_AVAILABLE -DXcode -default-isolation MainActor -plugin-path /Applications/Xcode-26.4.app/Contents/Developer/Toolchains/XcodeDefault.xctoolchain/usr/lib/swift/host/plugins/testing -enable-experimental-feature DebugDescriptionMacro -sdk /Applications/Xcode-26.4.app/Contents/Developer/Platforms/iPhoneOS.platform/Developer/SDKs/iPhoneOS26.4.sdk -target arm64-apple-ios18.0 -g -module-cache-path /Users/builder/clone/build/ModuleCache.noindex -Xfrontend -serialize-debugging-options -swift-version 6 -I /Users/builder/clone/build/Build/Products/Release-iphoneos -Isystem /Applications/Xcode-26.4.app/Contents/Developer/Platforms/iPhoneOS.platform/Developer/usr/lib -F /Users/builder/clone/build/Build/Products/Release-iphoneos/PackageFrameworks -F /Users/builder/clone/build/Build/Products/Release-iphoneos/PackageFrameworks -F /Users/builder/clone/build/Build/Products/Release-iphoneos/PackageFrameworks -F /Users/builder/clone/build/Build/Products/Release-iphoneos/PackageFrameworks -F /Users/builder/clone/build/Build/Products/Release-iphoneos/PackageFrameworks -F /Users/builder/clone/build/Build/Products/Release-iphoneos/PackageFrameworks -F /Users/builder/clone/build/Build/Products/Release-iphoneos/PackageFrameworks -F /Users/builder/clone/build/Build/Products/Release-iphoneos/PackageFrameworks -F /Users/builder/clone/build/Build/Products/Release-iphoneos/PackageFrameworks -F /Users/builder/clone/build/Build/Products/Release-iphoneos/PackageFrameworks -F /Users/builder/clone/build/Build/Products/Release-iphoneos/PackageFrameworks -F /Users/builder/clone/build/Build/Products/Release-iphoneos/PackageFrameworks -F /Users/builder/clone/build/Build/Products/Release-iphoneos/PackageFrameworks -F /Users/builder/clone/build/Build/Products/Release-iphoneos/PackageFrameworks -F /Users/builder/clone/build/Build/Products/Release-iphoneos -F /Applications/Xcode-26.4.app/Contents/Developer/Platforms/iPhoneOS.platform/Developer/Library/Frameworks -F /Applications/Xcode-26.4.app/Contents/Developer/Platforms/iPhoneOS.platform/Developer/SDKs/iPhoneOS26.4.sdk/Developer/Library/Frameworks -emit-localized-strings -emit-localized-strings-path /Users/builder/clone/build/Build/Intermediates.noindex/DesignSystem.build/Release-iphoneos/DesignSystem.build/Objects-normal/arm64 -c -num-threads 3 -Xcc -ivfsstatcache -Xcc /Users/builder/clone/build/SDKStatCaches.noindex/iphoneos26.4-23E252-dc38477e7e47e42951976ad86cc01fb3.sdkstatcache -output-file-map /Users/builder/clone/build/Build/Intermediates.noindex/DesignSystem.build/Release-iphoneos/DesignSystem.build/Objects-normal/arm64/DesignSystem-OutputFileMap.json -use-frontend-parseable-output -save-temps -no-color-diagnostics -explicit-module-build -module-cache-path /Users/builder/clone/build/Build/Intermediates.noindex/SwiftExplicitPrecompiledModules -clang-scanner-module-cache-path /Users/builder/clone/build/ModuleCache.noindex -sdk-module-cache-path /Users/builder/clone/build/ModuleCache.noindex -serialize-diagnostics -emit-dependencies -emit-module -emit-module-path /Users/builder/clone/build/Build/Intermediates.noindex/DesignSystem.build/Release-iphoneos/DesignSystem.build/Objects-normal/arm64/DesignSystem.swiftmodule -validate-clang-modules-once -clang-build-session-file /Users/builder/clone/build/ModuleCache.noindex/Session.modulevalidation -package-name designsystem -Xcc -I/Users/builder/clone/build/Build/Intermediates.noindex/DesignSystem.build/Release-iphoneos/DesignSystem.build/swift-overrides.hmap -emit-const-values -Xfrontend -const-gather-protocols-file -Xfrontend /Users/builder/clone/build/Build/Intermediates.noindex/DesignSystem.build/Release-iphoneos/DesignSystem.build/Objects-normal/arm64/DesignSystem_const_extract_protocols.json -Xcc -I/Users/builder/clone/build/SourcePackages/checkouts/swift-cmark/src/include -Xcc -I/Users/builder/clone/build/SourcePackages/checkouts/swift-cmark/extensions/include -Xcc -I/Users/builder/clone/build/SourcePackages/checkouts/swift-markdown/Sources/CAtomic/include -Xcc -I/Users/builder/clone/build/Build/Products/Release-iphoneos/include -Xcc -I/Users/builder/clone/build/Build/Intermediates.noindex/DesignSystem.build/Release-iphoneos/DesignSystem.build/DerivedSources-normal/arm64 -Xcc -I/Users/builder/clone/build/Build/Intermediates.noindex/DesignSystem.build/Release-iphoneos/DesignSystem.build/DerivedSources/arm64 -Xcc -I/Users/builder/clone/build/Build/Intermediates.noindex/DesignSystem.build/Release-iphoneos/DesignSystem.build/DerivedSources -Xcc -DSWIFT_PACKAGE -emit-objc-header -emit-objc-header-path /Users/builder/clone/build/Build/Intermediates.noindex/DesignSystem.build/Release-iphoneos/DesignSystem.build/Objects-normal/arm64/DesignSystem-Swift.h -working-directory /Users/builder/clone/IceCubesApp.xcodeproj -no-emit-module-separately-wmo\n\nSwiftDriverJobDiscovery normal arm64 Compiling resource_bundle_accessor.swift, AccountExt.swift, CardBackgroundModifier.swift, ColorSet.swift, ConditionalModifier.swift, DesignSystem.swift, Font.swift, Colors.swift, SFSymbols.swift, SceneDelegate.swift, Theme.swift, ThemeApplier.swift, ThemeStorage.swift, CancelToolbarItem.swift, CloseToolbarItem.swift, AccountPopoverView.swift, AvatarView.swift, EmojiText.swift, ErrorView.swift, FollowRequestButtons.swift, GifView.swift, LazyResizableImage.swift, NextPageView.swift, PlaceholderView.swift, ScrollToView.swift, StatusEditorToolbarItem.swift, TagChartView.swift, TagRowView.swift, ThemePreviewView.swift, ToastOverlayView.swift, GeneratedAssetSymbols.swift (in target 'DesignSystem' from project 'DesignSystem')\n\nSwiftDriver\\ Compilation\\ Requirements DesignSystem normal arm64 com.apple.xcode.tools.swift.compiler (in target 'DesignSystem' from project 'DesignSystem')\n    cd /Users/builder/clone/IceCubesApp.xcodeproj\n    builtin-Swift-Compilation-Requirements -- /Applications/Xcode-26.4.app/Contents/Developer/Toolchains/XcodeDefault.xctoolchain/usr/bin/swiftc -module-name DesignSystem -O -whole-module-optimization @/Users/builder/clone/build/Build/Intermediates.noindex/DesignSystem.build/Release-iphoneos/DesignSystem.build/Objects-normal/arm64/DesignSystem.SwiftFileList -DSWIFT_PACKAGE -DSWIFT_MODULE_RESOURCE_BUNDLE_AVAILABLE -DXcode -default-isolation MainActor -plugin-path /Applications/Xcode-26.4.app/Contents/Developer/Toolchains/XcodeDefault.xctoolchain/usr/lib/swift/host/plugins/testing -enable-experimental-feature DebugDescriptionMacro -sdk /Applications/Xcode-26.4.app/Contents/Developer/Platforms/iPhoneOS.platform/Developer/SDKs/iPhoneOS26.4.sdk -target arm64-apple-ios18.0 -g -module-cache-path /Users/builder/clone/build/ModuleCache.noindex -Xfrontend -serialize-debugging-options -swift-version 6 -I /Users/builder/clone/build/Build/Products/Release-iphoneos -Isystem /Applications/Xcode-26.4.app/Contents/Developer/Platforms/iPhoneOS.platform/Developer/usr/lib -F /Users/builder/clone/build/Build/Products/Release-iphoneos/PackageFrameworks -F /Users/builder/clone/build/Build/Products/Release-iphoneos/PackageFrameworks -F /Users/builder/clone/build/Build/Products/Release-iphoneos/PackageFrameworks -F /Users/builder/clone/build/Build/Products/Release-iphoneos/PackageFrameworks -F /Users/builder/clone/build/Build/Products/Release-iphoneos/PackageFrameworks -F /Users/builder/clone/build/Build/Products/Release-iphoneos/PackageFrameworks -F /Users/builder/clone/build/Build/Products/Release-iphoneos/PackageFrameworks -F /Users/builder/clone/build/Build/Products/Release-iphoneos/PackageFrameworks -F /Users/builder/clone/build/Build/Products/Release-iphoneos/PackageFrameworks -F /Users/builder/clone/build/Build/Products/Release-iphoneos/PackageFrameworks -F /Users/builder/clone/build/Build/Products/Release-iphoneos/PackageFrameworks -F /Users/builder/clone/build/Build/Products/Release-iphoneos/PackageFrameworks -F /Users/builder/clone/build/Build/Products/Release-iphoneos/PackageFrameworks -F /Users/builder/clone/build/Build/Products/Release-iphoneos/PackageFrameworks -F /Users/builder/clone/build/Build/Products/Release-iphoneos -F /Applications/Xcode-26.4.app/Contents/Developer/Platforms/iPhoneOS.platform/Developer/Library/Frameworks -F /Applications/Xcode-26.4.app/Contents/Developer/Platforms/iPhoneOS.platform/Developer/SDKs/iPhoneOS26.4.sdk/Developer/Library/Frameworks -emit-localized-strings -emit-localized-strings-path /Users/builder/clone/build/Build/Intermediates.noindex/DesignSystem.build/Release-iphoneos/DesignSystem.build/Objects-normal/arm64 -c -num-threads 3 -Xcc -ivfsstatcache -Xcc /Users/builder/clone/build/SDKStatCaches.noindex/iphoneos26.4-23E252-dc38477e7e47e42951976ad86cc01fb3.sdkstatcache -output-file-map /Users/builder/clone/build/Build/Intermediates.noindex/DesignSystem.build/Release-iphoneos/DesignSystem.build/Objects-normal/arm64/DesignSystem-OutputFileMap.json -use-frontend-parseable-output -save-temps -no-color-diagnostics -explicit-module-build -module-cache-path /Users/builder/clone/build/Build/Intermediates.noindex/SwiftExplicitPrecompiledModules -clang-scanner-module-cache-path /Users/builder/clone/build/ModuleCache.noindex -sdk-module-cache-path /Users/builder/clone/build/ModuleCache.noindex -serialize-diagnostics -emit-dependencies -emit-module -emit-module-path /Users/builder/clone/build/Build/Intermediates.noindex/DesignSystem.build/Release-iphoneos/DesignSystem.build/Objects-normal/arm64/DesignSystem.swiftmodule -validate-clang-modules-once -clang-build-session-file /Users/builder/clone/build/ModuleCache.noindex/Session.modulevalidation -package-name designsystem -Xcc -I/Users/builder/clone/build/Build/Intermediates.noindex/DesignSystem.build/Release-iphoneos/DesignSystem.build/swift-overrides.hmap -emit-const-values -Xfrontend -const-gather-protocols-file -Xfrontend /Users/builder/clone/build/Build/Intermediates.noindex/DesignSystem.build/Release-iphoneos/DesignSystem.build/Objects-normal/arm64/DesignSystem_const_extract_protocols.json -Xcc -I/Users/builder/clone/build/SourcePackages/checkouts/swift-cmark/src/include -Xcc -I/Users/builder/clone/build/SourcePackages/checkouts/swift-cmark/extensions/include -Xcc -I/Users/builder/clone/build/SourcePackages/checkouts/swift-markdown/Sources/CAtomic/include -Xcc -I/Users/builder/clone/build/Build/Products/Release-iphoneos/include -Xcc -I/Users/builder/clone/build/Build/Intermediates.noindex/DesignSystem.build/Release-iphoneos/DesignSystem.build/DerivedSources-normal/arm64 -Xcc -I/Users/builder/clone/build/Build/Intermediates.noindex/DesignSystem.build/Release-iphoneos/DesignSystem.build/DerivedSources/arm64 -Xcc -I/Users/builder/clone/build/Build/Intermediates.noindex/DesignSystem.build/Release-iphoneos/DesignSystem.build/DerivedSources -Xcc -DSWIFT_PACKAGE -emit-objc-header -emit-objc-header-path /Users/builder/clone/build/Build/Intermediates.noindex/DesignSystem.build/Release-iphoneos/DesignSystem.build/Objects-normal/arm64/DesignSystem-Swift.h -working-directory /Users/builder/clone/IceCubesApp.xcodeproj -no-emit-module-separately-wmo\n\nSwiftMergeGeneratedHeaders /Users/builder/clone/build/Build/Intermediates.noindex/GeneratedModuleMaps-iphoneos/DesignSystem-Swift.h /Users/builder/clone/build/Build/Intermediates.noindex/DesignSystem.build/Release-iphoneos/DesignSystem.build/Objects-normal/arm64/DesignSystem-Swift.h (in target 'DesignSystem' from project 'DesignSystem')\n    cd /Users/builder/clone/Packages/DesignSystem\n    builtin-swiftHeaderTool -arch arm64 /Users/builder/clone/build/Build/Intermediates.noindex/DesignSystem.build/Release-iphoneos/DesignSystem.build/Objects-normal/arm64/DesignSystem-Swift.h -o /Users/builder/clone/build/Build/Intermediates.noindex/GeneratedModuleMaps-iphoneos/DesignSystem-Swift.h\n\nCopy /Users/builder/clone/build/Build/Products/Release-iphoneos/DesignSystem.swiftmodule/arm64-apple-ios.swiftmodule /Users/builder/clone/build/Build/Intermediates.noindex/DesignSystem.build/Release-iphoneos/DesignSystem.build/Objects-normal/arm64/DesignSystem.swiftmodule (in target 'DesignSystem' from project 'DesignSystem')\n    cd /Users/builder/clone/Packages/DesignSystem\n    builtin-copy -exclude .DS_Store -exclude CVS -exclude .svn -exclude .git -exclude .hg -strip-unsigned-binaries -strip-deterministic -strip-tool /Applications/Xcode-26.4.app/Contents/Developer/Toolchains/XcodeDefault.xctoolchain/usr/bin/strip -resolve-src-symlinks -rename /Users/builder/clone/build/Build/Intermediates.noindex/DesignSystem.build/Release-iphoneos/DesignSystem.build/Objects-normal/arm64/DesignSystem.swiftmodule /Users/builder/clone/build/Build/Products/Release-iphoneos/DesignSystem.swiftmodule/arm64-apple-ios.swiftmodule\n\nCopy /Users/builder/clone/build/Build/Products/Release-iphoneos/DesignSystem.swiftmodule/arm64-apple-ios.swiftdoc /Users/builder/clone/build/Build/Intermediates.noindex/DesignSystem.build/Release-iphoneos/DesignSystem.build/Objects-normal/arm64/DesignSystem.swiftdoc (in target 'DesignSystem' from project 'DesignSystem')\n    cd /Users/builder/clone/Packages/DesignSystem\n    builtin-copy -exclude .DS_Store -exclude CVS -exclude .svn -exclude .git -exclude .hg -strip-unsigned-binaries -strip-deterministic -strip-tool /Applications/Xcode-26.4.app/Contents/Developer/Toolchains/XcodeDefault.xctoolchain/usr/bin/strip -resolve-src-symlinks -rename /Users/builder/clone/build/Build/Intermediates.noindex/DesignSystem.build/Release-iphoneos/DesignSystem.build/Objects-normal/arm64/DesignSystem.swiftdoc /Users/builder/clone/build/Build/Products/Release-iphoneos/DesignSystem.swiftmodule/arm64-apple-ios.swiftdoc\n\nCopy /Users/builder/clone/build/Build/Products/Release-iphoneos/DesignSystem.swiftmodule/arm64-apple-ios.abi.json /Users/builder/clone/build/Build/Intermediates.noindex/DesignSystem.build/Release-iphoneos/DesignSystem.build/Objects-normal/arm64/DesignSystem.abi.json (in target 'DesignSystem' from project 'DesignSystem')\n    cd /Users/builder/clone/Packages/DesignSystem\n    builtin-copy -exclude .DS_Store -exclude CVS -exclude .svn -exclude .git -exclude .hg -strip-unsigned-binaries -strip-deterministic -strip-tool /Applications/Xcode-26.4.app/Contents/Developer/Toolchains/XcodeDefault.xctoolchain/usr/bin/strip -resolve-src-symlinks -rename /Users/builder/clone/build/Build/Intermediates.noindex/DesignSystem.build/Release-iphoneos/DesignSystem.build/Objects-normal/arm64/DesignSystem.abi.json /Users/builder/clone/build/Build/Products/Release-iphoneos/DesignSystem.swiftmodule/arm64-apple-ios.abi.json\n\nCopy /Users/builder/clone/build/Build/Products/Release-iphoneos/DesignSystem.swiftmodule/Project/arm64-apple-ios.swiftsourceinfo /Users/builder/clone/build/Build/Intermediates.noindex/DesignSystem.build/Release-iphoneos/DesignSystem.build/Objects-normal/arm64/DesignSystem.swiftsourceinfo (in target 'DesignSystem' from project 'DesignSystem')\n    cd /Users/builder/clone/Packages/DesignSystem\n    builtin-copy -exclude .DS_Store -exclude CVS -exclude .svn -exclude .git -exclude .hg -strip-unsigned-binaries -strip-deterministic -strip-tool /Applications/Xcode-26.4.app/Contents/Developer/Toolchains/XcodeDefault.xctoolchain/usr/bin/strip -resolve-src-symlinks -rename /Users/builder/clone/build/Build/Intermediates.noindex/DesignSystem.build/Release-iphoneos/DesignSystem.build/Objects-normal/arm64/DesignSystem.swiftsourceinfo /Users/builder/clone/build/Build/Products/Release-iphoneos/DesignSystem.swiftmodule/Project/arm64-apple-ios.swiftsourceinfo\n\nLd /Users/builder/clone/build/Build/Products/Release-iphoneos/DesignSystem.o normal (in target 'DesignSystem' from project 'DesignSystem')\n    cd /Users/builder/clone/Packages/DesignSystem\n    /Applications/Xcode-26.4.app/Contents/Developer/Toolchains/XcodeDefault.xctoolchain/usr/bin/clang -Xlinker -reproducible -target arm64-apple-ios18.0 -r -isysroot /Applications/Xcode-26.4.app/Contents/Developer/Platforms/iPhoneOS.platform/Developer/SDKs/iPhoneOS26.4.sdk -Os -F/Users/builder/clone/build/Build/Intermediates.noindex/EagerLinkingTBDs/Release-iphoneos -F/Users/builder/clone/build/Build/Products/Release-iphoneos/PackageFrameworks -F/Users/builder/clone/build/Build/Products/Release-iphoneos/PackageFrameworks -F/Users/builder/clone/build/Build/Products/Release-iphoneos/PackageFrameworks -F/Users/builder/clone/build/Build/Products/Release-iphoneos/PackageFrameworks -F/Users/builder/clone/build/Build/Products/Release-iphoneos/PackageFrameworks -F/Users/builder/clone/build/Build/Products/Release-iphoneos/PackageFrameworks -F/Users/builder/clone/build/Build/Products/Release-iphoneos/PackageFrameworks -F/Users/builder/clone/build/Build/Products/Release-iphoneos/PackageFrameworks -F/Users/builder/clone/build/Build/Products/Release-iphoneos/PackageFrameworks -F/Users/builder/clone/build/Build/Products/Release-iphoneos/PackageFrameworks -F/Users/builder/clone/build/Build/Products/Release-iphoneos/PackageFrameworks -F/Users/builder/clone/build/Build/Products/Release-iphoneos/PackageFrameworks -F/Users/builder/clone/build/Build/Products/Release-iphoneos/PackageFrameworks -F/Users/builder/clone/build/Build/Products/Release-iphoneos/PackageFrameworks -F/Users/builder/clone/build/Build/Products/Release-iphoneos -iframework /Applications/Xcode-26.4.app/Contents/Developer/Platforms/iPhoneOS.platform/Developer/Library/Frameworks -iframework /Applications/Xcode-26.4.app/Contents/Developer/Platforms/iPhoneOS.platform/Developer/SDKs/iPhoneOS26.4.sdk/Developer/Library/Frameworks -filelist /Users/builder/clone/build/Build/Intermediates.noindex/DesignSystem.build/Release-iphoneos/DesignSystem.build/Objects-normal/arm64/DesignSystem.LinkFileList -nostdlib -Xlinker -object_path_lto -Xlinker /Users/builder/clone/build/Build/Intermediates.noindex/DesignSystem.build/Release-iphoneos/DesignSystem.build/Objects-normal/arm64/DesignSystem_lto.o -Xlinker -dependency_info -Xlinker /Users/builder/clone/build/Build/Intermediates.noindex/DesignSystem.build/Release-iphoneos/DesignSystem.build/Objects-normal/arm64/DesignSystem_dependency_info.dat -fobjc-link-runtime -L/Applications/Xcode-26.4.app/Contents/Developer/Toolchains/XcodeDefault.xctoolchain/usr/lib/swift/iphoneos -L/usr/lib/swift -Xlinker -add_ast_path -Xlinker /Users/builder/clone/build/Build/Intermediates.noindex/DesignSystem.build/Release-iphoneos/DesignSystem.build/Objects-normal/arm64/DesignSystem.swiftmodule @/Users/builder/clone/build/Build/Intermediates.noindex/DesignSystem.build/Release-iphoneos/DesignSystem.build/Objects-normal/arm64/DesignSystem-linker-args.resp -o /Users/builder/clone/build/Build/Products/Release-iphoneos/DesignSystem.o\n\nSwiftDriver MediaUI normal arm64 com.apple.xcode.tools.swift.compiler (in target 'MediaUI' from project 'MediaUI')\n    cd /Users/builder/clone/IceCubesApp.xcodeproj\n    builtin-SwiftDriver -- /Applications/Xcode-26.4.app/Contents/Developer/Toolchains/XcodeDefault.xctoolchain/usr/bin/swiftc -module-name MediaUI -O -whole-module-optimization @/Users/builder/clone/build/Build/Intermediates.noindex/MediaUI.build/Release-iphoneos/MediaUI.build/Objects-normal/arm64/MediaUI.SwiftFileList -DSWIFT_PACKAGE -DSWIFT_MODULE_RESOURCE_BUNDLE_UNAVAILABLE -DXcode -default-isolation MainActor -plugin-path /Applications/Xcode-26.4.app/Contents/Developer/Toolchains/XcodeDefault.xctoolchain/usr/lib/swift/host/plugins/testing -enable-experimental-feature DebugDescriptionMacro -sdk /Applications/Xcode-26.4.app/Contents/Developer/Platforms/iPhoneOS.platform/Developer/SDKs/iPhoneOS26.4.sdk -target arm64-apple-ios18.0 -g -module-cache-path /Users/builder/clone/build/ModuleCache.noindex -Xfrontend -serialize-debugging-options -swift-version 6 -I /Users/builder/clone/build/Build/Products/Release-iphoneos -Isystem /Applications/Xcode-26.4.app/Contents/Developer/Platforms/iPhoneOS.platform/Developer/usr/lib -F /Users/builder/clone/build/Build/Products/Release-iphoneos/PackageFrameworks -F /Users/builder/clone/build/Build/Products/Release-iphoneos/PackageFrameworks -F /Users/builder/clone/build/Build/Products/Release-iphoneos/PackageFrameworks -F /Users/builder/clone/build/Build/Products/Release-iphoneos/PackageFrameworks -F /Users/builder/clone/build/Build/Products/Release-iphoneos/PackageFrameworks -F /Users/builder/clone/build/Build/Products/Release-iphoneos/PackageFrameworks -F /Users/builder/clone/build/Build/Products/Release-iphoneos/PackageFrameworks -F /Users/builder/clone/build/Build/Products/Release-iphoneos/PackageFrameworks -F /Users/builder/clone/build/Build/Products/Release-iphoneos/PackageFrameworks -F /Users/builder/clone/build/Build/Products/Release-iphoneos/PackageFrameworks -F /Users/builder/clone/build/Build/Products/Release-iphoneos/PackageFrameworks -F /Users/builder/clone/build/Build/Products/Release-iphoneos/PackageFrameworks -F /Users/builder/clone/build/Build/Products/Release-iphoneos/PackageFrameworks -F /Users/builder/clone/build/Build/Products/Release-iphoneos/PackageFrameworks -F /Users/builder/clone/build/Build/Products/Release-iphoneos/PackageFrameworks -F /Users/builder/clone/build/Build/Products/Release-iphoneos -F /Applications/Xcode-26.4.app/Contents/Developer/Platforms/iPhoneOS.platform/Developer/Library/Frameworks -F /Applications/Xcode-26.4.app/Contents/Developer/Platforms/iPhoneOS.platform/Developer/SDKs/iPhoneOS26.4.sdk/Developer/Library/Frameworks -emit-localized-strings -emit-localized-strings-path /Users/builder/clone/build/Build/Intermediates.noindex/MediaUI.build/Release-iphoneos/MediaUI.build/Objects-normal/arm64 -c -num-threads 3 -Xcc -ivfsstatcache -Xcc /Users/builder/clone/build/SDKStatCaches.noindex/iphoneos26.4-23E252-dc38477e7e47e42951976ad86cc01fb3.sdkstatcache -output-file-map /Users/builder/clone/build/Build/Intermediates.noindex/MediaUI.build/Release-iphoneos/MediaUI.build/Objects-normal/arm64/MediaUI-OutputFileMap.json -use-frontend-parseable-output -save-temps -no-color-diagnostics -explicit-module-build -module-cache-path /Users/builder/clone/build/Build/Intermediates.noindex/SwiftExplicitPrecompiledModules -clang-scanner-module-cache-path /Users/builder/clone/build/ModuleCache.noindex -sdk-module-cache-path /Users/builder/clone/build/ModuleCache.noindex -serialize-diagnostics -emit-dependencies -emit-module -emit-module-path /Users/builder/clone/build/Build/Intermediates.noindex/MediaUI.build/Release-iphoneos/MediaUI.build/Objects-normal/arm64/MediaUI.swiftmodule -validate-clang-modules-once -clang-build-session-file /Users/builder/clone/build/ModuleCache.noindex/Session.modulevalidation -package-name mediaui -Xcc -I/Users/builder/clone/build/Build/Intermediates.noindex/MediaUI.build/Release-iphoneos/MediaUI.build/swift-overrides.hmap -emit-const-values -Xfrontend -const-gather-protocols-file -Xfrontend /Users/builder/clone/build/Build/Intermediates.noindex/MediaUI.build/Release-iphoneos/MediaUI.build/Objects-normal/arm64/MediaUI_const_extract_protocols.json -Xcc -I/Users/builder/clone/build/SourcePackages/checkouts/swift-cmark/src/include -Xcc -I/Users/builder/clone/build/SourcePackages/checkouts/swift-cmark/extensions/include -Xcc -I/Users/builder/clone/build/SourcePackages/checkouts/swift-markdown/Sources/CAtomic/include -Xcc -I/Users/builder/clone/build/Build/Products/Release-iphoneos/include -Xcc -I/Users/builder/clone/build/Build/Intermediates.noindex/MediaUI.build/Release-iphoneos/MediaUI.build/DerivedSources-normal/arm64 -Xcc -I/Users/builder/clone/build/Build/Intermediates.noindex/MediaUI.build/Release-iphoneos/MediaUI.build/DerivedSources/arm64 -Xcc -I/Users/builder/clone/build/Build/Intermediates.noindex/MediaUI.build/Release-iphoneos/MediaUI.build/DerivedSources -Xcc -DSWIFT_PACKAGE -emit-objc-header -emit-objc-header-path /Users/builder/clone/build/Build/Intermediates.noindex/MediaUI.build/Release-iphoneos/MediaUI.build/Objects-normal/arm64/MediaUI-Swift.h -working-directory /Users/builder/clone/IceCubesApp.xcodeproj -no-emit-module-separately-wmo\n\nSwiftDriver AppAccount normal arm64 com.apple.xcode.tools.swift.compiler (in target 'AppAccount' from project 'AppAccount')\n    cd /Users/builder/clone/IceCubesApp.xcodeproj\n    builtin-SwiftDriver -- /Applications/Xcode-26.4.app/Contents/Developer/Toolchains/XcodeDefault.xctoolchain/usr/bin/swiftc -module-name AppAccount -O -whole-module-optimization @/Users/builder/clone/build/Build/Intermediates.noindex/AppAccount.build/Release-iphoneos/AppAccount.build/Objects-normal/arm64/AppAccount.SwiftFileList -DSWIFT_PACKAGE -DSWIFT_MODULE_RESOURCE_BUNDLE_UNAVAILABLE -DXcode -plugin-path /Applications/Xcode-26.4.app/Contents/Developer/Toolchains/XcodeDefault.xctoolchain/usr/lib/swift/host/plugins/testing -enable-experimental-feature DebugDescriptionMacro -sdk /Applications/Xcode-26.4.app/Contents/Developer/Platforms/iPhoneOS.platform/Developer/SDKs/iPhoneOS26.4.sdk -target arm64-apple-ios18.0 -g -module-cache-path /Users/builder/clone/build/ModuleCache.noindex -Xfrontend -serialize-debugging-options -swift-version 6 -I /Users/builder/clone/build/Build/Products/Release-iphoneos -Isystem /Applications/Xcode-26.4.app/Contents/Developer/Platforms/iPhoneOS.platform/Developer/usr/lib -F /Users/builder/clone/build/Build/Products/Release-iphoneos/PackageFrameworks -F /Users/builder/clone/build/Build/Products/Release-iphoneos/PackageFrameworks -F /Users/builder/clone/build/Build/Products/Release-iphoneos/PackageFrameworks -F /Users/builder/clone/build/Build/Products/Release-iphoneos/PackageFrameworks -F /Users/builder/clone/build/Build/Products/Release-iphoneos/PackageFrameworks -F /Users/builder/clone/build/Build/Products/Release-iphoneos/PackageFrameworks -F /Users/builder/clone/build/Build/Products/Release-iphoneos/PackageFrameworks -F /Users/builder/clone/build/Build/Products/Release-iphoneos/PackageFrameworks -F /Users/builder/clone/build/Build/Products/Release-iphoneos/PackageFrameworks -F /Users/builder/clone/build/Build/Products/Release-iphoneos/PackageFrameworks -F /Users/builder/clone/build/Build/Products/Release-iphoneos/PackageFrameworks -F /Users/builder/clone/build/Build/Products/Release-iphoneos/PackageFrameworks -F /Users/builder/clone/build/Build/Products/Release-iphoneos/PackageFrameworks -F /Users/builder/clone/build/Build/Products/Release-iphoneos/PackageFrameworks -F /Users/builder/clone/build/Build/Products/Release-iphoneos/PackageFrameworks -F /Users/builder/clone/build/Build/Products/Release-iphoneos -F /Applications/Xcode-26.4.app/Contents/Developer/Platforms/iPhoneOS.platform/Developer/Library/Frameworks -F /Applications/Xcode-26.4.app/Contents/Developer/Platforms/iPhoneOS.platform/Developer/SDKs/iPhoneOS26.4.sdk/Developer/Library/Frameworks -emit-localized-strings -emit-localized-strings-path /Users/builder/clone/build/Build/Intermediates.noindex/AppAccount.build/Release-iphoneos/AppAccount.build/Objects-normal/arm64 -c -num-threads 3 -Xcc -ivfsstatcache -Xcc /Users/builder/clone/build/SDKStatCaches.noindex/iphoneos26.4-23E252-dc38477e7e47e42951976ad86cc01fb3.sdkstatcache -output-file-map /Users/builder/clone/build/Build/Intermediates.noindex/AppAccount.build/Release-iphoneos/AppAccount.build/Objects-normal/arm64/AppAccount-OutputFileMap.json -use-frontend-parseable-output -save-temps -no-color-diagnostics -explicit-module-build -module-cache-path /Users/builder/clone/build/Build/Intermediates.noindex/SwiftExplicitPrecompiledModules -clang-scanner-module-cache-path /Users/builder/clone/build/ModuleCache.noindex -sdk-module-cache-path /Users/builder/clone/build/ModuleCache.noindex -serialize-diagnostics -emit-dependencies -emit-module -emit-module-path /Users/builder/clone/build/Build/Intermediates.noindex/AppAccount.build/Release-iphoneos/AppAccount.build/Objects-normal/arm64/AppAccount.swiftmodule -validate-clang-modules-once -clang-build-session-file /Users/builder/clone/build/ModuleCache.noindex/Session.modulevalidation -package-name appaccount -Xcc -I/Users/builder/clone/build/Build/Intermediates.noindex/AppAccount.build/Release-iphoneos/AppAccount.build/swift-overrides.hmap -emit-const-values -Xfrontend -const-gather-protocols-file -Xfrontend /Users/builder/clone/build/Build/Intermediates.noindex/AppAccount.build/Release-iphoneos/AppAccount.build/Objects-normal/arm64/AppAccount_const_extract_protocols.json -Xcc -I/Users/builder/clone/build/SourcePackages/checkouts/swift-cmark/src/include -Xcc -I/Users/builder/clone/build/SourcePackages/checkouts/swift-cmark/extensions/include -Xcc -I/Users/builder/clone/build/SourcePackages/checkouts/swift-markdown/Sources/CAtomic/include -Xcc -I/Users/builder/clone/build/Build/Products/Release-iphoneos/include -Xcc -I/Users/builder/clone/build/Build/Intermediates.noindex/AppAccount.build/Release-iphoneos/AppAccount.build/DerivedSources-normal/arm64 -Xcc -I/Users/builder/clone/build/Build/Intermediates.noindex/AppAccount.build/Release-iphoneos/AppAccount.build/DerivedSources/arm64 -Xcc -I/Users/builder/clone/build/Build/Intermediates.noindex/AppAccount.build/Release-iphoneos/AppAccount.build/DerivedSources -Xcc -DSWIFT_PACKAGE -emit-objc-header -emit-objc-header-path /Users/builder/clone/build/Build/Intermediates.noindex/AppAccount.build/Release-iphoneos/AppAccount.build/Objects-normal/arm64/AppAccount-Swift.h -working-directory /Users/builder/clone/IceCubesApp.xcodeproj -no-emit-module-separately-wmo\n\nExtractAppIntentsMetadata (in target 'DesignSystem' from project 'DesignSystem')\n    cd /Users/builder/clone/Packages/DesignSystem\n    /Applications/Xcode-26.4.app/Contents/Developer/Toolchains/XcodeDefault.xctoolchain/usr/bin/appintentsmetadataprocessor --toolchain-dir /Applications/Xcode-26.4.app/Contents/Developer/Toolchains/XcodeDefault.xctoolchain --module-name DesignSystem --sdk-root /Applications/Xcode-26.4.app/Contents/Developer/Platforms/iPhoneOS.platform/Developer/SDKs/iPhoneOS26.4.sdk --xcode-version 17E202 --platform-family iOS --deployment-target 18.0 --bundle-identifier designsystem.DesignSystem --output /Users/builder/clone/build/Build/Products/Release-iphoneos/DesignSystem.appintents --target-triple arm64-apple-ios18.0 --binary-file /Users/builder/clone/build/Build/Products/Release-iphoneos/DesignSystem.o --dependency-file /Users/builder/clone/build/Build/Intermediates.noindex/DesignSystem.build/Release-iphoneos/DesignSystem.build/Objects-normal/arm64/DesignSystem_dependency_info.dat --stringsdata-file /Users/builder/clone/build/Build/Intermediates.noindex/DesignSystem.build/Release-iphoneos/DesignSystem.build/Objects-normal/arm64/ExtractedAppShortcutsMetadata.stringsdata --source-file-list /Users/builder/clone/build/Build/Intermediates.noindex/DesignSystem.build/Release-iphoneos/DesignSystem.build/Objects-normal/arm64/DesignSystem.SwiftFileList --metadata-file-list /Users/builder/clone/build/Build/Intermediates.noindex/DesignSystem.build/Release-iphoneos/DesignSystem.build/DesignSystem.DependencyMetadataFileList --static-metadata-file-list /Users/builder/clone/build/Build/Intermediates.noindex/DesignSystem.build/Release-iphoneos/DesignSystem.build/DesignSystem.DependencyStaticMetadataFileList --swift-const-vals-list /Users/builder/clone/build/Build/Intermediates.noindex/DesignSystem.build/Release-iphoneos/DesignSystem.build/Objects-normal/arm64/DesignSystem.SwiftConstValuesFileList --force --compile-time-extraction --deployment-aware-processing --validate-assistant-intents --no-app-shortcuts-localization\n2026-09-05 04:20:51.095 appintentsmetadataprocessor[2419:18774] Starting appintentsmetadataprocessor export\n2026-09-05 04:20:51.108 appintentsmetadataprocessor[2419:18774] Extracted no relevant App Intents symbols, skipping writing output\n\nRegisterExecutionPolicyException /Users/builder/clone/build/Build/Products/Release-iphoneos/DesignSystem.o (in target 'DesignSystem' from project 'DesignSystem')\n    cd /Users/builder/clone/Packages/DesignSystem\n    builtin-RegisterExecutionPolicyException /Users/builder/clone/build/Build/Products/Release-iphoneos/DesignSystem.o\n\nSwiftCompile normal arm64 Compiling\\ AppAccount.swift,\\ AppAccountView.swift,\\ AppAccountViewModel.swift,\\ AppAccountsManager.swift,\\ AppAccountsSelectorView.swift /Users/builder/clone/Packages/AppAccount/Sources/AppAccount/AppAccount.swift /Users/builder/clone/Packages/AppAccount/Sources/AppAccount/AppAccountView.swift /Users/builder/clone/Packages/AppAccount/Sources/AppAccount/AppAccountViewModel.swift /Users/builder/clone/Packages/AppAccount/Sources/AppAccount/AppAccountsManager.swift /Users/builder/clone/Packages/AppAccount/Sources/AppAccount/AppAccountsSelectorView.swift /Applications/Xcode-26.4.app/Contents/Developer/Toolchains/XcodeDefault.xctoolchain/usr/lib/swift/iphoneos/prebuilt-modules/26.4/DeveloperToolsSupport.swiftmodule/arm64e-apple-ios.swiftmodule /Applications/Xcode-26.4.app/Contents/Developer/Toolchains/XcodeDefault.xctoolchain/usr/lib/swift/iphoneos/prebuilt-modules/26.4/Charts.swiftmodule/arm64e-apple-ios.swiftmodule /Users/builder/clone/build/Build/Products/Release-iphoneos/TelemetryDeck.swiftmodule/arm64-apple-ios.swiftmodule /Applications/Xcode-26.4.app/Contents/Developer/Toolchains/XcodeDefault.xctoolchain/usr/lib/swift/iphoneos/prebuilt-modules/26.4/CoreImage.swiftmodule/arm64e-apple-ios.swiftmodule /Applications/Xcode-26.4.app/Contents/Developer/Toolchains/XcodeDefault.xctoolchain/usr/lib/swift/iphoneos/prebuilt-modules/26.4/LightweightCodeRequirements.swiftmodule/arm64e-apple-ios.swiftmodule /Applications/Xcode-26.4.app/Contents/Developer/Toolchains/XcodeDefault.xctoolchain/usr/lib/swift/iphoneos/prebuilt-modules/26.4/SwiftUICore.swiftmodule/arm64e-apple-ios.swiftmodule /Applications/Xcode-26.4.app/Contents/Developer/Toolchains/XcodeDefault.xctoolchain/usr/lib/swift/iphoneos/prebuilt-modules/26.4/ExtensionFoundation.swiftmodule/arm64e-apple-ios.swiftmodule /Applications/Xcode-26.4.app/Contents/Developer/Toolchains/XcodeDefault.xctoolchain/usr/lib/swift/iphoneos/prebuilt-modules/26.4/CoreMIDI.swiftmodule/arm64e-apple-ios.swiftmodule /Applications/Xcode-26.4.app/Contents/Developer/Toolchains/XcodeDefault.xctoolchain/usr/lib/swift/iphoneos/prebuilt-modules/26.4/UIKit.swiftmodule/arm64e-apple-ios.swiftmodule /Users/builder/clone/build/Build/Products/Release-iphoneos/Models.swiftmodule/arm64-apple-ios.swiftmodule /Applications/Xcode-26.4.app/Contents/Developer/Toolchains/XcodeDefault.xctoolchain/usr/lib/swift/iphoneos/prebuilt-modules/26.4/Combine.swiftmodule/arm64e-apple-ios.swiftmodule /Applications/Xcode-26.4.app/Contents/Developer/Toolchains/XcodeDefault.xctoolchain/usr/lib/swift/iphoneos/prebuilt-modules/26.4/QuickLook.swiftmodule/arm64e-apple-ios.swiftmodule /Applications/Xcode-26.4.app/Contents/Developer/Toolchains/XcodeDefault.xctoolchain/usr/lib/swift/iphoneos/prebuilt-modules/26.4/OSLog.swiftmodule/arm64e-apple-ios.swiftmodule /Applications/Xcode-26.4.app/Contents/Developer/Toolchains/XcodeDefault.xctoolchain/usr/lib/swift/iphoneos/prebuilt-modules/26.4/simd.swiftmodule/arm64e-apple-ios.swiftmodule /Applications/Xcode-26.4.app/Contents/Developer/Toolchains/XcodeDefault.xctoolchain/usr/lib/swift/iphoneos/prebuilt-modules/26.4/Swift.swiftmodule/arm64e-apple-ios.swiftmodule /Applications/Xcode-26.4.app/Contents/Developer/Toolchains/XcodeDefault.xctoolchain/usr/lib/swift/iphoneos/prebuilt-modules/26.4/ObjectiveC.swiftmodule/arm64e-apple-ios.swiftmodule /Applications/Xcode-26.4.app/Contents/Developer/Toolchains/XcodeDefault.xctoolchain/usr/lib/swift/iphoneos/prebuilt-modules/26.4/_QuickLook_SwiftUI.swiftmodule/arm64e-apple-ios.swiftmodule /Applications/Xcode-26.4.app/Contents/Developer/Toolchains/XcodeDefault.xctoolchain/usr/lib/swift/iphoneos/prebuilt-modules/26.4/Accelerate.swiftmodule/arm64e-apple-ios.swiftmodule /Applications/Xcode-26.4.app/Contents/Developer/Toolchains/XcodeDefault.xctoolchain/usr/lib/swift/iphoneos/prebuilt-modules/26.4/QuartzCore.swiftmodule/arm64e-apple-ios.swiftmodule /Applications/Xcode-26.4.app/Contents/Developer/Toolchains/XcodeDefault.xctoolchain/usr/lib/swift/iphoneos/prebuilt-modules/26.4/DataDetection.swiftmodule/arm64e-apple-ios.swiftmodule /Applications/Xcode-26.4.app/Contents/Developer/Toolchains/XcodeDefault.xctoolchain/usr/lib/swift/iphoneos/prebuilt-modules/26.4/Dispatch.swiftmodule/arm64e-apple-ios.swiftmodule /Applications/Xcode-26.4.app/Contents/Developer/Toolchains/XcodeDefault.xctoolchain/usr/lib/swift/iphoneos/prebuilt-modules/26.4/CoreData.swiftmodule/arm64e-apple-ios.swiftmodule /Users/builder/clone/build/Build/Products/Release-iphoneos/DesignSystem.swiftmodule/arm64-apple-ios.swiftmodule /Applications/Xcode-26.4.app/Contents/Developer/Toolchains/XcodeDefault.xctoolchain/usr/lib/swift/iphoneos/prebuilt-modules/26.4/TipKit.swiftmodule/arm64e-apple-ios.swiftmodule /Applications/Xcode-26.4.app/Contents/Developer/Toolchains/XcodeDefault.xctoolchain/usr/lib/swift/iphoneos/prebuilt-modules/26.4/Metal.swiftmodule/arm64e-apple-ios.swiftmodule /Applications/Xcode-26.4.app/Contents/Developer/Toolchains/XcodeDefault.xctoolchain/usr/lib/swift/iphoneos/prebuilt-modules/26.4/Observation.swiftmodule/arm64e-apple-ios.swiftmodule /Applications/Xcode-26.4.app/Contents/Developer/Toolchains/XcodeDefault.xctoolchain/usr/lib/swift/iphoneos/prebuilt-modules/26.4/Translation.swiftmodule/arm64e-apple-ios.swiftmodule /Applications/Xcode-26.4.app/Contents/Developer/Toolchains/XcodeDefault.xctoolchain/usr/lib/swift/iphoneos/prebuilt-modules/26.4/_DarwinFoundation2.swiftmodule/arm64e-apple-ios.swiftmodule /Applications/Xcode-26.4.app/Contents/Developer/Toolchains/XcodeDefault.xctoolchain/usr/lib/swift/iphoneos/prebuilt-modules/26.4/QuickLookThumbnailing.swiftmodule/arm64e-apple-ios.swiftmodule /Applications/Xcode-26.4.app/Contents/Developer/Toolchains/XcodeDefault.xctoolchain/usr/lib/swift/iphoneos/prebuilt-modules/26.4/Synchronization.swiftmodule/arm64e-apple-ios.swiftmodule /Users/builder/clone/build/Build/Products/Release-iphoneos/KeychainSwift.swiftmodule/arm64-apple-ios.swiftmodule /Applications/Xcode-26.4.app/Contents/Developer/Toolchains/XcodeDefault.xctoolchain/usr/lib/swift/iphoneos/prebuilt-modules/26.4/Spatial.swiftmodule/arm64e-apple-ios.swiftmodule /Applications/Xcode-26.4.app/Contents/Developer/Toolchains/XcodeDefault.xctoolchain/usr/lib/swift/iphoneos/prebuilt-modules/26.4/UniformTypeIdentifiers.swiftmodule/arm64e-apple-ios.swiftmodule /Applications/Xcode-26.4.app/Contents/Developer/Toolchains/XcodeDefault.xctoolchain/usr/lib/swift/iphoneos/prebuilt-modules/26.4/CoreFoundation.swiftmodule/arm64e-apple-ios.swiftmodule /Applications/Xcode-26.4.app/Contents/Developer/Toolchains/XcodeDefault.xctoolchain/usr/lib/swift/iphoneos/prebuilt-modules/26.4/RegexBuilder.swiftmodule/arm64e-apple-ios.swiftmodule /Users/builder/clone/build/Build/Products/Release-iphoneos/EmojiText.swiftmodule/arm64-apple-ios.swiftmodule /Applications/Xcode-26.4.app/Contents/Developer/Toolchains/XcodeDefault.xctoolchain/usr/lib/swift/iphoneos/prebuilt-modules/26.4/XPC.swiftmodule/arm64e-apple-ios.swiftmodule /Applications/Xcode-26.4.app/Contents/Developer/Toolchains/XcodeDefault.xctoolchain/usr/lib/swift/iphoneos/prebuilt-modules/26.4/Foundation.swiftmodule/arm64e-apple-ios.swiftmodule /Users/builder/clone/build/Build/Products/Release-iphoneos/Gifu.swiftmodule/arm64-apple-ios.swiftmodule /Applications/Xcode-26.4.app/Contents/Developer/Toolchains/XcodeDefault.xctoolchain/usr/lib/swift/iphoneos/prebuilt-modules/26.4/AVFAudio.swiftmodule/arm64e-apple-ios.swiftmodule /Applications/Xcode-26.4.app/Contents/Developer/Toolchains/XcodeDefault.xctoolchain/usr/lib/swift/iphoneos/prebuilt-modules/26.4/_StringProcessing.swiftmodule/arm64e-apple-ios.swiftmodule /Users/builder/clone/build/Build/Products/Release-iphoneos/Nuke.swiftmodule/arm64-apple-ios.swiftmodule /Applications/Xcode-26.4.app/Contents/Developer/Toolchains/XcodeDefault.xctoolchain/usr/lib/swift/iphoneos/prebuilt-modules/26.4/CryptoKit.swiftmodule/arm64e-apple-ios.swiftmodule /Applications/Xcode-26.4.app/Contents/Developer/Toolchains/XcodeDefault.xctoolchain/usr/lib/swift/iphoneos/prebuilt-modules/26.4/MediaAccessibility.swiftmodule/arm64e-apple-ios.swiftmodule /Applications/Xcode-26.4.app/Contents/Developer/Toolchains/XcodeDefault.xctoolchain/usr/lib/swift/iphoneos/prebuilt-modules/26.4/AudioToolbox.swiftmodule/arm64e-apple-ios.swiftmodule /Applications/Xcode-26.4.app/Contents/Developer/Toolchains/XcodeDefault.xctoolchain/usr/lib/swift/iphoneos/prebuilt-modules/26.4/Darwin.swiftmodule/arm64e-apple-ios.swiftmodule /Applications/Xcode-26.4.app/Contents/Developer/Toolchains/XcodeDefault.xctoolchain/usr/lib/swift/iphoneos/prebuilt-modules/26.4/ExtensionKit.swiftmodule/arm64e-apple-ios.swiftmodule /Applications/Xcode-26.4.app/Contents/Developer/Toolchains/XcodeDefault.xctoolchain/usr/lib/swift/iphoneos/prebuilt-modules/26.4/StoreKit.swiftmodule/arm64e-apple-ios.swiftmodule /Users/builder/clone/build/Build/Products/Release-iphoneos/SwiftSoup.swiftmodule/arm64-apple-ios.swiftmodule /Applications/Xcode-26.4.app/Contents/Developer/Toolchains/XcodeDefault.xctoolchain/usr/lib/swift/iphoneos/prebuilt-modules/26.4/_SwiftData_SwiftUI.swiftmodule/arm64e-apple-ios.swiftmodule /Applications/Xcode-26.4.app/Contents/Developer/Toolchains/XcodeDefault.xctoolchain/usr/lib/swift/iphoneos/prebuilt-modules/26.4/System.swiftmodule/arm64e-apple-ios.swiftmodule /Applications/Xcode-26.4.app/Contents/Developer/Toolchains/XcodeDefault.xctoolchain/usr/lib/swift/iphoneos/prebuilt-modules/26.4/CoreTransferable.swiftmodule/arm64e-apple-ios.swiftmodule /Applications/Xcode-26.4.app/Contents/Developer/Toolchains/XcodeDefault.xctoolchain/usr/lib/swift/iphoneos/prebuilt-modules/26.4/Accessibility.swiftmodule/arm64e-apple-ios.swiftmodule /Applications/Xcode-26.4.app/Contents/Developer/Toolchains/XcodeDefault.xctoolchain/usr/lib/swift/iphoneos/prebuilt-modules/26.4/CoreGraphics.swiftmodule/arm64e-apple-ios.swiftmodule /Users/builder/clone/build/Build/Products/Release-iphoneos/Env.swiftmodule/arm64-apple-ios.swiftmodule /Applications/Xcode-26.4.app/Contents/Developer/Toolchains/XcodeDefault.xctoolchain/usr/lib/swift/iphoneos/prebuilt-modules/26.4/PDFKit.swiftmodule/arm64e-apple-ios.swiftmodule /Applications/Xcode-26.4.app/Contents/Developer/Toolchains/XcodeDefault.xctoolchain/usr/lib/swift/iphoneos/prebuilt-modules/26.4/LocalAuthentication.swiftmodule/arm64e-apple-ios.swiftmodule /Applications/Xcode-26.4.app/Contents/Developer/Toolchains/XcodeDefault.xctoolchain/usr/lib/swift/iphoneos/prebuilt-modules/26.4/BackgroundAssets.swiftmodule/arm64e-apple-ios.swiftmodule /Applications/Xcode-26.4.app/Contents/Developer/Toolchains/XcodeDefault.xctoolchain/usr/lib/swift/iphoneos/prebuilt-modules/26.4/FileProvider.swiftmodule/arm64e-apple-ios.swiftmodule /Applications/Xcode-26.4.app/Contents/Developer/Toolchains/XcodeDefault.xctoolchain/usr/lib/swift/iphoneos/prebuilt-modules/26.4/Network.swiftmodule/arm64e-apple-ios.swiftmodule /Users/builder/clone/build/Build/Products/Release-iphoneos/NukeUI.swiftmodule/arm64-apple-ios.swiftmodule /Applications/Xcode-26.4.app/Contents/Developer/Toolchains/XcodeDefault.xctoolchain/usr/lib/swift/iphoneos/prebuilt-modules/26.4/os.swiftmodule/arm64e-apple-ios.swiftmodule /Applications/Xcode-26.4.app/Contents/Developer/Toolchains/XcodeDefault.xctoolchain/usr/lib/swift/iphoneos/prebuilt-modules/26.4/CoreVideo.swiftmodule/arm64e-apple-ios.swiftmodule /Applications/Xcode-26.4.app/Contents/Developer/Toolchains/XcodeDefault.xctoolchain/usr/lib/swift/iphoneos/prebuilt-modules/26.4/CoreMedia.swiftmodule/arm64e-apple-ios.swiftmodule /Applications/Xcode-26.4.app/Contents/Developer/Toolchains/XcodeDefault.xctoolchain/usr/lib/swift/iphoneos/prebuilt-modules/26.4/_Translation_SwiftUI.swiftmodule/arm64e-apple-ios.swiftmodule /Applications/Xcode-26.4.app/Contents/Developer/Toolchains/XcodeDefault.xctoolchain/usr/lib/swift/iphoneos/prebuilt-modules/26.4/SwiftUI.swiftmodule/arm64e-apple-ios.swiftmodule /Applications/Xcode-26.4.app/Contents/Developer/Toolchains/XcodeDefault.xctoolchain/usr/lib/swift/iphoneos/prebuilt-modules/26.4/CoreText.swiftmodule/arm64e-apple-ios.swiftmodule /Applications/Xcode-26.4.app/Contents/Developer/Toolchains/XcodeDefault.xctoolchain/usr/lib/swift/iphoneos/prebuilt-modules/26.4/_DarwinFoundation1.swiftmodule/arm64e-apple-ios.swiftmodule /Applications/Xcode-26.4.app/Contents/Developer/Toolchains/XcodeDefault.xctoolchain/usr/lib/swift/iphoneos/prebuilt-modules/26.4/_DarwinFoundation3.swiftmodule/arm64e-apple-ios.swiftmodule /Applications/Xcode-26.4.app/Contents/Developer/Toolchains/XcodeDefault.xctoolchain/usr/lib/swift/iphoneos/prebuilt-modules/26.4/Distributed.swiftmodule/arm64e-apple-ios.swiftmodule /Users/builder/clone/build/Build/Products/Release-iphoneos/NetworkClient.swiftmodule/arm64-apple-ios.swiftmodule /Applications/Xcode-26.4.app/Contents/Developer/Toolchains/XcodeDefault.xctoolchain/usr/lib/swift/iphoneos/prebuilt-modules/26.4/_Builtin_float.swiftmodule/arm64e-apple-ios.swiftmodule /Applications/Xcode-26.4.app/Contents/Developer/Toolchains/XcodeDefault.xctoolchain/usr/lib/swift/iphoneos/prebuilt-modules/26.4/CoreAudio.swiftmodule/arm64e-apple-ios.swiftmodule /Applications/Xcode-26.4.app/Contents/Developer/Toolchains/XcodeDefault.xctoolchain/usr/lib/swift/iphoneos/prebuilt-modules/26.4/Symbols.swiftmodule/arm64e-apple-ios.swiftmodule /Applications/Xcode-26.4.app/Contents/Developer/Toolchains/XcodeDefault.xctoolchain/usr/lib/swift/iphoneos/prebuilt-modules/26.4/SwiftData.swiftmodule/arm64e-apple-ios.swiftmodule /Applications/Xcode-26.4.app/Contents/Developer/Toolchains/XcodeDefault.xctoolchain/usr/lib/swift/iphoneos/prebuilt-modules/26.4/AVKit.swiftmodule/arm64e-apple-ios.swiftmodule /Applications/Xcode-26.4.app/Contents/Developer/Toolchains/XcodeDefault.xctoolchain/usr/lib/swift/iphoneos/prebuilt-modules/26.4/_Concurrency.swiftmodule/arm64e-apple-ios.swiftmodule /Applications/Xcode-26.4.app/Contents/Developer/Toolchains/XcodeDefault.xctoolchain/usr/lib/swift/iphoneos/prebuilt-modules/26.4/AVFoundation.swiftmodule/arm64e-apple-ios.swiftmodule /Users/builder/clone/build/Build/Products/Release-iphoneos/Markdown.swiftmodule/arm64-apple-ios.swiftmodule /Users/builder/clone/build/ModuleCache.noindex/CoreImage-197CZCAPBVBNVFAAM6QMD3OAM.pcm /Users/builder/clone/build/ModuleCache.noindex/QuickLook-2CWX0NQJOC3OTFB3E654QFI2A.pcm /Users/builder/clone/build/ModuleCache.noindex/CoreServices-ER8FU223TPE46UYFNEUZANNZ0.pcm /Users/builder/clone/build/ModuleCache.noindex/_Builtin_stdbool-2ILQPNNY1Q1DQQK2TZ9WXC57G.pcm /Users/builder/clone/build/ModuleCache.noindex/os-VN4E92RQR7U9PJADXD7BSCO5.pcm /Users/builder/clone/build/ModuleCache.noindex/_Builtin_stdint-BY1E7A3YMCKR9BQHIRHXF627F.pcm /Users/builder/clone/build/ModuleCache.noindex/IOSurface-ESNQSTFGAKOFKL0AHHMLA2M7K.pcm /Users/builder/clone/build/ModuleCache.noindex/CoreGraphics-BYW19FT7DN8S5UQ65XLAXKIRB.pcm /Users/builder/clone/build/ModuleCache.noindex/DataDetection-QZCUY58ELATMPGLV3YTCHC3Q.pcm /Users/builder/clone/build/ModuleCache.noindex/FileProvider-ES1PGXV7F10JITUURTEVQ4MOF.pcm /Users/builder/clone/build/ModuleCache.noindex/_SwiftConcurrencyShims-CHQ5P6QLKPZP1WOW5JG11BOT6.pcm /Users/builder/clone/build/ModuleCache.noindex/_Builtin_limits-XHLD784D8WPPZQEXHGFC55BF.pcm /Users/builder/clone/build/ModuleCache.noindex/os_object-5DJUYTWMFLH6P3NXZJKLUNUPU.pcm /Users/builder/clone/build/ModuleCache.noindex/SwiftShims-8FO93YKE1WBUL8ZVXE6V0W7TF.pcm /Users/builder/clone/build/ModuleCache.noindex/CoreTransferable-B5CV2GWW0SLB0OWR5YV68MGYP.pcm /Users/builder/clone/build/ModuleCache.noindex/Translation-7HT51FRM4MBYMLZ7TQTZSGIR3.pcm /Users/builder/clone/build/ModuleCache.noindex/ExtensionKit-3DVMFT4SL8PNTPMUW6ZAYM1XF.pcm /Users/builder/clone/build/ModuleCache.noindex/StoreKit-7IHRTN3TY9UL6WEWDLRXTWAU5.pcm /Users/builder/clone/build/ModuleCache.noindex/ExtensionFoundation-AZLN79YMMB34CT31CBR4JDML5.pcm /Users/builder/clone/build/ModuleCache.noindex/CFNetwork-BV2YOXQR3QGCZZC1FYZ35ME6C.pcm /Users/builder/clone/build/ModuleCache.noindex/PDFKit-BN30FIC0YEG34Y5KRXG4V3ZI4.pcm /Users/builder/clone/build/ModuleCache.noindex/CoreData-DNZRGA7JMAH6GG8WDWQ4NGNR2.pcm /Users/builder/clone/build/ModuleCache.noindex/Network-4IMRDGVC8RKD422IRJOYW22FL.pcm /Users/builder/clone/build/ModuleCache.noindex/AVFAudio-EMEC8IQBDSMT9ZPVF08D65G4R.pcm /Users/builder/clone/build/ModuleCache.noindex/ObjectiveC-5B0MBDYIVRE8T5RMG8FSUAJAC.pcm /Users/builder/clone/build/ModuleCache.noindex/CoreAudioTypes-4X3LTNJW00ZV5RR46YCJMTV8K.pcm /Users/builder/clone/build/ModuleCache.noindex/_Builtin_intrinsics-6PL1ODUCDDBVU2XKNN1VZ5ND7.pcm /Users/builder/clone/build/ModuleCache.noindex/OpenGLES-4WHAPQZ50BKGVGRE57NIPC1Q3.pcm /Users/builder/clone/build/ModuleCache.noindex/MobileCoreServices-3B3VHY6TRY4ZRYEA2N0BT0H7Y.pcm /Users/builder/clone/build/ModuleCache.noindex/AudioToolbox-37K6BL3CCSU6MJSBX3FPQ6WJW.pcm /Users/builder/clone/build/ModuleCache.noindex/_Builtin_stdarg-5R2Y5DQ9CCCL9AXNPNWQHLN9D.pcm /Users/builder/clone/build/ModuleCache.noindex/_Builtin_float-85JALJ7TDDJVRCDY2BGUERQAS.pcm /Users/builder/clone/build/ModuleCache.noindex/_Builtin_stddef-8IK85O58DGRDUMM87197TSPI.pcm /Users/builder/clone/build/ModuleCache.noindex/DeveloperToolsSupport-6TKJ89Z9VNTO3LJSI4PGGBY39.pcm /Users/builder/clone/build/ModuleCache.noindex/sys_types-4YSRAH9YYNB3I66HHQWOQEM6L.pcm /Users/builder/clone/build/ModuleCache.noindex/SwiftUI-AK1XGHATEPFTJ70AWO7W6AWK9.pcm /Users/builder/clone/build/ModuleCache.noindex/_Builtin_stdatomic-4C4KLUK64YOJ8Y6GZ37Y6UN7C.pcm /Users/builder/clone/build/ModuleCache.noindex/UIKit-EONTKDDW1VYYMIHYDJLTUSBW2.pcm /Users/builder/clone/build/ModuleCache.noindex/_Builtin_tgmath-5IEHEMEP25RCBXTADL8PLI512.pcm /Users/builder/clone/build/ModuleCache.noindex/ImageIO-B333V7XDYJWJU9NTF8Y2MV80I.pcm /Users/builder/clone/build/ModuleCache.noindex/simd-BSWSXRLML747D1I3MKXIS72QO.pcm /Users/builder/clone/build/ModuleCache.noindex/ptrauth-6LUUL5WAG7REBSNPZZB05FMLV.pcm /Users/builder/clone/build/ModuleCache.noindex/_Builtin_inttypes-BDDTEDMVWUP4QDWT2P9QEWF54.pcm /Users/builder/clone/build/Build/Intermediates.noindex/SwiftExplicitPrecompiledModules/cmark_gfm_extensions-1SR33KA1G2Q8WEKIPM9VROQ5N.pcm /Users/builder/clone/build/ModuleCache.noindex/_DarwinFoundation1-BY8IH101M5CDB167KVTIL0C1Z.pcm /Users/builder/clone/build/ModuleCache.noindex/os_workgroup-B4SMTMQEDV9ZG1HPU7XWJA5NQ.pcm /Users/builder/clone/build/ModuleCache.noindex/_DarwinFoundation2-5VUBEIZBEOC3ULBJKT8JJE3XM.pcm /Users/builder/clone/build/Build/Intermediates.noindex/SwiftExplicitPrecompiledModules/cmark_gfm-9KPHS24IIR67DA6NAJF82793R.pcm /Users/builder/clone/build/ModuleCache.noindex/CoreVideo-CAF6XWOYMNTN9TK6VWLNIH3C5.pcm /Users/builder/clone/build/ModuleCache.noindex/CoreHaptics-ARFABVWACCA02LKJYITGZU9Q7.pcm /Users/builder/clone/build/ModuleCache.noindex/Darwin-6RKUUF4EH2R721CA2RMUMBGM.pcm /Users/builder/clone/build/ModuleCache.noindex/QuartzCore-82L8I9S4QDPKIBSA5DE1CX6QA.pcm /Users/builder/clone/build/ModuleCache.noindex/_AvailabilityInternal-DFS0JW4PZLXT848C3VTWTDSUS.pcm /Users/builder/clone/build/ModuleCache.noindex/AVFoundation-BQY5X336LE6ZWWR1HNSR0RE7J.pcm /Users/builder/clone/build/ModuleCache.noindex/XPC-83H6M22GN0LJJMP6IVF07J1T3.pcm /Users/builder/clone/build/ModuleCache.noindex/Foundation-8QW824YXXHXXCI7ILXW8ILV1G.pcm /Users/builder/clone/build/ModuleCache.noindex/OSLog-4D6PR7NKYEG76TEDB6O79JTT5.pcm /Users/builder/clone/build/ModuleCache.noindex/MachO-DZMS1HU305V4D7CIKLN8WSEFR.pcm /Users/builder/clone/build/ModuleCache.noindex/UserNotifications-7Q0Y5OT179CFY0A1S1OWG7EVS.pcm /Users/builder/clone/build/ModuleCache.noindex/Symbols-4IY2GWUB7DFGPSE124NUDODPN.pcm /Users/builder/clone/build/ModuleCache.noindex/MediaToolbox-2917HOP5DDQAKYY8WSXVPMU8S.pcm /Users/builder/clone/build/ModuleCache.noindex/Spatial-7321YNVRFT2NYPGYRS6LO6OB8.pcm /Users/builder/clone/build/ModuleCache.noindex/CoreMedia-R4Z9G714E53P64SLQRI4IG76.pcm /Users/builder/clone/build/ModuleCache.noindex/Accessibility-3RX97MFHHJGQXOG4G0VI5N8UT.pcm /Users/builder/clone/build/ModuleCache.noindex/CoreFoundation-2INE8R3HT0NQOAMD08EAY60NQ.pcm /Users/builder/clone/build/ModuleCache.noindex/ptrcheck-EOTZRFSYY3Z8DNJPOZG8CPHUK.pcm /Users/builder/clone/build/ModuleCache.noindex/QuickLookThumbnailing-DD1AR46MBQ64RIZ3WINDIXQYV.pcm /Users/builder/clone/build/ModuleCache.noindex/AVRouting-72KFL8EP9SH78APBSZXW4CXTO.pcm /Users/builder/clone/build/ModuleCache.noindex/AVKit-59ZTBFH8DYC0XNYJ427K3L618.pcm /Users/builder/clone/build/ModuleCache.noindex/SwiftUICore-K6N5BX0PK7EO76ERJVXDY9W5.pcm /Users/builder/clone/build/ModuleCache.noindex/CoreText-31JI8H8TNAKKRE4OOY1XBI0EE.pcm /Users/builder/clone/build/ModuleCache.noindex/CoreMIDI-ADG2I8M69LFBT9KFXB19H6E99.pcm /Users/builder/clone/build/ModuleCache.noindex/dnssd-A20YF3E8OGAPSTCJV52QV3FTD.pcm /Users/builder/clone/build/ModuleCache.noindex/Metal-API99ACLGVJ0LCOD8H2BFQXJW.pcm /Users/builder/clone/build/ModuleCache.noindex/BackgroundAssets-4L8K9PCT7QBMOCIQYS3DDT95B.pcm /Users/builder/clone/build/ModuleCache.noindex/UniformTypeIdentifiers-NWOMNHVYXZ1L8FHFL7TN9RLG.pcm /Users/builder/clone/build/ModuleCache.noindex/UIUtilities-6JOADBKTSE4NPC88FM5OYVU8P.pcm /Users/builder/clone/build/ModuleCache.noindex/CoreAudio-E4KLR1PCHKJAV1PIVUTEKVVIQ.pcm /Users/builder/clone/build/Build/Intermediates.noindex/SwiftExplicitPrecompiledModules/CAtomic-9WT9GVAANW8YGX9ACI0MWTIRZ.pcm /Users/builder/clone/build/ModuleCache.noindex/MediaAccessibility-9O905G1XAO6NY6E1S8YLPOBLD.pcm /Users/builder/clone/build/ModuleCache.noindex/Dispatch-EKXSOI9AGDVEYYTP3JDSKW2W.pcm /Users/builder/clone/build/ModuleCache.noindex/_DarwinFoundation3-DQKFTYUE0CHO3ZH6HIURZWJNS.pcm /Users/builder/clone/build/ModuleCache.noindex/LocalAuthentication-BKFV3ZRCA2YKR4PRSRFJK5PKZ.pcm /Users/builder/clone/build/ModuleCache.noindex/Accelerate-BXICWY5ZH75NI4STWSHJH8B4J.pcm /Users/builder/clone/build/ModuleCache.noindex/CommonCrypto-4XT2IR46ZZ2W7K1LTMEYXK19S.pcm /Users/builder/clone/build/ModuleCache.noindex/Security-5WQIKACZXTIZWZ5UPCCB04Z6K.pcm /Users/builder/clone/build/Build/Intermediates.noindex/AppAccount.build/Release-iphoneos/AppAccount.build/Objects-normal/arm64/AppAccount-dependencies-1.json (in target 'AppAccount' from project 'AppAccount')\n\nCompileSwift normal arm64 (in target 'AppAccount' from project 'AppAccount')\n    cd /Users/builder/clone/IceCubesApp.xcodeproj\n    \n\nSwiftDriver\\ Compilation AppAccount normal arm64 com.apple.xcode.tools.swift.compiler (in target 'AppAccount' from project 'AppAccount')\n    cd /Users/builder/clone/IceCubesApp.xcodeproj\n    builtin-Swift-Compilation -- /Applications/Xcode-26.4.app/Contents/Developer/Toolchains/XcodeDefault.xctoolchain/usr/bin/swiftc -module-name AppAccount -O -whole-module-optimization @/Users/builder/clone/build/Build/Intermediates.noindex/AppAccount.build/Release-iphoneos/AppAccount.build/Objects-normal/arm64/AppAccount.SwiftFileList -DSWIFT_PACKAGE -DSWIFT_MODULE_RESOURCE_BUNDLE_UNAVAILABLE -DXcode -plugin-path /Applications/Xcode-26.4.app/Contents/Developer/Toolchains/XcodeDefault.xctoolchain/usr/lib/swift/host/plugins/testing -enable-experimental-feature DebugDescriptionMacro -sdk /Applications/Xcode-26.4.app/Contents/Developer/Platforms/iPhoneOS.platform/Developer/SDKs/iPhoneOS26.4.sdk -target arm64-apple-ios18.0 -g -module-cache-path /Users/builder/clone/build/ModuleCache.noindex -Xfrontend -serialize-debugging-options -swift-version 6 -I /Users/builder/clone/build/Build/Products/Release-iphoneos -Isystem /Applications/Xcode-26.4.app/Contents/Developer/Platforms/iPhoneOS.platform/Developer/usr/lib -F /Users/builder/clone/build/Build/Products/Release-iphoneos/PackageFrameworks -F /Users/builder/clone/build/Build/Products/Release-iphoneos/PackageFrameworks -F /Users/builder/clone/build/Build/Products/Release-iphoneos/PackageFrameworks -F /Users/builder/clone/build/Build/Products/Release-iphoneos/PackageFrameworks -F /Users/builder/clone/build/Build/Products/Release-iphoneos/PackageFrameworks -F /Users/builder/clone/build/Build/Products/Release-iphoneos/PackageFrameworks -F /Users/builder/clone/build/Build/Products/Release-iphoneos/PackageFrameworks -F /Users/builder/clone/build/Build/Products/Release-iphoneos/PackageFrameworks -F /Users/builder/clone/build/Build/Products/Release-iphoneos/PackageFrameworks -F /Users/builder/clone/build/Build/Products/Release-iphoneos/PackageFrameworks -F /Users/builder/clone/build/Build/Products/Release-iphoneos/PackageFrameworks -F /Users/builder/clone/build/Build/Products/Release-iphoneos/PackageFrameworks -F /Users/builder/clone/build/Build/Products/Release-iphoneos/PackageFrameworks -F /Users/builder/clone/build/Build/Products/Release-iphoneos/PackageFrameworks -F /Users/builder/clone/build/Build/Products/Release-iphoneos/PackageFrameworks -F /Users/builder/clone/build/Build/Products/Release-iphoneos -F /Applications/Xcode-26.4.app/Contents/Developer/Platforms/iPhoneOS.platform/Developer/Library/Frameworks -F /Applications/Xcode-26.4.app/Contents/Developer/Platforms/iPhoneOS.platform/Developer/SDKs/iPhoneOS26.4.sdk/Developer/Library/Frameworks -emit-localized-strings -emit-localized-strings-path /Users/builder/clone/build/Build/Intermediates.noindex/AppAccount.build/Release-iphoneos/AppAccount.build/Objects-normal/arm64 -c -num-threads 3 -Xcc -ivfsstatcache -Xcc /Users/builder/clone/build/SDKStatCaches.noindex/iphoneos26.4-23E252-dc38477e7e47e42951976ad86cc01fb3.sdkstatcache -output-file-map /Users/builder/clone/build/Build/Intermediates.noindex/AppAccount.build/Release-iphoneos/AppAccount.build/Objects-normal/arm64/AppAccount-OutputFileMap.json -use-frontend-parseable-output -save-temps -no-color-diagnostics -explicit-module-build -module-cache-path /Users/builder/clone/build/Build/Intermediates.noindex/SwiftExplicitPrecompiledModules -clang-scanner-module-cache-path /Users/builder/clone/build/ModuleCache.noindex -sdk-module-cache-path /Users/builder/clone/build/ModuleCache.noindex -serialize-diagnostics -emit-dependencies -emit-module -emit-module-path /Users/builder/clone/build/Build/Intermediates.noindex/AppAccount.build/Release-iphoneos/AppAccount.build/Objects-normal/arm64/AppAccount.swiftmodule -validate-clang-modules-once -clang-build-session-file /Users/builder/clone/build/ModuleCache.noindex/Session.modulevalidation -package-name appaccount -Xcc -I/Users/builder/clone/build/Build/Intermediates.noindex/AppAccount.build/Release-iphoneos/AppAccount.build/swift-overrides.hmap -emit-const-values -Xfrontend -const-gather-protocols-file -Xfrontend /Users/builder/clone/build/Build/Intermediates.noindex/AppAccount.build/Release-iphoneos/AppAccount.build/Objects-normal/arm64/AppAccount_const_extract_protocols.json -Xcc -I/Users/builder/clone/build/SourcePackages/checkouts/swift-cmark/src/include -Xcc -I/Users/builder/clone/build/SourcePackages/checkouts/swift-cmark/extensions/include -Xcc -I/Users/builder/clone/build/SourcePackages/checkouts/swift-markdown/Sources/CAtomic/include -Xcc -I/Users/builder/clone/build/Build/Products/Release-iphoneos/include -Xcc -I/Users/builder/clone/build/Build/Intermediates.noindex/AppAccount.build/Release-iphoneos/AppAccount.build/DerivedSources-normal/arm64 -Xcc -I/Users/builder/clone/build/Build/Intermediates.noindex/AppAccount.build/Release-iphoneos/AppAccount.build/DerivedSources/arm64 -Xcc -I/Users/builder/clone/build/Build/Intermediates.noindex/AppAccount.build/Release-iphoneos/AppAccount.build/DerivedSources -Xcc -DSWIFT_PACKAGE -emit-objc-header -emit-objc-header-path /Users/builder/clone/build/Build/Intermediates.noindex/AppAccount.build/Release-iphoneos/AppAccount.build/Objects-normal/arm64/AppAccount-Swift.h -working-directory /Users/builder/clone/IceCubesApp.xcodeproj -no-emit-module-separately-wmo\n\nSwiftDriver\\ Compilation MediaUI normal arm64 com.apple.xcode.tools.swift.compiler (in target 'MediaUI' from project 'MediaUI')\n    cd /Users/builder/clone/IceCubesApp.xcodeproj\n    builtin-Swift-Compilation -- /Applications/Xcode-26.4.app/Contents/Developer/Toolchains/XcodeDefault.xctoolchain/usr/bin/swiftc -module-name MediaUI -O -whole-module-optimization @/Users/builder/clone/build/Build/Intermediates.noindex/MediaUI.build/Release-iphoneos/MediaUI.build/Objects-normal/arm64/MediaUI.SwiftFileList -DSWIFT_PACKAGE -DSWIFT_MODULE_RESOURCE_BUNDLE_UNAVAILABLE -DXcode -default-isolation MainActor -plugin-path /Applications/Xcode-26.4.app/Contents/Developer/Toolchains/XcodeDefault.xctoolchain/usr/lib/swift/host/plugins/testing -enable-experimental-feature DebugDescriptionMacro -sdk /Applications/Xcode-26.4.app/Contents/Developer/Platforms/iPhoneOS.platform/Developer/SDKs/iPhoneOS26.4.sdk -target arm64-apple-ios18.0 -g -module-cache-path /Users/builder/clone/build/ModuleCache.noindex -Xfrontend -serialize-debugging-options -swift-version 6 -I /Users/builder/clone/build/Build/Products/Release-iphoneos -Isystem /Applications/Xcode-26.4.app/Contents/Developer/Platforms/iPhoneOS.platform/Developer/usr/lib -F /Users/builder/clone/build/Build/Products/Release-iphoneos/PackageFrameworks -F /Users/builder/clone/build/Build/Products/Release-iphoneos/PackageFrameworks -F /Users/builder/clone/build/Build/Products/Release-iphoneos/PackageFrameworks -F /Users/builder/clone/build/Build/Products/Release-iphoneos/PackageFrameworks -F /Users/builder/clone/build/Build/Products/Release-iphoneos/PackageFrameworks -F /Users/builder/clone/build/Build/Products/Release-iphoneos/PackageFrameworks -F /Users/builder/clone/build/Build/Products/Release-iphoneos/PackageFrameworks -F /Users/builder/clone/build/Build/Products/Release-iphoneos/PackageFrameworks -F /Users/builder/clone/build/Build/Products/Release-iphoneos/PackageFrameworks -F /Users/builder/clone/build/Build/Products/Release-iphoneos/PackageFrameworks -F /Users/builder/clone/build/Build/Products/Release-iphoneos/PackageFrameworks -F /Users/builder/clone/build/Build/Products/Release-iphoneos/PackageFrameworks -F /Users/builder/clone/build/Build/Products/Release-iphoneos/PackageFrameworks -F /Users/builder/clone/build/Build/Products/Release-iphoneos/PackageFrameworks -F /Users/builder/clone/build/Build/Products/Release-iphoneos/PackageFrameworks -F /Users/builder/clone/build/Build/Products/Release-iphoneos -F /Applications/Xcode-26.4.app/Contents/Developer/Platforms/iPhoneOS.platform/Developer/Library/Frameworks -F /Applications/Xcode-26.4.app/Contents/Developer/Platforms/iPhoneOS.platform/Developer/SDKs/iPhoneOS26.4.sdk/Developer/Library/Frameworks -emit-localized-strings -emit-localized-strings-path /Users/builder/clone/build/Build/Intermediates.noindex/MediaUI.build/Release-iphoneos/MediaUI.build/Objects-normal/arm64 -c -num-threads 3 -Xcc -ivfsstatcache -Xcc /Users/builder/clone/build/SDKStatCaches.noindex/iphoneos26.4-23E252-dc38477e7e47e42951976ad86cc01fb3.sdkstatcache -output-file-map /Users/builder/clone/build/Build/Intermediates.noindex/MediaUI.build/Release-iphoneos/MediaUI.build/Objects-normal/arm64/MediaUI-OutputFileMap.json -use-frontend-parseable-output -save-temps -no-color-diagnostics -explicit-module-build -module-cache-path /Users/builder/clone/build/Build/Intermediates.noindex/SwiftExplicitPrecompiledModules -clang-scanner-module-cache-path /Users/builder/clone/build/ModuleCache.noindex -sdk-module-cache-path /Users/builder/clone/build/ModuleCache.noindex -serialize-diagnostics -emit-dependencies -emit-module -emit-module-path /Users/builder/clone/build/Build/Intermediates.noindex/MediaUI.build/Release-iphoneos/MediaUI.build/Objects-normal/arm64/MediaUI.swiftmodule -validate-clang-modules-once -clang-build-session-file /Users/builder/clone/build/ModuleCache.noindex/Session.modulevalidation -package-name mediaui -Xcc -I/Users/builder/clone/build/Build/Intermediates.noindex/MediaUI.build/Release-iphoneos/MediaUI.build/swift-overrides.hmap -emit-const-values -Xfrontend -const-gather-protocols-file -Xfrontend /Users/builder/clone/build/Build/Intermediates.noindex/MediaUI.build/Release-iphoneos/MediaUI.build/Objects-normal/arm64/MediaUI_const_extract_protocols.json -Xcc -I/Users/builder/clone/build/SourcePackages/checkouts/swift-cmark/src/include -Xcc -I/Users/builder/clone/build/SourcePackages/checkouts/swift-cmark/extensions/include -Xcc -I/Users/builder/clone/build/SourcePackages/checkouts/swift-markdown/Sources/CAtomic/include -Xcc -I/Users/builder/clone/build/Build/Products/Release-iphoneos/include -Xcc -I/Users/builder/clone/build/Build/Intermediates.noindex/MediaUI.build/Release-iphoneos/MediaUI.build/DerivedSources-normal/arm64 -Xcc -I/Users/builder/clone/build/Build/Intermediates.noindex/MediaUI.build/Release-iphoneos/MediaUI.build/DerivedSources/arm64 -Xcc -I/Users/builder/clone/build/Build/Intermediates.noindex/MediaUI.build/Release-iphoneos/MediaUI.build/DerivedSources -Xcc -DSWIFT_PACKAGE -emit-objc-header -emit-objc-header-path /Users/builder/clone/build/Build/Intermediates.noindex/MediaUI.build/Release-iphoneos/MediaUI.build/Objects-normal/arm64/MediaUI-Swift.h -working-directory /Users/builder/clone/IceCubesApp.xcodeproj -no-emit-module-separately-wmo\n\nSwiftExplicitDependencyGeneratePcm arm64 /Users/builder/clone/build/ModuleCache.noindex/Photos-5MTPK1PLUMUCGFILYMZGG0PLF.pcm\n\nSwiftCompile normal arm64 Compiling\\ DisplayType.swift,\\ MediaUIAttachmentImageView.swift,\\ MediaUIAttachmentVideoView.swift,\\ MediaUIShareLink.swift,\\ MediaUITransferableImage.swift,\\ MediaUIView.swift,\\ MediaUIZoomableContainer.swift,\\ QuickLookToolbarItem.swift,\\ ShareToolbarItem.swift /Users/builder/clone/Packages/MediaUI/Sources/MediaUI/DisplayType.swift /Users/builder/clone/Packages/MediaUI/Sources/MediaUI/MediaUIAttachmentImageView.swift /Users/builder/clone/Packages/MediaUI/Sources/MediaUI/MediaUIAttachmentVideoView.swift /Users/builder/clone/Packages/MediaUI/Sources/MediaUI/MediaUIShareLink.swift /Users/builder/clone/Packages/MediaUI/Sources/MediaUI/MediaUITransferableImage.swift /Users/builder/clone/Packages/MediaUI/Sources/MediaUI/MediaUIView.swift /Users/builder/clone/Packages/MediaUI/Sources/MediaUI/MediaUIZoomableContainer.swift /Users/builder/clone/Packages/MediaUI/Sources/MediaUI/QuickLookToolbarItem.swift /Users/builder/clone/Packages/MediaUI/Sources/MediaUI/ShareToolbarItem.swift /Users/builder/clone/build/Build/Products/Release-iphoneos/TelemetryDeck.swiftmodule/arm64-apple-ios.swiftmodule /Applications/Xcode-26.4.app/Contents/Developer/Toolchains/XcodeDefault.xctoolchain/usr/lib/swift/iphoneos/prebuilt-modules/26.4/Charts.swiftmodule/arm64e-apple-ios.swiftmodule /Applications/Xcode-26.4.app/Contents/Developer/Toolchains/XcodeDefault.xctoolchain/usr/lib/swift/iphoneos/prebuilt-modules/26.4/DeveloperToolsSupport.swiftmodule/arm64e-apple-ios.swiftmodule /Applications/Xcode-26.4.app/Contents/Developer/Toolchains/XcodeDefault.xctoolchain/usr/lib/swift/iphoneos/prebuilt-modules/26.4/CoreImage.swiftmodule/arm64e-apple-ios.swiftmodule /Applications/Xcode-26.4.app/Contents/Developer/Toolchains/XcodeDefault.xctoolchain/usr/lib/swift/iphoneos/prebuilt-modules/26.4/LightweightCodeRequirements.swiftmodule/arm64e-apple-ios.swiftmodule /Applications/Xcode-26.4.app/Contents/Developer/Toolchains/XcodeDefault.xctoolchain/usr/lib/swift/iphoneos/prebuilt-modules/26.4/SwiftUICore.swiftmodule/arm64e-apple-ios.swiftmodule /Applications/Xcode-26.4.app/Contents/Developer/Toolchains/XcodeDefault.xctoolchain/usr/lib/swift/iphoneos/prebuilt-modules/26.4/ExtensionFoundation.swiftmodule/arm64e-apple-ios.swiftmodule /Applications/Xcode-26.4.app/Contents/Developer/Toolchains/XcodeDefault.xctoolchain/usr/lib/swift/iphoneos/prebuilt-modules/26.4/Photos.swiftmodule/arm64e-apple-ios.swiftmodule /Applications/Xcode-26.4.app/Contents/Developer/Toolchains/XcodeDefault.xctoolchain/usr/lib/swift/iphoneos/prebuilt-modules/26.4/CoreMIDI.swiftmodule/arm64e-apple-ios.swiftmodule /Applications/Xcode-26.4.app/Contents/Developer/Toolchains/XcodeDefault.xctoolchain/usr/lib/swift/iphoneos/prebuilt-modules/26.4/OSLog.swiftmodule/arm64e-apple-ios.swiftmodule /Users/builder/clone/build/Build/Products/Release-iphoneos/Models.swiftmodule/arm64-apple-ios.swiftmodule /Applications/Xcode-26.4.app/Contents/Developer/Toolchains/XcodeDefault.xctoolchain/usr/lib/swift/iphoneos/prebuilt-modules/26.4/Combine.swiftmodule/arm64e-apple-ios.swiftmodule /Applications/Xcode-26.4.app/Contents/Developer/Toolchains/XcodeDefault.xctoolchain/usr/lib/swift/iphoneos/prebuilt-modules/26.4/CoreLocation.swiftmodule/arm64e-apple-ios.swiftmodule /Applications/Xcode-26.4.app/Contents/Developer/Toolchains/XcodeDefault.xctoolchain/usr/lib/swift/iphoneos/prebuilt-modules/26.4/QuickLook.swiftmodule/arm64e-apple-ios.swiftmodule /Applications/Xcode-26.4.app/Contents/Developer/Toolchains/XcodeDefault.xctoolchain/usr/lib/swift/iphoneos/prebuilt-modules/26.4/UIKit.swiftmodule/arm64e-apple-ios.swiftmodule /Applications/Xcode-26.4.app/Contents/Developer/Toolchains/XcodeDefault.xctoolchain/usr/lib/swift/iphoneos/prebuilt-modules/26.4/simd.swiftmodule/arm64e-apple-ios.swiftmodule /Applications/Xcode-26.4.app/Contents/Developer/Toolchains/XcodeDefault.xctoolchain/usr/lib/swift/iphoneos/prebuilt-modules/26.4/_QuickLook_SwiftUI.swiftmodule/arm64e-apple-ios.swiftmodule /Applications/Xcode-26.4.app/Contents/Developer/Toolchains/XcodeDefault.xctoolchain/usr/lib/swift/iphoneos/prebuilt-modules/26.4/ObjectiveC.swiftmodule/arm64e-apple-ios.swiftmodule /Applications/Xcode-26.4.app/Contents/Developer/Toolchains/XcodeDefault.xctoolchain/usr/lib/swift/iphoneos/prebuilt-modules/26.4/Swift.swiftmodule/arm64e-apple-ios.swiftmodule /Applications/Xcode-26.4.app/Contents/Developer/Toolchains/XcodeDefault.xctoolchain/usr/lib/swift/iphoneos/prebuilt-modules/26.4/Accelerate.swiftmodule/arm64e-apple-ios.swiftmodule /Applications/Xcode-26.4.app/Contents/Developer/Toolchains/XcodeDefault.xctoolchain/usr/lib/swift/iphoneos/prebuilt-modules/26.4/QuartzCore.swiftmodule/arm64e-apple-ios.swiftmodule /Applications/Xcode-26.4.app/Contents/Developer/Toolchains/XcodeDefault.xctoolchain/usr/lib/swift/iphoneos/prebuilt-modules/26.4/DataDetection.swiftmodule/arm64e-apple-ios.swiftmodule /Applications/Xcode-26.4.app/Contents/Developer/Toolchains/XcodeDefault.xctoolchain/usr/lib/swift/iphoneos/prebuilt-modules/26.4/Dispatch.swiftmodule/arm64e-apple-ios.swiftmodule /Applications/Xcode-26.4.app/Contents/Developer/Toolchains/XcodeDefault.xctoolchain/usr/lib/swift/iphoneos/prebuilt-modules/26.4/CoreData.swiftmodule/arm64e-apple-ios.swiftmodule /Users/builder/clone/build/Build/Products/Release-iphoneos/DesignSystem.swiftmodule/arm64-apple-ios.swiftmodule /Applications/Xcode-26.4.app/Contents/Developer/Toolchains/XcodeDefault.xctoolchain/usr/lib/swift/iphoneos/prebuilt-modules/26.4/TipKit.swiftmodule/arm64e-apple-ios.swiftmodule /Applications/Xcode-26.4.app/Contents/Developer/Toolchains/XcodeDefault.xctoolchain/usr/lib/swift/iphoneos/prebuilt-modules/26.4/Metal.swiftmodule/arm64e-apple-ios.swiftmodule /Applications/Xcode-26.4.app/Contents/Developer/Toolchains/XcodeDefault.xctoolchain/usr/lib/swift/iphoneos/prebuilt-modules/26.4/Observation.swiftmodule/arm64e-apple-ios.swiftmodule /Applications/Xcode-26.4.app/Contents/Developer/Toolchains/XcodeDefault.xctoolchain/usr/lib/swift/iphoneos/prebuilt-modules/26.4/Translation.swiftmodule/arm64e-apple-ios.swiftmodule /Applications/Xcode-26.4.app/Contents/Developer/Toolchains/XcodeDefault.xctoolchain/usr/lib/swift/iphoneos/prebuilt-modules/26.4/_DarwinFoundation2.swiftmodule/arm64e-apple-ios.swiftmodule /Applications/Xcode-26.4.app/Contents/Developer/Toolchains/XcodeDefault.xctoolchain/usr/lib/swift/iphoneos/prebuilt-modules/26.4/Synchronization.swiftmodule/arm64e-apple-ios.swiftmodule /Users/builder/clone/build/Build/Products/Release-iphoneos/KeychainSwift.swiftmodule/arm64-apple-ios.swiftmodule /Applications/Xcode-26.4.app/Contents/Developer/Toolchains/XcodeDefault.xctoolchain/usr/lib/swift/iphoneos/prebuilt-modules/26.4/QuickLookThumbnailing.swiftmodule/arm64e-apple-ios.swiftmodule /Applications/Xcode-26.4.app/Contents/Developer/Toolchains/XcodeDefault.xctoolchain/usr/lib/swift/iphoneos/prebuilt-modules/26.4/Spatial.swiftmodule/arm64e-apple-ios.swiftmodule /Applications/Xcode-26.4.app/Contents/Developer/Toolchains/XcodeDefault.xctoolchain/usr/lib/swift/iphoneos/prebuilt-modules/26.4/CoreFoundation.swiftmodule/arm64e-apple-ios.swiftmodule /Applications/Xcode-26.4.app/Contents/Developer/Toolchains/XcodeDefault.xctoolchain/usr/lib/swift/iphoneos/prebuilt-modules/26.4/UniformTypeIdentifiers.swiftmodule/arm64e-apple-ios.swiftmodule /Applications/Xcode-26.4.app/Contents/Developer/Toolchains/XcodeDefault.xctoolchain/usr/lib/swift/iphoneos/prebuilt-modules/26.4/RegexBuilder.swiftmodule/arm64e-apple-ios.swiftmodule /Users/builder/clone/build/Build/Products/Release-iphoneos/EmojiText.swiftmodule/arm64-apple-ios.swiftmodule /Applications/Xcode-26.4.app/Contents/Developer/Toolchains/XcodeDefault.xctoolchain/usr/lib/swift/iphoneos/prebuilt-modules/26.4/XPC.swiftmodule/arm64e-apple-ios.swiftmodule /Applications/Xcode-26.4.app/Contents/Developer/Toolchains/XcodeDefault.xctoolchain/usr/lib/swift/iphoneos/prebuilt-modules/26.4/Foundation.swiftmodule/arm64e-apple-ios.swiftmodule /Users/builder/clone/build/Build/Products/Release-iphoneos/Gifu.swiftmodule/arm64-apple-ios.swiftmodule /Applications/Xcode-26.4.app/Contents/Developer/Toolchains/XcodeDefault.xctoolchain/usr/lib/swift/iphoneos/prebuilt-modules/26.4/AVFAudio.swiftmodule/arm64e-apple-ios.swiftmodule /Applications/Xcode-26.4.app/Contents/Developer/Toolchains/XcodeDefault.xctoolchain/usr/lib/swift/iphoneos/prebuilt-modules/26.4/_StringProcessing.swiftmodule/arm64e-apple-ios.swiftmodule /Users/builder/clone/build/Build/Products/Release-iphoneos/Nuke.swiftmodule/arm64-apple-ios.swiftmodule /Applications/Xcode-26.4.app/Contents/Developer/Toolchains/XcodeDefault.xctoolchain/usr/lib/swift/iphoneos/prebuilt-modules/26.4/CryptoKit.swiftmodule/arm64e-apple-ios.swiftmodule /Applications/Xcode-26.4.app/Contents/Developer/Toolchains/XcodeDefault.xctoolchain/usr/lib/swift/iphoneos/prebuilt-modules/26.4/MediaAccessibility.swiftmodule/arm64e-apple-ios.swiftmodule /Applications/Xcode-26.4.app/Contents/Developer/Toolchains/XcodeDefault.xctoolchain/usr/lib/swift/iphoneos/prebuilt-modules/26.4/_AVKit_SwiftUI.swiftmodule/arm64e-apple-ios.swiftmodule /Applications/Xcode-26.4.app/Contents/Developer/Toolchains/XcodeDefault.xctoolchain/usr/lib/swift/iphoneos/prebuilt-modules/26.4/AudioToolbox.swiftmodule/arm64e-apple-ios.swiftmodule /Applications/Xcode-26.4.app/Contents/Developer/Toolchains/XcodeDefault.xctoolchain/usr/lib/swift/iphoneos/prebuilt-modules/26.4/Darwin.swiftmodule/arm64e-apple-ios.swiftmodule /Applications/Xcode-26.4.app/Contents/Developer/Toolchains/XcodeDefault.xctoolchain/usr/lib/swift/iphoneos/prebuilt-modules/26.4/ExtensionKit.swiftmodule/arm64e-apple-ios.swiftmodule /Applications/Xcode-26.4.app/Contents/Developer/Toolchains/XcodeDefault.xctoolchain/usr/lib/swift/iphoneos/prebuilt-modules/26.4/StoreKit.swiftmodule/arm64e-apple-ios.swiftmodule /Users/builder/clone/build/Build/Products/Release-iphoneos/SwiftSoup.swiftmodule/arm64-apple-ios.swiftmodule /Applications/Xcode-26.4.app/Contents/Developer/Toolchains/XcodeDefault.xctoolchain/usr/lib/swift/iphoneos/prebuilt-modules/26.4/_SwiftData_SwiftUI.swiftmodule/arm64e-apple-ios.swiftmodule /Applications/Xcode-26.4.app/Contents/Developer/Toolchains/XcodeDefault.xctoolchain/usr/lib/swift/iphoneos/prebuilt-modules/26.4/Network.swiftmodule/arm64e-apple-ios.swiftmodule /Applications/Xcode-26.4.app/Contents/Developer/Toolchains/XcodeDefault.xctoolchain/usr/lib/swift/iphoneos/prebuilt-modules/26.4/System.swiftmodule/arm64e-apple-ios.swiftmodule /Applications/Xcode-26.4.app/Contents/Developer/Toolchains/XcodeDefault.xctoolchain/usr/lib/swift/iphoneos/prebuilt-modules/26.4/Accessibility.swiftmodule/arm64e-apple-ios.swiftmodule /Users/builder/clone/build/Build/Products/Release-iphoneos/Env.swiftmodule/arm64-apple-ios.swiftmodule /Applications/Xcode-26.4.app/Contents/Developer/Toolchains/XcodeDefault.xctoolchain/usr/lib/swift/iphoneos/prebuilt-modules/26.4/CoreTransferable.swiftmodule/arm64e-apple-ios.swiftmodule /Applications/Xcode-26.4.app/Contents/Developer/Toolchains/XcodeDefault.xctoolchain/usr/lib/swift/iphoneos/prebuilt-modules/26.4/CoreGraphics.swiftmodule/arm64e-apple-ios.swiftmodule /Applications/Xcode-26.4.app/Contents/Developer/Toolchains/XcodeDefault.xctoolchain/usr/lib/swift/iphoneos/prebuilt-modules/26.4/FileProvider.swiftmodule/arm64e-apple-ios.swiftmodule /Applications/Xcode-26.4.app/Contents/Developer/Toolchains/XcodeDefault.xctoolchain/usr/lib/swift/iphoneos/prebuilt-modules/26.4/BackgroundAssets.swiftmodule/arm64e-apple-ios.swiftmodule /Applications/Xcode-26.4.app/Contents/Developer/Toolchains/XcodeDefault.xctoolchain/usr/lib/swift/iphoneos/prebuilt-modules/26.4/LocalAuthentication.swiftmodule/arm64e-apple-ios.swiftmodule /Applications/Xcode-26.4.app/Contents/Developer/Toolchains/XcodeDefault.xctoolchain/usr/lib/swift/iphoneos/prebuilt-modules/26.4/PDFKit.swiftmodule/arm64e-apple-ios.swiftmodule /Users/builder/clone/build/Build/Products/Release-iphoneos/NukeUI.swiftmodule/arm64-apple-ios.swiftmodule /Applications/Xcode-26.4.app/Contents/Developer/Toolchains/XcodeDefault.xctoolchain/usr/lib/swift/iphoneos/prebuilt-modules/26.4/os.swiftmodule/arm64e-apple-ios.swiftmodule /Applications/Xcode-26.4.app/Contents/Developer/Toolchains/XcodeDefault.xctoolchain/usr/lib/swift/iphoneos/prebuilt-modules/26.4/CoreVideo.swiftmodule/arm64e-apple-ios.swiftmodule /Applications/Xcode-26.4.app/Contents/Developer/Toolchains/XcodeDefault.xctoolchain/usr/lib/swift/iphoneos/prebuilt-modules/26.4/CoreMedia.swiftmodule/arm64e-apple-ios.swiftmodule /Applications/Xcode-26.4.app/Contents/Developer/Toolchains/XcodeDefault.xctoolchain/usr/lib/swift/iphoneos/prebuilt-modules/26.4/_Translation_SwiftUI.swiftmodule/arm64e-apple-ios.swiftmodule /Applications/Xcode-26.4.app/Contents/Developer/Toolchains/XcodeDefault.xctoolchain/usr/lib/swift/iphoneos/prebuilt-modules/26.4/SwiftUI.swiftmodule/arm64e-apple-ios.swiftmodule /Applications/Xcode-26.4.app/Contents/Developer/Toolchains/XcodeDefault.xctoolchain/usr/lib/swift/iphoneos/prebuilt-modules/26.4/_Concurrency.swiftmodule/arm64e-apple-ios.swiftmodule /Applications/Xcode-26.4.app/Contents/Developer/Toolchains/XcodeDefault.xctoolchain/usr/lib/swift/iphoneos/prebuilt-modules/26.4/_DarwinFoundation1.swiftmodule/arm64e-apple-ios.swiftmodule /Applications/Xcode-26.4.app/Contents/Developer/Toolchains/XcodeDefault.xctoolchain/usr/lib/swift/iphoneos/prebuilt-modules/26.4/CoreText.swiftmodule/arm64e-apple-ios.swiftmodule /Applications/Xcode-26.4.app/Contents/Developer/Toolchains/XcodeDefault.xctoolchain/usr/lib/swift/iphoneos/prebuilt-modules/26.4/CoreAudio.swiftmodule/arm64e-apple-ios.swiftmodule /Applications/Xcode-26.4.app/Contents/Developer/Toolchains/XcodeDefault.xctoolchain/usr/lib/swift/iphoneos/prebuilt-modules/26.4/AVKit.swiftmodule/arm64e-apple-ios.swiftmodule /Applications/Xcode-26.4.app/Contents/Developer/Toolchains/XcodeDefault.xctoolchain/usr/lib/swift/iphoneos/prebuilt-modules/26.4/_Builtin_float.swiftmodule/arm64e-apple-ios.swiftmodule /Applications/Xcode-26.4.app/Contents/Developer/Toolchains/XcodeDefault.xctoolchain/usr/lib/swift/iphoneos/prebuilt-modules/26.4/_DarwinFoundation3.swiftmodule/arm64e-apple-ios.swiftmodule /Applications/Xcode-26.4.app/Contents/Developer/Toolchains/XcodeDefault.xctoolchain/usr/lib/swift/iphoneos/prebuilt-modules/26.4/Distributed.swiftmodule/arm64e-apple-ios.swiftmodule /Applications/Xcode-26.4.app/Contents/Developer/Toolchains/XcodeDefault.xctoolchain/usr/lib/swift/iphoneos/prebuilt-modules/26.4/SwiftData.swiftmodule/arm64e-apple-ios.swiftmodule /Users/builder/clone/build/Build/Products/Release-iphoneos/NetworkClient.swiftmodule/arm64-apple-ios.swiftmodule /Applications/Xcode-26.4.app/Contents/Developer/Toolchains/XcodeDefault.xctoolchain/usr/lib/swift/iphoneos/prebuilt-modules/26.4/Symbols.swiftmodule/arm64e-apple-ios.swiftmodule /Applications/Xcode-26.4.app/Contents/Developer/Toolchains/XcodeDefault.xctoolchain/usr/lib/swift/iphoneos/prebuilt-modules/26.4/AVFoundation.swiftmodule/arm64e-apple-ios.swiftmodule /Users/builder/clone/build/Build/Products/Release-iphoneos/Markdown.swiftmodule/arm64-apple-ios.swiftmodule /Users/builder/clone/build/ModuleCache.noindex/CoreText-31JI8H8TNAKKRE4OOY1XBI0EE.pcm /Users/builder/clone/build/ModuleCache.noindex/IOSurface-ESNQSTFGAKOFKL0AHHMLA2M7K.pcm /Users/builder/clone/build/ModuleCache.noindex/LocalAuthentication-BKFV3ZRCA2YKR4PRSRFJK5PKZ.pcm /Users/builder/clone/build/ModuleCache.noindex/DeveloperToolsSupport-6TKJ89Z9VNTO3LJSI4PGGBY39.pcm /Users/builder/clone/build/ModuleCache.noindex/PDFKit-BN30FIC0YEG34Y5KRXG4V3ZI4.pcm /Users/builder/clone/build/ModuleCache.noindex/StoreKit-7IHRTN3TY9UL6WEWDLRXTWAU5.pcm /Users/builder/clone/build/ModuleCache.noindex/_Builtin_stddef-8IK85O58DGRDUMM87197TSPI.pcm /Users/builder/clone/build/ModuleCache.noindex/Spatial-7321YNVRFT2NYPGYRS6LO6OB8.pcm /Users/builder/clone/build/ModuleCache.noindex/CoreLocation-6UAVSEKX651Q4NXR35TJW5K5Z.pcm /Users/builder/clone/build/ModuleCache.noindex/UIKit-EONTKDDW1VYYMIHYDJLTUSBW2.pcm /Users/builder/clone/build/ModuleCache.noindex/_LocationEssentials-E7HAXS6ZQ24L8B8ZBZ4B182FR.pcm /Users/builder/clone/build/ModuleCache.noindex/os_workgroup-B4SMTMQEDV9ZG1HPU7XWJA5NQ.pcm /Users/builder/clone/build/ModuleCache.noindex/AVKit-59ZTBFH8DYC0XNYJ427K3L618.pcm /Users/builder/clone/build/ModuleCache.noindex/Foundation-8QW824YXXHXXCI7ILXW8ILV1G.pcm /Users/builder/clone/build/ModuleCache.noindex/CoreFoundation-2INE8R3HT0NQOAMD08EAY60NQ.pcm /Users/builder/clone/build/ModuleCache.noindex/_SwiftConcurrencyShims-CHQ5P6QLKPZP1WOW5JG11BOT6.pcm /Users/builder/clone/build/ModuleCache.noindex/_Builtin_tgmath-5IEHEMEP25RCBXTADL8PLI512.pcm /Users/builder/clone/build/ModuleCache.noindex/ptrcheck-EOTZRFSYY3Z8DNJPOZG8CPHUK.pcm /Users/builder/clone/build/ModuleCache.noindex/CFNetwork-BV2YOXQR3QGCZZC1FYZ35ME6C.pcm /Users/builder/clone/build/ModuleCache.noindex/UniformTypeIdentifiers-NWOMNHVYXZ1L8FHFL7TN9RLG.pcm /Users/builder/clone/build/ModuleCache.noindex/SwiftUICore-K6N5BX0PK7EO76ERJVXDY9W5.pcm /Users/builder/clone/build/ModuleCache.noindex/AVFAudio-EMEC8IQBDSMT9ZPVF08D65G4R.pcm /Users/builder/clone/build/ModuleCache.noindex/CoreServices-ER8FU223TPE46UYFNEUZANNZ0.pcm /Users/builder/clone/build/ModuleCache.noindex/AVRouting-72KFL8EP9SH78APBSZXW4CXTO.pcm /Users/builder/clone/build/ModuleCache.noindex/CommonCrypto-4XT2IR46ZZ2W7K1LTMEYXK19S.pcm /Users/builder/clone/build/ModuleCache.noindex/SwiftShims-8FO93YKE1WBUL8ZVXE6V0W7TF.pcm /Users/builder/clone/build/ModuleCache.noindex/AVFoundation-BQY5X336LE6ZWWR1HNSR0RE7J.pcm /Users/builder/clone/build/ModuleCache.noindex/Dispatch-EKXSOI9AGDVEYYTP3JDSKW2W.pcm /Users/builder/clone/build/ModuleCache.noindex/dnssd-A20YF3E8OGAPSTCJV52QV3FTD.pcm /Users/builder/clone/build/ModuleCache.noindex/CoreGraphics-BYW19FT7DN8S5UQ65XLAXKIRB.pcm /Users/builder/clone/build/ModuleCache.noindex/ObjectiveC-5B0MBDYIVRE8T5RMG8FSUAJAC.pcm /Users/builder/clone/build/ModuleCache.noindex/Security-5WQIKACZXTIZWZ5UPCCB04Z6K.pcm /Users/builder/clone/build/ModuleCache.noindex/_DarwinFoundation3-DQKFTYUE0CHO3ZH6HIURZWJNS.pcm /Users/builder/clone/build/ModuleCache.noindex/MobileCoreServices-3B3VHY6TRY4ZRYEA2N0BT0H7Y.pcm /Users/builder/clone/build/ModuleCache.noindex/_Builtin_stdarg-5R2Y5DQ9CCCL9AXNPNWQHLN9D.pcm /Users/builder/clone/build/ModuleCache.noindex/simd-BSWSXRLML747D1I3MKXIS72QO.pcm /Users/builder/clone/build/ModuleCache.noindex/CoreHaptics-ARFABVWACCA02LKJYITGZU9Q7.pcm /Users/builder/clone/build/ModuleCache.noindex/SwiftUI-AK1XGHATEPFTJ70AWO7W6AWK9.pcm /Users/builder/clone/build/ModuleCache.noindex/UIUtilities-6JOADBKTSE4NPC88FM5OYVU8P.pcm /Users/builder/clone/build/ModuleCache.noindex/_DarwinFoundation2-5VUBEIZBEOC3ULBJKT8JJE3XM.pcm /Users/builder/clone/build/Build/Intermediates.noindex/SwiftExplicitPrecompiledModules/cmark_gfm_extensions-1SR33KA1G2Q8WEKIPM9VROQ5N.pcm /Users/builder/clone/build/ModuleCache.noindex/Network-4IMRDGVC8RKD422IRJOYW22FL.pcm /Users/builder/clone/build/ModuleCache.noindex/_Builtin_stdint-BY1E7A3YMCKR9BQHIRHXF627F.pcm /Users/builder/clone/build/Build/Intermediates.noindex/SwiftExplicitPrecompiledModules/CAtomic-9WT9GVAANW8YGX9ACI0MWTIRZ.pcm /Users/builder/clone/build/ModuleCache.noindex/ExtensionKit-3DVMFT4SL8PNTPMUW6ZAYM1XF.pcm /Users/builder/clone/build/ModuleCache.noindex/_Builtin_float-85JALJ7TDDJVRCDY2BGUERQAS.pcm /Users/builder/clone/build/ModuleCache.noindex/Accessibility-3RX97MFHHJGQXOG4G0VI5N8UT.pcm /Users/builder/clone/build/ModuleCache.noindex/Darwin-6RKUUF4EH2R721CA2RMUMBGM.pcm /Users/builder/clone/build/ModuleCache.noindex/_Builtin_intrinsics-6PL1ODUCDDBVU2XKNN1VZ5ND7.pcm /Users/builder/clone/build/ModuleCache.noindex/CoreTransferable-B5CV2GWW0SLB0OWR5YV68MGYP.pcm /Users/builder/clone/build/ModuleCache.noindex/QuickLook-2CWX0NQJOC3OTFB3E654QFI2A.pcm /Users/builder/clone/build/ModuleCache.noindex/CoreData-DNZRGA7JMAH6GG8WDWQ4NGNR2.pcm /Users/builder/clone/build/ModuleCache.noindex/MachO-DZMS1HU305V4D7CIKLN8WSEFR.pcm /Users/builder/clone/build/ModuleCache.noindex/QuartzCore-82L8I9S4QDPKIBSA5DE1CX6QA.pcm /Users/builder/clone/build/ModuleCache.noindex/UserNotifications-7Q0Y5OT179CFY0A1S1OWG7EVS.pcm /Users/builder/clone/build/ModuleCache.noindex/CoreMIDI-ADG2I8M69LFBT9KFXB19H6E99.pcm /Users/builder/clone/build/ModuleCache.noindex/OSLog-4D6PR7NKYEG76TEDB6O79JTT5.pcm /Users/builder/clone/build/Build/Intermediates.noindex/SwiftExplicitPrecompiledModules/cmark_gfm-9KPHS24IIR67DA6NAJF82793R.pcm /Users/builder/clone/build/ModuleCache.noindex/_AvailabilityInternal-DFS0JW4PZLXT848C3VTWTDSUS.pcm /Users/builder/clone/build/ModuleCache.noindex/BackgroundAssets-4L8K9PCT7QBMOCIQYS3DDT95B.pcm /Users/builder/clone/build/ModuleCache.noindex/os-VN4E92RQR7U9PJADXD7BSCO5.pcm /Users/builder/clone/build/ModuleCache.noindex/QuickLookThumbnailing-DD1AR46MBQ64RIZ3WINDIXQYV.pcm /Users/builder/clone/build/ModuleCache.noindex/_DarwinFoundation1-BY8IH101M5CDB167KVTIL0C1Z.pcm /Users/builder/clone/build/ModuleCache.noindex/_Builtin_limits-XHLD784D8WPPZQEXHGFC55BF.pcm /Users/builder/clone/build/ModuleCache.noindex/FileProvider-ES1PGXV7F10JITUURTEVQ4MOF.pcm /Users/builder/clone/build/ModuleCache.noindex/MediaAccessibility-9O905G1XAO6NY6E1S8YLPOBLD.pcm /Users/builder/clone/build/ModuleCache.noindex/XPC-83H6M22GN0LJJMP6IVF07J1T3.pcm /Users/builder/clone/build/ModuleCache.noindex/MediaToolbox-2917HOP5DDQAKYY8WSXVPMU8S.pcm /Users/builder/clone/build/ModuleCache.noindex/Symbols-4IY2GWUB7DFGPSE124NUDODPN.pcm /Users/builder/clone/build/ModuleCache.noindex/Translation-7HT51FRM4MBYMLZ7TQTZSGIR3.pcm /Users/builder/clone/build/ModuleCache.noindex/CoreAudio-E4KLR1PCHKJAV1PIVUTEKVVIQ.pcm /Users/builder/clone/build/ModuleCache.noindex/_Builtin_inttypes-BDDTEDMVWUP4QDWT2P9QEWF54.pcm /Users/builder/clone/build/ModuleCache.noindex/Photos-5MTPK1PLUMUCGFILYMZGG0PLF.pcm /Users/builder/clone/build/ModuleCache.noindex/ImageIO-B333V7XDYJWJU9NTF8Y2MV80I.pcm /Users/builder/clone/build/ModuleCache.noindex/CoreMedia-R4Z9G714E53P64SLQRI4IG76.pcm /Users/builder/clone/build/ModuleCache.noindex/CoreVideo-CAF6XWOYMNTN9TK6VWLNIH3C5.pcm /Users/builder/clone/build/ModuleCache.noindex/sys_types-4YSRAH9YYNB3I66HHQWOQEM6L.pcm /Users/builder/clone/build/ModuleCache.noindex/CoreImage-197CZCAPBVBNVFAAM6QMD3OAM.pcm /Users/builder/clone/build/ModuleCache.noindex/_Builtin_stdbool-2ILQPNNY1Q1DQQK2TZ9WXC57G.pcm /Users/builder/clone/build/ModuleCache.noindex/Accelerate-BXICWY5ZH75NI4STWSHJH8B4J.pcm /Users/builder/clone/build/ModuleCache.noindex/AudioToolbox-37K6BL3CCSU6MJSBX3FPQ6WJW.pcm /Users/builder/clone/build/ModuleCache.noindex/Metal-API99ACLGVJ0LCOD8H2BFQXJW.pcm /Users/builder/clone/build/ModuleCache.noindex/ExtensionFoundation-AZLN79YMMB34CT31CBR4JDML5.pcm /Users/builder/clone/build/ModuleCache.noindex/_Builtin_stdatomic-4C4KLUK64YOJ8Y6GZ37Y6UN7C.pcm /Users/builder/clone/build/ModuleCache.noindex/os_object-5DJUYTWMFLH6P3NXZJKLUNUPU.pcm /Users/builder/clone/build/ModuleCache.noindex/DataDetection-QZCUY58ELATMPGLV3YTCHC3Q.pcm /Users/builder/clone/build/ModuleCache.noindex/CoreAudioTypes-4X3LTNJW00ZV5RR46YCJMTV8K.pcm /Users/builder/clone/build/ModuleCache.noindex/ptrauth-6LUUL5WAG7REBSNPZZB05FMLV.pcm /Users/builder/clone/build/ModuleCache.noindex/OpenGLES-4WHAPQZ50BKGVGRE57NIPC1Q3.pcm /Users/builder/clone/build/Build/Intermediates.noindex/MediaUI.build/Release-iphoneos/MediaUI.build/Objects-normal/arm64/MediaUI-dependencies-1.json (in target 'MediaUI' from project 'MediaUI')\nCompileSwift normal arm64 (in target 'MediaUI' from project 'MediaUI')\n    cd /Users/builder/clone/IceCubesApp.xcodeproj\n    \n\nSwiftDriverJobDiscovery normal arm64 Compiling AppAccount.swift, AppAccountView.swift, AppAccountViewModel.swift, AppAccountsManager.swift, AppAccountsSelectorView.swift (in target 'AppAccount' from project 'AppAccount')\n\nSwiftDriver\\ Compilation\\ Requirements AppAccount normal arm64 com.apple.xcode.tools.swift.compiler (in target 'AppAccount' from project 'AppAccount')\n    cd /Users/builder/clone/IceCubesApp.xcodeproj\n    builtin-Swift-Compilation-Requirements -- /Applications/Xcode-26.4.app/Contents/Developer/Toolchains/XcodeDefault.xctoolchain/usr/bin/swiftc -module-name AppAccount -O -whole-module-optimization @/Users/builder/clone/build/Build/Intermediates.noindex/AppAccount.build/Release-iphoneos/AppAccount.build/Objects-normal/arm64/AppAccount.SwiftFileList -DSWIFT_PACKAGE -DSWIFT_MODULE_RESOURCE_BUNDLE_UNAVAILABLE -DXcode -plugin-path /Applications/Xcode-26.4.app/Contents/Developer/Toolchains/XcodeDefault.xctoolchain/usr/lib/swift/host/plugins/testing -enable-experimental-feature DebugDescriptionMacro -sdk /Applications/Xcode-26.4.app/Contents/Developer/Platforms/iPhoneOS.platform/Developer/SDKs/iPhoneOS26.4.sdk -target arm64-apple-ios18.0 -g -module-cache-path /Users/builder/clone/build/ModuleCache.noindex -Xfrontend -serialize-debugging-options -swift-version 6 -I /Users/builder/clone/build/Build/Products/Release-iphoneos -Isystem /Applications/Xcode-26.4.app/Contents/Developer/Platforms/iPhoneOS.platform/Developer/usr/lib -F /Users/builder/clone/build/Build/Products/Release-iphoneos/PackageFrameworks -F /Users/builder/clone/build/Build/Products/Release-iphoneos/PackageFrameworks -F /Users/builder/clone/build/Build/Products/Release-iphoneos/PackageFrameworks -F /Users/builder/clone/build/Build/Products/Release-iphoneos/PackageFrameworks -F /Users/builder/clone/build/Build/Products/Release-iphoneos/PackageFrameworks -F /Users/builder/clone/build/Build/Products/Release-iphoneos/PackageFrameworks -F /Users/builder/clone/build/Build/Products/Release-iphoneos/PackageFrameworks -F /Users/builder/clone/build/Build/Products/Release-iphoneos/PackageFrameworks -F /Users/builder/clone/build/Build/Products/Release-iphoneos/PackageFrameworks -F /Users/builder/clone/build/Build/Products/Release-iphoneos/PackageFrameworks -F /Users/builder/clone/build/Build/Products/Release-iphoneos/PackageFrameworks -F /Users/builder/clone/build/Build/Products/Release-iphoneos/PackageFrameworks -F /Users/builder/clone/build/Build/Products/Release-iphoneos/PackageFrameworks -F /Users/builder/clone/build/Build/Products/Release-iphoneos/PackageFrameworks -F /Users/builder/clone/build/Build/Products/Release-iphoneos/PackageFrameworks -F /Users/builder/clone/build/Build/Products/Release-iphoneos -F /Applications/Xcode-26.4.app/Contents/Developer/Platforms/iPhoneOS.platform/Developer/Library/Frameworks -F /Applications/Xcode-26.4.app/Contents/Developer/Platforms/iPhoneOS.platform/Developer/SDKs/iPhoneOS26.4.sdk/Developer/Library/Frameworks -emit-localized-strings -emit-localized-strings-path /Users/builder/clone/build/Build/Intermediates.noindex/AppAccount.build/Release-iphoneos/AppAccount.build/Objects-normal/arm64 -c -num-threads 3 -Xcc -ivfsstatcache -Xcc /Users/builder/clone/build/SDKStatCaches.noindex/iphoneos26.4-23E252-dc38477e7e47e42951976ad86cc01fb3.sdkstatcache -output-file-map /Users/builder/clone/build/Build/Intermediates.noindex/AppAccount.build/Release-iphoneos/AppAccount.build/Objects-normal/arm64/AppAccount-OutputFileMap.json -use-frontend-parseable-output -save-temps -no-color-diagnostics -explicit-module-build -module-cache-path /Users/builder/clone/build/Build/Intermediates.noindex/SwiftExplicitPrecompiledModules -clang-scanner-module-cache-path /Users/builder/clone/build/ModuleCache.noindex -sdk-module-cache-path /Users/builder/clone/build/ModuleCache.noindex -serialize-diagnostics -emit-dependencies -emit-module -emit-module-path /Users/builder/clone/build/Build/Intermediates.noindex/AppAccount.build/Release-iphoneos/AppAccount.build/Objects-normal/arm64/AppAccount.swiftmodule -validate-clang-modules-once -clang-build-session-file /Users/builder/clone/build/ModuleCache.noindex/Session.modulevalidation -package-name appaccount -Xcc -I/Users/builder/clone/build/Build/Intermediates.noindex/AppAccount.build/Release-iphoneos/AppAccount.build/swift-overrides.hmap -emit-const-values -Xfrontend -const-gather-protocols-file -Xfrontend /Users/builder/clone/build/Build/Intermediates.noindex/AppAccount.build/Release-iphoneos/AppAccount.build/Objects-normal/arm64/AppAccount_const_extract_protocols.json -Xcc -I/Users/builder/clone/build/SourcePackages/checkouts/swift-cmark/src/include -Xcc -I/Users/builder/clone/build/SourcePackages/checkouts/swift-cmark/extensions/include -Xcc -I/Users/builder/clone/build/SourcePackages/checkouts/swift-markdown/Sources/CAtomic/include -Xcc -I/Users/builder/clone/build/Build/Products/Release-iphoneos/include -Xcc -I/Users/builder/clone/build/Build/Intermediates.noindex/AppAccount.build/Release-iphoneos/AppAccount.build/DerivedSources-normal/arm64 -Xcc -I/Users/builder/clone/build/Build/Intermediates.noindex/AppAccount.build/Release-iphoneos/AppAccount.build/DerivedSources/arm64 -Xcc -I/Users/builder/clone/build/Build/Intermediates.noindex/AppAccount.build/Release-iphoneos/AppAccount.build/DerivedSources -Xcc -DSWIFT_PACKAGE -emit-objc-header -emit-objc-header-path /Users/builder/clone/build/Build/Intermediates.noindex/AppAccount.build/Release-iphoneos/AppAccount.build/Objects-normal/arm64/AppAccount-Swift.h -working-directory /Users/builder/clone/IceCubesApp.xcodeproj -no-emit-module-separately-wmo\n\nSwiftMergeGeneratedHeaders /Users/builder/clone/build/Build/Intermediates.noindex/GeneratedModuleMaps-iphoneos/AppAccount-Swift.h /Users/builder/clone/build/Build/Intermediates.noindex/AppAccount.build/Release-iphoneos/AppAccount.build/Objects-normal/arm64/AppAccount-Swift.h (in target 'AppAccount' from project 'AppAccount')\n    cd /Users/builder/clone/Packages/AppAccount\n    builtin-swiftHeaderTool -arch arm64 /Users/builder/clone/build/Build/Intermediates.noindex/AppAccount.build/Release-iphoneos/AppAccount.build/Objects-normal/arm64/AppAccount-Swift.h -o /Users/builder/clone/build/Build/Intermediates.noindex/GeneratedModuleMaps-iphoneos/AppAccount-Swift.h\n\nCopy /Users/builder/clone/build/Build/Products/Release-iphoneos/AppAccount.swiftmodule/arm64-apple-ios.swiftmodule /Users/builder/clone/build/Build/Intermediates.noindex/AppAccount.build/Release-iphoneos/AppAccount.build/Objects-normal/arm64/AppAccount.swiftmodule (in target 'AppAccount' from project 'AppAccount')\n    cd /Users/builder/clone/Packages/AppAccount\n    builtin-copy -exclude .DS_Store -exclude CVS -exclude .svn -exclude .git -exclude .hg -strip-unsigned-binaries -strip-deterministic -strip-tool /Applications/Xcode-26.4.app/Contents/Developer/Toolchains/XcodeDefault.xctoolchain/usr/bin/strip -resolve-src-symlinks -rename /Users/builder/clone/build/Build/Intermediates.noindex/AppAccount.build/Release-iphoneos/AppAccount.build/Objects-normal/arm64/AppAccount.swiftmodule /Users/builder/clone/build/Build/Products/Release-iphoneos/AppAccount.swiftmodule/arm64-apple-ios.swiftmodule\n\nCopy /Users/builder/clone/build/Build/Products/Release-iphoneos/AppAccount.swiftmodule/arm64-apple-ios.swiftdoc /Users/builder/clone/build/Build/Intermediates.noindex/AppAccount.build/Release-iphoneos/AppAccount.build/Objects-normal/arm64/AppAccount.swiftdoc (in target 'AppAccount' from project 'AppAccount')\n    cd /Users/builder/clone/Packages/AppAccount\n    builtin-copy -exclude .DS_Store -exclude CVS -exclude .svn -exclude .git -exclude .hg -strip-unsigned-binaries -strip-deterministic -strip-tool /Applications/Xcode-26.4.app/Contents/Developer/Toolchains/XcodeDefault.xctoolchain/usr/bin/strip -resolve-src-symlinks -rename /Users/builder/clone/build/Build/Intermediates.noindex/AppAccount.build/Release-iphoneos/AppAccount.build/Objects-normal/arm64/AppAccount.swiftdoc /Users/builder/clone/build/Build/Products/Release-iphoneos/AppAccount.swiftmodule/arm64-apple-ios.swiftdoc\n\nCopy /Users/builder/clone/build/Build/Products/Release-iphoneos/AppAccount.swiftmodule/arm64-apple-ios.abi.json /Users/builder/clone/build/Build/Intermediates.noindex/AppAccount.build/Release-iphoneos/AppAccount.build/Objects-normal/arm64/AppAccount.abi.json (in target 'AppAccount' from project 'AppAccount')\n    cd /Users/builder/clone/Packages/AppAccount\n    builtin-copy -exclude .DS_Store -exclude CVS -exclude .svn -exclude .git -exclude .hg -strip-unsigned-binaries -strip-deterministic -strip-tool /Applications/Xcode-26.4.app/Contents/Developer/Toolchains/XcodeDefault.xctoolchain/usr/bin/strip -resolve-src-symlinks -rename /Users/builder/clone/build/Build/Intermediates.noindex/AppAccount.build/Release-iphoneos/AppAccount.build/Objects-normal/arm64/AppAccount.abi.json /Users/builder/clone/build/Build/Products/Release-iphoneos/AppAccount.swiftmodule/arm64-apple-ios.abi.json\n\nCopy /Users/builder/clone/build/Build/Products/Release-iphoneos/AppAccount.swiftmodule/Project/arm64-apple-ios.swiftsourceinfo /Users/builder/clone/build/Build/Intermediates.noindex/AppAccount.build/Release-iphoneos/AppAccount.build/Objects-normal/arm64/AppAccount.swiftsourceinfo (in target 'AppAccount' from project 'AppAccount')\n    cd /Users/builder/clone/Packages/AppAccount\n    builtin-copy -exclude .DS_Store -exclude CVS -exclude .svn -exclude .git -exclude .hg -strip-unsigned-binaries -strip-deterministic -strip-tool /Applications/Xcode-26.4.app/Contents/Developer/Toolchains/XcodeDefault.xctoolchain/usr/bin/strip -resolve-src-symlinks -rename /Users/builder/clone/build/Build/Intermediates.noindex/AppAccount.build/Release-iphoneos/AppAccount.build/Objects-normal/arm64/AppAccount.swiftsourceinfo /Users/builder/clone/build/Build/Products/Release-iphoneos/AppAccount.swiftmodule/Project/arm64-apple-ios.swiftsourceinfo\n\nLd /Users/builder/clone/build/Build/Products/Release-iphoneos/AppAccount.o normal (in target 'AppAccount' from project 'AppAccount')\n    cd /Users/builder/clone/Packages/AppAccount\n    /Applications/Xcode-26.4.app/Contents/Developer/Toolchains/XcodeDefault.xctoolchain/usr/bin/clang -Xlinker -reproducible -target arm64-apple-ios18.0 -r -isysroot /Applications/Xcode-26.4.app/Contents/Developer/Platforms/iPhoneOS.platform/Developer/SDKs/iPhoneOS26.4.sdk -Os -F/Users/builder/clone/build/Build/Intermediates.noindex/EagerLinkingTBDs/Release-iphoneos -F/Users/builder/clone/build/Build/Products/Release-iphoneos/PackageFrameworks -F/Users/builder/clone/build/Build/Products/Release-iphoneos/PackageFrameworks -F/Users/builder/clone/build/Build/Products/Release-iphoneos/PackageFrameworks -F/Users/builder/clone/build/Build/Products/Release-iphoneos/PackageFrameworks -F/Users/builder/clone/build/Build/Products/Release-iphoneos/PackageFrameworks -F/Users/builder/clone/build/Build/Products/Release-iphoneos/PackageFrameworks -F/Users/builder/clone/build/Build/Products/Release-iphoneos/PackageFrameworks -F/Users/builder/clone/build/Build/Products/Release-iphoneos/PackageFrameworks -F/Users/builder/clone/build/Build/Products/Release-iphoneos/PackageFrameworks -F/Users/builder/clone/build/Build/Products/Release-iphoneos/PackageFrameworks -F/Users/builder/clone/build/Build/Products/Release-iphoneos/PackageFrameworks -F/Users/builder/clone/build/Build/Products/Release-iphoneos/PackageFrameworks -F/Users/builder/clone/build/Build/Products/Release-iphoneos/PackageFrameworks -F/Users/builder/clone/build/Build/Products/Release-iphoneos/PackageFrameworks -F/Users/builder/clone/build/Build/Products/Release-iphoneos/PackageFrameworks -F/Users/builder/clone/build/Build/Products/Release-iphoneos -iframework /Applications/Xcode-26.4.app/Contents/Developer/Platforms/iPhoneOS.platform/Developer/Library/Frameworks -iframework /Applications/Xcode-26.4.app/Contents/Developer/Platforms/iPhoneOS.platform/Developer/SDKs/iPhoneOS26.4.sdk/Developer/Library/Frameworks -filelist /Users/builder/clone/build/Build/Intermediates.noindex/AppAccount.build/Release-iphoneos/AppAccount.build/Objects-normal/arm64/AppAccount.LinkFileList -nostdlib -Xlinker -object_path_lto -Xlinker /Users/builder/clone/build/Build/Intermediates.noindex/AppAccount.build/Release-iphoneos/AppAccount.build/Objects-normal/arm64/AppAccount_lto.o -Xlinker -dependency_info -Xlinker /Users/builder/clone/build/Build/Intermediates.noindex/AppAccount.build/Release-iphoneos/AppAccount.build/Objects-normal/arm64/AppAccount_dependency_info.dat -fobjc-link-runtime -L/Applications/Xcode-26.4.app/Contents/Developer/Toolchains/XcodeDefault.xctoolchain/usr/lib/swift/iphoneos -L/usr/lib/swift -Xlinker -add_ast_path -Xlinker /Users/builder/clone/build/Build/Intermediates.noindex/AppAccount.build/Release-iphoneos/AppAccount.build/Objects-normal/arm64/AppAccount.swiftmodule @/Users/builder/clone/build/Build/Intermediates.noindex/AppAccount.build/Release-iphoneos/AppAccount.build/Objects-normal/arm64/AppAccount-linker-args.resp -o /Users/builder/clone/build/Build/Products/Release-iphoneos/AppAccount.o\n\nSwiftDriverJobDiscovery normal arm64 Compiling DisplayType.swift, MediaUIAttachmentImageView.swift, MediaUIAttachmentVideoView.swift, MediaUIShareLink.swift, MediaUITransferableImage.swift, MediaUIView.swift, MediaUIZoomableContainer.swift, QuickLookToolbarItem.swift, ShareToolbarItem.swift (in target 'MediaUI' from project 'MediaUI')\n\nSwiftDriver\\ Compilation\\ Requirements MediaUI normal arm64 com.apple.xcode.tools.swift.compiler (in target 'MediaUI' from project 'MediaUI')\n    cd /Users/builder/clone/IceCubesApp.xcodeproj\n    builtin-Swift-Compilation-Requirements -- /Applications/Xcode-26.4.app/Contents/Developer/Toolchains/XcodeDefault.xctoolchain/usr/bin/swiftc -module-name MediaUI -O -whole-module-optimization @/Users/builder/clone/build/Build/Intermediates.noindex/MediaUI.build/Release-iphoneos/MediaUI.build/Objects-normal/arm64/MediaUI.SwiftFileList -DSWIFT_PACKAGE -DSWIFT_MODULE_RESOURCE_BUNDLE_UNAVAILABLE -DXcode -default-isolation MainActor -plugin-path /Applications/Xcode-26.4.app/Contents/Developer/Toolchains/XcodeDefault.xctoolchain/usr/lib/swift/host/plugins/testing -enable-experimental-feature DebugDescriptionMacro -sdk /Applications/Xcode-26.4.app/Contents/Developer/Platforms/iPhoneOS.platform/Developer/SDKs/iPhoneOS26.4.sdk -target arm64-apple-ios18.0 -g -module-cache-path /Users/builder/clone/build/ModuleCache.noindex -Xfrontend -serialize-debugging-options -swift-version 6 -I /Users/builder/clone/build/Build/Products/Release-iphoneos -Isystem /Applications/Xcode-26.4.app/Contents/Developer/Platforms/iPhoneOS.platform/Developer/usr/lib -F /Users/builder/clone/build/Build/Products/Release-iphoneos/PackageFrameworks -F /Users/builder/clone/build/Build/Products/Release-iphoneos/PackageFrameworks -F /Users/builder/clone/build/Build/Products/Release-iphoneos/PackageFrameworks -F /Users/builder/clone/build/Build/Products/Release-iphoneos/PackageFrameworks -F /Users/builder/clone/build/Build/Products/Release-iphoneos/PackageFrameworks -F /Users/builder/clone/build/Build/Products/Release-iphoneos/PackageFrameworks -F /Users/builder/clone/build/Build/Products/Release-iphoneos/PackageFrameworks -F /Users/builder/clone/build/Build/Products/Release-iphoneos/PackageFrameworks -F /Users/builder/clone/build/Build/Products/Release-iphoneos/PackageFrameworks -F /Users/builder/clone/build/Build/Products/Release-iphoneos/PackageFrameworks -F /Users/builder/clone/build/Build/Products/Release-iphoneos/PackageFrameworks -F /Users/builder/clone/build/Build/Products/Release-iphoneos/PackageFrameworks -F /Users/builder/clone/build/Build/Products/Release-iphoneos/PackageFrameworks -F /Users/builder/clone/build/Build/Products/Release-iphoneos/PackageFrameworks -F /Users/builder/clone/build/Build/Products/Release-iphoneos/PackageFrameworks -F /Users/builder/clone/build/Build/Products/Release-iphoneos -F /Applications/Xcode-26.4.app/Contents/Developer/Platforms/iPhoneOS.platform/Developer/Library/Frameworks -F /Applications/Xcode-26.4.app/Contents/Developer/Platforms/iPhoneOS.platform/Developer/SDKs/iPhoneOS26.4.sdk/Developer/Library/Frameworks -emit-localized-strings -emit-localized-strings-path /Users/builder/clone/build/Build/Intermediates.noindex/MediaUI.build/Release-iphoneos/MediaUI.build/Objects-normal/arm64 -c -num-threads 3 -Xcc -ivfsstatcache -Xcc /Users/builder/clone/build/SDKStatCaches.noindex/iphoneos26.4-23E252-dc38477e7e47e42951976ad86cc01fb3.sdkstatcache -output-file-map /Users/builder/clone/build/Build/Intermediates.noindex/MediaUI.build/Release-iphoneos/MediaUI.build/Objects-normal/arm64/MediaUI-OutputFileMap.json -use-frontend-parseable-output -save-temps -no-color-diagnostics -explicit-module-build -module-cache-path /Users/builder/clone/build/Build/Intermediates.noindex/SwiftExplicitPrecompiledModules -clang-scanner-module-cache-path /Users/builder/clone/build/ModuleCache.noindex -sdk-module-cache-path /Users/builder/clone/build/ModuleCache.noindex -serialize-diagnostics -emit-dependencies -emit-module -emit-module-path /Users/builder/clone/build/Build/Intermediates.noindex/MediaUI.build/Release-iphoneos/MediaUI.build/Objects-normal/arm64/MediaUI.swiftmodule -validate-clang-modules-once -clang-build-session-file /Users/builder/clone/build/ModuleCache.noindex/Session.modulevalidation -package-name mediaui -Xcc -I/Users/builder/clone/build/Build/Intermediates.noindex/MediaUI.build/Release-iphoneos/MediaUI.build/swift-overrides.hmap -emit-const-values -Xfrontend -const-gather-protocols-file -Xfrontend /Users/builder/clone/build/Build/Intermediates.noindex/MediaUI.build/Release-iphoneos/MediaUI.build/Objects-normal/arm64/MediaUI_const_extract_protocols.json -Xcc -I/Users/builder/clone/build/SourcePackages/checkouts/swift-cmark/src/include -Xcc -I/Users/builder/clone/build/SourcePackages/checkouts/swift-cmark/extensions/include -Xcc -I/Users/builder/clone/build/SourcePackages/checkouts/swift-markdown/Sources/CAtomic/include -Xcc -I/Users/builder/clone/build/Build/Products/Release-iphoneos/include -Xcc -I/Users/builder/clone/build/Build/Intermediates.noindex/MediaUI.build/Release-iphoneos/MediaUI.build/DerivedSources-normal/arm64 -Xcc -I/Users/builder/clone/build/Build/Intermediates.noindex/MediaUI.build/Release-iphoneos/MediaUI.build/DerivedSources/arm64 -Xcc -I/Users/builder/clone/build/Build/Intermediates.noindex/MediaUI.build/Release-iphoneos/MediaUI.build/DerivedSources -Xcc -DSWIFT_PACKAGE -emit-objc-header -emit-objc-header-path /Users/builder/clone/build/Build/Intermediates.noindex/MediaUI.build/Release-iphoneos/MediaUI.build/Objects-normal/arm64/MediaUI-Swift.h -working-directory /Users/builder/clone/IceCubesApp.xcodeproj -no-emit-module-separately-wmo\n\nSwiftMergeGeneratedHeaders /Users/builder/clone/build/Build/Intermediates.noindex/GeneratedModuleMaps-iphoneos/MediaUI-Swift.h /Users/builder/clone/build/Build/Intermediates.noindex/MediaUI.build/Release-iphoneos/MediaUI.build/Objects-normal/arm64/MediaUI-Swift.h (in target 'MediaUI' from project 'MediaUI')\n    cd /Users/builder/clone/Packages/MediaUI\n    builtin-swiftHeaderTool -arch arm64 /Users/builder/clone/build/Build/Intermediates.noindex/MediaUI.build/Release-iphoneos/MediaUI.build/Objects-normal/arm64/MediaUI-Swift.h -o /Users/builder/clone/build/Build/Intermediates.noindex/GeneratedModuleMaps-iphoneos/MediaUI-Swift.h\n\nCopy /Users/builder/clone/build/Build/Products/Release-iphoneos/MediaUI.swiftmodule/arm64-apple-ios.swiftmodule /Users/builder/clone/build/Build/Intermediates.noindex/MediaUI.build/Release-iphoneos/MediaUI.build/Objects-normal/arm64/MediaUI.swiftmodule (in target 'MediaUI' from project 'MediaUI')\n    cd /Users/builder/clone/Packages/MediaUI\n    builtin-copy -exclude .DS_Store -exclude CVS -exclude .svn -exclude .git -exclude .hg -strip-unsigned-binaries -strip-deterministic -strip-tool /Applications/Xcode-26.4.app/Contents/Developer/Toolchains/XcodeDefault.xctoolchain/usr/bin/strip -resolve-src-symlinks -rename /Users/builder/clone/build/Build/Intermediates.noindex/MediaUI.build/Release-iphoneos/MediaUI.build/Objects-normal/arm64/MediaUI.swiftmodule /Users/builder/clone/build/Build/Products/Release-iphoneos/MediaUI.swiftmodule/arm64-apple-ios.swiftmodule\n\nCopy /Users/builder/clone/build/Build/Products/Release-iphoneos/MediaUI.swiftmodule/arm64-apple-ios.swiftdoc /Users/builder/clone/build/Build/Intermediates.noindex/MediaUI.build/Release-iphoneos/MediaUI.build/Objects-normal/arm64/MediaUI.swiftdoc (in target 'MediaUI' from project 'MediaUI')\n    cd /Users/builder/clone/Packages/MediaUI\n    builtin-copy -exclude .DS_Store -exclude CVS -exclude .svn -exclude .git -exclude .hg -strip-unsigned-binaries -strip-deterministic -strip-tool /Applications/Xcode-26.4.app/Contents/Developer/Toolchains/XcodeDefault.xctoolchain/usr/bin/strip -resolve-src-symlinks -rename /Users/builder/clone/build/Build/Intermediates.noindex/MediaUI.build/Release-iphoneos/MediaUI.build/Objects-normal/arm64/MediaUI.swiftdoc /Users/builder/clone/build/Build/Products/Release-iphoneos/MediaUI.swiftmodule/arm64-apple-ios.swiftdoc\n\nCopy /Users/builder/clone/build/Build/Products/Release-iphoneos/MediaUI.swiftmodule/arm64-apple-ios.abi.json /Users/builder/clone/build/Build/Intermediates.noindex/MediaUI.build/Release-iphoneos/MediaUI.build/Objects-normal/arm64/MediaUI.abi.json (in target 'MediaUI' from project 'MediaUI')\n    cd /Users/builder/clone/Packages/MediaUI\n    builtin-copy -exclude .DS_Store -exclude CVS -exclude .svn -exclude .git -exclude .hg -strip-unsigned-binaries -strip-deterministic -strip-tool /Applications/Xcode-26.4.app/Contents/Developer/Toolchains/XcodeDefault.xctoolchain/usr/bin/strip -resolve-src-symlinks -rename /Users/builder/clone/build/Build/Intermediates.noindex/MediaUI.build/Release-iphoneos/MediaUI.build/Objects-normal/arm64/MediaUI.abi.json /Users/builder/clone/build/Build/Products/Release-iphoneos/MediaUI.swiftmodule/arm64-apple-ios.abi.json\n\nCopy /Users/builder/clone/build/Build/Products/Release-iphoneos/MediaUI.swiftmodule/Project/arm64-apple-ios.swiftsourceinfo /Users/builder/clone/build/Build/Intermediates.noindex/MediaUI.build/Release-iphoneos/MediaUI.build/Objects-normal/arm64/MediaUI.swiftsourceinfo (in target 'MediaUI' from project 'MediaUI')\n    cd /Users/builder/clone/Packages/MediaUI\n    builtin-copy -exclude .DS_Store -exclude CVS -exclude .svn -exclude .git -exclude .hg -strip-unsigned-binaries -strip-deterministic -strip-tool /Applications/Xcode-26.4.app/Contents/Developer/Toolchains/XcodeDefault.xctoolchain/usr/bin/strip -resolve-src-symlinks -rename /Users/builder/clone/build/Build/Intermediates.noindex/MediaUI.build/Release-iphoneos/MediaUI.build/Objects-normal/arm64/MediaUI.swiftsourceinfo /Users/builder/clone/build/Build/Products/Release-iphoneos/MediaUI.swiftmodule/Project/arm64-apple-ios.swiftsourceinfo\n\nLd /Users/builder/clone/build/Build/Products/Release-iphoneos/MediaUI.o normal (in target 'MediaUI' from project 'MediaUI')\n    cd /Users/builder/clone/Packages/MediaUI\n    /Applications/Xcode-26.4.app/Contents/Developer/Toolchains/XcodeDefault.xctoolchain/usr/bin/clang -Xlinker -reproducible -target arm64-apple-ios18.0 -r -isysroot /Applications/Xcode-26.4.app/Contents/Developer/Platforms/iPhoneOS.platform/Developer/SDKs/iPhoneOS26.4.sdk -Os -F/Users/builder/clone/build/Build/Intermediates.noindex/EagerLinkingTBDs/Release-iphoneos -F/Users/builder/clone/build/Build/Products/Release-iphoneos/PackageFrameworks -F/Users/builder/clone/build/Build/Products/Release-iphoneos/PackageFrameworks -F/Users/builder/clone/build/Build/Products/Release-iphoneos/PackageFrameworks -F/Users/builder/clone/build/Build/Products/Release-iphoneos/PackageFrameworks -F/Users/builder/clone/build/Build/Products/Release-iphoneos/PackageFrameworks -F/Users/builder/clone/build/Build/Products/Release-iphoneos/PackageFrameworks -F/Users/builder/clone/build/Build/Products/Release-iphoneos/PackageFrameworks -F/Users/builder/clone/build/Build/Products/Release-iphoneos/PackageFrameworks -F/Users/builder/clone/build/Build/Products/Release-iphoneos/PackageFrameworks -F/Users/builder/clone/build/Build/Products/Release-iphoneos/PackageFrameworks -F/Users/builder/clone/build/Build/Products/Release-iphoneos/PackageFrameworks -F/Users/builder/clone/build/Build/Products/Release-iphoneos/PackageFrameworks -F/Users/builder/clone/build/Build/Products/Release-iphoneos/PackageFrameworks -F/Users/builder/clone/build/Build/Products/Release-iphoneos/PackageFrameworks -F/Users/builder/clone/build/Build/Products/Release-iphoneos/PackageFrameworks -F/Users/builder/clone/build/Build/Products/Release-iphoneos -iframework /Applications/Xcode-26.4.app/Contents/Developer/Platforms/iPhoneOS.platform/Developer/Library/Frameworks -iframework /Applications/Xcode-26.4.app/Contents/Developer/Platforms/iPhoneOS.platform/Developer/SDKs/iPhoneOS26.4.sdk/Developer/Library/Frameworks -filelist /Users/builder/clone/build/Build/Intermediates.noindex/MediaUI.build/Release-iphoneos/MediaUI.build/Objects-normal/arm64/MediaUI.LinkFileList -nostdlib -Xlinker -object_path_lto -Xlinker /Users/builder/clone/build/Build/Intermediates.noindex/MediaUI.build/Release-iphoneos/MediaUI.build/Objects-normal/arm64/MediaUI_lto.o -Xlinker -dependency_info -Xlinker /Users/builder/clone/build/Build/Intermediates.noindex/MediaUI.build/Release-iphoneos/MediaUI.build/Objects-normal/arm64/MediaUI_dependency_info.dat -fobjc-link-runtime -L/Applications/Xcode-26.4.app/Contents/Developer/Toolchains/XcodeDefault.xctoolchain/usr/lib/swift/iphoneos -L/usr/lib/swift -Xlinker -add_ast_path -Xlinker /Users/builder/clone/build/Build/Intermediates.noindex/MediaUI.build/Release-iphoneos/MediaUI.build/Objects-normal/arm64/MediaUI.swiftmodule @/Users/builder/clone/build/Build/Intermediates.noindex/MediaUI.build/Release-iphoneos/MediaUI.build/Objects-normal/arm64/MediaUI-linker-args.resp -o /Users/builder/clone/build/Build/Products/Release-iphoneos/MediaUI.o\n\nSwiftDriver StatusKit normal arm64 com.apple.xcode.tools.swift.compiler (in target 'StatusKit' from project 'StatusKit')\n    cd /Users/builder/clone/IceCubesApp.xcodeproj\n    builtin-SwiftDriver -- /Applications/Xcode-26.4.app/Contents/Developer/Toolchains/XcodeDefault.xctoolchain/usr/bin/swiftc -module-name StatusKit -O -whole-module-optimization @/Users/builder/clone/build/Build/Intermediates.noindex/StatusKit.build/Release-iphoneos/StatusKit.build/Objects-normal/arm64/StatusKit.SwiftFileList -DSWIFT_PACKAGE -DSWIFT_MODULE_RESOURCE_BUNDLE_UNAVAILABLE -DXcode -default-isolation MainActor -plugin-path /Applications/Xcode-26.4.app/Contents/Developer/Toolchains/XcodeDefault.xctoolchain/usr/lib/swift/host/plugins/testing -enable-experimental-feature DebugDescriptionMacro -sdk /Applications/Xcode-26.4.app/Contents/Developer/Platforms/iPhoneOS.platform/Developer/SDKs/iPhoneOS26.4.sdk -target arm64-apple-ios18.0 -g -module-cache-path /Users/builder/clone/build/ModuleCache.noindex -Xfrontend -serialize-debugging-options -swift-version 6 -I /Users/builder/clone/build/Build/Products/Release-iphoneos -Isystem /Applications/Xcode-26.4.app/Contents/Developer/Platforms/iPhoneOS.platform/Developer/usr/lib -F /Users/builder/clone/build/Build/Products/Release-iphoneos/PackageFrameworks -F /Users/builder/clone/build/Build/Products/Release-iphoneos/PackageFrameworks -F /Users/builder/clone/build/Build/Products/Release-iphoneos/PackageFrameworks -F /Users/builder/clone/build/Build/Products/Release-iphoneos/PackageFrameworks -F /Users/builder/clone/build/Build/Products/Release-iphoneos/PackageFrameworks -F /Users/builder/clone/build/Build/Products/Release-iphoneos/PackageFrameworks -F /Users/builder/clone/build/Build/Products/Release-iphoneos/PackageFrameworks -F /Users/builder/clone/build/Build/Products/Release-iphoneos/PackageFrameworks -F /Users/builder/clone/build/Build/Products/Release-iphoneos/PackageFrameworks -F /Users/builder/clone/build/Build/Products/Release-iphoneos/PackageFrameworks -F /Users/builder/clone/build/Build/Products/Release-iphoneos/PackageFrameworks -F /Users/builder/clone/build/Build/Products/Release-iphoneos/PackageFrameworks -F /Users/builder/clone/build/Build/Products/Release-iphoneos/PackageFrameworks -F /Users/builder/clone/build/Build/Products/Release-iphoneos/PackageFrameworks -F /Users/builder/clone/build/Build/Products/Release-iphoneos/PackageFrameworks -F /Users/builder/clone/build/Build/Products/Release-iphoneos/PackageFrameworks -F /Users/builder/clone/build/Build/Products/Release-iphoneos/PackageFrameworks -F /Users/builder/clone/build/Build/Products/Release-iphoneos/PackageFrameworks -F /Users/builder/clone/build/Build/Products/Release-iphoneos -F /Applications/Xcode-26.4.app/Contents/Developer/Platforms/iPhoneOS.platform/Developer/Library/Frameworks -F /Applications/Xcode-26.4.app/Contents/Developer/Platforms/iPhoneOS.platform/Developer/SDKs/iPhoneOS26.4.sdk/Developer/Library/Frameworks -emit-localized-strings -emit-localized-strings-path /Users/builder/clone/build/Build/Intermediates.noindex/StatusKit.build/Release-iphoneos/StatusKit.build/Objects-normal/arm64 -c -num-threads 3 -Xcc -ivfsstatcache -Xcc /Users/builder/clone/build/SDKStatCaches.noindex/iphoneos26.4-23E252-dc38477e7e47e42951976ad86cc01fb3.sdkstatcache -output-file-map /Users/builder/clone/build/Build/Intermediates.noindex/StatusKit.build/Release-iphoneos/StatusKit.build/Objects-normal/arm64/StatusKit-OutputFileMap.json -use-frontend-parseable-output -save-temps -no-color-diagnostics -explicit-module-build -module-cache-path /Users/builder/clone/build/Build/Intermediates.noindex/SwiftExplicitPrecompiledModules -clang-scanner-module-cache-path /Users/builder/clone/build/ModuleCache.noindex -sdk-module-cache-path /Users/builder/clone/build/ModuleCache.noindex -serialize-diagnostics -emit-dependencies -emit-module -emit-module-path /Users/builder/clone/build/Build/Intermediates.noindex/StatusKit.build/Release-iphoneos/StatusKit.build/Objects-normal/arm64/StatusKit.swiftmodule -validate-clang-modules-once -clang-build-session-file /Users/builder/clone/build/ModuleCache.noindex/Session.modulevalidation -package-name statuskit -Xcc -I/Users/builder/clone/build/Build/Intermediates.noindex/StatusKit.build/Release-iphoneos/StatusKit.build/swift-overrides.hmap -emit-const-values -Xfrontend -const-gather-protocols-file -Xfrontend /Users/builder/clone/build/Build/Intermediates.noindex/StatusKit.build/Release-iphoneos/StatusKit.build/Objects-normal/arm64/StatusKit_const_extract_protocols.json -Xcc -I/Users/builder/clone/build/SourcePackages/checkouts/swift-cmark/src/include -Xcc -I/Users/builder/clone/build/SourcePackages/checkouts/swift-cmark/extensions/include -Xcc -I/Users/builder/clone/build/SourcePackages/checkouts/swift-markdown/Sources/CAtomic/include -Xcc -I/Users/builder/clone/build/Build/Products/Release-iphoneos/include -Xcc -I/Users/builder/clone/build/Build/Intermediates.noindex/StatusKit.build/Release-iphoneos/StatusKit.build/DerivedSources-normal/arm64 -Xcc -I/Users/builder/clone/build/Build/Intermediates.noindex/StatusKit.build/Release-iphoneos/StatusKit.build/DerivedSources/arm64 -Xcc -I/Users/builder/clone/build/Build/Intermediates.noindex/StatusKit.build/Release-iphoneos/StatusKit.build/DerivedSources -Xcc -DSWIFT_PACKAGE -emit-objc-header -emit-objc-header-path /Users/builder/clone/build/Build/Intermediates.noindex/StatusKit.build/Release-iphoneos/StatusKit.build/Objects-normal/arm64/StatusKit-Swift.h -working-directory /Users/builder/clone/IceCubesApp.xcodeproj -no-emit-module-separately-wmo\n/Users/builder/clone/Packages/StatusKit/Sources/StatusKit/List/StatusesListView.swift:481:1: error: extraneous '}' at top level\n}\n^\n/Users/builder/clone/Packages/StatusKit/Sources/StatusKit/List/StatusesListView.swift:481:1: error: Extraneous '}' at top level\n}\n^ (in target 'StatusKit' from project 'StatusKit')\n\nExtractAppIntentsMetadata (in target 'AppAccount' from project 'AppAccount')\n    cd /Users/builder/clone/Packages/AppAccount\n    /Applications/Xcode-26.4.app/Contents/Developer/Toolchains/XcodeDefault.xctoolchain/usr/bin/appintentsmetadataprocessor --toolchain-dir /Applications/Xcode-26.4.app/Contents/Developer/Toolchains/XcodeDefault.xctoolchain --module-name AppAccount --sdk-root /Applications/Xcode-26.4.app/Contents/Developer/Platforms/iPhoneOS.platform/Developer/SDKs/iPhoneOS26.4.sdk --xcode-version 17E202 --platform-family iOS --deployment-target 18.0 --bundle-identifier appaccount.AppAccount --output /Users/builder/clone/build/Build/Products/Release-iphoneos/AppAccount.appintents --target-triple arm64-apple-ios18.0 --binary-file /Users/builder/clone/build/Build/Products/Release-iphoneos/AppAccount.o --dependency-file /Users/builder/clone/build/Build/Intermediates.noindex/AppAccount.build/Release-iphoneos/AppAccount.build/Objects-normal/arm64/AppAccount_dependency_info.dat --stringsdata-file /Users/builder/clone/build/Build/Intermediates.noindex/AppAccount.build/Release-iphoneos/AppAccount.build/Objects-normal/arm64/ExtractedAppShortcutsMetadata.stringsdata --source-file-list /Users/builder/clone/build/Build/Intermediates.noindex/AppAccount.build/Release-iphoneos/AppAccount.build/Objects-normal/arm64/AppAccount.SwiftFileList --metadata-file-list /Users/builder/clone/build/Build/Intermediates.noindex/AppAccount.build/Release-iphoneos/AppAccount.build/AppAccount.DependencyMetadataFileList --static-metadata-file-list /Users/builder/clone/build/Build/Intermediates.noindex/AppAccount.build/Release-iphoneos/AppAccount.build/AppAccount.DependencyStaticMetadataFileList --swift-const-vals-list /Users/builder/clone/build/Build/Intermediates.noindex/AppAccount.build/Release-iphoneos/AppAccount.build/Objects-normal/arm64/AppAccount.SwiftConstValuesFileList --force --compile-time-extraction --deployment-aware-processing --validate-assistant-intents --no-app-shortcuts-localization\n2026-09-05 04:20:56.779 appintentsmetadataprocessor[2429:19001] Starting appintentsmetadataprocessor export\n2026-09-05 04:20:56.790 appintentsmetadataprocessor[2429:19001] Extracted no relevant App Intents symbols, skipping writing output\n\nExtractAppIntentsMetadata (in target 'MediaUI' from project 'MediaUI')\n    cd /Users/builder/clone/Packages/MediaUI\n    /Applications/Xcode-26.4.app/Contents/Developer/Toolchains/XcodeDefault.xctoolchain/usr/bin/appintentsmetadataprocessor --toolchain-dir /Applications/Xcode-26.4.app/Contents/Developer/Toolchains/XcodeDefault.xctoolchain --module-name MediaUI --sdk-root /Applications/Xcode-26.4.app/Contents/Developer/Platforms/iPhoneOS.platform/Developer/SDKs/iPhoneOS26.4.sdk --xcode-version 17E202 --platform-family iOS --deployment-target 18.0 --bundle-identifier mediaui.MediaUI --output /Users/builder/clone/build/Build/Products/Release-iphoneos/MediaUI.appintents --target-triple arm64-apple-ios18.0 --binary-file /Users/builder/clone/build/Build/Products/Release-iphoneos/MediaUI.o --dependency-file /Users/builder/clone/build/Build/Intermediates.noindex/MediaUI.build/Release-iphoneos/MediaUI.build/Objects-normal/arm64/MediaUI_dependency_info.dat --stringsdata-file /Users/builder/clone/build/Build/Intermediates.noindex/MediaUI.build/Release-iphoneos/MediaUI.build/Objects-normal/arm64/ExtractedAppShortcutsMetadata.stringsdata --source-file-list /Users/builder/clone/build/Build/Intermediates.noindex/MediaUI.build/Release-iphoneos/MediaUI.build/Objects-normal/arm64/MediaUI.SwiftFileList --metadata-file-list /Users/builder/clone/build/Build/Intermediates.noindex/MediaUI.build/Release-iphoneos/MediaUI.build/MediaUI.DependencyMetadataFileList --static-metadata-file-list /Users/builder/clone/build/Build/Intermediates.noindex/MediaUI.build/Release-iphoneos/MediaUI.build/MediaUI.DependencyStaticMetadataFileList --swift-const-vals-list /Users/builder/clone/build/Build/Intermediates.noindex/MediaUI.build/Release-iphoneos/MediaUI.build/Objects-normal/arm64/MediaUI.SwiftConstValuesFileList --force --compile-time-extraction --deployment-aware-processing --validate-assistant-intents --no-app-shortcuts-localization\n2026-09-05 04:20:56.787 appintentsmetadataprocessor[2430:19005] Starting appintentsmetadataprocessor export\n2026-09-05 04:20:56.797 appintentsmetadataprocessor[2430:19005] Extracted no relevant App Intents symbols, skipping writing output\n\nRegisterExecutionPolicyException /Users/builder/clone/build/Build/Products/Release-iphoneos/AppAccount.o (in target 'AppAccount' from project 'AppAccount')\n    cd /Users/builder/clone/Packages/AppAccount\n    builtin-RegisterExecutionPolicyException /Users/builder/clone/build/Build/Products/Release-iphoneos/AppAccount.o\n\nRegisterExecutionPolicyException /Users/builder/clone/build/Build/Products/Release-iphoneos/MediaUI.o (in target 'MediaUI' from project 'MediaUI')\n    cd /Users/builder/clone/Packages/MediaUI\n    builtin-RegisterExecutionPolicyException /Users/builder/clone/build/Build/Products/Release-iphoneos/MediaUI.o\n\n** BUILD FAILED **\n\n\nThe following build commands failed:\n\tSwiftDriver StatusKit normal arm64 com.apple.xcode.tools.swift.compiler (in target 'StatusKit' from project 'StatusKit')\n\tBuilding project IceCubesApp with scheme IceCubesApp and configuration Release\n(2 failures)\n\n\nBuild failed :|\nStep 3 script `Build Unsigned App` exited with status code 65"}]}