{
  "_id": "6a9ba0296e28a1ee7eab2c7a",
  "index": 196,
  "appId": "6a477de2f87e4742e68d9eaa",
  "status": "failed",
  "version": "",
  "branch": "gallery_mode_refactor",
  "startedAt": "2026-09-05T04:53:05.310000+00:00",
  "startedBy": "6a477d9a9f9ac774fc09b69d",
  "createdAt": "2026-09-05T04:52:57.047000+00:00",
  "finishedAt": "2026-09-05T04:57:08.540000+00:00",
  "workflowId": null,
  "fileWorkflowId": "ios-unsigned-build",
  "instanceType": "mac_mini_m2",
  "commit": {
    "authorAvatarUrl": null,
    "authorEmail": "aistudio@google.com",
    "authorName": "AIStudio",
    "branch": "gallery_mode_refactor",
    "tag": null,
    "commitMessage": "Re-trigger build to verify compile",
    "hash": "0868eeeabc379bb8141c4fd77bc456d7ea90eee0",
    "url": "https://github.com/jadetheda/IceCubesApp/commit/0868eeeabc379bb8141c4fd77bc456d7ea90eee0"
  },
  "config": {
    "name": "Build Unsigned IPA",
    "buildSettings": {
      "flutterVersion": null,
      "platforms": [],
      "url": "https://github.com/jadetheda/IceCubesApp/blob/0868eeeabc379bb8141c4fd77bc456d7ea90eee0/codemagic.yaml",
      "xcodeVersion": "26.4",
      "workingDirectory": null
    }
  },
  "dynamicConfig": {},
  "artefacts": [],
  "buildActions": [
    {
      "_id": "6a9ba02921d8fd3451d1eea6",
      "name": "Preparing build machine",
      "type": "preparing",
      "logUrl": "https://api.codemagic.io/builds/6a9ba0296e28a1ee7eab2c7a/step/6a9ba02921d8fd3451d1eea6",
      "status": "success",
      "startedAt": "2026-09-05T04:53:05.571000+00:00",
      "finishedAt": "2026-09-05T04:53:26.685000+00:00",
      "results": [],
      "subactions": []
    },
    {
      "_id": "6a9ba02921d8fd3451d1eea7",
      "name": "Fetching app sources",
      "type": "fetching",
      "logUrl": "https://api.codemagic.io/builds/6a9ba0296e28a1ee7eab2c7a/step/6a9ba02921d8fd3451d1eea7",
      "status": "success",
      "startedAt": "2026-09-05T04:53:26.685000+00:00",
      "finishedAt": "2026-09-05T04:53:32.890000+00:00",
      "results": [],
      "subactions": []
    },
    {
      "_id": "6a9ba02921d8fd3451d1eea5",
      "name": "Restoring cache",
      "type": "restoringCache",
      "logUrl": "https://api.codemagic.io/builds/6a9ba0296e28a1ee7eab2c7a/step/6a9ba02921d8fd3451d1eea5",
      "status": "success",
      "startedAt": "2026-09-05T04:53:32.890000+00:00",
      "finishedAt": "2026-09-05T04:53:32.985000+00:00",
      "results": [],
      "subactions": []
    },
    {
      "_id": "6a9ba02921d8fd3451d1eea8",
      "name": "Build Unsigned App",
      "type": null,
      "logUrl": null,
      "status": "failed",
      "startedAt": "2026-09-05T04:53:32.985000+00:00",
      "finishedAt": "2026-09-05T04:57:08.298000+00:00",
      "results": [],
      "subactions": [
        {
          "command": "#!/usr/bin/env bash\n\nxcodebuild build \\\n  -project IceCubesApp.xcodeproj \\\n  -scheme IceCubesApp \\\n  -destination 'generic/platform=iOS' \\\n  -configuration Release \\\n  -derivedDataPath build \\\n  CODE_SIGN_IDENTITY=\"\" \\\n  CODE_SIGNING_REQUIRED=NO \\\n  CODE_SIGNING_ALLOWED=NO \\\n  ENTITLEMENTS_REQUIRED=NO \\\n  COMPILER_INDEX_STORE_ENABLE=NO \\\n  DEBUG_INFORMATION_FORMAT=dwarf",
          "status": "failed",
          "startedAt": "2026-09-05T04:53:32.985000+00:00",
          "logUrl": "https://api.codemagic.io/builds/6a9ba0296e28a1ee7eab2c7a/step/6a9ba02921d8fd3451d1eea8",
          "finishedAt": "2026-09-05T04:57:08.193000+00:00"
        }
      ]
    },
    {
      "_id": "6a9ba02921d8fd3451d1eea9",
      "name": "Package to IPA",
      "type": null,
      "logUrl": null,
      "status": "skipped",
      "startedAt": "2026-09-05T04:57:08.298000+00:00",
      "finishedAt": "2026-09-05T04:57:08.299000+00:00",
      "results": [],
      "subactions": [
        {
          "command": "#!/usr/bin/env bash\n\nmkdir -p Payload\nAPP_PATH=$(find build -name \"Ice Cubes.app\" -type d | head -n 1)\nif [ -z \"$APP_PATH\" ]; then\n  echo \"Error: Could not find Ice Cubes.app under build/\"\n  find build/Build -maxdepth 4 -type d 2>/dev/null\n  exit 1\nfi\necho \"Found app at: $APP_PATH\"\ncp -r \"$APP_PATH\" Payload/\nzip -r IceCubesApp-Unsigned.ipa Payload",
          "status": null,
          "startedAt": "2026-09-05T04:57:08.298000+00:00",
          "logUrl": null,
          "finishedAt": null
        }
      ]
    },
    {
      "_id": "6a9ba02921d8fd3451d1eeaa",
      "name": "Publishing",
      "type": "publishing",
      "logUrl": "https://api.codemagic.io/builds/6a9ba0296e28a1ee7eab2c7a/step/6a9ba02921d8fd3451d1eeaa",
      "status": "success",
      "startedAt": "2026-09-05T04:57:08.299000+00:00",
      "finishedAt": "2026-09-05T04:57:08.460000+00:00",
      "results": [],
      "subactions": []
    },
    {
      "_id": "6a9ba02921d8fd3451d1eeab",
      "name": "Cleaning up",
      "type": "finishing",
      "logUrl": "https://api.codemagic.io/builds/6a9ba0296e28a1ee7eab2c7a/step/6a9ba02921d8fd3451d1eeab",
      "status": "success",
      "startedAt": "2026-09-05T04:57:08.460000+00:00",
      "finishedAt": "2026-09-05T04:57:08.540000+00:00",
      "results": [],
      "subactions": []
    }
  ],
  "message": "Step 3 script `Build Unsigned App` exited with status code 65",
  "screenshots": null,
  "pullRequest": null,
  "tag": null,
  "sshAccessEnabled": false,
  "sshAccess": null,
  "vncAccess": null,
  "scheduledBuildId": null,
  "appStoreConnectTasks": [],
  "labels": []
}